
> client@0.0.0 test:run
> vitest run


[1m[7m[36m RUN [39m[27m[22m [36mv2.1.9 [39m[90mF:/RustProjects/MultiChat/client[39m

node.exe : [90mstderr[2m | src/utils/__tests__/chatReducer.test.ts[2m > [22m[2mchatReducer 娴嬭瘯[2m > [22m[2mLOA
D_HISTORY action[2m > [22m[2m鏃犳晥鏁版嵁鏃朵娇鐢ㄧ┖鏁扮粍
所在位置 D:\Program Files\node22LTS\npm.ps1:29 字符: 3
+   & $NODE_EXE $NPM_CLI_JS $args
+   ~~~~~~~~~~~~~~~~~~~~~~~~~~~~~
    + CategoryInfo          : NotSpecified: ([90mstderr[2m...鏃犳晥鏁版嵁鏃朵娇鐢ㄧ┖鏁扮粍:String) [], RemoteException
    + FullyQualifiedErrorId : NativeCommandError
 
[22m[39mLOAD_HISTORY 鎺ユ敹鍒扮殑 messages 涓嶆槸鏁扮粍锛屽凡浣跨敤绌烘暟缁勪唬鏇?
[90mstderr[2m | src/utils/__tests__/chatReducer.test.ts[2m > [22m[2mloadHistoryFromStorage 娴嬭瘯[2m > [22m[2m鎹熷潖
鏁版嵁鏃惰繑鍥炵┖鏁扮粍骞舵竻闄ゆ暟鎹?[22m[39m鎭㈠瀵硅瘽鍘嗗彶澶辫触: SyntaxError: Unexpected token 'i', "invalid json" is not valid JSON
    at JSON.parse (<anonymous>)
    at Module.loadHistoryFromStorage [90m(F:\RustProjects\MultiChat\client\[39msrc\utils\chatReducer.ts:27:25[90m)
[39m
    at [90mF:\RustProjects\MultiChat\client\[39msrc\utils\__tests__\chatReducer.test.ts:356:20
    at [90mfile:///F:/RustProjects/MultiChat/client/[39mnode_modules/[4m@vitest[24m/runner/dist/index.js:146:14
    at [90mfile:///F:/RustProjects/MultiChat/client/[39mnode_modules/[4m@vitest[24m/runner/dist/index.js:533:11
    at runWithTimeout [90m(file:///F:/RustProjects/MultiChat/client/[39mnode_modules/[4m@vitest[24m/runner/dist/in
dex.js:39:7[90m)[39m
    at runTest [90m(file:///F:/RustProjects/MultiChat/client/[39mnode_modules/[4m@vitest[24m/runner/dist/index.js:
1056:17[90m)[39m
[90m    at processTicksAndRejections (node:internal/process/task_queues:105:5)[39m
    at runSuite [90m(file:///F:/RustProjects/MultiChat/client/[39mnode_modules/[4m@vitest[24m/runner/dist/index.js
:1205:15[90m)[39m
    at runSuite [90m(file:///F:/RustProjects/MultiChat/client/[39mnode_modules/[4m@vitest[24m/runner/dist/index.js
:1205:15[90m)[39m

[90mstderr[2m | src/utils/__tests__/chatReducer.test.ts[2m > [22m[2mloadHistoryFromStorage 娴嬭瘯[2m > [22m[2m杩囨护
鏃犳晥娑堟伅
[22m[39m杩囨护鎺変簡 3 鏉℃棤鏁堟秷鎭褰?
 [32m鉁?[39m src/utils/__tests__/chatReducer.test.ts [2m([22m[2m27 tests[22m[2m)[22m[90m 27[2mms[22m[39m
 [32m鉁?[39m src/utils/__tests__/api.test.ts [2m([22m[2m27 tests[22m[2m)[22m[90m 220[2mms[22m[39m
[90mstderr[2m | src/hooks/__tests__/useChatStream.test.ts[2m > [22m[2museChatStream Hook 娴嬭瘯[2m > [22m[2mloadH
istory 澶勭悊鏃犳晥鍙傛暟
[22m[39mloadHistory 鎺ユ敹鍒扮殑 messages 涓嶆槸鏁扮粍: invalid

 [32m鉁?[39m src/hooks/__tests__/useChatStream.test.ts [2m([22m[2m25 tests[22m[2m)[22m[90m 267[2mms[22m[39m
 [31m鉂?[39m src/components/__tests__/ChatHistory.test.tsx [2m([22m[2m23 tests[22m[2m | [22m[31m1 failed[39m[2m)[22m[33m 301[2mms[22m[39m
[31m   [31m脳[31m ChatHistory 缁勪欢娴嬭瘯[2m > [22m娑堟伅鍐呭鏄剧ず[2m > [22m淇濈暀鎹㈣绗?[90m 13[2mms[22m[31m[39m
[31m     鈫?[2mexpect([22m[31melement[31m[2m).toHaveTextContent()[22m

Expected element to have text content:
[32m  绗竴琛岀浜岃绗笁琛?[31m
Received:
[31m  绗竴琛?绗簩琛?绗笁琛?[31m[39m
 [32m鉁?[39m src/components/__tests__/ModelSidebar.test.tsx [2m([22m[2m17 tests[22m[2m)[22m[33m 704[2mms[22m[39m
 [31m鉂?[39m src/components/__tests__/HistorySidebar.test.tsx [2m([22m[2m17 tests[22m[2m | [22m[31m2 failed[39m[2m)[22m[33m 1266[2mms[22m[39m
   [33m[2m鉁?[22m[39m HistorySidebar 缁勪欢娴嬭瘯[2m > [22m闀垮垪琛ㄦ粴鍔?[2m > [22m娓叉煋澶ч噺鍘嗗彶璁板綍 [33m318[2mms[22m[39m
[31m   [31m脳[31m HistorySidebar 缁勪欢娴嬭瘯[2m > [22m娑堟伅鏁伴噺鏄剧ず[2m > [22m鏄剧ず姝ｇ‘鐨勬秷鎭暟閲?[90m 33[2mms[22m[31m[39m
[31m     鈫?Unable to find an element with the text: 4 鏉℃秷鎭? This could be because the text is broken up by multiple elements. In this case, you can provide a function for your text matcher to make your matcher more flexible.

Ignored nodes: comments, script, style
[36m<body[31m
  [33mstyle[31m=[32m"padding-right: 1024px; overflow: hidden;"[31m
[36m>[31m
  [36m<div[31m
    [33maria-hidden[31m=[32m"true"[31m
  [36m/>[31m
  [36m<div[31m
    [33mclass[31m=[32m"MuiDrawer-root MuiDrawer-anchorRight MuiDrawer-modal MuiModal-root css-2soe65-MuiModal-root-MuiDrawer-root"[31m
    [33mrole[31m=[32m"presentation"[31m
  [36m>[31m
    [36m<div[31m
      [33maria-hidden[31m=[32m"true"[31m
      [33mclass[31m=[32m"MuiBackdrop-root MuiModal-backdrop css-4nmryk-MuiBackdrop-root-MuiModal-backdrop"[31m
      [33mstyle[31m=[32m"opacity: 1; transition: opacity 225ms cubic-bezier(0.4, 0, 0.2, 1) 0ms;"[31m
    [36m/>[31m
    [36m<div[31m
      [33mdata-testid[31m=[32m"sentinelStart"[31m
      [33mtabindex[31m=[32m"0"[31m
    [36m/>[31m
    [36m<div[31m
      [33maria-modal[31m=[32m"true"[31m
      [33mclass[31m=[32m"MuiPaper-root MuiPaper-elevation MuiPaper-elevation16 MuiDrawer-paper css-3oyii0-MuiPaper-root-MuiDrawer-paper"[31m
      [33mdata-mui-focusable[31m=[32m""[31m
      [33mrole[31m=[32m"dialog"[31m
      [33mstyle[31m=[32m"--Paper-shadow: 0px 8px 10px -5px rgba(0,0,0,0.2),0px 16px 24px 2px rgba(0,0,0,0.14),0px 6px 30px 5px rgba(0,0,0,0.12);"[31m
      [33mtabindex[31m=[32m"-1"[31m
    [36m>[31m
      [36m<div[31m
        [33mclass[31m=[32m"MuiBox-root css-r6rj31"[31m
      [36m>[31m
        [36m<h2[31m
          [33mclass[31m=[32m"MuiTypography-root MuiTypography-h6 css-1miy0lu-MuiTypography-root"[31m
        [36m>[31m
          [0m鍘嗗彶璁板綍[0m
        [36m</h2>[31m
      [36m</div>[31m
      [36m<ul[31m
        [33mclass[31m=[32m"MuiList-root MuiList-padding css-pdefri-MuiList-root"[31m
      [36m>[31m
        [36m<div[31m
          [33mclass[31m=[32m"MuiBox-root css-0"[31m
        [36m>[31m
          [36m<li[31m
            [33mclass[31m=[32m"MuiListItem-root MuiListItem-gutters css-19f6boz-MuiListItem-root"[31m
          [36m>[31m
            [36m<div[31m
              [33mclass[31m=[32m"MuiButtonBase-root MuiListItemButton-root MuiListItemButton-gutters css-4bx69l-MuiButtonBase-root-MuiListItemButton-root"[31m
              [33mrole[31m=[32m"button"[31m
              [33mtabindex[31m=[32m"0"[31m
            [36m>[31m
              [36m<div[31m
                [33mclass[31m=[32m"MuiListItemText-root MuiListItemText-multiline css-14ln1j6-MuiListItemText-root"[31m
              [36m>[31m
                [36m<h6[31m
                  [33mclass[31m=[32m"MuiTypography-root MuiTypography-subtitle2 MuiTypography-noWrap css-13k9d3g-MuiTypography-root"[31m
                [36m>[31m
                  [0m娴嬭瘯瀵硅瘽 1[0m
                [36m</h6>[31m
                [36m<p[31m
                  [33mclass[31m=[32m"MuiTypography-root MuiTypography-body2 MuiListItemText-secondary css-1a1whku-MuiTypography-root"[31m
                [36m>[31m
                  [36m<span[31m
                    [33mclass[31m=[32m"MuiBox-root css-13o7eu2"[31m
                  [36m>[31m
                    [36m<span[31m
                      [33mclass[31m=[32m"MuiTypography-root MuiTypography-caption css-c1byjb-MuiTypography-root"[31m
                    [36m>[31m
                      [0m2026/06/02 17:30[0m
                    [36m</span>[31m
                    [36m<span[31m
                      [33mclass[31m=[32m"MuiTypography-root MuiTypography-caption MuiTypography-noWrap css-e64md-MuiTypography-root"[31m
                    [36m>[31m
                      [0m妯″瀷: [0m
                      [0mgpt-4[0m
                    [36m</span>[31m
                  [36m</span>[31m
                [36m</p>[31m
              [36m</div>[31m
              [36m<div[31m
                [33mclass[31m=[32m"MuiListItemSecondaryAction-root css-zezwi5-MuiListItemSecondaryAction-root"[31m
              [36m>[31m
                [36m<button[31m
                  [33maria-label[31m=[32m"鍒犻櫎"[31m
                  [33mclass[31m=[32m"MuiButtonBase-root MuiIconButton-root MuiIconButton-edgeEnd MuiIconButton-sizeSmall css-1eswsun-MuiButtonBase-root-MuiIconButton-root"[31m
                  [33mtabindex[31m=[32m"0"[31m
                  [33mtype[31m=[32m"button"[31m
                [36m>[31m
                  [36m<svg[31m
                    [33maria-hidden[31m=[32m"true"[31m
                    [33mclass[31m=[32m"MuiSvgIcon-root MuiSvgIcon-fontSizeSmall css-120dh41-MuiSvgIcon-root"[31m
                    [33mdata-testid[31m=[32m"DeleteIcon"[31m
                    [33mfocusable[31m=[32m"false"[31m
                    [33mviewBox[31m=[32m"0 0 24 24"[31m
                  [36m>[31m
                    [36m<path[31m
                      [33md[31m=[32m"M6 19c0 1.1.9 2 2 2h8c1.1 0 2-.9 2-2V7H6zM19 4h-3.5l-1-1h-5l-1 1H5v2h14z"[31m
                    [36m/>[31m
                  [36m</svg>[31m
                [36m</button>[31m
              [36m</div>[31m
            [36m</div>[31m
          [36m</li>[31m
        [36m</div>[31m
        [36m<div[31m
          [33mclass[31m=[32m"MuiBox-root css-0"[31m
        [36m>[31m
          [36m<hr[31m
            [33mclass[31m=[32m"MuiDivider-root MuiDivider-fullWidth css-1jpc804-MuiDivider-root"[31m
          [36m/>[31m
          [36m<li[31m
            [33mclass[31m=[32m"MuiListItem-root MuiListItem-gutters css-19f6boz-MuiListItem-root"[31m
          [36m>[31m
            [36m<div[31m
              [33mclass[31m=[32m"MuiButtonBase-root MuiListItemButton-root MuiListItemButton-gutters css-4bx69l-MuiButtonBase-root-MuiListItemButton-root"[31m
              [33mrole[31m=[32m"button"[31m
              [33mtabindex[31m=[32m"0"[31m
            [36m>[31m
              [36m<div[31m
                [33mclass[31m=[32m"MuiListItemText-root MuiListItemText-multiline css-14ln1j6-MuiListItemText-root"[31m
              [36m>[31m
                [36m<h6[31m
                  [33mclass[31m=[32m"MuiTypography-root MuiTypography-subtitle2 MuiTypography-noWrap css-13k9d3g-MuiTypography-root"[31m
                [36m>[31m
                  [0m娴嬭瘯瀵硅瘽 2[0m
                [36m</h6>[31m
                [36m<p[31m
                  [33mclass[31m=[32m"MuiTypography-root MuiTypography-body2 MuiListItemText-secondary css-1a1whku-MuiTypography-root"[31m
                [36m>[31m
                  [36m<span[31m
                    [33mclass[31m=[32m"MuiBox-root css-13o7eu2"[31m
                  [36m>[31m
                    [36m<span[31m
                      [33mclass[31m=[32m"MuiTypography-root MuiTypography-caption css-c1byjb-MuiTypography-root"[31m
                    [36m>[31m
                      [0m2026/06/02 16:30[0m
                    [36m</span>[31m
                    [36m<span[31m
                      [33mclass[31m=[32m"MuiTypography-root MuiTypography-caption MuiTypography-noWrap css-e64md-MuiTypography-root"[31m
                    [36m>[31m
                      [0m妯″瀷: [0m
                      [0mclaude-3[0m
                    [36m</span>[31m
                  [36m</span>[31m
                [36m</p>[31m
              [36m</div>[31m
              [36m<div[31m
                [33mclass[31m=[32m"MuiListItemSecondaryAction-root css-zezwi5-MuiListItemSecondaryAction-root"[31m
              [36m>[31m
                [36m<button[31m
                  [33maria-label[31m=[32m"鍒犻櫎"[31m
                  [33mclass[31m=[32m"MuiButtonBase-root MuiIconButton-root MuiIconButton-edgeEnd MuiIconButton-sizeSmall css-1eswsun-MuiButtonBase-root-MuiIconButton-root"[31m
                  [33mtabindex[31m=[32m"0"[31m
                  [33mtype[31m=[32m"button"[31m
                [36m>[31m
                  [36m<svg[31m
                    [33maria-hidden[31m=[32m"true"[31m
                    [33mclass[31m=[32m"MuiSvgIcon-root MuiSvgIcon-fontSizeSmall css-120dh41-MuiSvgIcon-root"[31m
                    [33mdata-testid[31m=[32m"DeleteIcon"[31m
                    [33mfocusable[31m=[32m"false"[31m
                    [33mviewBox[31m=[32m"0 0 24 24"[31m
                  [36m>[31m
                    [36m<path[31m
                      [33md[31m=[32m"M6 19c0 1.1.9 2 2 2h8c1.1 0 2-.9 2-2V7H6zM19 4h-3.5l-1-1h-5l-1 1H5v2h14z"[31m
                    [36m/>[31m
                  [36m</svg>[31m
                [36m</button>[31m
              [36m</div>[31m
            [36m</div>[31m
          [36m</li>[31m
        [36m</div>[31m
      [36m</ul>[31m
    [36m</div>[31m
    [36m<div[31m
      [33mdata-testid[31m=[32m"sentinelEnd"[31m
      [33mtabindex[31m=[32m"0"[31m
    [36m/>[31m
  [36m</div>[31m
[36m</body>[31m[39m
[31m   [31m脳[31m HistorySidebar 缁勪欢娴嬭瘯[2m > [22m杈圭晫鎯呭喌[2m > [22m澶勭悊闆舵秷鎭殑鍘嗗彶璁板綍[90m 19[2mms[22m[31m[39m
[31m     鈫?Unable to find an element with the text: 0 鏉℃秷鎭? This could be because the text is broken up by multiple elements. In this case, you can provide a function for your text matcher to make your matcher more flexible.

Ignored nodes: comments, script, style
[36m<body[31m
  [33mstyle[31m=[32m"padding-right: 1024px; overflow: hidden;"[31m
[36m>[31m
  [36m<div[31m
    [33maria-hidden[31m=[32m"true"[31m
  [36m/>[31m
  [36m<div[31m
    [33mclass[31m=[32m"MuiDrawer-root MuiDrawer-anchorRight MuiDrawer-modal MuiModal-root css-2soe65-MuiModal-root-MuiDrawer-root"[31m
    [33mrole[31m=[32m"presentation"[31m
  [36m>[31m
    [36m<div[31m
      [33maria-hidden[31m=[32m"true"[31m
      [33mclass[31m=[32m"MuiBackdrop-root MuiModal-backdrop css-4nmryk-MuiBackdrop-root-MuiModal-backdrop"[31m
      [33mstyle[31m=[32m"opacity: 1; transition: opacity 225ms cubic-bezier(0.4, 0, 0.2, 1) 0ms;"[31m
    [36m/>[31m
    [36m<div[31m
      [33mdata-testid[31m=[32m"sentinelStart"[31m
      [33mtabindex[31m=[32m"0"[31m
    [36m/>[31m
    [36m<div[31m
      [33maria-modal[31m=[32m"true"[31m
      [33mclass[31m=[32m"MuiPaper-root MuiPaper-elevation MuiPaper-elevation16 MuiDrawer-paper css-3oyii0-MuiPaper-root-MuiDrawer-paper"[31m
      [33mdata-mui-focusable[31m=[32m""[31m
      [33mrole[31m=[32m"dialog"[31m
      [33mstyle[31m=[32m"--Paper-shadow: 0px 8px 10px -5px rgba(0,0,0,0.2),0px 16px 24px 2px rgba(0,0,0,0.14),0px 6px 30px 5px rgba(0,0,0,0.12);"[31m
      [33mtabindex[31m=[32m"-1"[31m
    [36m>[31m
      [36m<div[31m
        [33mclass[31m=[32m"MuiBox-root css-r6rj31"[31m
      [36m>[31m
        [36m<h2[31m
          [33mclass[31m=[32m"MuiTypography-root MuiTypography-h6 css-1miy0lu-MuiTypography-root"[31m
        [36m>[31m
          [0m鍘嗗彶璁板綍[0m
        [36m</h2>[31m
      [36m</div>[31m
      [36m<ul[31m
        [33mclass[31m=[32m"MuiList-root MuiList-padding css-pdefri-MuiList-root"[31m
      [36m>[31m
        [36m<div[31m
          [33mclass[31m=[32m"MuiBox-root css-0"[31m
        [36m>[31m
          [36m<li[31m
            [33mclass[31m=[32m"MuiListItem-root MuiListItem-gutters css-19f6boz-MuiListItem-root"[31m
          [36m>[31m
            [36m<div[31m
              [33mclass[31m=[32m"MuiButtonBase-root MuiListItemButton-root MuiListItemButton-gutters css-4bx69l-MuiButtonBase-root-MuiListItemButton-root"[31m
              [33mrole[31m=[32m"button"[31m
              [33mtabindex[31m=[32m"0"[31m
            [36m>[31m
              [36m<div[31m
                [33mclass[31m=[32m"MuiListItemText-root MuiListItemText-multiline css-14ln1j6-MuiListItemText-root"[31m
              [36m>[31m
                [36m<h6[31m
                  [33mclass[31m=[32m"MuiTypography-root MuiTypography-subtitle2 MuiTypography-noWrap css-13k9d3g-MuiTypography-root"[31m
                [36m>[31m
                  [0m绌哄璇?[0m
                [36m</h6>[31m
                [36m<p[31m
                  [33mclass[31m=[32m"MuiTypography-root MuiTypography-body2 MuiListItemText-secondary css-1a1whku-MuiTypography-root"[31m
                [36m>[31m
                  [36m<span[31m
                    [33mclass[31m=[32m"MuiBox-root css-13o7eu2"[31m
                  [36m>[31m
                    [36m<span[31m
                      [33mclass[31m=[32m"MuiTypography-root MuiTypography-caption css-c1byjb-MuiTypography-root"[31m
                    [36m>[31m
                      [0m2026/06/02 18:30[0m
                    [36m</span>[31m
                    [36m<span[31m
                      [33mclass[31m=[32m"MuiTypography-root MuiTypography-caption MuiTypography-noWrap css-e64md-MuiTypography-root"[31m
                    [36m>[31m
                      [0m妯″瀷: [0m
                      [0mgpt-4[0m
                    [36m</span>[31m
                  [36m</span>[31m
                [36m</p>[31m
              [36m</div>[31m
              [36m<div[31m
                [33mclass[31m=[32m"MuiListItemSecondaryAction-root css-zezwi5-MuiListItemSecondaryAction-root"[31m
              [36m>[31m
                [36m<button[31m
                  [33maria-label[31m=[32m"鍒犻櫎"[31m
                  [33mclass[31m=[32m"MuiButtonBase-root MuiIconButton-root MuiIconButton-edgeEnd MuiIconButton-sizeSmall css-1eswsun-MuiButtonBase-root-MuiIconButton-root"[31m
                  [33mtabindex[31m=[32m"0"[31m
                  [33mtype[31m=[32m"button"[31m
                [36m>[31m
                  [36m<svg[31m
                    [33maria-hidden[31m=[32m"true"[31m
                    [33mclass[31m=[32m"MuiSvgIcon-root MuiSvgIcon-fontSizeSmall css-120dh41-MuiSvgIcon-root"[31m
                    [33mdata-testid[31m=[32m"DeleteIcon"[31m
                    [33mfocusable[31m=[32m"false"[31m
                    [33mviewBox[31m=[32m"0 0 24 24"[31m
                  [36m>[31m
                    [36m<path[31m
                      [33md[31m=[32m"M6 19c0 1.1.9 2 2 2h8c1.1 0 2-.9 2-2V7H6zM19 4h-3.5l-1-1h-5l-1 1H5v2h14z"[31m
                    [36m/>[31m
                  [36m</svg>[31m
                [36m</button>[31m
              [36m</div>[31m
            [36m</div>[31m
          [36m</li>[31m
        [36m</div>[31m
      [36m</ul>[31m
    [36m</div>[31m
    [36m<div[31m
      [33mdata-testid[31m=[32m"sentinelEnd"[31m
      [33mtabindex[31m=[32m"0"[31m
    [36m/>[31m
  [36m</div>[31m
[36m</body>[31m[39m
[90mstderr[2m | src/pages/__tests__/ModelConfigPanel.test.tsx[2m > [22m[2mModelConfigPanel 椤甸潰娴嬭瘯[2m > [22m[2m
鍔犺浇澶辫触澶勭悊[2m > [22m[2m鍔犺浇澶辫触鏄剧ず閿欒鎻愮ず
[22m[39m鍔犺浇妯″瀷閰嶇疆澶辫触: AxiosError: Request failed with status code 500
    at settle [90m(file:///F:/RustProjects/MultiChat/client/[39mnode_modules/[4maxios[24m/lib/core/settle.js:19:12
[90m)[39m
    at XMLHttpRequest.onloadend [90m(file:///F:/RustProjects/MultiChat/client/[39mnode_modules/[4maxios[24m/lib/ad
apters/xhr.js:63:9[90m)[39m
    at XMLHttpRequest.methodCall [90m(file:///F:/RustProjects/MultiChat/client/[39mnode_modules/[4m@mswjs[24m/inte
rceptors/src/interceptors/XMLHttpRequest/XMLHttpRequestController.ts:217:20[90m)[39m
    at Proxy.<anonymous> [90m(file:///F:/RustProjects/MultiChat/client/[39mnode_modules/[4m@mswjs[24m/interceptors
/src/utils/createProxy.ts:93:29[90m)[39m
    at XMLHttpRequestController.trigger [90m(file:///F:/RustProjects/MultiChat/client/[39mnode_modules/[4m@mswjs[2
4m/interceptors/src/interceptors/XMLHttpRequest/XMLHttpRequestController.ts:642:16[90m)[39m
    at finalizeResponse [90m(file:///F:/RustProjects/MultiChat/client/[39mnode_modules/[4m@mswjs[24m/interceptors/
src/interceptors/XMLHttpRequest/XMLHttpRequestController.ts:432:12[90m)[39m
    at XMLHttpRequestController.respondWith [90m(file:///F:/RustProjects/MultiChat/client/[39mnode_modules/[4m@mswj
s[24m/interceptors/src/interceptors/XMLHttpRequest/XMLHttpRequestController.ts:467:7[90m)[39m
    at Object.respondWith [90m(file:///F:/RustProjects/MultiChat/client/[39mnode_modules/[4m@mswjs[24m/interceptor
s/src/interceptors/XMLHttpRequest/XMLHttpRequestProxy.ts:68:13[90m)[39m
    at Axios.request [90m(file:///F:/RustProjects/MultiChat/client/[39mnode_modules/[4maxios[24m/lib/core/Axios.js
:46:41[90m)[39m
    at Module.fetchModels [90m(F:\RustProjects\MultiChat\client\[39msrc\utils\api.ts:12:20[90m)[39m
    at [90mF:\RustProjects\MultiChat\client\[39msrc\pages\ModelConfigPanel.tsx:47:20 {
  isAxiosError: [33mtrue[39m,
  code: [32m'ERR_BAD_RESPONSE'[39m,
  config: [Object: null prototype] {
    transitional: {
      silentJSONParsing: [33mtrue[39m,
      forcedJSONParsing: [33mtrue[39m,
      clarifyTimeoutError: [33mfalse[39m,
      legacyInterceptorReqResOrdering: [33mtrue[39m
    },
    adapter: [ [32m'xhr'[39m, [32m'http'[39m, [32m'fetch'[39m ],
    transformRequest: [ [36m[Function: transformRequest][39m ],
    transformResponse: [ [36m[Function: transformResponse][39m ],
    timeout: [33m10000[39m,
    xsrfCookieName: [32m'XSRF-TOKEN'[39m,
    xsrfHeaderName: [32m'X-XSRF-TOKEN'[39m,
    maxContentLength: [33m-1[39m,
    maxBodyLength: [33m-1[39m,
    env: { FormData: [36m[Function][39m, Blob: [36m[class Blob][39m },
    validateStatus: [36m[Function: validateStatus][39m,
    headers: Object [AxiosHeaders] {
      Accept: [32m'application/json, text/plain, */*'[39m,
      [32m'Content-Type'[39m: [90mundefined[39m
    },
    baseURL: [32m'/api'[39m,
    method: [32m'get'[39m,
    url: [32m'/models'[39m,
    allowAbsoluteUrls: [33mtrue[39m,
    data: [90mundefined[39m
  },
  request: XMLHttpRequest {
    open: [36m[Function: open][39m,
    setRequestHeader: [36m[Function: setRequestHeader][39m,
    send: [36m[Function: send][39m,
    abort: [36m[Function: abort][39m,
    getResponseHeader: [36m[Function (anonymous)][39m,
    getAllResponseHeaders: [36m[Function (anonymous)][39m,
    overrideMimeType: [36m[Function: overrideMimeType][39m,
    onreadystatechange: [36m[Getter/Setter][39m,
    readyState: [33m4[39m,
    timeout: [36m[Getter/Setter][39m,
    withCredentials: [36m[Getter/Setter][39m,
    upload: XMLHttpRequestUpload {},
    responseURL: [32m'http://localhost:3000/api/models'[39m,
    status: [33m500[39m,
    statusText: [32m'Internal Server Error'[39m,
    responseType: [36m[Getter/Setter][39m,
    response: [36m[Getter][39m,
    responseText: [36m[Getter][39m,
    responseXML: [36m[Getter][39m,
    UNSENT: [33m0[39m,
    OPENED: [33m1[39m,
    HEADERS_RECEIVED: [33m2[39m,
    LOADING: [33m3[39m,
    DONE: [33m4[39m,
    [[32mSymbol(SameObject caches)[39m]: [Object: null prototype] { upload: XMLHttpRequestUpload {} }
  },
  response: {
    data: [32m''[39m,
    status: [33m500[39m,
    statusText: [32m'Internal Server Error'[39m,
    headers: Object [AxiosHeaders] {},
    config: [Object: null prototype] {
      transitional: [36m[Object][39m,
      adapter: [36m[Array][39m,
      transformRequest: [36m[Array][39m,
      transformResponse: [36m[Array][39m,
      timeout: [33m10000[39m,
      xsrfCookieName: [32m'XSRF-TOKEN'[39m,
      xsrfHeaderName: [32m'X-XSRF-TOKEN'[39m,
      maxContentLength: [33m-1[39m,
      maxBodyLength: [33m-1[39m,
      env: [36m[Object][39m,
      validateStatus: [36m[Function: validateStatus][39m,
      headers: [36m[Object [AxiosHeaders]][39m,
      baseURL: [32m'/api'[39m,
      method: [32m'get'[39m,
      url: [32m'/models'[39m,
      allowAbsoluteUrls: [33mtrue[39m,
      data: [90mundefined[39m
    },
    request: XMLHttpRequest {
      open: [36m[Function: open][39m,
      setRequestHeader: [36m[Function: setRequestHeader][39m,
      send: [36m[Function: send][39m,
      abort: [36m[Function: abort][39m,
      getResponseHeader: [36m[Function (anonymous)][39m,
      getAllResponseHeaders: [36m[Function (anonymous)][39m,
      overrideMimeType: [36m[Function: overrideMimeType][39m,
      onreadystatechange: [36m[Getter/Setter][39m,
      readyState: [33m4[39m,
      timeout: [36m[Getter/Setter][39m,
      withCredentials: [36m[Getter/Setter][39m,
      upload: XMLHttpRequestUpload {},
      responseURL: [32m'http://localhost:3000/api/models'[39m,
      status: [33m500[39m,
      statusText: [32m'Internal Server Error'[39m,
      responseType: [36m[Getter/Setter][39m,
      response: [36m[Getter][39m,
      responseText: [36m[Getter][39m,
      responseXML: [36m[Getter][39m,
      UNSENT: [33m0[39m,
      OPENED: [33m1[39m,
      HEADERS_RECEIVED: [33m2[39m,
      LOADING: [33m3[39m,
      DONE: [33m4[39m,
      [[32mSymbol(SameObject caches)[39m]: [36m[Object: null prototype][39m
    }
  },
  status: [33m500[39m
}

[90mstderr[2m | src/pages/__tests__/ModelConfigPanel.test.tsx[2m > [22m[2mModelConfigPanel 椤甸潰娴嬭瘯[2m > [22m[2m
鍔犺浇澶辫触澶勭悊[2m > [22m[2m鐐瑰嚮閲嶈瘯鎸夐挳閲嶆柊鍔犺浇
[22m[39m鍔犺浇妯″瀷閰嶇疆澶辫触: AxiosError: Request failed with status code 500
    at settle [90m(file:///F:/RustProjects/MultiChat/client/[39mnode_modules/[4maxios[24m/lib/core/settle.js:19:12
[90m)[39m
    at XMLHttpRequest.onloadend [90m(file:///F:/RustProjects/MultiChat/client/[39mnode_modules/[4maxios[24m/lib/ad
apters/xhr.js:63:9[90m)[39m
    at XMLHttpRequest.methodCall [90m(file:///F:/RustProjects/MultiChat/client/[39mnode_modules/[4m@mswjs[24m/inte
rceptors/src/interceptors/XMLHttpRequest/XMLHttpRequestController.ts:217:20[90m)[39m
    at Proxy.<anonymous> [90m(file:///F:/RustProjects/MultiChat/client/[39mnode_modules/[4m@mswjs[24m/interceptors
/src/utils/createProxy.ts:93:29[90m)[39m
    at XMLHttpRequestController.trigger [90m(file:///F:/RustProjects/MultiChat/client/[39mnode_modules/[4m@mswjs[2
4m/interceptors/src/interceptors/XMLHttpRequest/XMLHttpRequestController.ts:642:16[90m)[39m
    at finalizeResponse [90m(file:///F:/RustProjects/MultiChat/client/[39mnode_modules/[4m@mswjs[24m/interceptors/
src/interceptors/XMLHttpRequest/XMLHttpRequestController.ts:432:12[90m)[39m
    at XMLHttpRequestController.respondWith [90m(file:///F:/RustProjects/MultiChat/client/[39mnode_modules/[4m@mswj
s[24m/interceptors/src/interceptors/XMLHttpRequest/XMLHttpRequestController.ts:467:7[90m)[39m
    at Object.respondWith [90m(file:///F:/RustProjects/MultiChat/client/[39mnode_modules/[4m@mswjs[24m/interceptor
s/src/interceptors/XMLHttpRequest/XMLHttpRequestProxy.ts:68:13[90m)[39m
    at Axios.request [90m(file:///F:/RustProjects/MultiChat/client/[39mnode_modules/[4maxios[24m/lib/core/Axios.js
:46:41[90m)[39m
    at Module.fetchModels [90m(F:\RustProjects\MultiChat\client\[39msrc\utils\api.ts:12:20[90m)[39m
    at [90mF:\RustProjects\MultiChat\client\[39msrc\pages\ModelConfigPanel.tsx:47:20 {
  isAxiosError: [33mtrue[39m,
  code: [32m'ERR_BAD_RESPONSE'[39m,
  config: [Object: null prototype] {
    transitional: {
      silentJSONParsing: [33mtrue[39m,
      forcedJSONParsing: [33mtrue[39m,
      clarifyTimeoutError: [33mfalse[39m,
      legacyInterceptorReqResOrdering: [33mtrue[39m
    },
    adapter: [ [32m'xhr'[39m, [32m'http'[39m, [32m'fetch'[39m ],
    transformRequest: [ [36m[Function: transformRequest][39m ],
    transformResponse: [ [36m[Function: transformResponse][39m ],
    timeout: [33m10000[39m,
    xsrfCookieName: [32m'XSRF-TOKEN'[39m,
    xsrfHeaderName: [32m'X-XSRF-TOKEN'[39m,
    maxContentLength: [33m-1[39m,
    maxBodyLength: [33m-1[39m,
    env: { FormData: [36m[Function][39m, Blob: [36m[class Blob][39m },
    validateStatus: [36m[Function: validateStatus][39m,
    headers: Object [AxiosHeaders] {
      Accept: [32m'application/json, text/plain, */*'[39m,
      [32m'Content-Type'[39m: [90mundefined[39m
    },
    baseURL: [32m'/api'[39m,
    method: [32m'get'[39m,
    url: [32m'/models'[39m,
    allowAbsoluteUrls: [33mtrue[39m,
    data: [90mundefined[39m
  },
  request: XMLHttpRequest {
    open: [36m[Function: open][39m,
    setRequestHeader: [36m[Function: setRequestHeader][39m,
    send: [36m[Function: send][39m,
    abort: [36m[Function: abort][39m,
    getResponseHeader: [36m[Function (anonymous)][39m,
    getAllResponseHeaders: [36m[Function (anonymous)][39m,
    overrideMimeType: [36m[Function: overrideMimeType][39m,
    onreadystatechange: [36m[Getter/Setter][39m,
    readyState: [33m4[39m,
    timeout: [36m[Getter/Setter][39m,
    withCredentials: [36m[Getter/Setter][39m,
    upload: XMLHttpRequestUpload {},
    responseURL: [32m'http://localhost:3000/api/models'[39m,
    status: [33m500[39m,
    statusText: [32m'Internal Server Error'[39m,
    responseType: [36m[Getter/Setter][39m,
    response: [36m[Getter][39m,
    responseText: [36m[Getter][39m,
    responseXML: [36m[Getter][39m,
    UNSENT: [33m0[39m,
    OPENED: [33m1[39m,
    HEADERS_RECEIVED: [33m2[39m,
    LOADING: [33m3[39m,
    DONE: [33m4[39m,
    [[32mSymbol(SameObject caches)[39m]: [Object: null prototype] { upload: XMLHttpRequestUpload {} }
  },
  response: {
    data: [32m''[39m,
    status: [33m500[39m,
    statusText: [32m'Internal Server Error'[39m,
    headers: Object [AxiosHeaders] {},
    config: [Object: null prototype] {
      transitional: [36m[Object][39m,
      adapter: [36m[Array][39m,
      transformRequest: [36m[Array][39m,
      transformResponse: [36m[Array][39m,
      timeout: [33m10000[39m,
      xsrfCookieName: [32m'XSRF-TOKEN'[39m,
      xsrfHeaderName: [32m'X-XSRF-TOKEN'[39m,
      maxContentLength: [33m-1[39m,
      maxBodyLength: [33m-1[39m,
      env: [36m[Object][39m,
      validateStatus: [36m[Function: validateStatus][39m,
      headers: [36m[Object [AxiosHeaders]][39m,
      baseURL: [32m'/api'[39m,
      method: [32m'get'[39m,
      url: [32m'/models'[39m,
      allowAbsoluteUrls: [33mtrue[39m,
      data: [90mundefined[39m
    },
    request: XMLHttpRequest {
      open: [36m[Function: open][39m,
      setRequestHeader: [36m[Function: setRequestHeader][39m,
      send: [36m[Function: send][39m,
      abort: [36m[Function: abort][39m,
      getResponseHeader: [36m[Function (anonymous)][39m,
      getAllResponseHeaders: [36m[Function (anonymous)][39m,
      overrideMimeType: [36m[Function: overrideMimeType][39m,
      onreadystatechange: [36m[Getter/Setter][39m,
      readyState: [33m4[39m,
      timeout: [36m[Getter/Setter][39m,
      withCredentials: [36m[Getter/Setter][39m,
      upload: XMLHttpRequestUpload {},
      responseURL: [32m'http://localhost:3000/api/models'[39m,
      status: [33m500[39m,
      statusText: [32m'Internal Server Error'[39m,
      responseType: [36m[Getter/Setter][39m,
      response: [36m[Getter][39m,
      responseText: [36m[Getter][39m,
      responseXML: [36m[Getter][39m,
      UNSENT: [33m0[39m,
      OPENED: [33m1[39m,
      HEADERS_RECEIVED: [33m2[39m,
      LOADING: [33m3[39m,
      DONE: [33m4[39m,
      [[32mSymbol(SameObject caches)[39m]: [36m[Object: null prototype][39m
    }
  },
  status: [33m500[39m
}

 [31m鉂?[39m src/components/__tests__/SaveHistoryDialog.test.tsx [2m([22m[2m25 tests[22m[2m | [22m[31m2 failed[39m[2m)[22m[33m 2922[2mms[22m[39m
   [33m[2m鉁?[22m[39m SaveHistoryDialog 缁勪欢娴嬭瘯[2m > [22m寮圭獥鍩烘湰鐘舵€?[2m > [22mopen=true 鏃跺脊绐楀彲瑙?[33m380[2mms[22m[39m
[31m   [31m脳[31m SaveHistoryDialog 缁勪欢娴嬭瘯[2m > [22m榛樿鍚嶇О鑷姩鐢熸垚[2m > [22m寮圭獥鎵撳紑鏃惰嚜鍔ㄧ敓鎴愰粯璁ゅ悕绉?[90m 115[2mms[22m[31m[39m
[31m     鈫?[2mexpect([22m[31melement[31m[2m).toHaveValue([22m[32mStringMatching[31m[2m)[22m

Expected the element to have value:
[32m  StringMatching /^鏂颁細璇?\d{2}\/\d{2} \d{2}:\d{2}$/[31m
Received:
[31m  鏂颁細璇?06/02 18:30[31m[39m
[31m   [31m脳[31m SaveHistoryDialog 缁勪欢娴嬭瘯[2m > [22m杈撳叆妗嗕氦浜?[2m > [22m鏄剧ず姝ｇ‘鐨勬爣绛?[90m 36[2mms[22m[31m[39m
[31m     鈫?Found multiple elements with the text: 浼氳瘽鍚嶇О

Here are the matching elements:

Ignored nodes: comments, script, style
[36m<label[31m
  [33mclass[31m=[32m"MuiFormLabel-root MuiInputLabel-root MuiInputLabel-formControl MuiInputLabel-animated MuiInputLabel-shrink MuiInputLabel-outlined MuiFormLabel-colorPrimary MuiFormLabel-filled Mui-focused MuiInputLabel-root MuiInputLabel-formControl MuiInputLabel-animated MuiInputLabel-shrink MuiInputLabel-outlined css-113d811-MuiFormLabel-root-MuiInputLabel-root"[31m
  [33mdata-shrink[31m=[32m"true"[31m
  [33mfor[31m=[32m"_r_u_"[31m
  [33mid[31m=[32m"_r_u_-label"[31m
[36m>[31m
  [0m浼氳瘽鍚嶇О[0m
[36m</label>[31m

Ignored nodes: comments, script, style
[36m<span>[31m
  [0m浼氳瘽鍚嶇О[0m
[36m</span>[31m

(If this is intentional, then use the `*AllBy*` variant of the query (like `queryAllByText`, `getAllByText`, or `findAllByText`)).

Ignored nodes: comments, script, style
[36m<body[31m
  [33mstyle[31m=[32m"padding-right: 1024px; overflow: hidden;"[31m
[36m>[31m
  [36m<div[31m
    [33maria-hidden[31m=[32m"true"[31m
  [36m/>[31m
  [36m<div[31m
    [33mclass[31m=[32m"MuiDialog-root MuiModal-root css-1424xw8-MuiModal-root-MuiDialog-root"[31m
    [33mrole[31m=[32m"presentation"[31m
  [36m>[31m
    [36m<div[31m
      [33maria-hidden[31m=[32m"true"[31m
      [33mclass[31m=[32m"MuiBackdrop-root MuiModal-backdrop MuiDialog-backdrop css-1cennmq-MuiBackdrop-root-MuiDialog-backdrop"[31m
      [33mstyle[31m=[32m"opacity: 1; transition: opacity 225ms cubic-bezier(0.4, 0, 0.2, 1) 0ms;"[31m
    [36m/>[31m
    [36m<div[31m
      [33mdata-testid[31m=[32m"sentinelStart"[31m
      [33mtabindex[31m=[32m"0"[31m
    [36m/>[31m
    [36m<div[31m
      [33mclass[31m=[32m"MuiDialog-container MuiDialog-scrollPaper css-19do60a-MuiDialog-container"[31m
      [33mrole[31m=[32m"presentation"[31m
      [33mstyle[31m=[32m"opacity: 1; transition: opacity 225ms cubic-bezier(0.4, 0, 0.2, 1) 0ms;"[31m
      [33mtabindex[31m=[32m"-1"[31m
    [36m>[31m
      [36m<div[31m
        [33maria-labelledby[31m=[32m"_r_t_"[31m
        [33maria-modal[31m=[32m"true"[31m
        [33mclass[31m=[32m"MuiPaper-root MuiPaper-elevation MuiPaper-rounded MuiPaper-elevation24 MuiDialog-paper MuiDialog-paperWidthSm MuiDialog-paperFullWidth css-1r46z6h-MuiPaper-root-MuiDialog-paper"[31m
        [33mdata-mui-focusable[31m=[32m""[31m
        [33mrole[31m=[32m"dialog"[31m
        [33mstyle[31m=[32m"--Paper-shadow: 0px 11px 15px -7px rgba(0,0,0,0.2),0px 24px 38px 3px rgba(0,0,0,0.14),0px 9px 46px 8px rgba(0,0,0,0.12);"[31m
        [33mtabindex[31m=[32m"-1"[31m
      [36m>[31m
        [36m<h2[31m
          [33mclass[31m=[32m"MuiTypography-root MuiTypography-h6 MuiDialogTitle-root css-rvoa5x-MuiTypography-root-MuiDialogTitle-root"[31m
          [33mid[31m=[32m"_r_t_"[31m
        [36m>[31m
          [0m淇濆瓨鍒板巻鍙茶褰?[0m
        [36m</h2>[31m
        [36m<div[31m
          [33mclass[31m=[32m"MuiDialogContent-root css-kw13he-MuiDialogContent-root"[31m
        [36m>[31m
          [36m<div[31m
            [33mclass[31m=[32m"MuiFormControl-root MuiFormControl-marginDense MuiFormControl-fullWidth MuiTextField-root css-xanwcj-MuiFormControl-root-MuiTextField-root"[31m
          [36m>[31m
            [36m<label[31m
              [33mclass[31m=[32m"MuiFormLabel-root MuiInputLabel-root MuiInputLabel-formControl MuiInputLabel-animated MuiInputLabel-shrink MuiInputLabel-outlined MuiFormLabel-colorPrimary MuiFormLabel-filled Mui-focused MuiInputLabel-root MuiInputLabel-formControl MuiInputLabel-animated MuiInputLabel-shrink MuiInputLabel-outlined css-113d811-MuiFormLabel-root-MuiInputLabel-root"[31m
              [33mdata-shrink[31m=[32m"true"[31m
              [33mfor[31m=[32m"_r_u_"[31m
              [33mid[31m=[32m"_r_u_-label"[31m
            [36m>[31m
              [0m浼氳瘽鍚嶇О[0m
            [36m</label>[31m
            [36m<div[31m
              [33mclass[31m=[32m"MuiInputBase-root MuiOutlinedInput-root MuiInputBase-colorPrimary MuiInputBase-fullWidth Mui-focused MuiInputBase-formControl css-1blp12k-MuiInputBase-root-MuiOutlinedInput-root"[31m
            [36m>[31m
              [36m<input[31m
                [33maria-invalid[31m=[32m"false"[31m
                [33mclass[31m=[32m"MuiInputBase-input MuiOutlinedInput-input css-16wblaj-MuiInputBase-input-MuiOutlinedInput-input"[31m
                [33mid[31m=[32m"_r_u_"[31m
                [33mplaceholder[31m=[32m"璇疯緭鍏ヤ細璇濆悕绉?[31m
                [33mtype[31m=[32m"text"[31m
                [33mvalue[31m=[32m"鏂颁細璇?06/02 18:30"[31m
              [36m/>[31m
              [36m<fieldset[31m
                [33maria-hidden[31m=[32m"true"[31m
                [33mclass[31m=[32m"MuiOutlinedInput-notchedOutline css-18p5xg2-MuiNotchedOutlined-root-MuiOutlinedInput-notchedOutline"[31m
              [36m>[31m
                [36m<legend[31m
                  [33mclass[31m=[32m"css-ex8a5f-MuiNotchedOutlined-root"[31m
                [36m>[31m
                  [36m<span>[31m
                    [0m浼氳瘽鍚嶇О[0m
                  [36m</span>[31m
                [36m</legend>[31m
              [36m</fieldset>[31m
            [36m</div>[31m
          [36m</div>[31m
        [36m</div>[31m
        [36m<div[31m
          [33mclass[31m=[32m"MuiDialogActions-root MuiDialogActions-spacing css-15fu35s-MuiDialogActions-root"[31m
        [36m>[31m
          [36m<button[31m
            [33mclass[31m=[32m"MuiButtonBase-root MuiButton-root MuiButton-text MuiButton-sizeMedium MuiButton-colorPrimary css-1uent87-MuiButtonBase-root-MuiButton-root"[31m
            [33mtabindex[31m=[32m"0"[31m
            [33mtype[31m=[32m"button"[31m
          [36m>[31m
            [0m鍙栨秷[0m
          [36m</button>[31m
          [36m<button[31m
            [33mclass[31m=[32m"MuiButtonBase-root MuiButton-root MuiButton-contained MuiButton-sizeMedium MuiButton-colorPrimary css-74d805-MuiButtonBase-root-MuiButton-root"[31m
            [33mtabindex[31m=[32m"0"[31m
            [33mtype[31m=[32m"button"[31m
          [36m>[31m
            [0m淇濆瓨[0m
          [36m</button>[31m
        [36m</div>[31m
      [36m</div>[31m
    [36m</div>[31m
    [36m<div[31m
      [33mdata-testid[31m=[32m"sentinelEnd"[31m
      [33mtabindex[31m=[32m"0"[31m
    [36m/>[31m
  [36m</div>[31m
[36m</body>[31m[39m
 [31m鉂?[39m src/components/__tests__/StreamingResponse.test.tsx [2m([22m[2m26 tests[22m[2m | [22m[31m1 failed[39m[2m)[22m[33m 548[2mms[22m[39m
[31m   [31m脳[31m StreamingResponse 缁勪欢娴嬭瘯[2m > [22mstreaming 鐘舵€佸姩鎬佹洿鏂?[2m > [22mstreaming 鐘舵€佹樉绀哄姞杞芥寚绀哄櫒[90m 19[2mms[22m[31m[39m
[31m     鈫?Unable to find an accessible element with the role "progressbar"

Here are the accessible roles:

  paragraph:

  Name "":
  [36m<p />[31m

  --------------------------------------------------

Ignored nodes: comments, script, style
[36m<body>[31m
  [36m<div>[31m
    [36m<div[31m
      [33mclass[31m=[32m"MuiBox-root css-d63qe"[31m
    [36m>[31m
      [36m<p>[31m
        [0m姝ｅ湪杈撳叆[0m
      [36m</p>[31m
      [36m<span[31m
        [33mclass[31m=[32m"MuiBox-root css-8lufou"[31m
      [36m/>[31m
    [36m</div>[31m
  [36m</div>[31m
[36m</body>[31m[39m
 [31m鉂?[39m src/components/__tests__/ChatInput.test.tsx [2m([22m[2m24 tests[22m[2m | [22m[31m4 failed[39m[2m)[22m[33m 3763[2mms[22m[39m
   [33m[2m鉁?[22m[39m ChatInput 缁勪欢娴嬭瘯[2m > [22m娓叉煋杈撳叆妗嗗拰鍙戦€佹寜閽?[33m413[2mms[22m[39m
[31m   [31m脳[31m ChatInput 缁勪欢娴嬭瘯[2m > [22mUnicode 瀛楃璁℃暟[2m > [22m姝ｇ‘璁＄畻 emoji 瀛楃鏁?[90m 150[2mms[22m[31m[39m
[31m     鈫?Unable to find an element with the text: /2.*\/.*4000/. This could be because the text is broken up by multiple elements. In this case, you can provide a function for your text matcher to make your matcher more flexible.

Ignored nodes: comments, script, style
[36m<body>[31m
  [36m<div>[31m
    [36m<div[31m
      [33mclass[31m=[32m"MuiBox-root css-y5o3w0"[31m
    [36m>[31m
      [36m<div[31m
        [33mclass[31m=[32m"MuiBox-root css-3bvo2w"[31m
      [36m>[31m
        [36m<div[31m
          [33mclass[31m=[32m"MuiFormControl-root MuiFormControl-fullWidth MuiTextField-root css-11li21q-MuiFormControl-root-MuiTextField-root"[31m
        [36m>[31m
          [36m<div[31m
            [33mclass[31m=[32m"MuiInputBase-root MuiOutlinedInput-root MuiInputBase-colorPrimary MuiInputBase-fullWidth Mui-focused MuiInputBase-formControl MuiInputBase-multiline css-zsp0bh-MuiInputBase-root-MuiOutlinedInput-root"[31m
          [36m>[31m
            [36m<textarea[31m
              [33maria-invalid[31m=[32m"false"[31m
              [33mclass[31m=[32m"MuiInputBase-input MuiOutlinedInput-input css-w4nesw-MuiInputBase-input-MuiOutlinedInput-input"[31m
              [33mid[31m=[32m"_r_10_"[31m
              [33mplaceholder[31m=[32m"杈撳叆鎮ㄧ殑闂锛孍nter 鍙戦€侊紝Shift+Enter 鎹㈣"[31m
              [33mstyle[31m=[32m"height: 0px; overflow: hidden;"[31m
            [36m>[31m
              [0m馃榾馃帀[0m
            [36m</textarea>[31m
            [36m<textarea[31m
              [33maria-hidden[31m=[32m"true"[31m
              [33mclass[31m=[32m"MuiInputBase-input MuiOutlinedInput-input css-w4nesw-MuiInputBase-input-MuiOutlinedInput-input"[31m
              [33mreadonly[31m=[32m""[31m
              [33mstyle[31m=[32m"visibility: hidden; position: absolute; overflow: hidden; height: 0px; top: 0px; left: 0px; transform: translateZ(0); padding-top: 0px; padding-bottom: 0px; width: 100%;"[31m
              [33mtabindex[31m=[32m"-1"[31m
            [36m/>[31m
            [36m<fieldset[31m
              [33maria-hidden[31m=[32m"true"[31m
              [33mclass[31m=[32m"MuiOutlinedInput-notchedOutline css-18p5xg2-MuiNotchedOutlined-root-MuiOutlinedInput-notchedOutline"[31m
            [36m>[31m
              [36m<legend[31m
                [33mclass[31m=[32m"css-1nf2c5d-MuiNotchedOutlined-root"[31m
              [36m>[31m
                [36m<span[31m
                  [33maria-hidden[31m=[32m"true"[31m
                  [33mclass[31m=[32m"notranslate"[31m
                [36m>[31m
                  [0m鈥?[0m
                [36m</span>[31m
              [36m</legend>[31m
            [36m</fieldset>[31m
          [36m</div>[31m
        [36m</div>[31m
        [36m<button[31m
          [33mclass[31m=[32m"MuiButtonBase-root MuiIconButton-root MuiIconButton-colorPrimary MuiIconButton-sizeMedium css-1hsnty5-MuiButtonBase-root-MuiIconButton-root"[31m
          [33mtabindex[31m=[32m"0"[31m
          [33mtype[31m=[32m"button"[31m
        [36m>[31m
          [36m<svg[31m
            [33maria-hidden[31m=[32m"true"[31m
            [33mclass[31m=[32m"MuiSvgIcon-root MuiSvgIcon-fontSizeMedium css-1umw9bq-MuiSvgIcon-root"[31m
            [33mdata-testid[31m=[32m"SendIcon"[31m
            [33mfocusable[31m=[32m"false"[31m
            [33mviewBox[31m=[32m"0 0 24 24"[31m
          [36m>[31m
            [36m<path[31m
              [33md[31m=[32m"M2.01 21 23 12 2.01 3 2 10l15 2-15 2z"[31m
            [36m/>[31m
          [36m</svg>[31m
        [36m</button>[31m
      [36m</div>[31m
      [36m<div[31m
        [33mclass[31m=[32m"MuiBox-root css-18dv5jq"[31m
      [36m>[31m
        [36m<span[31m
          [33mclass[31m=[32m"MuiTypography-root MuiTypography-caption css-mpaqru-MuiTypography-root"[31m
        [36m>[31m
          [0m4[0m
          [0m/[0m
          [0m4000[0m
        [36m</span>[31m
      [36m</div>[31m
    [36m</div>[31m
  [36m</div>[31m
[36m</body>[31m[39m
[31m   [31m脳[31m ChatInput 缁勪欢娴嬭瘯[2m > [22m杈撳叆妗嗙劍鐐圭鐞?[2m > [22m缁勪欢鎸傝浇鏃惰緭鍏ユ鑾峰緱鐒︾偣[90m 36[2mms[22m[31m[39m
[31m     鈫?[2mexpect([22m[31melement[31m[2m).toHaveFocus()[22m

Expected element with focus:
  [32m<textarea
  aria-invalid="false"
  class="MuiInputBase-input MuiOutlinedInput-input css-w4nesw-MuiInputBase-input-MuiOutlinedInput-input"
  id="_r_14_"
  placeholder="杈撳叆鎮ㄧ殑闂锛孍nter 鍙戦€侊紝Shift+Enter 鎹㈣"
  style="height: 0px; overflow: hidden;"
/>[31m
Received element with focus:
  [31m<body>
  <div>
    <div
      class="MuiBox-root css-y5o3w0"
    >
      <div
        class="MuiBox-root css-3bvo2w"
      >
        <div
          class="MuiFormControl-root MuiFormControl-fullWidth MuiTextField-root css-11li21q-MuiFormControl-root-MuiTextField-root"
        >
          <div
            class="MuiInputBase-root MuiOutlinedInput-root MuiInputBase-colorPrimary MuiInputBase-fullWidth MuiInputBase-formControl MuiInputBase-multiline css-zsp0bh-MuiInputBase-root-MuiOutlinedInput-root"
          >
            <textarea
              aria-invalid="false"
              class="MuiInputBase-input MuiOutlinedInput-input css-w4nesw-MuiInputBase-input-MuiOutlinedInput-input"
              id="_r_14_"
              placeholder="杈撳叆鎮ㄧ殑闂锛孍nter 鍙戦€侊紝Shift+Enter 鎹㈣"
              style="height: 0px; overflow: hidden;"
            />
            <textarea
              aria-hidden="true"
              class="MuiInputBase-input MuiOutlinedInput-input css-w4nesw-MuiInputBase-input-MuiOutlinedInput-input"
              readonly=""
              style="visibility: hidden; position: absolute; overflow: hidden; height: 0px; top: 0px; left: 0px; transform: translateZ(0); padding-top: 0px; padding-bottom: 0px; width: 100%;"
              tabindex="-1"
            />
            <fieldset
              aria-hidden="true"
              class="MuiOutlinedInput-notchedOutline css-18p5xg2-MuiNotchedOutlined-root-MuiOutlinedInput-notchedOutline"
            >
              <legend
                class="css-1nf2c5d-MuiNotchedOutlined-root"
              >
                <span
                  aria-hidden="true"
                  class="notranslate"
                >
                  鈥?                </span>
              </legend>
            </fieldset>
          </div>
        </div>
        <button
          class="MuiButtonBase-root Mui-disabled MuiIconButton-root Mui-disabled MuiIconButton-colorPrimary MuiIconButton-sizeMedium css-1hsnty5-MuiButtonBase-root-MuiIconButton-root"
          disabled=""
          tabindex="-1"
          type="button"
        >
          <svg
            aria-hidden="true"
            class="MuiSvgIcon-root MuiSvgIcon-fontSizeMedium css-1umw9bq-MuiSvgIcon-root"
            data-testid="SendIcon"
            focusable="false"
            viewBox="0 0 24 24"
          >
            <path
              d="M2.01 21 23 12 2.01 3 2 10l15 2-15 2z"
            />
          </svg>
        </button>
      </div>
      <div
        class="MuiBox-root css-18dv5jq"
      >
        <span
          class="MuiTypography-root MuiTypography-caption css-mpaqru-MuiTypography-root"
        >
          0
          /
          4000
        </span>
      </div>
    </div>
  </div>
</body>[31m[39m
[31m   [31m脳[31m ChatInput 缁勪欢娴嬭瘯[2m > [22m鏃犻殰纰嶈闂祴璇?[2m > [22m杈撳叆妗嗘湁姝ｇ‘鐨?ARIA 鏍囩[90m 36[2mms[22m[31m[39m
[31m     鈫?[2mexpect([22m[31melement[31m[2m).toHaveAttribute([22m[32m[32m"aria-label"[32m[31m[2m, [22m[32m[32m"娑堟伅杈撳叆妗?[32m[31m[2m) // element.getAttribute("aria-label") === "娑堟伅杈撳叆妗?[22m

Expected the element to have attribute:
[32m  aria-label="娑堟伅杈撳叆妗?[31m
Received:
[31m  null[31m[39m
[31m   [31m脳[31m ChatInput 缁勪欢娴嬭瘯[2m > [22m鏃犻殰纰嶈闂祴璇?[2m > [22m鍙戦€佹寜閽湁姝ｇ‘鐨?ARIA 鏍囩[90m 23[2mms[22m[31m[39m
[31m     鈫?[2mexpect([22m[31melement[31m[2m).toHaveAttribute([22m[32m[32m"aria-label"[32m[31m[2m, [22m[32m[32m"鍙戦€佹秷鎭?[32m[31m[2m) // element.getAttribute("aria-label") === "鍙戦€佹秷鎭?[22m

Expected the element to have attribute:
[32m  aria-label="鍙戦€佹秷鎭?[31m
Received:
[31m  null[31m[39m
   [33m[2m鉁?[22m[39m ChatInput 缁勪欢娴嬭瘯[2m > [22m杈圭晫鎯呭喌[2m > [22m澶勭悊鐗规畩瀛楃娑堟伅 [33m606[2mms[22m[39m
 [31m鉂?[39m src/__tests__/App.test.tsx [2m([22m[2m20 tests[22m[2m | [22m[31m9 failed[39m[2m)[22m[33m 2558[2mms[22m[39m
   [33m[2m鉁?[22m[39m App 缁勪欢闆嗘垚娴嬭瘯[2m > [22m搴旂敤鍒濆鍖?[2m > [22m娓叉煋搴旂敤鏍囬 [33m380[2mms[22m[39m
[31m   [31m脳[31m App 缁勪欢闆嗘垚娴嬭瘯[2m > [22m娓呯┖浼氳瘽娴佺▼[2m > [22m鐐瑰嚮娓呯┖鎸夐挳鏄剧ず纭瀵硅瘽妗?[90m 181[2mms[22m[31m[39m
[31m     鈫?Unable to find an accessible element with the role "button" and name `/娓呯┖褰撳墠浼氳瘽/`

Here are the accessible roles:

  banner:

  Name "":
  [36m<header[31m
    [33mclass[31m=[32m"MuiPaper-root MuiPaper-elevation MuiPaper-elevation4 MuiAppBar-root MuiAppBar-colorPrimary MuiAppBar-positionFixed mui-fixed css-1woakg4-MuiPaper-root-MuiAppBar-root"[31m
    [33mstyle[31m=[32m"--Paper-shadow: 0px 2px 4px -1px rgba(0,0,0,0.2),0px 4px 5px 0px rgba(0,0,0,0.14),0px 1px 10px 0px rgba(0,0,0,0.12);"[31m
  [36m/>[31m

  --------------------------------------------------
  button:

  Name "鏂板缓":
  [36m<button[31m
    [33mclass[31m=[32m"MuiButtonBase-root MuiButton-root MuiButton-text MuiButton-sizeSmall MuiButton-colorInherit css-g9pygt-MuiButtonBase-root-MuiButton-root"[31m
    [33mtabindex[31m=[32m"0"[31m
    [33mtype[31m=[32m"button"[31m
  [36m/>[31m

  Name "":
  [36m<button[31m
    [33mclass[31m=[32m"MuiButtonBase-root Mui-disabled MuiIconButton-root Mui-disabled MuiIconButton-colorInherit MuiIconButton-sizeSmall css-38cjb0-MuiButtonBase-root-MuiIconButton-root"[31m
    [33mdisabled[31m=[32m""[31m
    [33mtabindex[31m=[32m"-1"[31m
    [33mtype[31m=[32m"button"[31m
  [36m/>[31m

  Name "":
  [36m<button[31m
    [33mclass[31m=[32m"MuiButtonBase-root MuiIconButton-root MuiIconButton-colorInherit MuiIconButton-sizeSmall css-38cjb0-MuiButtonBase-root-MuiIconButton-root"[31m
    [33mtabindex[31m=[32m"0"[31m
    [33mtype[31m=[32m"button"[31m
  [36m/>[31m

  Name "":
  [36m<button[31m
    [33mclass[31m=[32m"MuiButtonBase-root Mui-disabled MuiIconButton-root Mui-disabled MuiIconButton-colorInherit MuiIconButton-sizeSmall css-38cjb0-MuiButtonBase-root-MuiIconButton-root"[31m
    [33mdisabled[31m=[32m""[31m
    [33mtabindex[31m=[32m"-1"[31m
    [33mtype[31m=[32m"button"[31m
  [36m/>[31m

  Name "":
  [36m<button[31m
    [33mclass[31m=[32m"MuiButtonBase-root MuiIconButton-root MuiIconButton-colorInherit MuiIconButton-sizeSmall css-38cjb0-MuiButtonBase-root-MuiIconButton-root"[31m
    [33mtabindex[31m=[32m"0"[31m
    [33mtype[31m=[32m"button"[31m
  [36m/>[31m

  Name "":
  [36m<button[31m
    [33mclass[31m=[32m"MuiButtonBase-root Mui-disabled MuiIconButton-root Mui-disabled MuiIconButton-colorPrimary MuiIconButton-sizeMedium css-1a80ix3-MuiButtonBase-root-MuiIconButton-root"[31m
    [33mdisabled[31m=[32m""[31m
    [33mtabindex[31m=[32m"-1"[31m
    [33mtype[31m=[32m"button"[31m
  [36m/>[31m

  --------------------------------------------------
  heading:

  Name "妯″瀷鍒楄〃":
  [36m<h6[31m
    [33mclass[31m=[32m"MuiTypography-root MuiTypography-subtitle1 MuiTypography-gutterBottom css-7oz9zk-MuiTypography-root"[31m
  [36m/>[31m

  Name "娆㈣繋浣跨敤 MultiChat":
  [36m<h5[31m
    [33mclass[31m=[32m"MuiTypography-root MuiTypography-h5 css-1xvfe2z-MuiTypography-root"[31m
  [36m/>[31m

  --------------------------------------------------
  paragraph:

  Name "":
  [36m<p[31m
    [33mclass[31m=[32m"MuiTypography-root MuiTypography-body2 css-11enejt-MuiTypography-root"[31m
  [36m/>[31m

  Name "":
  [36m<p[31m
    [33mclass[31m=[32m"MuiTypography-root MuiTypography-body1 css-1joot0f-MuiTypography-root"[31m
  [36m/>[31m

  Name "":
  [36m<p[31m
    [33mclass[31m=[32m"MuiTypography-root MuiTypography-body2 css-11enejt-MuiTypography-root"[31m
  [36m/>[31m

  --------------------------------------------------
  main:

  Name "":
  [36m<main[31m
    [33mclass[31m=[32m"MuiBox-root css-ck0a4"[31m
  [36m/>[31m

  --------------------------------------------------
  textbox:

  Name "":
  [36m<textarea[31m
    [33maria-invalid[31m=[32m"false"[31m
    [33mclass[31m=[32m"MuiInputBase-input MuiOutlinedInput-input css-w4nesw-MuiInputBase-input-MuiOutlinedInput-input"[31m
    [33mid[31m=[32m"_r_31_"[31m
    [33mplaceholder[31m=[32m"杈撳叆鎮ㄧ殑闂锛孍nter 鍙戦€侊紝Shift+Enter 鎹㈣"[31m
    [33mstyle[31m=[32m"height: 0px; overflow: hidden;"[31m
  [36m/>[31m

  --------------------------------------------------

Ignored nodes: comments, script, style
[36m<body>[31m
  [36m<div>[31m
    [36m<div[31m
      [33mclass[31m=[32m"MuiBox-root css-1yeiifd"[31m
    [36m>[31m
      [36m<header[31m
        [33mclass[31m=[32m"MuiPaper-root MuiPaper-elevation MuiPaper-elevation4 MuiAppBar-root MuiAppBar-colorPrimary MuiAppBar-positionFixed mui-fixed css-1woakg4-MuiPaper-root-MuiAppBar-root"[31m
        [33mstyle[31m=[32m"--Paper-shadow: 0px 2px 4px -1px rgba(0,0,0,0.2),0px 4px 5px 0px rgba(0,0,0,0.14),0px 1px 10px 0px rgba(0,0,0,0.12);"[31m
      [36m>[31m
        [36m<div[31m
          [33mclass[31m=[32m"MuiToolbar-root MuiToolbar-gutters MuiToolbar-regular css-yg49xf-MuiToolbar-root"[31m
        [36m>[31m
          [36m<div[31m
            [33mclass[31m=[32m"MuiTypography-root MuiTypography-h6 MuiTypography-noWrap css-1l8e00d-MuiTypography-root"[31m
          [36m>[31m
            [0mMultiChat 澶氭ā鍨嬪璇?[0m
          [36m</div>[31m
          [36m<div[31m
            [33mclass[31m=[32m"MuiBox-root css-1i27l4i"[31m
          [36m>[31m
            [36m<span[31m
              [33maria-label[31m=[32m"鏂板缓浼氳瘽"[31m
              [33mclass[31m=[32m""[31m
              [33mdata-mui-internal-clone-element[31m=[32m"true"[31m
            [36m>[31m
              [36m<button[31m
                [33mclass[31m=[32m"MuiButtonBase-root MuiButton-root MuiButton-text MuiButton-sizeSmall MuiButton-colorInherit css-g9pygt-MuiButtonBase-root-MuiButton-root"[31m
                [33mtabindex[31m=[32m"0"[31m
                [33mtype[31m=[32m"button"[31m
              [36m>[31m
                [36m<span[31m
                  [33mclass[31m=[32m"MuiButton-icon MuiButton-startIcon css-d8i980-MuiButton-startIcon"[31m
                [36m>[31m
                  [36m<svg[31m
                    [33maria-hidden[31m=[32m"true"[31m
                    [33mclass[31m=[32m"MuiSvgIcon-root MuiSvgIcon-fontSizeMedium css-1umw9bq-MuiSvgIcon-root"[31m
                    [33mdata-testid[31m=[32m"AddIcon"[31m
                    [33mfocusable[31m=[32m"false"[31m
                    [33mviewBox[31m=[32m"0 0 24 24"[31m
                  [36m>[31m
                    [36m<path[31m
                      [33md[31m=[32m"M19 13h-6v6h-2v-6H5v-2h6V5h2v6h6z"[31m
                    [36m/>[31m
                  [36m</svg>[31m
                [36m</span>[31m
                [0m鏂板缓[0m
              [36m</button>[31m
            [36m</span>[31m
            [36m<span[31m
              [33maria-label[31m=[32m"淇濆瓨褰撳墠浼氳瘽"[31m
              [33mclass[31m=[32m""[31m
              [33mdata-mui-internal-clone-element[31m=[32m"true"[31m
            [36m>[31m
              [36m<button[31m
                [33mclass[31m=[32m"MuiButtonBase-root Mui-disabled MuiIconButton-root Mui-disabled MuiIconButton-colorInherit MuiIconButton-sizeSmall css-38cjb0-MuiButtonBase-root-MuiIconButton-root"[31m
                [33mdisabled[31m=[32m""[31m
                [33mtabindex[31m=[32m"-1"[31m
                [33mtype[31m=[32m"button"[31m
              [36m>[31m
                [36m<svg[31m
                  [33maria-hidden[31m=[32m"true"[31m
                  [33mclass[31m=[32m"MuiSvgIcon-root MuiSvgIcon-fontSizeMedium css-1umw9bq-MuiSvgIcon-root"[31m
                  [33mdata-testid[31m=[32m"SaveIcon"[31m
                  [33mfocusable[31m=[32m"false"[31m
                  [33mviewBox[31m=[32m"0 0 24 24"[31m
                [36m>[31m
                  [36m<path[31m
                    [33md[31m=[32m"M17 3H5c-1.11 0-2 .9-2 2v14c0 1.1.89 2 2 2h14c1.1 0 2-.9 2-2V7zm-5 16c-1.66 0-3-1.34-3-3s1.34-3 3-3 3 1.34 3 3-1.34 3-3 3m3-10H5V5h10z"[31m
                  [36m/>[31m
                [36m</svg>[31m
              [36m</button>[31m
            [36m</span>[31m
            [36m<span[31m
              [33maria-label[31m=[32m"鍘嗗彶璁板綍"[31m
              [33mclass[31m=[32m""[31m
              [33mdata-mui-internal-clone-element[31m=[32m"true"[31m
            [36m>[31m
              [36m<button[31m
                [33mclass[31m=[32m"MuiButtonBase-root MuiIconButton-root MuiIconButton-colorInherit MuiIconButton-sizeSmall css-38cjb0-MuiButtonBase-root-MuiIconButton-root"[31m
                [33mtabindex[31m=[32m"0"[31m
                [33mtype[31m=[32m"button"[31m
              [36m>[31m
                [36m<svg[31m
                  [33maria-hidden[31m=[32m"true"[31m
                  [33mclass[31m=[32m"MuiSvgIcon-root MuiSvgIcon-fontSizeMedium css-1umw9bq-MuiSvgIcon-root"[31m
                  [33mdata-testid[31m=[32m"HistoryIcon"[31m
                  [33mfocusable[31m=[32m"false"[31m
                  [33mviewBox[31m=[32m"0 0 24 24"[31m
                [36m>[31m
                  [36m<path[31m
                    [33md[31m=[32m"M13 3c-4.97 0-9 4.03-9 9H1l3.89 3.89.07.14L9 12H6c0-3.87 3.13-7 7-7s7 3.13 7 7-3.13 7-7 7c-1.93 0-3.68-.79-4.94-2.06l-1.42 1.42C8.27 19.99 10.51 21 13 21c4.97 0 9-4.03 9-9s-4.03-9-9-9m-1 5v5l4.28 2.54.72-1.21-3.5-2.08V8z"[31m
                  [36m/>[31m
                [36m</svg>[31m
              [36m</button>[31m
            [36m</span>[31m
            [36m<span[31m
              [33maria-label[31m=[32m"娓呯┖褰撳墠浼氳瘽"[31m
              [33mclass[31m=[32m""[31m
              [33mdata-mui-internal-clone-element[31m=[32m"true"[31m
            [36m>[31m
              [36m<button[31m
                [33mclass[31m=[32m"MuiButtonBase-root Mui-disabled MuiIconButton-root Mui-disabled MuiIconButton-colorInherit MuiIconButton-sizeSmall css-38cjb0-MuiButtonBase-root-MuiIconButton-root"[31m
                [33mdisabled[31m=[32m""[31m
                [33mtabindex[31m=[32m"-1"[31m
                [33mtype[31m=[32m"button"[31m
              [36m>[31m
                [36m<svg[31m
                  [33maria-hidden[31m=[32m"true"[31m
                  [33mclass[31m=[32m"MuiSvgIcon-root MuiSvgIcon-fontSizeMedium css-1umw9bq-MuiSvgIcon-root"[31m
                  [33mdata-testid[31m=[32m"DeleteSweepIcon"[31m
                  [33mfocusable[31m=[32m"false"[31m
                  [33mviewBox[31m=[32m"0 0 24 24"[31m
                [36m>[31m
                  [36m<path[31m
                    [33md[31m=[32m"M15 16h4v2h-4zm0-8h7v2h-7zm0 4h6v2h-6zM3 18c0 1.1.9 2 2 2h6c1.1 0 2-.9 2-2V8H3zM14 5h-3l-1-1H6L5 5H2v2h12z"[31m
                  [36m/>[31m
                [36m</svg>[31m
              [36m</button>[31m
            [36m</span>[31m
            [36m<span[31m
              [33maria-label[31m=[32m"妯″瀷閰嶇疆"[31m
              [33mclass[31m=[32m""[31m
              [33mdata-mui-internal-clone-element[31m=[32m"true"[31m
            [36m>[31m
              [36m<button[31m
                [33mclass[31m=[32m"MuiButtonBase-root MuiIconButton-root MuiIconButton-colorInherit MuiIcon...[39m
[31m   [31m脳[31m App 缁勪欢闆嗘垚娴嬭瘯[2m > [22m娓呯┖浼氳瘽娴佺▼[2m > [22m纭娓呯┖鍚庡叧闂璇濇[90m 142[2mms[22m[31m[39m
[31m     鈫?Unable to find an accessible element with the role "button" and name `/娓呯┖褰撳墠浼氳瘽/`

Here are the accessible roles:

  banner:

  Name "":
  [36m<header[31m
    [33mclass[31m=[32m"MuiPaper-root MuiPaper-elevation MuiPaper-elevation4 MuiAppBar-root MuiAppBar-colorPrimary MuiAppBar-positionFixed mui-fixed css-1woakg4-MuiPaper-root-MuiAppBar-root"[31m
    [33mstyle[31m=[32m"--Paper-shadow: 0px 2px 4px -1px rgba(0,0,0,0.2),0px 4px 5px 0px rgba(0,0,0,0.14),0px 1px 10px 0px rgba(0,0,0,0.12);"[31m
  [36m/>[31m

  --------------------------------------------------
  button:

  Name "鏂板缓":
  [36m<button[31m
    [33mclass[31m=[32m"MuiButtonBase-root MuiButton-root MuiButton-text MuiButton-sizeSmall MuiButton-colorInherit css-g9pygt-MuiButtonBase-root-MuiButton-root"[31m
    [33mtabindex[31m=[32m"0"[31m
    [33mtype[31m=[32m"button"[31m
  [36m/>[31m

  Name "":
  [36m<button[31m
    [33mclass[31m=[32m"MuiButtonBase-root Mui-disabled MuiIconButton-root Mui-disabled MuiIconButton-colorInherit MuiIconButton-sizeSmall css-38cjb0-MuiButtonBase-root-MuiIconButton-root"[31m
    [33mdisabled[31m=[32m""[31m
    [33mtabindex[31m=[32m"-1"[31m
    [33mtype[31m=[32m"button"[31m
  [36m/>[31m

  Name "":
  [36m<button[31m
    [33mclass[31m=[32m"MuiButtonBase-root MuiIconButton-root MuiIconButton-colorInherit MuiIconButton-sizeSmall css-38cjb0-MuiButtonBase-root-MuiIconButton-root"[31m
    [33mtabindex[31m=[32m"0"[31m
    [33mtype[31m=[32m"button"[31m
  [36m/>[31m

  Name "":
  [36m<button[31m
    [33mclass[31m=[32m"MuiButtonBase-root Mui-disabled MuiIconButton-root Mui-disabled MuiIconButton-colorInherit MuiIconButton-sizeSmall css-38cjb0-MuiButtonBase-root-MuiIconButton-root"[31m
    [33mdisabled[31m=[32m""[31m
    [33mtabindex[31m=[32m"-1"[31m
    [33mtype[31m=[32m"button"[31m
  [36m/>[31m

  Name "":
  [36m<button[31m
    [33mclass[31m=[32m"MuiButtonBase-root MuiIconButton-root MuiIconButton-colorInherit MuiIconButton-sizeSmall css-38cjb0-MuiButtonBase-root-MuiIconButton-root"[31m
    [33mtabindex[31m=[32m"0"[31m
    [33mtype[31m=[32m"button"[31m
  [36m/>[31m

  Name "":
  [36m<button[31m
    [33mclass[31m=[32m"MuiButtonBase-root Mui-disabled MuiIconButton-root Mui-disabled MuiIconButton-colorPrimary MuiIconButton-sizeMedium css-1a80ix3-MuiButtonBase-root-MuiIconButton-root"[31m
    [33mdisabled[31m=[32m""[31m
    [33mtabindex[31m=[32m"-1"[31m
    [33mtype[31m=[32m"button"[31m
  [36m/>[31m

  --------------------------------------------------
  heading:

  Name "妯″瀷鍒楄〃":
  [36m<h6[31m
    [33mclass[31m=[32m"MuiTypography-root MuiTypography-subtitle1 MuiTypography-gutterBottom css-7oz9zk-MuiTypography-root"[31m
  [36m/>[31m

  Name "娆㈣繋浣跨敤 MultiChat":
  [36m<h5[31m
    [33mclass[31m=[32m"MuiTypography-root MuiTypography-h5 css-1xvfe2z-MuiTypography-root"[31m
  [36m/>[31m

  --------------------------------------------------
  paragraph:

  Name "":
  [36m<p[31m
    [33mclass[31m=[32m"MuiTypography-root MuiTypography-body2 css-11enejt-MuiTypography-root"[31m
  [36m/>[31m

  Name "":
  [36m<p[31m
    [33mclass[31m=[32m"MuiTypography-root MuiTypography-body1 css-1joot0f-MuiTypography-root"[31m
  [36m/>[31m

  Name "":
  [36m<p[31m
    [33mclass[31m=[32m"MuiTypography-root MuiTypography-body2 css-11enejt-MuiTypography-root"[31m
  [36m/>[31m

  --------------------------------------------------
  main:

  Name "":
  [36m<main[31m
    [33mclass[31m=[32m"MuiBox-root css-ck0a4"[31m
  [36m/>[31m

  --------------------------------------------------
  textbox:

  Name "":
  [36m<textarea[31m
    [33maria-invalid[31m=[32m"false"[31m
    [33mclass[31m=[32m"MuiInputBase-input MuiOutlinedInput-input css-w4nesw-MuiInputBase-input-MuiOutlinedInput-input"[31m
    [33mid[31m=[32m"_r_3i_"[31m
    [33mplaceholder[31m=[32m"杈撳叆鎮ㄧ殑闂锛孍nter 鍙戦€侊紝Shift+Enter 鎹㈣"[31m
    [33mstyle[31m=[32m"height: 0px; overflow: hidden;"[31m
  [36m/>[31m

  --------------------------------------------------

Ignored nodes: comments, script, style
[36m<body>[31m
  [36m<div>[31m
    [36m<div[31m
      [33mclass[31m=[32m"MuiBox-root css-1yeiifd"[31m
    [36m>[31m
      [36m<header[31m
        [33mclass[31m=[32m"MuiPaper-root MuiPaper-elevation MuiPaper-elevation4 MuiAppBar-root MuiAppBar-colorPrimary MuiAppBar-positionFixed mui-fixed css-1woakg4-MuiPaper-root-MuiAppBar-root"[31m
        [33mstyle[31m=[32m"--Paper-shadow: 0px 2px 4px -1px rgba(0,0,0,0.2),0px 4px 5px 0px rgba(0,0,0,0.14),0px 1px 10px 0px rgba(0,0,0,0.12);"[31m
      [36m>[31m
        [36m<div[31m
          [33mclass[31m=[32m"MuiToolbar-root MuiToolbar-gutters MuiToolbar-regular css-yg49xf-MuiToolbar-root"[31m
        [36m>[31m
          [36m<div[31m
            [33mclass[31m=[32m"MuiTypography-root MuiTypography-h6 MuiTypography-noWrap css-1l8e00d-MuiTypography-root"[31m
          [36m>[31m
            [0mMultiChat 澶氭ā鍨嬪璇?[0m
          [36m</div>[31m
          [36m<div[31m
            [33mclass[31m=[32m"MuiBox-root css-1i27l4i"[31m
          [36m>[31m
            [36m<span[31m
              [33maria-label[31m=[32m"鏂板缓浼氳瘽"[31m
              [33mclass[31m=[32m""[31m
              [33mdata-mui-internal-clone-element[31m=[32m"true"[31m
            [36m>[31m
              [36m<button[31m
                [33mclass[31m=[32m"MuiButtonBase-root MuiButton-root MuiButton-text MuiButton-sizeSmall MuiButton-colorInherit css-g9pygt-MuiButtonBase-root-MuiButton-root"[31m
                [33mtabindex[31m=[32m"0"[31m
                [33mtype[31m=[32m"button"[31m
              [36m>[31m
                [36m<span[31m
                  [33mclass[31m=[32m"MuiButton-icon MuiButton-startIcon css-d8i980-MuiButton-startIcon"[31m
                [36m>[31m
                  [36m<svg[31m
                    [33maria-hidden[31m=[32m"true"[31m
                    [33mclass[31m=[32m"MuiSvgIcon-root MuiSvgIcon-fontSizeMedium css-1umw9bq-MuiSvgIcon-root"[31m
                    [33mdata-testid[31m=[32m"AddIcon"[31m
                    [33mfocusable[31m=[32m"false"[31m
                    [33mviewBox[31m=[32m"0 0 24 24"[31m
                  [36m>[31m
                    [36m<path[31m
                      [33md[31m=[32m"M19 13h-6v6h-2v-6H5v-2h6V5h2v6h6z"[31m
                    [36m/>[31m
                  [36m</svg>[31m
                [36m</span>[31m
                [0m鏂板缓[0m
              [36m</button>[31m
            [36m</span>[31m
            [36m<span[31m
              [33maria-label[31m=[32m"淇濆瓨褰撳墠浼氳瘽"[31m
              [33mclass[31m=[32m""[31m
              [33mdata-mui-internal-clone-element[31m=[32m"true"[31m
            [36m>[31m
              [36m<button[31m
                [33mclass[31m=[32m"MuiButtonBase-root Mui-disabled MuiIconButton-root Mui-disabled MuiIconButton-colorInherit MuiIconButton-sizeSmall css-38cjb0-MuiButtonBase-root-MuiIconButton-root"[31m
                [33mdisabled[31m=[32m""[31m
                [33mtabindex[31m=[32m"-1"[31m
                [33mtype[31m=[32m"button"[31m
              [36m>[31m
                [36m<svg[31m
                  [33maria-hidden[31m=[32m"true"[31m
                  [33mclass[31m=[32m"MuiSvgIcon-root MuiSvgIcon-fontSizeMedium css-1umw9bq-MuiSvgIcon-root"[31m
                  [33mdata-testid[31m=[32m"SaveIcon"[31m
                  [33mfocusable[31m=[32m"false"[31m
                  [33mviewBox[31m=[32m"0 0 24 24"[31m
                [36m>[31m
                  [36m<path[31m
                    [33md[31m=[32m"M17 3H5c-1.11 0-2 .9-2 2v14c0 1.1.89 2 2 2h14c1.1 0 2-.9 2-2V7zm-5 16c-1.66 0-3-1.34-3-3s1.34-3 3-3 3 1.34 3 3-1.34 3-3 3m3-10H5V5h10z"[31m
                  [36m/>[31m
                [36m</svg>[31m
              [36m</button>[31m
            [36m</span>[31m
            [36m<span[31m
              [33maria-label[31m=[32m"鍘嗗彶璁板綍"[31m
              [33mclass[31m=[32m""[31m
              [33mdata-mui-internal-clone-element[31m=[32m"true"[31m
            [36m>[31m
              [36m<button[31m
                [33mclass[31m=[32m"MuiButtonBase-root MuiIconButton-root MuiIconButton-colorInherit MuiIconButton-sizeSmall css-38cjb0-MuiButtonBase-root-MuiIconButton-root"[31m
                [33mtabindex[31m=[32m"0"[31m
                [33mtype[31m=[32m"button"[31m
              [36m>[31m
                [36m<svg[31m
                  [33maria-hidden[31m=[32m"true"[31m
                  [33mclass[31m=[32m"MuiSvgIcon-root MuiSvgIcon-fontSizeMedium css-1umw9bq-MuiSvgIcon-root"[31m
                  [33mdata-testid[31m=[32m"HistoryIcon"[31m
                  [33mfocusable[31m=[32m"false"[31m
                  [33mviewBox[31m=[32m"0 0 24 24"[31m
                [36m>[31m
                  [36m<path[31m
                    [33md[31m=[32m"M13 3c-4.97 0-9 4.03-9 9H1l3.89 3.89.07.14L9 12H6c0-3.87 3.13-7 7-7s7 3.13 7 7-3.13 7-7 7c-1.93 0-3.68-.79-4.94-2.06l-1.42 1.42C8.27 19.99 10.51 21 13 21c4.97 0 9-4.03 9-9s-4.03-9-9-9m-1 5v5l4.28 2.54.72-1.21-3.5-2.08V8z"[31m
                  [36m/>[31m
                [36m</svg>[31m
              [36m</button>[31m
            [36m</span>[31m
            [36m<span[31m
              [33maria-label[31m=[32m"娓呯┖褰撳墠浼氳瘽"[31m
              [33mclass[31m=[32m""[31m
              [33mdata-mui-internal-clone-element[31m=[32m"true"[31m
            [36m>[31m
              [36m<button[31m
                [33mclass[31m=[32m"MuiButtonBase-root Mui-disabled MuiIconButton-root Mui-disabled MuiIconButton-colorInherit MuiIconButton-sizeSmall css-38cjb0-MuiButtonBase-root-MuiIconButton-root"[31m
                [33mdisabled[31m=[32m""[31m
                [33mtabindex[31m=[32m"-1"[31m
                [33mtype[31m=[32m"button"[31m
              [36m>[31m
                [36m<svg[31m
                  [33maria-hidden[31m=[32m"true"[31m
                  [33mclass[31m=[32m"MuiSvgIcon-root MuiSvgIcon-fontSizeMedium css-1umw9bq-MuiSvgIcon-root"[31m
                  [33mdata-testid[31m=[32m"DeleteSweepIcon"[31m
                  [33mfocusable[31m=[32m"false"[31m
                  [33mviewBox[31m=[32m"0 0 24 24"[31m
                [36m>[31m
                  [36m<path[31m
                    [33md[31m=[32m"M15 16h4v2h-4zm0-8h7v2h-7zm0 4h6v2h-6zM3 18c0 1.1.9 2 2 2h6c1.1 0 2-.9 2-2V8H3zM14 5h-3l-1-1H6L5 5H2v2h12z"[31m
                  [36m/>[31m
                [36m</svg>[31m
              [36m</button>[31m
            [36m</span>[31m
            [36m<span[31m
              [33maria-label[31m=[32m"妯″瀷閰嶇疆"[31m
              [33mclass[31m=[32m""[31m
              [33mdata-mui-internal-clone-element[31m=[32m"true"[31m
            [36m>[31m
              [36m<button[31m
                [33mclass[31m=[32m"MuiButtonBase-root MuiIconButton-root MuiIconButton-colorInherit MuiIcon...[39m
[31m   [31m脳[31m App 缁勪欢闆嗘垚娴嬭瘯[2m > [22m淇濆瓨鍘嗗彶璁板綍娴佺▼[2m > [22m鐐瑰嚮淇濆瓨鎸夐挳鏄剧ず瀵硅瘽妗?[90m 121[2mms[22m[31m[39m
[31m     鈫?Unable to find an accessible element with the role "button" and name `/淇濆瓨褰撳墠浼氳瘽/`

Here are the accessible roles:

  banner:

  Name "":
  [36m<header[31m
    [33mclass[31m=[32m"MuiPaper-root MuiPaper-elevation MuiPaper-elevation4 MuiAppBar-root MuiAppBar-colorPrimary MuiAppBar-positionFixed mui-fixed css-1woakg4-MuiPaper-root-MuiAppBar-root"[31m
    [33mstyle[31m=[32m"--Paper-shadow: 0px 2px 4px -1px rgba(0,0,0,0.2),0px 4px 5px 0px rgba(0,0,0,0.14),0px 1px 10px 0px rgba(0,0,0,0.12);"[31m
  [36m/>[31m

  --------------------------------------------------
  button:

  Name "鏂板缓":
  [36m<button[31m
    [33mclass[31m=[32m"MuiButtonBase-root MuiButton-root MuiButton-text MuiButton-sizeSmall MuiButton-colorInherit css-g9pygt-MuiButtonBase-root-MuiButton-root"[31m
    [33mtabindex[31m=[32m"0"[31m
    [33mtype[31m=[32m"button"[31m
  [36m/>[31m

  Name "":
  [36m<button[31m
    [33mclass[31m=[32m"MuiButtonBase-root Mui-disabled MuiIconButton-root Mui-disabled MuiIconButton-colorInherit MuiIconButton-sizeSmall css-38cjb0-MuiButtonBase-root-MuiIconButton-root"[31m
    [33mdisabled[31m=[32m""[31m
    [33mtabindex[31m=[32m"-1"[31m
    [33mtype[31m=[32m"button"[31m
  [36m/>[31m

  Name "":
  [36m<button[31m
    [33mclass[31m=[32m"MuiButtonBase-root MuiIconButton-root MuiIconButton-colorInherit MuiIconButton-sizeSmall css-38cjb0-MuiButtonBase-root-MuiIconButton-root"[31m
    [33mtabindex[31m=[32m"0"[31m
    [33mtype[31m=[32m"button"[31m
  [36m/>[31m

  Name "":
  [36m<button[31m
    [33mclass[31m=[32m"MuiButtonBase-root Mui-disabled MuiIconButton-root Mui-disabled MuiIconButton-colorInherit MuiIconButton-sizeSmall css-38cjb0-MuiButtonBase-root-MuiIconButton-root"[31m
    [33mdisabled[31m=[32m""[31m
    [33mtabindex[31m=[32m"-1"[31m
    [33mtype[31m=[32m"button"[31m
  [36m/>[31m

  Name "":
  [36m<button[31m
    [33mclass[31m=[32m"MuiButtonBase-root MuiIconButton-root MuiIconButton-colorInherit MuiIconButton-sizeSmall css-38cjb0-MuiButtonBase-root-MuiIconButton-root"[31m
    [33mtabindex[31m=[32m"0"[31m
    [33mtype[31m=[32m"button"[31m
  [36m/>[31m

  Name "":
  [36m<button[31m
    [33mclass[31m=[32m"MuiButtonBase-root Mui-disabled MuiIconButton-root Mui-disabled MuiIconButton-colorPrimary MuiIconButton-sizeMedium css-1a80ix3-MuiButtonBase-root-MuiIconButton-root"[31m
    [33mdisabled[31m=[32m""[31m
    [33mtabindex[31m=[32m"-1"[31m
    [33mtype[31m=[32m"button"[31m
  [36m/>[31m

  --------------------------------------------------
  heading:

  Name "妯″瀷鍒楄〃":
  [36m<h6[31m
    [33mclass[31m=[32m"MuiTypography-root MuiTypography-subtitle1 MuiTypography-gutterBottom css-7oz9zk-MuiTypography-root"[31m
  [36m/>[31m

  Name "娆㈣繋浣跨敤 MultiChat":
  [36m<h5[31m
    [33mclass[31m=[32m"MuiTypography-root MuiTypography-h5 css-1xvfe2z-MuiTypography-root"[31m
  [36m/>[31m

  --------------------------------------------------
  paragraph:

  Name "":
  [36m<p[31m
    [33mclass[31m=[32m"MuiTypography-root MuiTypography-body2 css-11enejt-MuiTypography-root"[31m
  [36m/>[31m

  Name "":
  [36m<p[31m
    [33mclass[31m=[32m"MuiTypography-root MuiTypography-body1 css-1joot0f-MuiTypography-root"[31m
  [36m/>[31m

  Name "":
  [36m<p[31m
    [33mclass[31m=[32m"MuiTypography-root MuiTypography-body2 css-11enejt-MuiTypography-root"[31m
  [36m/>[31m

  --------------------------------------------------
  main:

  Name "":
  [36m<main[31m
    [33mclass[31m=[32m"MuiBox-root css-ck0a4"[31m
  [36m/>[31m

  --------------------------------------------------
  textbox:

  Name "":
  [36m<textarea[31m
    [33maria-invalid[31m=[32m"false"[31m
    [33mclass[31m=[32m"MuiInputBase-input MuiOutlinedInput-input css-w4nesw-MuiInputBase-input-MuiOutlinedInput-input"[31m
    [33mid[31m=[32m"_r_43_"[31m
    [33mplaceholder[31m=[32m"杈撳叆鎮ㄧ殑闂锛孍nter 鍙戦€侊紝Shift+Enter 鎹㈣"[31m
    [33mstyle[31m=[32m"height: 0px; overflow: hidden;"[31m
  [36m/>[31m

  --------------------------------------------------

Ignored nodes: comments, script, style
[36m<body>[31m
  [36m<div>[31m
    [36m<div[31m
      [33mclass[31m=[32m"MuiBox-root css-1yeiifd"[31m
    [36m>[31m
      [36m<header[31m
        [33mclass[31m=[32m"MuiPaper-root MuiPaper-elevation MuiPaper-elevation4 MuiAppBar-root MuiAppBar-colorPrimary MuiAppBar-positionFixed mui-fixed css-1woakg4-MuiPaper-root-MuiAppBar-root"[31m
        [33mstyle[31m=[32m"--Paper-shadow: 0px 2px 4px -1px rgba(0,0,0,0.2),0px 4px 5px 0px rgba(0,0,0,0.14),0px 1px 10px 0px rgba(0,0,0,0.12);"[31m
      [36m>[31m
        [36m<div[31m
          [33mclass[31m=[32m"MuiToolbar-root MuiToolbar-gutters MuiToolbar-regular css-yg49xf-MuiToolbar-root"[31m
        [36m>[31m
          [36m<div[31m
            [33mclass[31m=[32m"MuiTypography-root MuiTypography-h6 MuiTypography-noWrap css-1l8e00d-MuiTypography-root"[31m
          [36m>[31m
            [0mMultiChat 澶氭ā鍨嬪璇?[0m
          [36m</div>[31m
          [36m<div[31m
            [33mclass[31m=[32m"MuiBox-root css-1i27l4i"[31m
          [36m>[31m
            [36m<span[31m
              [33maria-label[31m=[32m"鏂板缓浼氳瘽"[31m
              [33mclass[31m=[32m""[31m
              [33mdata-mui-internal-clone-element[31m=[32m"true"[31m
            [36m>[31m
              [36m<button[31m
                [33mclass[31m=[32m"MuiButtonBase-root MuiButton-root MuiButton-text MuiButton-sizeSmall MuiButton-colorInherit css-g9pygt-MuiButtonBase-root-MuiButton-root"[31m
                [33mtabindex[31m=[32m"0"[31m
                [33mtype[31m=[32m"button"[31m
              [36m>[31m
                [36m<span[31m
                  [33mclass[31m=[32m"MuiButton-icon MuiButton-startIcon css-d8i980-MuiButton-startIcon"[31m
                [36m>[31m
                  [36m<svg[31m
                    [33maria-hidden[31m=[32m"true"[31m
                    [33mclass[31m=[32m"MuiSvgIcon-root MuiSvgIcon-fontSizeMedium css-1umw9bq-MuiSvgIcon-root"[31m
                    [33mdata-testid[31m=[32m"AddIcon"[31m
                    [33mfocusable[31m=[32m"false"[31m
                    [33mviewBox[31m=[32m"0 0 24 24"[31m
                  [36m>[31m
                    [36m<path[31m
                      [33md[31m=[32m"M19 13h-6v6h-2v-6H5v-2h6V5h2v6h6z"[31m
                    [36m/>[31m
                  [36m</svg>[31m
                [36m</span>[31m
                [0m鏂板缓[0m
              [36m</button>[31m
            [36m</span>[31m
            [36m<span[31m
              [33maria-label[31m=[32m"淇濆瓨褰撳墠浼氳瘽"[31m
              [33mclass[31m=[32m""[31m
              [33mdata-mui-internal-clone-element[31m=[32m"true"[31m
            [36m>[31m
              [36m<button[31m
                [33mclass[31m=[32m"MuiButtonBase-root Mui-disabled MuiIconButton-root Mui-disabled MuiIconButton-colorInherit MuiIconButton-sizeSmall css-38cjb0-MuiButtonBase-root-MuiIconButton-root"[31m
                [33mdisabled[31m=[32m""[31m
                [33mtabindex[31m=[32m"-1"[31m
                [33mtype[31m=[32m"button"[31m
              [36m>[31m
                [36m<svg[31m
                  [33maria-hidden[31m=[32m"true"[31m
                  [33mclass[31m=[32m"MuiSvgIcon-root MuiSvgIcon-fontSizeMedium css-1umw9bq-MuiSvgIcon-root"[31m
                  [33mdata-testid[31m=[32m"SaveIcon"[31m
                  [33mfocusable[31m=[32m"false"[31m
                  [33mviewBox[31m=[32m"0 0 24 24"[31m
                [36m>[31m
                  [36m<path[31m
                    [33md[31m=[32m"M17 3H5c-1.11 0-2 .9-2 2v14c0 1.1.89 2 2 2h14c1.1 0 2-.9 2-2V7zm-5 16c-1.66 0-3-1.34-3-3s1.34-3 3-3 3 1.34 3 3-1.34 3-3 3m3-10H5V5h10z"[31m
                  [36m/>[31m
                [36m</svg>[31m
              [36m</button>[31m
            [36m</span>[31m
            [36m<span[31m
              [33maria-label[31m=[32m"鍘嗗彶璁板綍"[31m
              [33mclass[31m=[32m""[31m
              [33mdata-mui-internal-clone-element[31m=[32m"true"[31m
            [36m>[31m
              [36m<button[31m
                [33mclass[31m=[32m"MuiButtonBase-root MuiIconButton-root MuiIconButton-colorInherit MuiIconButton-sizeSmall css-38cjb0-MuiButtonBase-root-MuiIconButton-root"[31m
                [33mtabindex[31m=[32m"0"[31m
                [33mtype[31m=[32m"button"[31m
              [36m>[31m
                [36m<svg[31m
                  [33maria-hidden[31m=[32m"true"[31m
                  [33mclass[31m=[32m"MuiSvgIcon-root MuiSvgIcon-fontSizeMedium css-1umw9bq-MuiSvgIcon-root"[31m
                  [33mdata-testid[31m=[32m"HistoryIcon"[31m
                  [33mfocusable[31m=[32m"false"[31m
                  [33mviewBox[31m=[32m"0 0 24 24"[31m
                [36m>[31m
                  [36m<path[31m
                    [33md[31m=[32m"M13 3c-4.97 0-9 4.03-9 9H1l3.89 3.89.07.14L9 12H6c0-3.87 3.13-7 7-7s7 3.13 7 7-3.13 7-7 7c-1.93 0-3.68-.79-4.94-2.06l-1.42 1.42C8.27 19.99 10.51 21 13 21c4.97 0 9-4.03 9-9s-4.03-9-9-9m-1 5v5l4.28 2.54.72-1.21-3.5-2.08V8z"[31m
                  [36m/>[31m
                [36m</svg>[31m
              [36m</button>[31m
            [36m</span>[31m
            [36m<span[31m
              [33maria-label[31m=[32m"娓呯┖褰撳墠浼氳瘽"[31m
              [33mclass[31m=[32m""[31m
              [33mdata-mui-internal-clone-element[31m=[32m"true"[31m
            [36m>[31m
              [36m<button[31m
                [33mclass[31m=[32m"MuiButtonBase-root Mui-disabled MuiIconButton-root Mui-disabled MuiIconButton-colorInherit MuiIconButton-sizeSmall css-38cjb0-MuiButtonBase-root-MuiIconButton-root"[31m
                [33mdisabled[31m=[32m""[31m
                [33mtabindex[31m=[32m"-1"[31m
                [33mtype[31m=[32m"button"[31m
              [36m>[31m
                [36m<svg[31m
                  [33maria-hidden[31m=[32m"true"[31m
                  [33mclass[31m=[32m"MuiSvgIcon-root MuiSvgIcon-fontSizeMedium css-1umw9bq-MuiSvgIcon-root"[31m
                  [33mdata-testid[31m=[32m"DeleteSweepIcon"[31m
                  [33mfocusable[31m=[32m"false"[31m
                  [33mviewBox[31m=[32m"0 0 24 24"[31m
                [36m>[31m
                  [36m<path[31m
                    [33md[31m=[32m"M15 16h4v2h-4zm0-8h7v2h-7zm0 4h6v2h-6zM3 18c0 1.1.9 2 2 2h6c1.1 0 2-.9 2-2V8H3zM14 5h-3l-1-1H6L5 5H2v2h12z"[31m
                  [36m/>[31m
                [36m</svg>[31m
              [36m</button>[31m
            [36m</span>[31m
            [36m<span[31m
              [33maria-label[31m=[32m"妯″瀷閰嶇疆"[31m
              [33mclass[31m=[32m""[31m
              [33mdata-mui-internal-clone-element[31m=[32m"true"[31m
            [36m>[31m
              [36m<button[31m
                [33mclass[31m=[32m"MuiButtonBase-root MuiIconButton-root MuiIconButton-colorInherit MuiIcon...[39m
[31m   [31m脳[31m App 缁勪欢闆嗘垚娴嬭瘯[2m > [22m鍘嗗彶璁板綍渚ц竟鏍?[2m > [22m鐐瑰嚮鍘嗗彶鎸夐挳鎵撳紑渚ц竟鏍?[90m 125[2mms[22m[31m[39m
[31m     鈫?Unable to find an accessible element with the role "button" and name `/鍘嗗彶璁板綍/`

Here are the accessible roles:

  banner:

  Name "":
  [36m<header[31m
    [33mclass[31m=[32m"MuiPaper-root MuiPaper-elevation MuiPaper-elevation4 MuiAppBar-root MuiAppBar-colorPrimary MuiAppBar-positionFixed mui-fixed css-1woakg4-MuiPaper-root-MuiAppBar-root"[31m
    [33mstyle[31m=[32m"--Paper-shadow: 0px 2px 4px -1px rgba(0,0,0,0.2),0px 4px 5px 0px rgba(0,0,0,0.14),0px 1px 10px 0px rgba(0,0,0,0.12);"[31m
  [36m/>[31m

  --------------------------------------------------
  button:

  Name "鏂板缓":
  [36m<button[31m
    [33mclass[31m=[32m"MuiButtonBase-root MuiButton-root MuiButton-text MuiButton-sizeSmall MuiButton-colorInherit css-g9pygt-MuiButtonBase-root-MuiButton-root"[31m
    [33mtabindex[31m=[32m"0"[31m
    [33mtype[31m=[32m"button"[31m
  [36m/>[31m

  Name "":
  [36m<button[31m
    [33mclass[31m=[32m"MuiButtonBase-root Mui-disabled MuiIconButton-root Mui-disabled MuiIconButton-colorInherit MuiIconButton-sizeSmall css-38cjb0-MuiButtonBase-root-MuiIconButton-root"[31m
    [33mdisabled[31m=[32m""[31m
    [33mtabindex[31m=[32m"-1"[31m
    [33mtype[31m=[32m"button"[31m
  [36m/>[31m

  Name "":
  [36m<button[31m
    [33mclass[31m=[32m"MuiButtonBase-root MuiIconButton-root MuiIconButton-colorInherit MuiIconButton-sizeSmall css-38cjb0-MuiButtonBase-root-MuiIconButton-root"[31m
    [33mtabindex[31m=[32m"0"[31m
    [33mtype[31m=[32m"button"[31m
  [36m/>[31m

  Name "":
  [36m<button[31m
    [33mclass[31m=[32m"MuiButtonBase-root Mui-disabled MuiIconButton-root Mui-disabled MuiIconButton-colorInherit MuiIconButton-sizeSmall css-38cjb0-MuiButtonBase-root-MuiIconButton-root"[31m
    [33mdisabled[31m=[32m""[31m
    [33mtabindex[31m=[32m"-1"[31m
    [33mtype[31m=[32m"button"[31m
  [36m/>[31m

  Name "":
  [36m<button[31m
    [33mclass[31m=[32m"MuiButtonBase-root MuiIconButton-root MuiIconButton-colorInherit MuiIconButton-sizeSmall css-38cjb0-MuiButtonBase-root-MuiIconButton-root"[31m
    [33mtabindex[31m=[32m"0"[31m
    [33mtype[31m=[32m"button"[31m
  [36m/>[31m

  Name "":
  [36m<button[31m
    [33mclass[31m=[32m"MuiButtonBase-root Mui-disabled MuiIconButton-root Mui-disabled MuiIconButton-colorPrimary MuiIconButton-sizeMedium css-1a80ix3-MuiButtonBase-root-MuiIconButton-root"[31m
    [33mdisabled[31m=[32m""[31m
    [33mtabindex[31m=[32m"-1"[31m
    [33mtype[31m=[32m"button"[31m
  [36m/>[31m

  --------------------------------------------------
  heading:

  Name "妯″瀷鍒楄〃":
  [36m<h6[31m
    [33mclass[31m=[32m"MuiTypography-root MuiTypography-subtitle1 MuiTypography-gutterBottom css-7oz9zk-MuiTypography-root"[31m
  [36m/>[31m

  Name "娆㈣繋浣跨敤 MultiChat":
  [36m<h5[31m
    [33mclass[31m=[32m"MuiTypography-root MuiTypography-h5 css-1xvfe2z-MuiTypography-root"[31m
  [36m/>[31m

  --------------------------------------------------
  paragraph:

  Name "":
  [36m<p[31m
    [33mclass[31m=[32m"MuiTypography-root MuiTypography-body2 css-11enejt-MuiTypography-root"[31m
  [36m/>[31m

  Name "":
  [36m<p[31m
    [33mclass[31m=[32m"MuiTypography-root MuiTypography-body1 css-1joot0f-MuiTypography-root"[31m
  [36m/>[31m

  Name "":
  [36m<p[31m
    [33mclass[31m=[32m"MuiTypography-root MuiTypography-body2 css-11enejt-MuiTypography-root"[31m
  [36m/>[31m

  --------------------------------------------------
  main:

  Name "":
  [36m<main[31m
    [33mclass[31m=[32m"MuiBox-root css-ck0a4"[31m
  [36m/>[31m

  --------------------------------------------------
  textbox:

  Name "":
  [36m<textarea[31m
    [33maria-invalid[31m=[32m"false"[31m
    [33mclass[31m=[32m"MuiInputBase-input MuiOutlinedInput-input css-w4nesw-MuiInputBase-input-MuiOutlinedInput-input"[31m
    [33mid[31m=[32m"_r_4k_"[31m
    [33mplaceholder[31m=[32m"杈撳叆鎮ㄧ殑闂锛孍nter 鍙戦€侊紝Shift+Enter 鎹㈣"[31m
    [33mstyle[31m=[32m"height: 0px; overflow: hidden;"[31m
  [36m/>[31m

  --------------------------------------------------

Ignored nodes: comments, script, style
[36m<body>[31m
  [36m<div>[31m
    [36m<div[31m
      [33mclass[31m=[32m"MuiBox-root css-1yeiifd"[31m
    [36m>[31m
      [36m<header[31m
        [33mclass[31m=[32m"MuiPaper-root MuiPaper-elevation MuiPaper-elevation4 MuiAppBar-root MuiAppBar-colorPrimary MuiAppBar-positionFixed mui-fixed css-1woakg4-MuiPaper-root-MuiAppBar-root"[31m
        [33mstyle[31m=[32m"--Paper-shadow: 0px 2px 4px -1px rgba(0,0,0,0.2),0px 4px 5px 0px rgba(0,0,0,0.14),0px 1px 10px 0px rgba(0,0,0,0.12);"[31m
      [36m>[31m
        [36m<div[31m
          [33mclass[31m=[32m"MuiToolbar-root MuiToolbar-gutters MuiToolbar-regular css-yg49xf-MuiToolbar-root"[31m
        [36m>[31m
          [36m<div[31m
            [33mclass[31m=[32m"MuiTypography-root MuiTypography-h6 MuiTypography-noWrap css-1l8e00d-MuiTypography-root"[31m
          [36m>[31m
            [0mMultiChat 澶氭ā鍨嬪璇?[0m
          [36m</div>[31m
          [36m<div[31m
            [33mclass[31m=[32m"MuiBox-root css-1i27l4i"[31m
          [36m>[31m
            [36m<span[31m
              [33maria-label[31m=[32m"鏂板缓浼氳瘽"[31m
              [33mclass[31m=[32m""[31m
              [33mdata-mui-internal-clone-element[31m=[32m"true"[31m
            [36m>[31m
              [36m<button[31m
                [33mclass[31m=[32m"MuiButtonBase-root MuiButton-root MuiButton-text MuiButton-sizeSmall MuiButton-colorInherit css-g9pygt-MuiButtonBase-root-MuiButton-root"[31m
                [33mtabindex[31m=[32m"0"[31m
                [33mtype[31m=[32m"button"[31m
              [36m>[31m
                [36m<span[31m
                  [33mclass[31m=[32m"MuiButton-icon MuiButton-startIcon css-d8i980-MuiButton-startIcon"[31m
                [36m>[31m
                  [36m<svg[31m
                    [33maria-hidden[31m=[32m"true"[31m
                    [33mclass[31m=[32m"MuiSvgIcon-root MuiSvgIcon-fontSizeMedium css-1umw9bq-MuiSvgIcon-root"[31m
                    [33mdata-testid[31m=[32m"AddIcon"[31m
                    [33mfocusable[31m=[32m"false"[31m
                    [33mviewBox[31m=[32m"0 0 24 24"[31m
                  [36m>[31m
                    [36m<path[31m
                      [33md[31m=[32m"M19 13h-6v6h-2v-6H5v-2h6V5h2v6h6z"[31m
                    [36m/>[31m
                  [36m</svg>[31m
                [36m</span>[31m
                [0m鏂板缓[0m
              [36m</button>[31m
            [36m</span>[31m
            [36m<span[31m
              [33maria-label[31m=[32m"淇濆瓨褰撳墠浼氳瘽"[31m
              [33mclass[31m=[32m""[31m
              [33mdata-mui-internal-clone-element[31m=[32m"true"[31m
            [36m>[31m
              [36m<button[31m
                [33mclass[31m=[32m"MuiButtonBase-root Mui-disabled MuiIconButton-root Mui-disabled MuiIconButton-colorInherit MuiIconButton-sizeSmall css-38cjb0-MuiButtonBase-root-MuiIconButton-root"[31m
                [33mdisabled[31m=[32m""[31m
                [33mtabindex[31m=[32m"-1"[31m
                [33mtype[31m=[32m"button"[31m
              [36m>[31m
                [36m<svg[31m
                  [33maria-hidden[31m=[32m"true"[31m
                  [33mclass[31m=[32m"MuiSvgIcon-root MuiSvgIcon-fontSizeMedium css-1umw9bq-MuiSvgIcon-root"[31m
                  [33mdata-testid[31m=[32m"SaveIcon"[31m
                  [33mfocusable[31m=[32m"false"[31m
                  [33mviewBox[31m=[32m"0 0 24 24"[31m
                [36m>[31m
                  [36m<path[31m
                    [33md[31m=[32m"M17 3H5c-1.11 0-2 .9-2 2v14c0 1.1.89 2 2 2h14c1.1 0 2-.9 2-2V7zm-5 16c-1.66 0-3-1.34-3-3s1.34-3 3-3 3 1.34 3 3-1.34 3-3 3m3-10H5V5h10z"[31m
                  [36m/>[31m
                [36m</svg>[31m
              [36m</button>[31m
            [36m</span>[31m
            [36m<span[31m
              [33maria-label[31m=[32m"鍘嗗彶璁板綍"[31m
              [33mclass[31m=[32m""[31m
              [33mdata-mui-internal-clone-element[31m=[32m"true"[31m
            [36m>[31m
              [36m<button[31m
                [33mclass[31m=[32m"MuiButtonBase-root MuiIconButton-root MuiIconButton-colorInherit MuiIconButton-sizeSmall css-38cjb0-MuiButtonBase-root-MuiIconButton-root"[31m
                [33mtabindex[31m=[32m"0"[31m
                [33mtype[31m=[32m"button"[31m
              [36m>[31m
                [36m<svg[31m
                  [33maria-hidden[31m=[32m"true"[31m
                  [33mclass[31m=[32m"MuiSvgIcon-root MuiSvgIcon-fontSizeMedium css-1umw9bq-MuiSvgIcon-root"[31m
                  [33mdata-testid[31m=[32m"HistoryIcon"[31m
                  [33mfocusable[31m=[32m"false"[31m
                  [33mviewBox[31m=[32m"0 0 24 24"[31m
                [36m>[31m
                  [36m<path[31m
                    [33md[31m=[32m"M13 3c-4.97 0-9 4.03-9 9H1l3.89 3.89.07.14L9 12H6c0-3.87 3.13-7 7-7s7 3.13 7 7-3.13 7-7 7c-1.93 0-3.68-.79-4.94-2.06l-1.42 1.42C8.27 19.99 10.51 21 13 21c4.97 0 9-4.03 9-9s-4.03-9-9-9m-1 5v5l4.28 2.54.72-1.21-3.5-2.08V8z"[31m
                  [36m/>[31m
                [36m</svg>[31m
              [36m</button>[31m
            [36m</span>[31m
            [36m<span[31m
              [33maria-label[31m=[32m"娓呯┖褰撳墠浼氳瘽"[31m
              [33mclass[31m=[32m""[31m
              [33mdata-mui-internal-clone-element[31m=[32m"true"[31m
            [36m>[31m
              [36m<button[31m
                [33mclass[31m=[32m"MuiButtonBase-root Mui-disabled MuiIconButton-root Mui-disabled MuiIconButton-colorInherit MuiIconButton-sizeSmall css-38cjb0-MuiButtonBase-root-MuiIconButton-root"[31m
                [33mdisabled[31m=[32m""[31m
                [33mtabindex[31m=[32m"-1"[31m
                [33mtype[31m=[32m"button"[31m
              [36m>[31m
                [36m<svg[31m
                  [33maria-hidden[31m=[32m"true"[31m
                  [33mclass[31m=[32m"MuiSvgIcon-root MuiSvgIcon-fontSizeMedium css-1umw9bq-MuiSvgIcon-root"[31m
                  [33mdata-testid[31m=[32m"DeleteSweepIcon"[31m
                  [33mfocusable[31m=[32m"false"[31m
                  [33mviewBox[31m=[32m"0 0 24 24"[31m
                [36m>[31m
                  [36m<path[31m
                    [33md[31m=[32m"M15 16h4v2h-4zm0-8h7v2h-7zm0 4h6v2h-6zM3 18c0 1.1.9 2 2 2h6c1.1 0 2-.9 2-2V8H3zM14 5h-3l-1-1H6L5 5H2v2h12z"[31m
                  [36m/>[31m
                [36m</svg>[31m
              [36m</button>[31m
            [36m</span>[31m
            [36m<span[31m
              [33maria-label[31m=[32m"妯″瀷閰嶇疆"[31m
              [33mclass[31m=[32m""[31m
              [33mdata-mui-internal-clone-element[31m=[32m"true"[31m
            [36m>[31m
              [36m<button[31m
                [33mclass[31m=[32m"MuiButtonBase-root MuiIconButton-root MuiIconButton-colorInherit MuiIcon...[39m
[31m   [31m脳[31m App 缁勪欢闆嗘垚娴嬭瘯[2m > [22m妯″瀷閰嶇疆寮圭獥[2m > [22m鐐瑰嚮閰嶇疆鎸夐挳鎵撳紑寮圭獥[90m 132[2mms[22m[31m[39m
[31m     鈫?Unable to find an accessible element with the role "button" and name `/妯″瀷閰嶇疆/`

Here are the accessible roles:

  banner:

  Name "":
  [36m<header[31m
    [33mclass[31m=[32m"MuiPaper-root MuiPaper-elevation MuiPaper-elevation4 MuiAppBar-root MuiAppBar-colorPrimary MuiAppBar-positionFixed mui-fixed css-1woakg4-MuiPaper-root-MuiAppBar-root"[31m
    [33mstyle[31m=[32m"--Paper-shadow: 0px 2px 4px -1px rgba(0,0,0,0.2),0px 4px 5px 0px rgba(0,0,0,0.14),0px 1px 10px 0px rgba(0,0,0,0.12);"[31m
  [36m/>[31m

  --------------------------------------------------
  button:

  Name "鏂板缓":
  [36m<button[31m
    [33mclass[31m=[32m"MuiButtonBase-root MuiButton-root MuiButton-text MuiButton-sizeSmall MuiButton-colorInherit css-g9pygt-MuiButtonBase-root-MuiButton-root"[31m
    [33mtabindex[31m=[32m"0"[31m
    [33mtype[31m=[32m"button"[31m
  [36m/>[31m

  Name "":
  [36m<button[31m
    [33mclass[31m=[32m"MuiButtonBase-root Mui-disabled MuiIconButton-root Mui-disabled MuiIconButton-colorInherit MuiIconButton-sizeSmall css-38cjb0-MuiButtonBase-root-MuiIconButton-root"[31m
    [33mdisabled[31m=[32m""[31m
    [33mtabindex[31m=[32m"-1"[31m
    [33mtype[31m=[32m"button"[31m
  [36m/>[31m

  Name "":
  [36m<button[31m
    [33mclass[31m=[32m"MuiButtonBase-root MuiIconButton-root MuiIconButton-colorInherit MuiIconButton-sizeSmall css-38cjb0-MuiButtonBase-root-MuiIconButton-root"[31m
    [33mtabindex[31m=[32m"0"[31m
    [33mtype[31m=[32m"button"[31m
  [36m/>[31m

  Name "":
  [36m<button[31m
    [33mclass[31m=[32m"MuiButtonBase-root Mui-disabled MuiIconButton-root Mui-disabled MuiIconButton-colorInherit MuiIconButton-sizeSmall css-38cjb0-MuiButtonBase-root-MuiIconButton-root"[31m
    [33mdisabled[31m=[32m""[31m
    [33mtabindex[31m=[32m"-1"[31m
    [33mtype[31m=[32m"button"[31m
  [36m/>[31m

  Name "":
  [36m<button[31m
    [33mclass[31m=[32m"MuiButtonBase-root MuiIconButton-root MuiIconButton-colorInherit MuiIconButton-sizeSmall css-38cjb0-MuiButtonBase-root-MuiIconButton-root"[31m
    [33mtabindex[31m=[32m"0"[31m
    [33mtype[31m=[32m"button"[31m
  [36m/>[31m

  Name "":
  [36m<button[31m
    [33mclass[31m=[32m"MuiButtonBase-root Mui-disabled MuiIconButton-root Mui-disabled MuiIconButton-colorPrimary MuiIconButton-sizeMedium css-1a80ix3-MuiButtonBase-root-MuiIconButton-root"[31m
    [33mdisabled[31m=[32m""[31m
    [33mtabindex[31m=[32m"-1"[31m
    [33mtype[31m=[32m"button"[31m
  [36m/>[31m

  --------------------------------------------------
  heading:

  Name "妯″瀷鍒楄〃":
  [36m<h6[31m
    [33mclass[31m=[32m"MuiTypography-root MuiTypography-subtitle1 MuiTypography-gutterBottom css-7oz9zk-MuiTypography-root"[31m
  [36m/>[31m

  Name "娆㈣繋浣跨敤 MultiChat":
  [36m<h5[31m
    [33mclass[31m=[32m"MuiTypography-root MuiTypography-h5 css-1xvfe2z-MuiTypography-root"[31m
  [36m/>[31m

  --------------------------------------------------
  paragraph:

  Name "":
  [36m<p[31m
    [33mclass[31m=[32m"MuiTypography-root MuiTypography-body2 css-11enejt-MuiTypography-root"[31m
  [36m/>[31m

  Name "":
  [36m<p[31m
    [33mclass[31m=[32m"MuiTypography-root MuiTypography-body1 css-1joot0f-MuiTypography-root"[31m
  [36m/>[31m

  Name "":
  [36m<p[31m
    [33mclass[31m=[32m"MuiTypography-root MuiTypography-body2 css-11enejt-MuiTypography-root"[31m
  [36m/>[31m

  --------------------------------------------------
  main:

  Name "":
  [36m<main[31m
    [33mclass[31m=[32m"MuiBox-root css-ck0a4"[31m
  [36m/>[31m

  --------------------------------------------------
  textbox:

  Name "":
  [36m<textarea[31m
    [33maria-invalid[31m=[32m"false"[31m
    [33mclass[31m=[32m"MuiInputBase-input MuiOutlinedInput-input css-w4nesw-MuiInputBase-input-MuiOutlinedInput-input"[31m
    [33mid[31m=[32m"_r_55_"[31m
    [33mplaceholder[31m=[32m"杈撳叆鎮ㄧ殑闂锛孍nter 鍙戦€侊紝Shift+Enter 鎹㈣"[31m
    [33mstyle[31m=[32m"height: 0px; overflow: hidden;"[31m
  [36m/>[31m

  --------------------------------------------------

Ignored nodes: comments, script, style
[36m<body>[31m
  [36m<div>[31m
    [36m<div[31m
      [33mclass[31m=[32m"MuiBox-root css-1yeiifd"[31m
    [36m>[31m
      [36m<header[31m
        [33mclass[31m=[32m"MuiPaper-root MuiPaper-elevation MuiPaper-elevation4 MuiAppBar-root MuiAppBar-colorPrimary MuiAppBar-positionFixed mui-fixed css-1woakg4-MuiPaper-root-MuiAppBar-root"[31m
        [33mstyle[31m=[32m"--Paper-shadow: 0px 2px 4px -1px rgba(0,0,0,0.2),0px 4px 5px 0px rgba(0,0,0,0.14),0px 1px 10px 0px rgba(0,0,0,0.12);"[31m
      [36m>[31m
        [36m<div[31m
          [33mclass[31m=[32m"MuiToolbar-root MuiToolbar-gutters MuiToolbar-regular css-yg49xf-MuiToolbar-root"[31m
        [36m>[31m
          [36m<div[31m
            [33mclass[31m=[32m"MuiTypography-root MuiTypography-h6 MuiTypography-noWrap css-1l8e00d-MuiTypography-root"[31m
          [36m>[31m
            [0mMultiChat 澶氭ā鍨嬪璇?[0m
          [36m</div>[31m
          [36m<div[31m
            [33mclass[31m=[32m"MuiBox-root css-1i27l4i"[31m
          [36m>[31m
            [36m<span[31m
              [33maria-label[31m=[32m"鏂板缓浼氳瘽"[31m
              [33mclass[31m=[32m""[31m
              [33mdata-mui-internal-clone-element[31m=[32m"true"[31m
            [36m>[31m
              [36m<button[31m
                [33mclass[31m=[32m"MuiButtonBase-root MuiButton-root MuiButton-text MuiButton-sizeSmall MuiButton-colorInherit css-g9pygt-MuiButtonBase-root-MuiButton-root"[31m
                [33mtabindex[31m=[32m"0"[31m
                [33mtype[31m=[32m"button"[31m
              [36m>[31m
                [36m<span[31m
                  [33mclass[31m=[32m"MuiButton-icon MuiButton-startIcon css-d8i980-MuiButton-startIcon"[31m
                [36m>[31m
                  [36m<svg[31m
                    [33maria-hidden[31m=[32m"true"[31m
                    [33mclass[31m=[32m"MuiSvgIcon-root MuiSvgIcon-fontSizeMedium css-1umw9bq-MuiSvgIcon-root"[31m
                    [33mdata-testid[31m=[32m"AddIcon"[31m
                    [33mfocusable[31m=[32m"false"[31m
                    [33mviewBox[31m=[32m"0 0 24 24"[31m
                  [36m>[31m
                    [36m<path[31m
                      [33md[31m=[32m"M19 13h-6v6h-2v-6H5v-2h6V5h2v6h6z"[31m
                    [36m/>[31m
                  [36m</svg>[31m
                [36m</span>[31m
                [0m鏂板缓[0m
              [36m</button>[31m
            [36m</span>[31m
            [36m<span[31m
              [33maria-label[31m=[32m"淇濆瓨褰撳墠浼氳瘽"[31m
              [33mclass[31m=[32m""[31m
              [33mdata-mui-internal-clone-element[31m=[32m"true"[31m
            [36m>[31m
              [36m<button[31m
                [33mclass[31m=[32m"MuiButtonBase-root Mui-disabled MuiIconButton-root Mui-disabled MuiIconButton-colorInherit MuiIconButton-sizeSmall css-38cjb0-MuiButtonBase-root-MuiIconButton-root"[31m
                [33mdisabled[31m=[32m""[31m
                [33mtabindex[31m=[32m"-1"[31m
                [33mtype[31m=[32m"button"[31m
              [36m>[31m
                [36m<svg[31m
                  [33maria-hidden[31m=[32m"true"[31m
                  [33mclass[31m=[32m"MuiSvgIcon-root MuiSvgIcon-fontSizeMedium css-1umw9bq-MuiSvgIcon-root"[31m
                  [33mdata-testid[31m=[32m"SaveIcon"[31m
                  [33mfocusable[31m=[32m"false"[31m
                  [33mviewBox[31m=[32m"0 0 24 24"[31m
                [36m>[31m
                  [36m<path[31m
                    [33md[31m=[32m"M17 3H5c-1.11 0-2 .9-2 2v14c0 1.1.89 2 2 2h14c1.1 0 2-.9 2-2V7zm-5 16c-1.66 0-3-1.34-3-3s1.34-3 3-3 3 1.34 3 3-1.34 3-3 3m3-10H5V5h10z"[31m
                  [36m/>[31m
                [36m</svg>[31m
              [36m</button>[31m
            [36m</span>[31m
            [36m<span[31m
              [33maria-label[31m=[32m"鍘嗗彶璁板綍"[31m
              [33mclass[31m=[32m""[31m
              [33mdata-mui-internal-clone-element[31m=[32m"true"[31m
            [36m>[31m
              [36m<button[31m
                [33mclass[31m=[32m"MuiButtonBase-root MuiIconButton-root MuiIconButton-colorInherit MuiIconButton-sizeSmall css-38cjb0-MuiButtonBase-root-MuiIconButton-root"[31m
                [33mtabindex[31m=[32m"0"[31m
                [33mtype[31m=[32m"button"[31m
              [36m>[31m
                [36m<svg[31m
                  [33maria-hidden[31m=[32m"true"[31m
                  [33mclass[31m=[32m"MuiSvgIcon-root MuiSvgIcon-fontSizeMedium css-1umw9bq-MuiSvgIcon-root"[31m
                  [33mdata-testid[31m=[32m"HistoryIcon"[31m
                  [33mfocusable[31m=[32m"false"[31m
                  [33mviewBox[31m=[32m"0 0 24 24"[31m
                [36m>[31m
                  [36m<path[31m
                    [33md[31m=[32m"M13 3c-4.97 0-9 4.03-9 9H1l3.89 3.89.07.14L9 12H6c0-3.87 3.13-7 7-7s7 3.13 7 7-3.13 7-7 7c-1.93 0-3.68-.79-4.94-2.06l-1.42 1.42C8.27 19.99 10.51 21 13 21c4.97 0 9-4.03 9-9s-4.03-9-9-9m-1 5v5l4.28 2.54.72-1.21-3.5-2.08V8z"[31m
                  [36m/>[31m
                [36m</svg>[31m
              [36m</button>[31m
            [36m</span>[31m
            [36m<span[31m
              [33maria-label[31m=[32m"娓呯┖褰撳墠浼氳瘽"[31m
              [33mclass[31m=[32m""[31m
              [33mdata-mui-internal-clone-element[31m=[32m"true"[31m
            [36m>[31m
              [36m<button[31m
                [33mclass[31m=[32m"MuiButtonBase-root Mui-disabled MuiIconButton-root Mui-disabled MuiIconButton-colorInherit MuiIconButton-sizeSmall css-38cjb0-MuiButtonBase-root-MuiIconButton-root"[31m
                [33mdisabled[31m=[32m""[31m
                [33mtabindex[31m=[32m"-1"[31m
                [33mtype[31m=[32m"button"[31m
              [36m>[31m
                [36m<svg[31m
                  [33maria-hidden[31m=[32m"true"[31m
                  [33mclass[31m=[32m"MuiSvgIcon-root MuiSvgIcon-fontSizeMedium css-1umw9bq-MuiSvgIcon-root"[31m
                  [33mdata-testid[31m=[32m"DeleteSweepIcon"[31m
                  [33mfocusable[31m=[32m"false"[31m
                  [33mviewBox[31m=[32m"0 0 24 24"[31m
                [36m>[31m
                  [36m<path[31m
                    [33md[31m=[32m"M15 16h4v2h-4zm0-8h7v2h-7zm0 4h6v2h-6zM3 18c0 1.1.9 2 2 2h6c1.1 0 2-.9 2-2V8H3zM14 5h-3l-1-1H6L5 5H2v2h12z"[31m
                  [36m/>[31m
                [36m</svg>[31m
              [36m</button>[31m
            [36m</span>[31m
            [36m<span[31m
              [33maria-label[31m=[32m"妯″瀷閰嶇疆"[31m
              [33mclass[31m=[32m""[31m
              [33mdata-mui-internal-clone-element[31m=[32m"true"[31m
            [36m>[31m
              [36m<button[31m
                [33mclass[31m=[32m"MuiButtonBase-root MuiIconButton-root MuiIconButton-colorInherit MuiIcon...[39m
[31m   [31m脳[31m App 缁勪欢闆嗘垚娴嬭瘯[2m > [22m妯″瀷閰嶇疆寮圭獥[2m > [22m鍏抽棴鎸夐挳鍏抽棴寮圭獥[90m 114[2mms[22m[31m[39m
[31m     鈫?Unable to find an accessible element with the role "button" and name `/妯″瀷閰嶇疆/`

Here are the accessible roles:

  banner:

  Name "":
  [36m<header[31m
    [33mclass[31m=[32m"MuiPaper-root MuiPaper-elevation MuiPaper-elevation4 MuiAppBar-root MuiAppBar-colorPrimary MuiAppBar-positionFixed mui-fixed css-1woakg4-MuiPaper-root-MuiAppBar-root"[31m
    [33mstyle[31m=[32m"--Paper-shadow: 0px 2px 4px -1px rgba(0,0,0,0.2),0px 4px 5px 0px rgba(0,0,0,0.14),0px 1px 10px 0px rgba(0,0,0,0.12);"[31m
  [36m/>[31m

  --------------------------------------------------
  button:

  Name "鏂板缓":
  [36m<button[31m
    [33mclass[31m=[32m"MuiButtonBase-root MuiButton-root MuiButton-text MuiButton-sizeSmall MuiButton-colorInherit css-g9pygt-MuiButtonBase-root-MuiButton-root"[31m
    [33mtabindex[31m=[32m"0"[31m
    [33mtype[31m=[32m"button"[31m
  [36m/>[31m

  Name "":
  [36m<button[31m
    [33mclass[31m=[32m"MuiButtonBase-root Mui-disabled MuiIconButton-root Mui-disabled MuiIconButton-colorInherit MuiIconButton-sizeSmall css-38cjb0-MuiButtonBase-root-MuiIconButton-root"[31m
    [33mdisabled[31m=[32m""[31m
    [33mtabindex[31m=[32m"-1"[31m
    [33mtype[31m=[32m"button"[31m
  [36m/>[31m

  Name "":
  [36m<button[31m
    [33mclass[31m=[32m"MuiButtonBase-root MuiIconButton-root MuiIconButton-colorInherit MuiIconButton-sizeSmall css-38cjb0-MuiButtonBase-root-MuiIconButton-root"[31m
    [33mtabindex[31m=[32m"0"[31m
    [33mtype[31m=[32m"button"[31m
  [36m/>[31m

  Name "":
  [36m<button[31m
    [33mclass[31m=[32m"MuiButtonBase-root Mui-disabled MuiIconButton-root Mui-disabled MuiIconButton-colorInherit MuiIconButton-sizeSmall css-38cjb0-MuiButtonBase-root-MuiIconButton-root"[31m
    [33mdisabled[31m=[32m""[31m
    [33mtabindex[31m=[32m"-1"[31m
    [33mtype[31m=[32m"button"[31m
  [36m/>[31m

  Name "":
  [36m<button[31m
    [33mclass[31m=[32m"MuiButtonBase-root MuiIconButton-root MuiIconButton-colorInherit MuiIconButton-sizeSmall css-38cjb0-MuiButtonBase-root-MuiIconButton-root"[31m
    [33mtabindex[31m=[32m"0"[31m
    [33mtype[31m=[32m"button"[31m
  [36m/>[31m

  Name "":
  [36m<button[31m
    [33mclass[31m=[32m"MuiButtonBase-root Mui-disabled MuiIconButton-root Mui-disabled MuiIconButton-colorPrimary MuiIconButton-sizeMedium css-1a80ix3-MuiButtonBase-root-MuiIconButton-root"[31m
    [33mdisabled[31m=[32m""[31m
    [33mtabindex[31m=[32m"-1"[31m
    [33mtype[31m=[32m"button"[31m
  [36m/>[31m

  --------------------------------------------------
  heading:

  Name "妯″瀷鍒楄〃":
  [36m<h6[31m
    [33mclass[31m=[32m"MuiTypography-root MuiTypography-subtitle1 MuiTypography-gutterBottom css-7oz9zk-MuiTypography-root"[31m
  [36m/>[31m

  Name "娆㈣繋浣跨敤 MultiChat":
  [36m<h5[31m
    [33mclass[31m=[32m"MuiTypography-root MuiTypography-h5 css-1xvfe2z-MuiTypography-root"[31m
  [36m/>[31m

  --------------------------------------------------
  paragraph:

  Name "":
  [36m<p[31m
    [33mclass[31m=[32m"MuiTypography-root MuiTypography-body2 css-11enejt-MuiTypography-root"[31m
  [36m/>[31m

  Name "":
  [36m<p[31m
    [33mclass[31m=[32m"MuiTypography-root MuiTypography-body1 css-1joot0f-MuiTypography-root"[31m
  [36m/>[31m

  Name "":
  [36m<p[31m
    [33mclass[31m=[32m"MuiTypography-root MuiTypography-body2 css-11enejt-MuiTypography-root"[31m
  [36m/>[31m

  --------------------------------------------------
  main:

  Name "":
  [36m<main[31m
    [33mclass[31m=[32m"MuiBox-root css-ck0a4"[31m
  [36m/>[31m

  --------------------------------------------------
  textbox:

  Name "":
  [36m<textarea[31m
    [33maria-invalid[31m=[32m"false"[31m
    [33mclass[31m=[32m"MuiInputBase-input MuiOutlinedInput-input css-w4nesw-MuiInputBase-input-MuiOutlinedInput-input"[31m
    [33mid[31m=[32m"_r_5m_"[31m
    [33mplaceholder[31m=[32m"杈撳叆鎮ㄧ殑闂锛孍nter 鍙戦€侊紝Shift+Enter 鎹㈣"[31m
    [33mstyle[31m=[32m"height: 0px; overflow: hidden;"[31m
  [36m/>[31m

  --------------------------------------------------

Ignored nodes: comments, script, style
[36m<body>[31m
  [36m<div>[31m
    [36m<div[31m
      [33mclass[31m=[32m"MuiBox-root css-1yeiifd"[31m
    [36m>[31m
      [36m<header[31m
        [33mclass[31m=[32m"MuiPaper-root MuiPaper-elevation MuiPaper-elevation4 MuiAppBar-root MuiAppBar-colorPrimary MuiAppBar-positionFixed mui-fixed css-1woakg4-MuiPaper-root-MuiAppBar-root"[31m
        [33mstyle[31m=[32m"--Paper-shadow: 0px 2px 4px -1px rgba(0,0,0,0.2),0px 4px 5px 0px rgba(0,0,0,0.14),0px 1px 10px 0px rgba(0,0,0,0.12);"[31m
      [36m>[31m
        [36m<div[31m
          [33mclass[31m=[32m"MuiToolbar-root MuiToolbar-gutters MuiToolbar-regular css-yg49xf-MuiToolbar-root"[31m
        [36m>[31m
          [36m<div[31m
            [33mclass[31m=[32m"MuiTypography-root MuiTypography-h6 MuiTypography-noWrap css-1l8e00d-MuiTypography-root"[31m
          [36m>[31m
            [0mMultiChat 澶氭ā鍨嬪璇?[0m
          [36m</div>[31m
          [36m<div[31m
            [33mclass[31m=[32m"MuiBox-root css-1i27l4i"[31m
          [36m>[31m
            [36m<span[31m
              [33maria-label[31m=[32m"鏂板缓浼氳瘽"[31m
              [33mclass[31m=[32m""[31m
              [33mdata-mui-internal-clone-element[31m=[32m"true"[31m
            [36m>[31m
              [36m<button[31m
                [33mclass[31m=[32m"MuiButtonBase-root MuiButton-root MuiButton-text MuiButton-sizeSmall MuiButton-colorInherit css-g9pygt-MuiButtonBase-root-MuiButton-root"[31m
                [33mtabindex[31m=[32m"0"[31m
                [33mtype[31m=[32m"button"[31m
              [36m>[31m
                [36m<span[31m
                  [33mclass[31m=[32m"MuiButton-icon MuiButton-startIcon css-d8i980-MuiButton-startIcon"[31m
                [36m>[31m
                  [36m<svg[31m
                    [33maria-hidden[31m=[32m"true"[31m
                    [33mclass[31m=[32m"MuiSvgIcon-root MuiSvgIcon-fontSizeMedium css-1umw9bq-MuiSvgIcon-root"[31m
                    [33mdata-testid[31m=[32m"AddIcon"[31m
                    [33mfocusable[31m=[32m"false"[31m
                    [33mviewBox[31m=[32m"0 0 24 24"[31m
                  [36m>[31m
                    [36m<path[31m
                      [33md[31m=[32m"M19 13h-6v6h-2v-6H5v-2h6V5h2v6h6z"[31m
                    [36m/>[31m
                  [36m</svg>[31m
                [36m</span>[31m
                [0m鏂板缓[0m
              [36m</button>[31m
            [36m</span>[31m
            [36m<span[31m
              [33maria-label[31m=[32m"淇濆瓨褰撳墠浼氳瘽"[31m
              [33mclass[31m=[32m""[31m
              [33mdata-mui-internal-clone-element[31m=[32m"true"[31m
            [36m>[31m
              [36m<button[31m
                [33mclass[31m=[32m"MuiButtonBase-root Mui-disabled MuiIconButton-root Mui-disabled MuiIconButton-colorInherit MuiIconButton-sizeSmall css-38cjb0-MuiButtonBase-root-MuiIconButton-root"[31m
                [33mdisabled[31m=[32m""[31m
                [33mtabindex[31m=[32m"-1"[31m
                [33mtype[31m=[32m"button"[31m
              [36m>[31m
                [36m<svg[31m
                  [33maria-hidden[31m=[32m"true"[31m
                  [33mclass[31m=[32m"MuiSvgIcon-root MuiSvgIcon-fontSizeMedium css-1umw9bq-MuiSvgIcon-root"[31m
                  [33mdata-testid[31m=[32m"SaveIcon"[31m
                  [33mfocusable[31m=[32m"false"[31m
                  [33mviewBox[31m=[32m"0 0 24 24"[31m
                [36m>[31m
                  [36m<path[31m
                    [33md[31m=[32m"M17 3H5c-1.11 0-2 .9-2 2v14c0 1.1.89 2 2 2h14c1.1 0 2-.9 2-2V7zm-5 16c-1.66 0-3-1.34-3-3s1.34-3 3-3 3 1.34 3 3-1.34 3-3 3m3-10H5V5h10z"[31m
                  [36m/>[31m
                [36m</svg>[31m
              [36m</button>[31m
            [36m</span>[31m
            [36m<span[31m
              [33maria-label[31m=[32m"鍘嗗彶璁板綍"[31m
              [33mclass[31m=[32m""[31m
              [33mdata-mui-internal-clone-element[31m=[32m"true"[31m
            [36m>[31m
              [36m<button[31m
                [33mclass[31m=[32m"MuiButtonBase-root MuiIconButton-root MuiIconButton-colorInherit MuiIconButton-sizeSmall css-38cjb0-MuiButtonBase-root-MuiIconButton-root"[31m
                [33mtabindex[31m=[32m"0"[31m
                [33mtype[31m=[32m"button"[31m
              [36m>[31m
                [36m<svg[31m
                  [33maria-hidden[31m=[32m"true"[31m
                  [33mclass[31m=[32m"MuiSvgIcon-root MuiSvgIcon-fontSizeMedium css-1umw9bq-MuiSvgIcon-root"[31m
                  [33mdata-testid[31m=[32m"HistoryIcon"[31m
                  [33mfocusable[31m=[32m"false"[31m
                  [33mviewBox[31m=[32m"0 0 24 24"[31m
                [36m>[31m
                  [36m<path[31m
                    [33md[31m=[32m"M13 3c-4.97 0-9 4.03-9 9H1l3.89 3.89.07.14L9 12H6c0-3.87 3.13-7 7-7s7 3.13 7 7-3.13 7-7 7c-1.93 0-3.68-.79-4.94-2.06l-1.42 1.42C8.27 19.99 10.51 21 13 21c4.97 0 9-4.03 9-9s-4.03-9-9-9m-1 5v5l4.28 2.54.72-1.21-3.5-2.08V8z"[31m
                  [36m/>[31m
                [36m</svg>[31m
              [36m</button>[31m
            [36m</span>[31m
            [36m<span[31m
              [33maria-label[31m=[32m"娓呯┖褰撳墠浼氳瘽"[31m
              [33mclass[31m=[32m""[31m
              [33mdata-mui-internal-clone-element[31m=[32m"true"[31m
            [36m>[31m
              [36m<button[31m
                [33mclass[31m=[32m"MuiButtonBase-root Mui-disabled MuiIconButton-root Mui-disabled MuiIconButton-colorInherit MuiIconButton-sizeSmall css-38cjb0-MuiButtonBase-root-MuiIconButton-root"[31m
                [33mdisabled[31m=[32m""[31m
                [33mtabindex[31m=[32m"-1"[31m
                [33mtype[31m=[32m"button"[31m
              [36m>[31m
                [36m<svg[31m
                  [33maria-hidden[31m=[32m"true"[31m
                  [33mclass[31m=[32m"MuiSvgIcon-root MuiSvgIcon-fontSizeMedium css-1umw9bq-MuiSvgIcon-root"[31m
                  [33mdata-testid[31m=[32m"DeleteSweepIcon"[31m
                  [33mfocusable[31m=[32m"false"[31m
                  [33mviewBox[31m=[32m"0 0 24 24"[31m
                [36m>[31m
                  [36m<path[31m
                    [33md[31m=[32m"M15 16h4v2h-4zm0-8h7v2h-7zm0 4h6v2h-6zM3 18c0 1.1.9 2 2 2h6c1.1 0 2-.9 2-2V8H3zM14 5h-3l-1-1H6L5 5H2v2h12z"[31m
                  [36m/>[31m
                [36m</svg>[31m
              [36m</button>[31m
            [36m</span>[31m
            [36m<span[31m
              [33maria-label[31m=[32m"妯″瀷閰嶇疆"[31m
              [33mclass[31m=[32m""[31m
              [33mdata-mui-internal-clone-element[31m=[32m"true"[31m
            [36m>[31m
              [36m<button[31m
                [33mclass[31m=[32m"MuiButtonBase-root MuiIconButton-root MuiIconButton-colorInherit MuiIcon...[39m
[31m   [31m脳[31m App 缁勪欢闆嗘垚娴嬭瘯[2m > [22m杈撳叆妗嗕氦浜?[2m > [22m鍙戦€佹寜閽湪绌鸿緭鍏ユ椂绂佺敤[90m 140[2mms[22m[31m[39m
[31m     鈫?Unable to find an accessible element with the role "button" and name `/鍙戦€佹秷鎭?`

Here are the accessible roles:

  banner:

  Name "":
  [36m<header[31m
    [33mclass[31m=[32m"MuiPaper-root MuiPaper-elevation MuiPaper-elevation4 MuiAppBar-root MuiAppBar-colorPrimary MuiAppBar-positionFixed mui-fixed css-1woakg4-MuiPaper-root-MuiAppBar-root"[31m
    [33mstyle[31m=[32m"--Paper-shadow: 0px 2px 4px -1px rgba(0,0,0,0.2),0px 4px 5px 0px rgba(0,0,0,0.14),0px 1px 10px 0px rgba(0,0,0,0.12);"[31m
  [36m/>[31m

  --------------------------------------------------
  button:

  Name "鏂板缓":
  [36m<button[31m
    [33mclass[31m=[32m"MuiButtonBase-root MuiButton-root MuiButton-text MuiButton-sizeSmall MuiButton-colorInherit css-g9pygt-MuiButtonBase-root-MuiButton-root"[31m
    [33mtabindex[31m=[32m"0"[31m
    [33mtype[31m=[32m"button"[31m
  [36m/>[31m

  Name "":
  [36m<button[31m
    [33mclass[31m=[32m"MuiButtonBase-root Mui-disabled MuiIconButton-root Mui-disabled MuiIconButton-colorInherit MuiIconButton-sizeSmall css-38cjb0-MuiButtonBase-root-MuiIconButton-root"[31m
    [33mdisabled[31m=[32m""[31m
    [33mtabindex[31m=[32m"-1"[31m
    [33mtype[31m=[32m"button"[31m
  [36m/>[31m

  Name "":
  [36m<button[31m
    [33mclass[31m=[32m"MuiButtonBase-root MuiIconButton-root MuiIconButton-colorInherit MuiIconButton-sizeSmall css-38cjb0-MuiButtonBase-root-MuiIconButton-root"[31m
    [33mtabindex[31m=[32m"0"[31m
    [33mtype[31m=[32m"button"[31m
  [36m/>[31m

  Name "":
  [36m<button[31m
    [33mclass[31m=[32m"MuiButtonBase-root Mui-disabled MuiIconButton-root Mui-disabled MuiIconButton-colorInherit MuiIconButton-sizeSmall css-38cjb0-MuiButtonBase-root-MuiIconButton-root"[31m
    [33mdisabled[31m=[32m""[31m
    [33mtabindex[31m=[32m"-1"[31m
    [33mtype[31m=[32m"button"[31m
  [36m/>[31m

  Name "":
  [36m<button[31m
    [33mclass[31m=[32m"MuiButtonBase-root MuiIconButton-root MuiIconButton-colorInherit MuiIconButton-sizeSmall css-38cjb0-MuiButtonBase-root-MuiIconButton-root"[31m
    [33mtabindex[31m=[32m"0"[31m
    [33mtype[31m=[32m"button"[31m
  [36m/>[31m

  Name "":
  [36m<button[31m
    [33mclass[31m=[32m"MuiButtonBase-root Mui-disabled MuiIconButton-root Mui-disabled MuiIconButton-colorPrimary MuiIconButton-sizeMedium css-1a80ix3-MuiButtonBase-root-MuiIconButton-root"[31m
    [33mdisabled[31m=[32m""[31m
    [33mtabindex[31m=[32m"-1"[31m
    [33mtype[31m=[32m"button"[31m
  [36m/>[31m

  --------------------------------------------------
  heading:

  Name "妯″瀷鍒楄〃":
  [36m<h6[31m
    [33mclass[31m=[32m"MuiTypography-root MuiTypography-subtitle1 MuiTypography-gutterBottom css-7oz9zk-MuiTypography-root"[31m
  [36m/>[31m

  Name "娆㈣繋浣跨敤 MultiChat":
  [36m<h5[31m
    [33mclass[31m=[32m"MuiTypography-root MuiTypography-h5 css-1xvfe2z-MuiTypography-root"[31m
  [36m/>[31m

  --------------------------------------------------
  paragraph:

  Name "":
  [36m<p[31m
    [33mclass[31m=[32m"MuiTypography-root MuiTypography-body2 css-11enejt-MuiTypography-root"[31m
  [36m/>[31m

  Name "":
  [36m<p[31m
    [33mclass[31m=[32m"MuiTypography-root MuiTypography-body1 css-1joot0f-MuiTypography-root"[31m
  [36m/>[31m

  Name "":
  [36m<p[31m
    [33mclass[31m=[32m"MuiTypography-root MuiTypography-body2 css-11enejt-MuiTypography-root"[31m
  [36m/>[31m

  --------------------------------------------------
  main:

  Name "":
  [36m<main[31m
    [33mclass[31m=[32m"MuiBox-root css-ck0a4"[31m
  [36m/>[31m

  --------------------------------------------------
  textbox:

  Name "":
  [36m<textarea[31m
    [33maria-invalid[31m=[32m"false"[31m
    [33mclass[31m=[32m"MuiInputBase-input MuiOutlinedInput-input css-w4nesw-MuiInputBase-input-MuiOutlinedInput-input"[31m
    [33mid[31m=[32m"_r_6o_"[31m
    [33mplaceholder[31m=[32m"杈撳叆鎮ㄧ殑闂锛孍nter 鍙戦€侊紝Shift+Enter 鎹㈣"[31m
    [33mstyle[31m=[32m"height: 0px; overflow: hidden;"[31m
  [36m/>[31m

  --------------------------------------------------

Ignored nodes: comments, script, style
[36m<body>[31m
  [36m<div>[31m
    [36m<div[31m
      [33mclass[31m=[32m"MuiBox-root css-1yeiifd"[31m
    [36m>[31m
      [36m<header[31m
        [33mclass[31m=[32m"MuiPaper-root MuiPaper-elevation MuiPaper-elevation4 MuiAppBar-root MuiAppBar-colorPrimary MuiAppBar-positionFixed mui-fixed css-1woakg4-MuiPaper-root-MuiAppBar-root"[31m
        [33mstyle[31m=[32m"--Paper-shadow: 0px 2px 4px -1px rgba(0,0,0,0.2),0px 4px 5px 0px rgba(0,0,0,0.14),0px 1px 10px 0px rgba(0,0,0,0.12);"[31m
      [36m>[31m
        [36m<div[31m
          [33mclass[31m=[32m"MuiToolbar-root MuiToolbar-gutters MuiToolbar-regular css-yg49xf-MuiToolbar-root"[31m
        [36m>[31m
          [36m<div[31m
            [33mclass[31m=[32m"MuiTypography-root MuiTypography-h6 MuiTypography-noWrap css-1l8e00d-MuiTypography-root"[31m
          [36m>[31m
            [0mMultiChat 澶氭ā鍨嬪璇?[0m
          [36m</div>[31m
          [36m<div[31m
            [33mclass[31m=[32m"MuiBox-root css-1i27l4i"[31m
          [36m>[31m
            [36m<span[31m
              [33maria-label[31m=[32m"鏂板缓浼氳瘽"[31m
              [33mclass[31m=[32m""[31m
              [33mdata-mui-internal-clone-element[31m=[32m"true"[31m
            [36m>[31m
              [36m<button[31m
                [33mclass[31m=[32m"MuiButtonBase-root MuiButton-root MuiButton-text MuiButton-sizeSmall MuiButton-colorInherit css-g9pygt-MuiButtonBase-root-MuiButton-root"[31m
                [33mtabindex[31m=[32m"0"[31m
                [33mtype[31m=[32m"button"[31m
              [36m>[31m
                [36m<span[31m
                  [33mclass[31m=[32m"MuiButton-icon MuiButton-startIcon css-d8i980-MuiButton-startIcon"[31m
                [36m>[31m
                  [36m<svg[31m
                    [33maria-hidden[31m=[32m"true"[31m
                    [33mclass[31m=[32m"MuiSvgIcon-root MuiSvgIcon-fontSizeMedium css-1umw9bq-MuiSvgIcon-root"[31m
                    [33mdata-testid[31m=[32m"AddIcon"[31m
                    [33mfocusable[31m=[32m"false"[31m
                    [33mviewBox[31m=[32m"0 0 24 24"[31m
                  [36m>[31m
                    [36m<path[31m
                      [33md[31m=[32m"M19 13h-6v6h-2v-6H5v-2h6V5h2v6h6z"[31m
                    [36m/>[31m
                  [36m</svg>[31m
                [36m</span>[31m
                [0m鏂板缓[0m
              [36m</button>[31m
            [36m</span>[31m
            [36m<span[31m
              [33maria-label[31m=[32m"淇濆瓨褰撳墠浼氳瘽"[31m
              [33mclass[31m=[32m""[31m
              [33mdata-mui-internal-clone-element[31m=[32m"true"[31m
            [36m>[31m
              [36m<button[31m
                [33mclass[31m=[32m"MuiButtonBase-root Mui-disabled MuiIconButton-root Mui-disabled MuiIconButton-colorInherit MuiIconButton-sizeSmall css-38cjb0-MuiButtonBase-root-MuiIconButton-root"[31m
                [33mdisabled[31m=[32m""[31m
                [33mtabindex[31m=[32m"-1"[31m
                [33mtype[31m=[32m"button"[31m
              [36m>[31m
                [36m<svg[31m
                  [33maria-hidden[31m=[32m"true"[31m
                  [33mclass[31m=[32m"MuiSvgIcon-root MuiSvgIcon-fontSizeMedium css-1umw9bq-MuiSvgIcon-root"[31m
                  [33mdata-testid[31m=[32m"SaveIcon"[31m
                  [33mfocusable[31m=[32m"false"[31m
                  [33mviewBox[31m=[32m"0 0 24 24"[31m
                [36m>[31m
                  [36m<path[31m
                    [33md[31m=[32m"M17 3H5c-1.11 0-2 .9-2 2v14c0 1.1.89 2 2 2h14c1.1 0 2-.9 2-2V7zm-5 16c-1.66 0-3-1.34-3-3s1.34-3 3-3 3 1.34 3 3-1.34 3-3 3m3-10H5V5h10z"[31m
                  [36m/>[31m
                [36m</svg>[31m
              [36m</button>[31m
            [36m</span>[31m
            [36m<span[31m
              [33maria-label[31m=[32m"鍘嗗彶璁板綍"[31m
              [33mclass[31m=[32m""[31m
              [33mdata-mui-internal-clone-element[31m=[32m"true"[31m
            [36m>[31m
              [36m<button[31m
                [33mclass[31m=[32m"MuiButtonBase-root MuiIconButton-root MuiIconButton-colorInherit MuiIconButton-sizeSmall css-38cjb0-MuiButtonBase-root-MuiIconButton-root"[31m
                [33mtabindex[31m=[32m"0"[31m
                [33mtype[31m=[32m"button"[31m
              [36m>[31m
                [36m<svg[31m
                  [33maria-hidden[31m=[32m"true"[31m
                  [33mclass[31m=[32m"MuiSvgIcon-root MuiSvgIcon-fontSizeMedium css-1umw9bq-MuiSvgIcon-root"[31m
                  [33mdata-testid[31m=[32m"HistoryIcon"[31m
                  [33mfocusable[31m=[32m"false"[31m
                  [33mviewBox[31m=[32m"0 0 24 24"[31m
                [36m>[31m
                  [36m<path[31m
                    [33md[31m=[32m"M13 3c-4.97 0-9 4.03-9 9H1l3.89 3.89.07.14L9 12H6c0-3.87 3.13-7 7-7s7 3.13 7 7-3.13 7-7 7c-1.93 0-3.68-.79-4.94-2.06l-1.42 1.42C8.27 19.99 10.51 21 13 21c4.97 0 9-4.03 9-9s-4.03-9-9-9m-1 5v5l4.28 2.54.72-1.21-3.5-2.08V8z"[31m
                  [36m/>[31m
                [36m</svg>[31m
              [36m</button>[31m
            [36m</span>[31m
            [36m<span[31m
              [33maria-label[31m=[32m"娓呯┖褰撳墠浼氳瘽"[31m
              [33mclass[31m=[32m""[31m
              [33mdata-mui-internal-clone-element[31m=[32m"true"[31m
            [36m>[31m
              [36m<button[31m
                [33mclass[31m=[32m"MuiButtonBase-root Mui-disabled MuiIconButton-root Mui-disabled MuiIconButton-colorInherit MuiIconButton-sizeSmall css-38cjb0-MuiButtonBase-root-MuiIconButton-root"[31m
                [33mdisabled[31m=[32m""[31m
                [33mtabindex[31m=[32m"-1"[31m
                [33mtype[31m=[32m"button"[31m
              [36m>[31m
                [36m<svg[31m
                  [33maria-hidden[31m=[32m"true"[31m
                  [33mclass[31m=[32m"MuiSvgIcon-root MuiSvgIcon-fontSizeMedium css-1umw9bq-MuiSvgIcon-root"[31m
                  [33mdata-testid[31m=[32m"DeleteSweepIcon"[31m
                  [33mfocusable[31m=[32m"false"[31m
                  [33mviewBox[31m=[32m"0 0 24 24"[31m
                [36m>[31m
                  [36m<path[31m
                    [33md[31m=[32m"M15 16h4v2h-4zm0-8h7v2h-7zm0 4h6v2h-6zM3 18c0 1.1.9 2 2 2h6c1.1 0 2-.9 2-2V8H3zM14 5h-3l-1-1H6L5 5H2v2h12z"[31m
                  [36m/>[31m
                [36m</svg>[31m
              [36m</button>[31m
            [36m</span>[31m
            [36m<span[31m
              [33maria-label[31m=[32m"妯″瀷閰嶇疆"[31m
              [33mclass[31m=[32m""[31m
              [33mdata-mui-internal-clone-element[31m=[32m"true"[31m
            [36m>[31m
              [36m<button[31m
                [33mclass[31m=[32m"MuiButtonBase-root MuiIconButton-root MuiIconButton-colorInherit MuiIcon...[39m
[31m   [31m脳[31m App 缁勪欢闆嗘垚娴嬭瘯[2m > [22m宸ュ叿鏍忔寜閽姸鎬?[2m > [22m鏃犳秷鎭椂绂佺敤淇濆瓨鎸夐挳[90m 130[2mms[22m[31m[39m
[31m     鈫?Unable to find an accessible element with the role "button" and name `/淇濆瓨褰撳墠浼氳瘽/`

Here are the accessible roles:

  banner:

  Name "":
  [36m<header[31m
    [33mclass[31m=[32m"MuiPaper-root MuiPaper-elevation MuiPaper-elevation4 MuiAppBar-root MuiAppBar-colorPrimary MuiAppBar-positionFixed mui-fixed css-1woakg4-MuiPaper-root-MuiAppBar-root"[31m
    [33mstyle[31m=[32m"--Paper-shadow: 0px 2px 4px -1px rgba(0,0,0,0.2),0px 4px 5px 0px rgba(0,0,0,0.14),0px 1px 10px 0px rgba(0,0,0,0.12);"[31m
  [36m/>[31m

  --------------------------------------------------
  button:

  Name "鏂板缓":
  [36m<button[31m
    [33mclass[31m=[32m"MuiButtonBase-root MuiButton-root MuiButton-text MuiButton-sizeSmall MuiButton-colorInherit css-g9pygt-MuiButtonBase-root-MuiButton-root"[31m
    [33mtabindex[31m=[32m"0"[31m
    [33mtype[31m=[32m"button"[31m
  [36m/>[31m

  Name "":
  [36m<button[31m
    [33mclass[31m=[32m"MuiButtonBase-root Mui-disabled MuiIconButton-root Mui-disabled MuiIconButton-colorInherit MuiIconButton-sizeSmall css-38cjb0-MuiButtonBase-root-MuiIconButton-root"[31m
    [33mdisabled[31m=[32m""[31m
    [33mtabindex[31m=[32m"-1"[31m
    [33mtype[31m=[32m"button"[31m
  [36m/>[31m

  Name "":
  [36m<button[31m
    [33mclass[31m=[32m"MuiButtonBase-root MuiIconButton-root MuiIconButton-colorInherit MuiIconButton-sizeSmall css-38cjb0-MuiButtonBase-root-MuiIconButton-root"[31m
    [33mtabindex[31m=[32m"0"[31m
    [33mtype[31m=[32m"button"[31m
  [36m/>[31m

  Name "":
  [36m<button[31m
    [33mclass[31m=[32m"MuiButtonBase-root Mui-disabled MuiIconButton-root Mui-disabled MuiIconButton-colorInherit MuiIconButton-sizeSmall css-38cjb0-MuiButtonBase-root-MuiIconButton-root"[31m
    [33mdisabled[31m=[32m""[31m
    [33mtabindex[31m=[32m"-1"[31m
    [33mtype[31m=[32m"button"[31m
  [36m/>[31m

  Name "":
  [36m<button[31m
    [33mclass[31m=[32m"MuiButtonBase-root MuiIconButton-root MuiIconButton-colorInherit MuiIconButton-sizeSmall css-38cjb0-MuiButtonBase-root-MuiIconButton-root"[31m
    [33mtabindex[31m=[32m"0"[31m
    [33mtype[31m=[32m"button"[31m
  [36m/>[31m

  Name "":
  [36m<button[31m
    [33mclass[31m=[32m"MuiButtonBase-root Mui-disabled MuiIconButton-root Mui-disabled MuiIconButton-colorPrimary MuiIconButton-sizeMedium css-1a80ix3-MuiButtonBase-root-MuiIconButton-root"[31m
    [33mdisabled[31m=[32m""[31m
    [33mtabindex[31m=[32m"-1"[31m
    [33mtype[31m=[32m"button"[31m
  [36m/>[31m

  --------------------------------------------------
  heading:

  Name "妯″瀷鍒楄〃":
  [36m<h6[31m
    [33mclass[31m=[32m"MuiTypography-root MuiTypography-subtitle1 MuiTypography-gutterBottom css-7oz9zk-MuiTypography-root"[31m
  [36m/>[31m

  Name "娆㈣繋浣跨敤 MultiChat":
  [36m<h5[31m
    [33mclass[31m=[32m"MuiTypography-root MuiTypography-h5 css-1xvfe2z-MuiTypography-root"[31m
  [36m/>[31m

  --------------------------------------------------
  paragraph:

  Name "":
  [36m<p[31m
    [33mclass[31m=[32m"MuiTypography-root MuiTypography-body2 css-11enejt-MuiTypography-root"[31m
  [36m/>[31m

  Name "":
  [36m<p[31m
    [33mclass[31m=[32m"MuiTypography-root MuiTypography-body1 css-1joot0f-MuiTypography-root"[31m
  [36m/>[31m

  Name "":
  [36m<p[31m
    [33mclass[31m=[32m"MuiTypography-root MuiTypography-body2 css-11enejt-MuiTypography-root"[31m
  [36m/>[31m

  --------------------------------------------------
  main:

  Name "":
  [36m<main[31m
    [33mclass[31m=[32m"MuiBox-root css-ck0a4"[31m
  [36m/>[31m

  --------------------------------------------------
  textbox:

  Name "":
  [36m<textarea[31m
    [33maria-invalid[31m=[32m"false"[31m
    [33mclass[31m=[32m"MuiInputBase-input MuiOutlinedInput-input css-w4nesw-MuiInputBase-input-MuiOutlinedInput-input"[31m
    [33mid[31m=[32m"_r_8c_"[31m
    [33mplaceholder[31m=[32m"杈撳叆鎮ㄧ殑闂锛孍nter 鍙戦€侊紝Shift+Enter 鎹㈣"[31m
    [33mstyle[31m=[32m"height: 0px; overflow: hidden;"[31m
  [36m/>[31m

  --------------------------------------------------

Ignored nodes: comments, script, style
[36m<body>[31m
  [36m<div>[31m
    [36m<div[31m
      [33mclass[31m=[32m"MuiBox-root css-1yeiifd"[31m
    [36m>[31m
      [36m<header[31m
        [33mclass[31m=[32m"MuiPaper-root MuiPaper-elevation MuiPaper-elevation4 MuiAppBar-root MuiAppBar-colorPrimary MuiAppBar-positionFixed mui-fixed css-1woakg4-MuiPaper-root-MuiAppBar-root"[31m
        [33mstyle[31m=[32m"--Paper-shadow: 0px 2px 4px -1px rgba(0,0,0,0.2),0px 4px 5px 0px rgba(0,0,0,0.14),0px 1px 10px 0px rgba(0,0,0,0.12);"[31m
      [36m>[31m
        [36m<div[31m
          [33mclass[31m=[32m"MuiToolbar-root MuiToolbar-gutters MuiToolbar-regular css-yg49xf-MuiToolbar-root"[31m
        [36m>[31m
          [36m<div[31m
            [33mclass[31m=[32m"MuiTypography-root MuiTypography-h6 MuiTypography-noWrap css-1l8e00d-MuiTypography-root"[31m
          [36m>[31m
            [0mMultiChat 澶氭ā鍨嬪璇?[0m
          [36m</div>[31m
          [36m<div[31m
            [33mclass[31m=[32m"MuiBox-root css-1i27l4i"[31m
          [36m>[31m
            [36m<span[31m
              [33maria-label[31m=[32m"鏂板缓浼氳瘽"[31m
              [33mclass[31m=[32m""[31m
              [33mdata-mui-internal-clone-element[31m=[32m"true"[31m
            [36m>[31m
              [36m<button[31m
                [33mclass[31m=[32m"MuiButtonBase-root MuiButton-root MuiButton-text MuiButton-sizeSmall MuiButton-colorInherit css-g9pygt-MuiButtonBase-root-MuiButton-root"[31m
                [33mtabindex[31m=[32m"0"[31m
                [33mtype[31m=[32m"button"[31m
              [36m>[31m
                [36m<span[31m
                  [33mclass[31m=[32m"MuiButton-icon MuiButton-startIcon css-d8i980-MuiButton-startIcon"[31m
                [36m>[31m
                  [36m<svg[31m
                    [33maria-hidden[31m=[32m"true"[31m
                    [33mclass[31m=[32m"MuiSvgIcon-root MuiSvgIcon-fontSizeMedium css-1umw9bq-MuiSvgIcon-root"[31m
                    [33mdata-testid[31m=[32m"AddIcon"[31m
                    [33mfocusable[31m=[32m"false"[31m
                    [33mviewBox[31m=[32m"0 0 24 24"[31m
                  [36m>[31m
                    [36m<path[31m
                      [33md[31m=[32m"M19 13h-6v6h-2v-6H5v-2h6V5h2v6h6z"[31m
                    [36m/>[31m
                  [36m</svg>[31m
                [36m</span>[31m
                [0m鏂板缓[0m
              [36m</button>[31m
            [36m</span>[31m
            [36m<span[31m
              [33maria-label[31m=[32m"淇濆瓨褰撳墠浼氳瘽"[31m
              [33mclass[31m=[32m""[31m
              [33mdata-mui-internal-clone-element[31m=[32m"true"[31m
            [36m>[31m
              [36m<button[31m
                [33mclass[31m=[32m"MuiButtonBase-root Mui-disabled MuiIconButton-root Mui-disabled MuiIconButton-colorInherit MuiIconButton-sizeSmall css-38cjb0-MuiButtonBase-root-MuiIconButton-root"[31m
                [33mdisabled[31m=[32m""[31m
                [33mtabindex[31m=[32m"-1"[31m
                [33mtype[31m=[32m"button"[31m
              [36m>[31m
                [36m<svg[31m
                  [33maria-hidden[31m=[32m"true"[31m
                  [33mclass[31m=[32m"MuiSvgIcon-root MuiSvgIcon-fontSizeMedium css-1umw9bq-MuiSvgIcon-root"[31m
                  [33mdata-testid[31m=[32m"SaveIcon"[31m
                  [33mfocusable[31m=[32m"false"[31m
                  [33mviewBox[31m=[32m"0 0 24 24"[31m
                [36m>[31m
                  [36m<path[31m
                    [33md[31m=[32m"M17 3H5c-1.11 0-2 .9-2 2v14c0 1.1.89 2 2 2h14c1.1 0 2-.9 2-2V7zm-5 16c-1.66 0-3-1.34-3-3s1.34-3 3-3 3 1.34 3 3-1.34 3-3 3m3-10H5V5h10z"[31m
                  [36m/>[31m
                [36m</svg>[31m
              [36m</button>[31m
            [36m</span>[31m
            [36m<span[31m
              [33maria-label[31m=[32m"鍘嗗彶璁板綍"[31m
              [33mclass[31m=[32m""[31m
              [33mdata-mui-internal-clone-element[31m=[32m"true"[31m
            [36m>[31m
              [36m<button[31m
                [33mclass[31m=[32m"MuiButtonBase-root MuiIconButton-root MuiIconButton-colorInherit MuiIconButton-sizeSmall css-38cjb0-MuiButtonBase-root-MuiIconButton-root"[31m
                [33mtabindex[31m=[32m"0"[31m
                [33mtype[31m=[32m"button"[31m
              [36m>[31m
                [36m<svg[31m
                  [33maria-hidden[31m=[32m"true"[31m
                  [33mclass[31m=[32m"MuiSvgIcon-root MuiSvgIcon-fontSizeMedium css-1umw9bq-MuiSvgIcon-root"[31m
                  [33mdata-testid[31m=[32m"HistoryIcon"[31m
                  [33mfocusable[31m=[32m"false"[31m
                  [33mviewBox[31m=[32m"0 0 24 24"[31m
                [36m>[31m
                  [36m<path[31m
                    [33md[31m=[32m"M13 3c-4.97 0-9 4.03-9 9H1l3.89 3.89.07.14L9 12H6c0-3.87 3.13-7 7-7s7 3.13 7 7-3.13 7-7 7c-1.93 0-3.68-.79-4.94-2.06l-1.42 1.42C8.27 19.99 10.51 21 13 21c4.97 0 9-4.03 9-9s-4.03-9-9-9m-1 5v5l4.28 2.54.72-1.21-3.5-2.08V8z"[31m
                  [36m/>[31m
                [36m</svg>[31m
              [36m</button>[31m
            [36m</span>[31m
            [36m<span[31m
              [33maria-label[31m=[32m"娓呯┖褰撳墠浼氳瘽"[31m
              [33mclass[31m=[32m""[31m
              [33mdata-mui-internal-clone-element[31m=[32m"true"[31m
            [36m>[31m
              [36m<button[31m
                [33mclass[31m=[32m"MuiButtonBase-root Mui-disabled MuiIconButton-root Mui-disabled MuiIconButton-colorInherit MuiIconButton-sizeSmall css-38cjb0-MuiButtonBase-root-MuiIconButton-root"[31m
                [33mdisabled[31m=[32m""[31m
                [33mtabindex[31m=[32m"-1"[31m
                [33mtype[31m=[32m"button"[31m
              [36m>[31m
                [36m<svg[31m
                  [33maria-hidden[31m=[32m"true"[31m
                  [33mclass[31m=[32m"MuiSvgIcon-root MuiSvgIcon-fontSizeMedium css-1umw9bq-MuiSvgIcon-root"[31m
                  [33mdata-testid[31m=[32m"DeleteSweepIcon"[31m
                  [33mfocusable[31m=[32m"false"[31m
                  [33mviewBox[31m=[32m"0 0 24 24"[31m
                [36m>[31m
                  [36m<path[31m
                    [33md[31m=[32m"M15 16h4v2h-4zm0-8h7v2h-7zm0 4h6v2h-6zM3 18c0 1.1.9 2 2 2h6c1.1 0 2-.9 2-2V8H3zM14 5h-3l-1-1H6L5 5H2v2h12z"[31m
                  [36m/>[31m
                [36m</svg>[31m
              [36m</button>[31m
            [36m</span>[31m
            [36m<span[31m
              [33maria-label[31m=[32m"妯″瀷閰嶇疆"[31m
              [33mclass[31m=[32m""[31m
              [33mdata-mui-internal-clone-element[31m=[32m"true"[31m
            [36m>[31m
              [36m<button[31m
                [33mclass[31m=[32m"MuiButtonBase-root MuiIconButton-root MuiIconButton-colorInherit MuiIcon...[39m
[31m   [31m脳[31m App 缁勪欢闆嗘垚娴嬭瘯[2m > [22m宸ュ叿鏍忔寜閽姸鎬?[2m > [22m鏃犳秷鎭椂绂佺敤娓呯┖鎸夐挳[90m 113[2mms[22m[31m[39m
[31m     鈫?Unable to find an accessible element with the role "button" and name `/娓呯┖褰撳墠浼氳瘽/`

Here are the accessible roles:

  banner:

  Name "":
  [36m<header[31m
    [33mclass[31m=[32m"MuiPaper-root MuiPaper-elevation MuiPaper-elevation4 MuiAppBar-root MuiAppBar-colorPrimary MuiAppBar-positionFixed mui-fixed css-1woakg4-MuiPaper-root-MuiAppBar-root"[31m
    [33mstyle[31m=[32m"--Paper-shadow: 0px 2px 4px -1px rgba(0,0,0,0.2),0px 4px 5px 0px rgba(0,0,0,0.14),0px 1px 10px 0px rgba(0,0,0,0.12);"[31m
  [36m/>[31m

  --------------------------------------------------
  button:

  Name "鏂板缓":
  [36m<button[31m
    [33mclass[31m=[32m"MuiButtonBase-root MuiButton-root MuiButton-text MuiButton-sizeSmall MuiButton-colorInherit css-g9pygt-MuiButtonBase-root-MuiButton-root"[31m
    [33mtabindex[31m=[32m"0"[31m
    [33mtype[31m=[32m"button"[31m
  [36m/>[31m

  Name "":
  [36m<button[31m
    [33mclass[31m=[32m"MuiButtonBase-root Mui-disabled MuiIconButton-root Mui-disabled MuiIconButton-colorInherit MuiIconButton-sizeSmall css-38cjb0-MuiButtonBase-root-MuiIconButton-root"[31m
    [33mdisabled[31m=[32m""[31m
    [33mtabindex[31m=[32m"-1"[31m
    [33mtype[31m=[32m"button"[31m
  [36m/>[31m

  Name "":
  [36m<button[31m
    [33mclass[31m=[32m"MuiButtonBase-root MuiIconButton-root MuiIconButton-colorInherit MuiIconButton-sizeSmall css-38cjb0-MuiButtonBase-root-MuiIconButton-root"[31m
    [33mtabindex[31m=[32m"0"[31m
    [33mtype[31m=[32m"button"[31m
  [36m/>[31m

  Name "":
  [36m<button[31m
    [33mclass[31m=[32m"MuiButtonBase-root Mui-disabled MuiIconButton-root Mui-disabled MuiIconButton-colorInherit MuiIconButton-sizeSmall css-38cjb0-MuiButtonBase-root-MuiIconButton-root"[31m
    [33mdisabled[31m=[32m""[31m
    [33mtabindex[31m=[32m"-1"[31m
    [33mtype[31m=[32m"button"[31m
  [36m/>[31m

  Name "":
  [36m<button[31m
    [33mclass[31m=[32m"MuiButtonBase-root MuiIconButton-root MuiIconButton-colorInherit MuiIconButton-sizeSmall css-38cjb0-MuiButtonBase-root-MuiIconButton-root"[31m
    [33mtabindex[31m=[32m"0"[31m
    [33mtype[31m=[32m"button"[31m
  [36m/>[31m

  Name "":
  [36m<button[31m
    [33mclass[31m=[32m"MuiButtonBase-root Mui-disabled MuiIconButton-root Mui-disabled MuiIconButton-colorPrimary MuiIconButton-sizeMedium css-1a80ix3-MuiButtonBase-root-MuiIconButton-root"[31m
    [33mdisabled[31m=[32m""[31m
    [33mtabindex[31m=[32m"-1"[31m
    [33mtype[31m=[32m"button"[31m
  [36m/>[31m

  --------------------------------------------------
  heading:

  Name "妯″瀷鍒楄〃":
  [36m<h6[31m
    [33mclass[31m=[32m"MuiTypography-root MuiTypography-subtitle1 MuiTypography-gutterBottom css-7oz9zk-MuiTypography-root"[31m
  [36m/>[31m

  Name "娆㈣繋浣跨敤 MultiChat":
  [36m<h5[31m
    [33mclass[31m=[32m"MuiTypography-root MuiTypography-h5 css-1xvfe2z-MuiTypography-root"[31m
  [36m/>[31m

  --------------------------------------------------
  paragraph:

  Name "":
  [36m<p[31m
    [33mclass[31m=[32m"MuiTypography-root MuiTypography-body2 css-11enejt-MuiTypography-root"[31m
  [36m/>[31m

  Name "":
  [36m<p[31m
    [33mclass[31m=[32m"MuiTypography-root MuiTypography-body1 css-1joot0f-MuiTypography-root"[31m
  [36m/>[31m

  Name "":
  [36m<p[31m
    [33mclass[31m=[32m"MuiTypography-root MuiTypography-body2 css-11enejt-MuiTypography-root"[31m
  [36m/>[31m

  --------------------------------------------------
  main:

  Name "":
  [36m<main[31m
    [33mclass[31m=[32m"MuiBox-root css-ck0a4"[31m
  [36m/>[31m

  --------------------------------------------------
  textbox:

  Name "":
  [36m<textarea[31m
    [33maria-invalid[31m=[32m"false"[31m
    [33mclass[31m=[32m"MuiInputBase-input MuiOutlinedInput-input css-w4nesw-MuiInputBase-input-MuiOutlinedInput-input"[31m
    [33mid[31m=[32m"_r_8t_"[31m
    [33mplaceholder[31m=[32m"杈撳叆鎮ㄧ殑闂锛孍nter 鍙戦€侊紝Shift+Enter 鎹㈣"[31m
    [33mstyle[31m=[32m"height: 0px; overflow: hidden;"[31m
  [36m/>[31m

  --------------------------------------------------

Ignored nodes: comments, script, style
[36m<body>[31m
  [36m<div>[31m
    [36m<div[31m
      [33mclass[31m=[32m"MuiBox-root css-1yeiifd"[31m
    [36m>[31m
      [36m<header[31m
        [33mclass[31m=[32m"MuiPaper-root MuiPaper-elevation MuiPaper-elevation4 MuiAppBar-root MuiAppBar-colorPrimary MuiAppBar-positionFixed mui-fixed css-1woakg4-MuiPaper-root-MuiAppBar-root"[31m
        [33mstyle[31m=[32m"--Paper-shadow: 0px 2px 4px -1px rgba(0,0,0,0.2),0px 4px 5px 0px rgba(0,0,0,0.14),0px 1px 10px 0px rgba(0,0,0,0.12);"[31m
      [36m>[31m
        [36m<div[31m
          [33mclass[31m=[32m"MuiToolbar-root MuiToolbar-gutters MuiToolbar-regular css-yg49xf-MuiToolbar-root"[31m
        [36m>[31m
          [36m<div[31m
            [33mclass[31m=[32m"MuiTypography-root MuiTypography-h6 MuiTypography-noWrap css-1l8e00d-MuiTypography-root"[31m
          [36m>[31m
            [0mMultiChat 澶氭ā鍨嬪璇?[0m
          [36m</div>[31m
          [36m<div[31m
            [33mclass[31m=[32m"MuiBox-root css-1i27l4i"[31m
          [36m>[31m
            [36m<span[31m
              [33maria-label[31m=[32m"鏂板缓浼氳瘽"[31m
              [33mclass[31m=[32m""[31m
              [33mdata-mui-internal-clone-element[31m=[32m"true"[31m
            [36m>[31m
              [36m<button[31m
                [33mclass[31m=[32m"MuiButtonBase-root MuiButton-root MuiButton-text MuiButton-sizeSmall MuiButton-colorInherit css-g9pygt-MuiButtonBase-root-MuiButton-root"[31m
                [33mtabindex[31m=[32m"0"[31m
                [33mtype[31m=[32m"button"[31m
              [36m>[31m
                [36m<span[31m
                  [33mclass[31m=[32m"MuiButton-icon MuiButton-startIcon css-d8i980-MuiButton-startIcon"[31m
                [36m>[31m
                  [36m<svg[31m
                    [33maria-hidden[31m=[32m"true"[31m
                    [33mclass[31m=[32m"MuiSvgIcon-root MuiSvgIcon-fontSizeMedium css-1umw9bq-MuiSvgIcon-root"[31m
                    [33mdata-testid[31m=[32m"AddIcon"[31m
                    [33mfocusable[31m=[32m"false"[31m
                    [33mviewBox[31m=[32m"0 0 24 24"[31m
                  [36m>[31m
                    [36m<path[31m
                      [33md[31m=[32m"M19 13h-6v6h-2v-6H5v-2h6V5h2v6h6z"[31m
                    [36m/>[31m
                  [36m</svg>[31m
                [36m</span>[31m
                [0m鏂板缓[0m
              [36m</button>[31m
            [36m</span>[31m
            [36m<span[31m
              [33maria-label[31m=[32m"淇濆瓨褰撳墠浼氳瘽"[31m
              [33mclass[31m=[32m""[31m
              [33mdata-mui-internal-clone-element[31m=[32m"true"[31m
            [36m>[31m
              [36m<button[31m
                [33mclass[31m=[32m"MuiButtonBase-root Mui-disabled MuiIconButton-root Mui-disabled MuiIconButton-colorInherit MuiIconButton-sizeSmall css-38cjb0-MuiButtonBase-root-MuiIconButton-root"[31m
                [33mdisabled[31m=[32m""[31m
                [33mtabindex[31m=[32m"-1"[31m
                [33mtype[31m=[32m"button"[31m
              [36m>[31m
                [36m<svg[31m
                  [33maria-hidden[31m=[32m"true"[31m
                  [33mclass[31m=[32m"MuiSvgIcon-root MuiSvgIcon-fontSizeMedium css-1umw9bq-MuiSvgIcon-root"[31m
                  [33mdata-testid[31m=[32m"SaveIcon"[31m
                  [33mfocusable[31m=[32m"false"[31m
                  [33mviewBox[31m=[32m"0 0 24 24"[31m
                [36m>[31m
                  [36m<path[31m
                    [33md[31m=[32m"M17 3H5c-1.11 0-2 .9-2 2v14c0 1.1.89 2 2 2h14c1.1 0 2-.9 2-2V7zm-5 16c-1.66 0-3-1.34-3-3s1.34-3 3-3 3 1.34 3 3-1.34 3-3 3m3-10H5V5h10z"[31m
                  [36m/>[31m
                [36m</svg>[31m
              [36m</button>[31m
            [36m</span>[31m
            [36m<span[31m
              [33maria-label[31m=[32m"鍘嗗彶璁板綍"[31m
              [33mclass[31m=[32m""[31m
              [33mdata-mui-internal-clone-element[31m=[32m"true"[31m
            [36m>[31m
              [36m<button[31m
                [33mclass[31m=[32m"MuiButtonBase-root MuiIconButton-root MuiIconButton-colorInherit MuiIconButton-sizeSmall css-38cjb0-MuiButtonBase-root-MuiIconButton-root"[31m
                [33mtabindex[31m=[32m"0"[31m
                [33mtype[31m=[32m"button"[31m
              [36m>[31m
                [36m<svg[31m
                  [33maria-hidden[31m=[32m"true"[31m
                  [33mclass[31m=[32m"MuiSvgIcon-root MuiSvgIcon-fontSizeMedium css-1umw9bq-MuiSvgIcon-root"[31m
                  [33mdata-testid[31m=[32m"HistoryIcon"[31m
                  [33mfocusable[31m=[32m"false"[31m
                  [33mviewBox[31m=[32m"0 0 24 24"[31m
                [36m>[31m
                  [36m<path[31m
                    [33md[31m=[32m"M13 3c-4.97 0-9 4.03-9 9H1l3.89 3.89.07.14L9 12H6c0-3.87 3.13-7 7-7s7 3.13 7 7-3.13 7-7 7c-1.93 0-3.68-.79-4.94-2.06l-1.42 1.42C8.27 19.99 10.51 21 13 21c4.97 0 9-4.03 9-9s-4.03-9-9-9m-1 5v5l4.28 2.54.72-1.21-3.5-2.08V8z"[31m
                  [36m/>[31m
                [36m</svg>[31m
              [36m</button>[31m
            [36m</span>[31m
            [36m<span[31m
              [33maria-label[31m=[32m"娓呯┖褰撳墠浼氳瘽"[31m
              [33mclass[31m=[32m""[31m
              [33mdata-mui-internal-clone-element[31m=[32m"true"[31m
            [36m>[31m
              [36m<button[31m
                [33mclass[31m=[32m"MuiButtonBase-root Mui-disabled MuiIconButton-root Mui-disabled MuiIconButton-colorInherit MuiIconButton-sizeSmall css-38cjb0-MuiButtonBase-root-MuiIconButton-root"[31m
                [33mdisabled[31m=[32m""[31m
                [33mtabindex[31m=[32m"-1"[31m
                [33mtype[31m=[32m"button"[31m
              [36m>[31m
                [36m<svg[31m
                  [33maria-hidden[31m=[32m"true"[31m
                  [33mclass[31m=[32m"MuiSvgIcon-root MuiSvgIcon-fontSizeMedium css-1umw9bq-MuiSvgIcon-root"[31m
                  [33mdata-testid[31m=[32m"DeleteSweepIcon"[31m
                  [33mfocusable[31m=[32m"false"[31m
                  [33mviewBox[31m=[32m"0 0 24 24"[31m
                [36m>[31m
                  [36m<path[31m
                    [33md[31m=[32m"M15 16h4v2h-4zm0-8h7v2h-7zm0 4h6v2h-6zM3 18c0 1.1.9 2 2 2h6c1.1 0 2-.9 2-2V8H3zM14 5h-3l-1-1H6L5 5H2v2h12z"[31m
                  [36m/>[31m
                [36m</svg>[31m
              [36m</button>[31m
            [36m</span>[31m
            [36m<span[31m
              [33maria-label[31m=[32m"妯″瀷閰嶇疆"[31m
              [33mclass[31m=[32m""[31m
              [33mdata-mui-internal-clone-element[31m=[32m"true"[31m
            [36m>[31m
              [36m<button[31m
                [33mclass[31m=[32m"MuiButtonBase-root MuiIconButton-root MuiIconButton-colorInherit MuiIcon...[39m
[90mstderr[2m | src/pages/__tests__/ModelConfigPanel.test.tsx[2m > [22m[2mModelConfigPanel 椤甸潰娴嬭瘯[2m > [22m[2m
鍚敤/绂佺敤鍒囨崲[2m > [22m[2m鍒囨崲澶辫触鏄剧ず閿欒鎻愮ず
[22m[39m鏇存柊妯″瀷閰嶇疆澶辫触: AxiosError: Request failed with status code 500
    at settle [90m(file:///F:/RustProjects/MultiChat/client/[39mnode_modules/[4maxios[24m/lib/core/settle.js:19:12
[90m)[39m
    at XMLHttpRequest.onloadend [90m(file:///F:/RustProjects/MultiChat/client/[39mnode_modules/[4maxios[24m/lib/ad
apters/xhr.js:63:9[90m)[39m
    at XMLHttpRequest.methodCall [90m(file:///F:/RustProjects/MultiChat/client/[39mnode_modules/[4m@mswjs[24m/inte
rceptors/src/interceptors/XMLHttpRequest/XMLHttpRequestController.ts:217:20[90m)[39m
    at Proxy.<anonymous> [90m(file:///F:/RustProjects/MultiChat/client/[39mnode_modules/[4m@mswjs[24m/interceptors
/src/utils/createProxy.ts:93:29[90m)[39m
    at XMLHttpRequestController.trigger [90m(file:///F:/RustProjects/MultiChat/client/[39mnode_modules/[4m@mswjs[2
4m/interceptors/src/interceptors/XMLHttpRequest/XMLHttpRequestController.ts:642:16[90m)[39m
    at finalizeResponse [90m(file:///F:/RustProjects/MultiChat/client/[39mnode_modules/[4m@mswjs[24m/interceptors/
src/interceptors/XMLHttpRequest/XMLHttpRequestController.ts:432:12[90m)[39m
    at XMLHttpRequestController.respondWith [90m(file:///F:/RustProjects/MultiChat/client/[39mnode_modules/[4m@mswj
s[24m/interceptors/src/interceptors/XMLHttpRequest/XMLHttpRequestController.ts:467:7[90m)[39m
    at Object.respondWith [90m(file:///F:/RustProjects/MultiChat/client/[39mnode_modules/[4m@mswjs[24m/interceptor
s/src/interceptors/XMLHttpRequest/XMLHttpRequestProxy.ts:68:13[90m)[39m
    at Axios.request [90m(file:///F:/RustProjects/MultiChat/client/[39mnode_modules/[4maxios[24m/lib/core/Axios.js
:46:41[90m)[39m
    at Module.updateModel [90m(F:\RustProjects\MultiChat\client\[39msrc\utils\api.ts:18:3[90m)[39m
    at handleToggleModel [90m(F:\RustProjects\MultiChat\client\[39msrc\pages\ModelConfigPanel.tsx:64:7[90m)[39m {
  isAxiosError: [33mtrue[39m,
  code: [32m'ERR_BAD_RESPONSE'[39m,
  config: [Object: null prototype] {
    transitional: {
      silentJSONParsing: [33mtrue[39m,
      forcedJSONParsing: [33mtrue[39m,
      clarifyTimeoutError: [33mfalse[39m,
      legacyInterceptorReqResOrdering: [33mtrue[39m
    },
    adapter: [ [32m'xhr'[39m, [32m'http'[39m, [32m'fetch'[39m ],
    transformRequest: [ [36m[Function: transformRequest][39m ],
    transformResponse: [ [36m[Function: transformResponse][39m ],
    timeout: [33m10000[39m,
    xsrfCookieName: [32m'XSRF-TOKEN'[39m,
    xsrfHeaderName: [32m'X-XSRF-TOKEN'[39m,
    maxContentLength: [33m-1[39m,
    maxBodyLength: [33m-1[39m,
    env: { FormData: [36m[Function][39m, Blob: [36m[class Blob][39m },
    validateStatus: [36m[Function: validateStatus][39m,
    headers: Object [AxiosHeaders] {
      Accept: [32m'application/json, text/plain, */*'[39m,
      [32m'Content-Type'[39m: [32m'application/json'[39m
    },
    baseURL: [32m'/api'[39m,
    method: [32m'put'[39m,
    url: [32m'/models/gpt-4'[39m,
    data: [32m'{"enabled":false}'[39m,
    allowAbsoluteUrls: [33mtrue[39m
  },
  request: XMLHttpRequest {
    open: [36m[Function: open][39m,
    setRequestHeader: [36m[Function: setRequestHeader][39m,
    send: [36m[Function: send][39m,
    abort: [36m[Function: abort][39m,
    getResponseHeader: [36m[Function (anonymous)][39m,
    getAllResponseHeaders: [36m[Function (anonymous)][39m,
    overrideMimeType: [36m[Function: overrideMimeType][39m,
    onreadystatechange: [36m[Getter/Setter][39m,
    readyState: [33m4[39m,
    timeout: [36m[Getter/Setter][39m,
    withCredentials: [36m[Getter/Setter][39m,
    upload: XMLHttpRequestUpload {},
    responseURL: [32m'http://localhost:3000/api/models/gpt-4'[39m,
    status: [33m500[39m,
    statusText: [32m'Internal Server Error'[39m,
    responseType: [36m[Getter/Setter][39m,
    response: [36m[Getter][39m,
    responseText: [36m[Getter][39m,
    responseXML: [36m[Getter][39m,
    UNSENT: [33m0[39m,
    OPENED: [33m1[39m,
    HEADERS_RECEIVED: [33m2[39m,
    LOADING: [33m3[39m,
    DONE: [33m4[39m,
    [[32mSymbol(SameObject caches)[39m]: [Object: null prototype] { upload: XMLHttpRequestUpload {} }
  },
  response: {
    data: [32m''[39m,
    status: [33m500[39m,
    statusText: [32m'Internal Server Error'[39m,
    headers: Object [AxiosHeaders] {},
    config: [Object: null prototype] {
      transitional: [36m[Object][39m,
      adapter: [36m[Array][39m,
      transformRequest: [36m[Array][39m,
      transformResponse: [36m[Array][39m,
      timeout: [33m10000[39m,
      xsrfCookieName: [32m'XSRF-TOKEN'[39m,
      xsrfHeaderName: [32m'X-XSRF-TOKEN'[39m,
      maxContentLength: [33m-1[39m,
      maxBodyLength: [33m-1[39m,
      env: [36m[Object][39m,
      validateStatus: [36m[Function: validateStatus][39m,
      headers: [36m[Object [AxiosHeaders]][39m,
      baseURL: [32m'/api'[39m,
      method: [32m'put'[39m,
      url: [32m'/models/gpt-4'[39m,
      data: [32m'{"enabled":false}'[39m,
      allowAbsoluteUrls: [33mtrue[39m
    },
    request: XMLHttpRequest {
      open: [36m[Function: open][39m,
      setRequestHeader: [36m[Function: setRequestHeader][39m,
      send: [36m[Function: send][39m,
      abort: [36m[Function: abort][39m,
      getResponseHeader: [36m[Function (anonymous)][39m,
      getAllResponseHeaders: [36m[Function (anonymous)][39m,
      overrideMimeType: [36m[Function: overrideMimeType][39m,
      onreadystatechange: [36m[Getter/Setter][39m,
      readyState: [33m4[39m,
      timeout: [36m[Getter/Setter][39m,
      withCredentials: [36m[Getter/Setter][39m,
      upload: XMLHttpRequestUpload {},
      responseURL: [32m'http://localhost:3000/api/models/gpt-4'[39m,
      status: [33m500[39m,
      statusText: [32m'Internal Server Error'[39m,
      responseType: [36m[Getter/Setter][39m,
      response: [36m[Getter][39m,
      responseText: [36m[Getter][39m,
      responseXML: [36m[Getter][39m,
      UNSENT: [33m0[39m,
      OPENED: [33m1[39m,
      HEADERS_RECEIVED: [33m2[39m,
      LOADING: [33m3[39m,
      DONE: [33m4[39m,
      [[32mSymbol(SameObject caches)[39m]: [36m[Object: null prototype][39m
    }
  },
  status: [33m500[39m
}

 [31m鉂?[39m src/pages/__tests__/ModelConfigPanel.test.tsx [2m([22m[2m31 tests[22m[2m | [22m[31m6 failed[39m[2m)[22m[33m 9330[2mms[22m[39m
[31m   [31m脳[31m ModelConfigPanel 椤甸潰娴嬭瘯[2m > [22m鍒濆鍔犺浇鐘舵€?[2m > [22m鍔犺浇瀹屾垚鍚庢樉绀烘ā鍨嬪垪琛?[33m 1028[2mms[22m[31m[39m
[31m     鈫?Unable to find an element with the text: gpt-4. This could be because the text is broken up by multiple elements. In this case, you can provide a function for your text matcher to make your matcher more flexible.

Ignored nodes: comments, script, style
[36m<body>[31m
  [36m<div>[31m
    [36m<div[31m
      [33mclass[31m=[32m"MuiBox-root css-19kzrtu"[31m
    [36m>[31m
      [36m<div[31m
        [33mclass[31m=[32m"MuiBox-root css-1gbbedy"[31m
      [36m>[31m
        [36m<div[31m
          [33mclass[31m=[32m"MuiBox-root css-axw7ok"[31m
        [36m>[31m
          [36m<svg[31m
            [33maria-hidden[31m=[32m"true"[31m
            [33mclass[31m=[32m"MuiSvgIcon-root MuiSvgIcon-colorPrimary MuiSvgIcon-fontSizeMedium css-1wtp6o0-MuiSvgIcon-root"[31m
            [33mdata-testid[31m=[32m"SettingsIcon"[31m
            [33mfocusable[31m=[32m"false"[31m
            [33mviewBox[31m=[32m"0 0 24 24"[31m
          [36m>[31m
            [36m<path[31m
              [33md[31m=[32m"M19.14 12.94c.04-.3.06-.61.06-.94 0-.32-.02-.64-.07-.94l2.03-1.58c.18-.14.23-.41.12-.61l-1.92-3.32c-.12-.22-.37-.29-.59-.22l-2.39.96c-.5-.38-1.03-.7-1.62-.94l-.36-2.54c-.04-.24-.24-.41-.48-.41h-3.84c-.24 0-.43.17-.47.41l-.36 2.54c-.59.24-1.13.57-1.62.94l-2.39-.96c-.22-.08-.47 0-.59.22L2.74 8.87c-.12.21-.08.47.12.61l2.03 1.58c-.05.3-.09.63-.09.94s.02.64.07.94l-2.03 1.58c-.18.14-.23.41-.12.61l1.92 3.32c.12.22.37.29.59.22l2.39-.96c.5.38 1.03.7 1.62.94l.36 2.54c.05.24.24.41.48.41h3.84c.24 0 .44-.17.47-.41l.36-2.54c.59-.24 1.13-.56 1.62-.94l2.39.96c.22.08.47 0 .59-.22l1.92-3.32c.12-.22.07-.47-.12-.61zM12 15.6c-1.98 0-3.6-1.62-3.6-3.6s1.62-3.6 3.6-3.6 3.6 1.62 3.6 3.6-1.62 3.6-3.6 3.6"[31m
            [36m/>[31m
          [36m</svg>[31m
          [36m<h2[31m
            [33mclass[31m=[32m"MuiTypography-root MuiTypography-h5 css-16xl4zq-MuiTypography-root"[31m
          [36m>[31m
            [0m妯″瀷閰嶇疆绠＄悊[0m
          [36m</h2>[31m
        [36m</div>[31m
        [36m<button[31m
          [33mclass[31m=[32m"MuiButtonBase-root MuiButton-root MuiButton-contained MuiButton-sizeMedium MuiButton-colorPrimary css-11p8w26-MuiButtonBase-root-MuiButton-root"[31m
          [33mtabindex[31m=[32m"0"[31m
          [33mtype[31m=[32m"button"[31m
        [36m>[31m
          [36m<span[31m
            [33mclass[31m=[32m"MuiButton-icon MuiButton-startIcon css-1sh91j5-MuiButton-startIcon"[31m
          [36m>[31m
            [36m<svg[31m
              [33maria-hidden[31m=[32m"true"[31m
              [33mclass[31m=[32m"MuiSvgIcon-root MuiSvgIcon-fontSizeMedium css-1umw9bq-MuiSvgIcon-root"[31m
              [33mdata-testid[31m=[32m"AddIcon"[31m
              [33mfocusable[31m=[32m"false"[31m
              [33mviewBox[31m=[32m"0 0 24 24"[31m
            [36m>[31m
              [36m<path[31m
                [33md[31m=[32m"M19 13h-6v6h-2v-6H5v-2h6V5h2v6h6z"[31m
              [36m/>[31m
            [36m</svg>[31m
          [36m</span>[31m
          [0m娣诲姞妯″瀷[0m
        [36m</button>[31m
      [36m</div>[31m
      [36m<p[31m
        [33mclass[31m=[32m"MuiTypography-root MuiTypography-body2 css-1tty75b-MuiTypography-root"[31m
      [36m>[31m
        [0m鍦ㄦ椤甸潰鍙互鏌ョ湅鎵€鏈夊彲鐢ㄦā鍨嬶紝骞跺惎鐢ㄦ垨绂佺敤妯″瀷銆傜鐢ㄧ殑妯″瀷灏嗕笉鍙備笌瀵硅瘽璇锋眰銆?[0m
      [36m</p>[31m
      [36m<div[31m
        [33mclass[31m=[32m"MuiBox-root css-j28lqh"[31m
      [36m>[31m
        [36m<div[31m
          [33mclass[31m=[32m"MuiPaper-root MuiPaper-outlined MuiPaper-rounded MuiCard-root css-11id8nm-MuiPaper-root-MuiCard-root"[31m
        [36m>[31m
          [36m<div[31m
            [33mclass[31m=[32m"MuiCardContent-root css-1lt5qva-MuiCardContent-root"[31m
          [36m>[31m
            [36m<div[31m
              [33mclass[31m=[32m"MuiBox-root css-lhftxy"[31m
            [36m>[31m
              [36m<div[31m
                [33mclass[31m=[32m"MuiBox-root css-0"[31m
              [36m>[31m
                [36m<div[31m
                  [33mclass[31m=[32m"MuiTypography-root MuiTypography-h6 css-1miy0lu-MuiTypography-root"[31m
                [36m>[31m
                  [0mGPT-4[0m
                [36m</div>[31m
                [36m<span[31m
                  [33mclass[31m=[32m"MuiTypography-root MuiTypography-caption css-mpaqru-MuiTypography-root"[31m
                [36m>[31m
                  [0mID: [0m
                  [0mgpt-4[0m
                [36m</span>[31m
              [36m</div>[31m
              [36m<div[31m
                [33mclass[31m=[32m"MuiChip-root MuiChip-filled MuiChip-sizeSmall MuiChip-colorSuccess css-106f2r9-MuiChip-root"[31m
              [36m>[31m
                [36m<span[31m
                  [33mclass[31m=[32m"MuiChip-label css-eccknh-MuiChip-label"[31m
                [36m>[31m
                  [0m鍙敤[0m
                [36m</span>[31m
              [36m</div>[31m
            [36m</div>[31m
            [36m<div[31m
              [33mclass[31m=[32m"MuiBox-root css-1qm1lh"[31m
            [36m>[31m
              [36m<p[31m
                [33mclass[31m=[32m"MuiTypography-root MuiTypography-body2 MuiTypography-gutterBottom css-ytim1c-MuiTypography-root"[31m
              [36m>[31m
                [0mProvider: [0m
                [0mopenai[0m
              [36m</p>[31m
              [36m<p[31m
                [33mclass[31m=[32m"MuiTypography-root MuiTypography-body2 MuiTypography-gutterBottom css-ytim1c-MuiTypography-root"[31m
              [36m>[31m
                [0mEndpoint: [0m
                [0mhttps://api.openai.com/v1/chat/completions[0m
              [36m</p>[31m
              [36m<p[31m
                [33mclass[31m=[32m"MuiTypography-root MuiTypography-body2 MuiTypography-gutterBottom css-ytim1c-MuiTypography-root"[31m
              [36m>[31m
                [0mAPI鏍煎紡: [0m
                [0mOpenAI[0m
              [36m</p>[31m
            [36m</div>[31m
            [36m<div[31m
              [33mclass[31m=[32m"MuiBox-root css-69i1ev"[31m
            [36m>[31m
              [36m<span[31m
                [33mclass[31m=[32m"MuiSwitch-root MuiSwitch-sizeMedium css-rehya9-MuiSwitch-root"[31m
              [36m>[31m
                [36m<span[31m
                  [33mclass[31m=[32m"MuiButtonBase-root MuiSwitch-switchBase MuiSwitch-colorPrimary Mui-checked PrivateSwitchBase-root MuiSwitch-switchBase MuiSwitch-colorPrimary Mui-checked Mui-checked css-aqlqb4-MuiButtonBase-root-MuiSwitchBase-root-MuiSwitch-switchBase"[31m
                [36m>[31m
                  [36m<input[31m
                    [33mchecked[31m=[32m""[31m
                    [33mclass[31m=[32m"PrivateSwitchBase-input MuiSwitch-input css-12xagqm-MuiSwitchBase-root"[31m
                    [33mrole[31m=[32m"switch"[31m
                    [33mtype[31m=[32m"checkbox"[31m
                  [36m/>[31m
                  [36m<span[31m
                    [33mclass[31m=[32m"MuiSwitch-thumb css-1mw77bv-MuiSwitch-thumb"[31m
                  [36m/>[31m
                [36m</span>[31m
                [36m<span[31m
                  [33mcla...

Ignored nodes: comments, script, style
[36m<html>[31m
  [36m<head>[31m
    [36m<meta[31m
      [33mcontent[31m=[32m""[31m
      [33mname[31m=[32m"emotion-insertion-point"[31m
    [36m/>[31m
  [36m</head>[31m
  [36m<body>[31m
    [36m<div>[31m
      [36m<div[31m
        [33mclass[31m=[32m"MuiBox-root css-19kzrtu"[31m
      [36m>[31m
        [36m<div[31m
          [33mclass[31m=[32m"MuiBox-root css-1gbbedy"[31m
        [36m>[31m
          [36m<div[31m
            [33mclass[31m=[32m"MuiBox-root css-axw7ok"[31m
          [36m>[31m
            [36m<svg[31m
              [33maria-hidden[31m=[32m"true"[31m
              [33mclass[31m=[32m"MuiSvgIcon-root MuiSvgIcon-colorPrimary MuiSvgIcon-fontSizeMedium css-1wtp6o0-MuiSvgIcon-root"[31m
              [33mdata-testid[31m=[32m"SettingsIcon"[31m
              [33mfocusable[31m=[32m"false"[31m
              [33mviewBox[31m=[32m"0 0 24 24"[31m
            [36m>[31m
              [36m<path[31m
                [33md[31m=[32m"M19.14 12.94c.04-.3.06-.61.06-.94 0-.32-.02-.64-.07-.94l2.03-1.58c.18-.14.23-.41.12-.61l-1.92-3.32c-.12-.22-.37-.29-.59-.22l-2.39.96c-.5-.38-1.03-.7-1.62-.94l-.36-2.54c-.04-.24-.24-.41-.48-.41h-3.84c-.24 0-.43.17-.47.41l-.36 2.54c-.59.24-1.13.57-1.62.94l-2.39-.96c-.22-.08-.47 0-.59.22L2.74 8.87c-.12.21-.08.47.12.61l2.03 1.58c-.05.3-.09.63-.09.94s.02.64.07.94l-2.03 1.58c-.18.14-.23.41-.12.61l1.92 3.32c.12.22.37.29.59.22l2.39-.96c.5.38 1.03.7 1.62.94l.36 2.54c.05.24.24.41.48.41h3.84c.24 0 .44-.17.47-.41l.36-2.54c.59-.24 1.13-.56 1.62-.94l2.39.96c.22.08.47 0 .59-.22l1.92-3.32c.12-.22.07-.47-.12-.61zM12 15.6c-1.98 0-3.6-1.62-3.6-3.6s1.62-3.6 3.6-3.6 3.6 1.62 3.6 3.6-1.62 3.6-3.6 3.6"[31m
              [36m/>[31m
            [36m</svg>[31m
            [36m<h2[31m
              [33mclass[31m=[32m"MuiTypography-root MuiTypography-h5 css-16xl4zq-MuiTypography-root"[31m
            [36m>[31m
              [0m妯″瀷閰嶇疆绠＄悊[0m
            [36m</h2>[31m
          [36m</div>[31m
          [36m<button[31m
            [33mclass[31m=[32m"MuiButtonBase-root MuiButton-root MuiButton-contained MuiButton-sizeMedium MuiButton-colorPrimary css-11p8w26-MuiButtonBase-root-MuiButton-root"[31m
            [33mtabindex[31m=[32m"0"[31m
            [33mtype[31m=[32m"button"[31m
          [36m>[31m
            [36m<span[31m
              [33mclass[31m=[32m"MuiButton-icon MuiButton-startIcon css-1sh91j5-MuiButton-startIcon"[31m
            [36m>[31m
              [36m<svg[31m
                [33maria-hidden[31m=[32m"true"[31m
                [33mclass[31m=[32m"MuiSvgIcon-root MuiSvgIcon-fontSizeMedium css-1umw9bq-MuiSvgIcon-root"[31m
                [33mdata-testid[31m=[32m"AddIcon"[31m
                [33mfocusable[31m=[32m"false"[31m
                [33mviewBox[31m=[32m"0 0 24 24"[31m
              [36m>[31m
                [36m<path[31m
                  [33md[31m=[32m"M19 13h-6v6h-2v-6H5v-2h6V5h2v6h6z"[31m
                [36m/>[31m
              [36m</svg>[31m
            [36m</span>[31m
            [0m娣诲姞妯″瀷[0m
          [36m</button>[31m
        [36m</div>[31m
        [36m<p[31m
          [33mclass[31m=[32m"MuiTypography-root MuiTypography-body2 css-1tty75b-MuiTypography-root"[31m
        [36m>[31m
          [0m鍦ㄦ椤甸潰鍙互鏌ョ湅鎵€鏈夊彲鐢ㄦā鍨嬶紝骞跺惎鐢ㄦ垨绂佺敤妯″瀷銆傜鐢ㄧ殑妯″瀷灏嗕笉鍙備笌瀵硅瘽璇锋眰銆?[0m
        [36m</p>[31m
        [36m<div[31m
          [33mclass[31m=[32m"MuiBox-root css-j28lqh"[31m
        [36m>[31m
          [36m<div[31m
            [33mclass[31m=[32m"MuiPaper-root MuiPaper-outlined MuiPaper-rounded MuiCard-root css-11id8nm-MuiPaper-root-MuiCard-root"[31m
          [36m>[31m
            [36m<div[31m
              [33mclass[31m=[32m"MuiCardContent-root css-1lt5qva-MuiCardContent-root"[31m
            [36m>[31m
              [36m<div[31m
                [33mclass[31m=[32m"MuiBox-root css-lhftxy"[31m
              [36m>[31m
                [36m<div[31m
                  [33mclass[31m=[32m"MuiBox-root css-0"[31m
                [36m>[31m
                  [36m<div[31m
                    [33mclass[31m=[32m"MuiTypography-root MuiTypography-h6 css-1miy0lu-MuiTypography-root"[31m
                  [36m>[31m
                    [0mGPT-4[0m
                  [36m</div>[31m
                  [36m<span[31m
                    [33mclass[31m=[32m"MuiTypography-root MuiTypography-caption css-mpaqru-MuiTypography-root"[31m
                  [36m>[31m
                    [0mID: [0m
                    [0mgpt-4[0m
                  [36m</span>[31m
                [36m</div>[31m
                [36m<div[31m
                  [33mclass[31m=[32m"MuiChip-root MuiChip-filled MuiChip-sizeSmall MuiChip-colorSuccess css-106f2r9-MuiChip-root"[31m
                [36m>[31m
                  [36m<span[31m
                    [33mclass[31m=[32m"MuiChip-label css-eccknh-MuiChip-label"[31m
                  [36m>[31m
                    [0m鍙敤[0m
                  [36m</span>[31m
                [36m</div>[31m
              [36m</div>[31m
              [36m<div[31m
                [33mclass[31m=[32m"MuiBox-root css-1qm1lh"[31m
              [36m>[31m
                [36m<p[31m
                  [33mclass[31m=[32m"MuiTypography-root MuiTypography-body2 MuiTypography-gutterBottom css-ytim1c-MuiTypography-root"[31m
                [36m>[31m
                  [0mProvider: [0m
                  [0mopenai[0m
                [36m</p>[31m
                [36m<p[31m
                  [33mclass[31m=[32m"MuiTypography-root MuiTypography-body2 MuiTypography-gutterBottom css-ytim1c-MuiTypography-root"[31m
                [36m>[31m
                  [0mEndpoint: [0m
                  [0mhttps://api.openai.com/v1/chat/completions[0m
                [36m</p>[31m
                [36m<p[31m
                  [33mclass[31m=[32m"MuiTypography-root MuiTypography-body2 MuiTypography-gutterBottom css-ytim1c-MuiTypography-root"[31m
                [36m>[31m
                  [0mAPI鏍煎紡: [0m
                  [0mOpenAI[0m
                [36m</p>[31m
              [36m</div>[31m
              [36m<div[31m
                [33mclass[31m=[32m"MuiBox-root css-69i1ev"[31m
              [36m>[31m
                [36m<span[31m
                  [33mclass[31m=[32m"MuiSwitch-root MuiSwitch-sizeMedium css-rehya9-MuiSwitch-root"[31m
                [36m>[31m
                  [36m<span[31m
                    [33mclass[31m=[32m"MuiButtonBase-root MuiSwitch-switchBase MuiSwitch-colorPrimary Mui-checked PrivateSwitchBase-root MuiSwitch-switchBase MuiSwitch-colorPrimary Mui-checked Mui-checked css-aqlqb4-MuiButtonBase-root-MuiSwitchBase-root-MuiSwitch-switchBase"[31m
                  [36m>[31m
                    [36m<input[31m
                      [33mchecked[31m=[32m""[31m
                      [33mclass[31m=[32m"PrivateSwitchBase-input Mu...[39m
[31m   [31m脳[31m ModelConfigPanel 椤甸潰娴嬭瘯[2m > [22m鍔犺浇澶辫触澶勭悊[2m > [22m鐐瑰嚮閲嶈瘯鎸夐挳閲嶆柊鍔犺浇[33m 1156[2mms[22m[31m[39m
[31m     鈫?Unable to find an element with the text: gpt-4. This could be because the text is broken up by multiple elements. In this case, you can provide a function for your text matcher to make your matcher more flexible.

Ignored nodes: comments, script, style
[36m<body>[31m
  [36m<div>[31m
    [36m<div[31m
      [33mclass[31m=[32m"MuiBox-root css-19kzrtu"[31m
    [36m>[31m
      [36m<div[31m
        [33mclass[31m=[32m"MuiBox-root css-1gbbedy"[31m
      [36m>[31m
        [36m<div[31m
          [33mclass[31m=[32m"MuiBox-root css-axw7ok"[31m
        [36m>[31m
          [36m<svg[31m
            [33maria-hidden[31m=[32m"true"[31m
            [33mclass[31m=[32m"MuiSvgIcon-root MuiSvgIcon-colorPrimary MuiSvgIcon-fontSizeMedium css-1wtp6o0-MuiSvgIcon-root"[31m
            [33mdata-testid[31m=[32m"SettingsIcon"[31m
            [33mfocusable[31m=[32m"false"[31m
            [33mviewBox[31m=[32m"0 0 24 24"[31m
          [36m>[31m
            [36m<path[31m
              [33md[31m=[32m"M19.14 12.94c.04-.3.06-.61.06-.94 0-.32-.02-.64-.07-.94l2.03-1.58c.18-.14.23-.41.12-.61l-1.92-3.32c-.12-.22-.37-.29-.59-.22l-2.39.96c-.5-.38-1.03-.7-1.62-.94l-.36-2.54c-.04-.24-.24-.41-.48-.41h-3.84c-.24 0-.43.17-.47.41l-.36 2.54c-.59.24-1.13.57-1.62.94l-2.39-.96c-.22-.08-.47 0-.59.22L2.74 8.87c-.12.21-.08.47.12.61l2.03 1.58c-.05.3-.09.63-.09.94s.02.64.07.94l-2.03 1.58c-.18.14-.23.41-.12.61l1.92 3.32c.12.22.37.29.59.22l2.39-.96c.5.38 1.03.7 1.62.94l.36 2.54c.05.24.24.41.48.41h3.84c.24 0 .44-.17.47-.41l.36-2.54c.59-.24 1.13-.56 1.62-.94l2.39.96c.22.08.47 0 .59-.22l1.92-3.32c.12-.22.07-.47-.12-.61zM12 15.6c-1.98 0-3.6-1.62-3.6-3.6s1.62-3.6 3.6-3.6 3.6 1.62 3.6 3.6-1.62 3.6-3.6 3.6"[31m
            [36m/>[31m
          [36m</svg>[31m
          [36m<h2[31m
            [33mclass[31m=[32m"MuiTypography-root MuiTypography-h5 css-16xl4zq-MuiTypography-root"[31m
          [36m>[31m
            [0m妯″瀷閰嶇疆绠＄悊[0m
          [36m</h2>[31m
        [36m</div>[31m
        [36m<button[31m
          [33mclass[31m=[32m"MuiButtonBase-root MuiButton-root MuiButton-contained MuiButton-sizeMedium MuiButton-colorPrimary css-11p8w26-MuiButtonBase-root-MuiButton-root"[31m
          [33mtabindex[31m=[32m"0"[31m
          [33mtype[31m=[32m"button"[31m
        [36m>[31m
          [36m<span[31m
            [33mclass[31m=[32m"MuiButton-icon MuiButton-startIcon css-1sh91j5-MuiButton-startIcon"[31m
          [36m>[31m
            [36m<svg[31m
              [33maria-hidden[31m=[32m"true"[31m
              [33mclass[31m=[32m"MuiSvgIcon-root MuiSvgIcon-fontSizeMedium css-1umw9bq-MuiSvgIcon-root"[31m
              [33mdata-testid[31m=[32m"AddIcon"[31m
              [33mfocusable[31m=[32m"false"[31m
              [33mviewBox[31m=[32m"0 0 24 24"[31m
            [36m>[31m
              [36m<path[31m
                [33md[31m=[32m"M19 13h-6v6h-2v-6H5v-2h6V5h2v6h6z"[31m
              [36m/>[31m
            [36m</svg>[31m
          [36m</span>[31m
          [0m娣诲姞妯″瀷[0m
        [36m</button>[31m
      [36m</div>[31m
      [36m<p[31m
        [33mclass[31m=[32m"MuiTypography-root MuiTypography-body2 css-1tty75b-MuiTypography-root"[31m
      [36m>[31m
        [0m鍦ㄦ椤甸潰鍙互鏌ョ湅鎵€鏈夊彲鐢ㄦā鍨嬶紝骞跺惎鐢ㄦ垨绂佺敤妯″瀷銆傜鐢ㄧ殑妯″瀷灏嗕笉鍙備笌瀵硅瘽璇锋眰銆?[0m
      [36m</p>[31m
      [36m<div[31m
        [33mclass[31m=[32m"MuiBox-root css-j28lqh"[31m
      [36m>[31m
        [36m<div[31m
          [33mclass[31m=[32m"MuiPaper-root MuiPaper-outlined MuiPaper-rounded MuiCard-root css-11id8nm-MuiPaper-root-MuiCard-root"[31m
        [36m>[31m
          [36m<div[31m
            [33mclass[31m=[32m"MuiCardContent-root css-1lt5qva-MuiCardContent-root"[31m
          [36m>[31m
            [36m<div[31m
              [33mclass[31m=[32m"MuiBox-root css-lhftxy"[31m
            [36m>[31m
              [36m<div[31m
                [33mclass[31m=[32m"MuiBox-root css-0"[31m
              [36m>[31m
                [36m<div[31m
                  [33mclass[31m=[32m"MuiTypography-root MuiTypography-h6 css-1miy0lu-MuiTypography-root"[31m
                [36m>[31m
                  [0mGPT-4[0m
                [36m</div>[31m
                [36m<span[31m
                  [33mclass[31m=[32m"MuiTypography-root MuiTypography-caption css-mpaqru-MuiTypography-root"[31m
                [36m>[31m
                  [0mID: [0m
                  [0mgpt-4[0m
                [36m</span>[31m
              [36m</div>[31m
              [36m<div[31m
                [33mclass[31m=[32m"MuiChip-root MuiChip-filled MuiChip-sizeSmall MuiChip-colorSuccess css-106f2r9-MuiChip-root"[31m
              [36m>[31m
                [36m<span[31m
                  [33mclass[31m=[32m"MuiChip-label css-eccknh-MuiChip-label"[31m
                [36m>[31m
                  [0m鍙敤[0m
                [36m</span>[31m
              [36m</div>[31m
            [36m</div>[31m
            [36m<div[31m
              [33mclass[31m=[32m"MuiBox-root css-1qm1lh"[31m
            [36m>[31m
              [36m<p[31m
                [33mclass[31m=[32m"MuiTypography-root MuiTypography-body2 MuiTypography-gutterBottom css-ytim1c-MuiTypography-root"[31m
              [36m>[31m
                [0mProvider: [0m
                [0mopenai[0m
              [36m</p>[31m
              [36m<p[31m
                [33mclass[31m=[32m"MuiTypography-root MuiTypography-body2 MuiTypography-gutterBottom css-ytim1c-MuiTypography-root"[31m
              [36m>[31m
                [0mEndpoint: [0m
                [0mhttps://api.openai.com/v1/chat/completions[0m
              [36m</p>[31m
              [36m<p[31m
                [33mclass[31m=[32m"MuiTypography-root MuiTypography-body2 MuiTypography-gutterBottom css-ytim1c-MuiTypography-root"[31m
              [36m>[31m
                [0mAPI鏍煎紡: [0m
                [0mOpenAI[0m
              [36m</p>[31m
            [36m</div>[31m
            [36m<div[31m
              [33mclass[31m=[32m"MuiBox-root css-69i1ev"[31m
            [36m>[31m
              [36m<span[31m
                [33mclass[31m=[32m"MuiSwitch-root MuiSwitch-sizeMedium css-rehya9-MuiSwitch-root"[31m
              [36m>[31m
                [36m<span[31m
                  [33mclass[31m=[32m"MuiButtonBase-root MuiSwitch-switchBase MuiSwitch-colorPrimary Mui-checked PrivateSwitchBase-root MuiSwitch-switchBase MuiSwitch-colorPrimary Mui-checked Mui-checked css-aqlqb4-MuiButtonBase-root-MuiSwitchBase-root-MuiSwitch-switchBase"[31m
                [36m>[31m
                  [36m<input[31m
                    [33mchecked[31m=[32m""[31m
                    [33mclass[31m=[32m"PrivateSwitchBase-input MuiSwitch-input css-12xagqm-MuiSwitchBase-root"[31m
                    [33mrole[31m=[32m"switch"[31m
                    [33mtype[31m=[32m"checkbox"[31m
                  [36m/>[31m
                  [36m<span[31m
                    [33mclass[31m=[32m"MuiSwitch-thumb css-1mw77bv-MuiSwitch-thumb"[31m
                  [36m/>[31m
                [36m</span>[31m
                [36m<span[31m
                  [33mcla...

Ignored nodes: comments, script, style
[36m<html>[31m
  [36m<head>[31m
    [36m<meta[31m
      [33mcontent[31m=[32m""[31m
      [33mname[31m=[32m"emotion-insertion-point"[31m
    [36m/>[31m
  [36m</head>[31m
  [36m<body>[31m
    [36m<div>[31m
      [36m<div[31m
        [33mclass[31m=[32m"MuiBox-root css-19kzrtu"[31m
      [36m>[31m
        [36m<div[31m
          [33mclass[31m=[32m"MuiBox-root css-1gbbedy"[31m
        [36m>[31m
          [36m<div[31m
            [33mclass[31m=[32m"MuiBox-root css-axw7ok"[31m
          [36m>[31m
            [36m<svg[31m
              [33maria-hidden[31m=[32m"true"[31m
              [33mclass[31m=[32m"MuiSvgIcon-root MuiSvgIcon-colorPrimary MuiSvgIcon-fontSizeMedium css-1wtp6o0-MuiSvgIcon-root"[31m
              [33mdata-testid[31m=[32m"SettingsIcon"[31m
              [33mfocusable[31m=[32m"false"[31m
              [33mviewBox[31m=[32m"0 0 24 24"[31m
            [36m>[31m
              [36m<path[31m
                [33md[31m=[32m"M19.14 12.94c.04-.3.06-.61.06-.94 0-.32-.02-.64-.07-.94l2.03-1.58c.18-.14.23-.41.12-.61l-1.92-3.32c-.12-.22-.37-.29-.59-.22l-2.39.96c-.5-.38-1.03-.7-1.62-.94l-.36-2.54c-.04-.24-.24-.41-.48-.41h-3.84c-.24 0-.43.17-.47.41l-.36 2.54c-.59.24-1.13.57-1.62.94l-2.39-.96c-.22-.08-.47 0-.59.22L2.74 8.87c-.12.21-.08.47.12.61l2.03 1.58c-.05.3-.09.63-.09.94s.02.64.07.94l-2.03 1.58c-.18.14-.23.41-.12.61l1.92 3.32c.12.22.37.29.59.22l2.39-.96c.5.38 1.03.7 1.62.94l.36 2.54c.05.24.24.41.48.41h3.84c.24 0 .44-.17.47-.41l.36-2.54c.59-.24 1.13-.56 1.62-.94l2.39.96c.22.08.47 0 .59-.22l1.92-3.32c.12-.22.07-.47-.12-.61zM12 15.6c-1.98 0-3.6-1.62-3.6-3.6s1.62-3.6 3.6-3.6 3.6 1.62 3.6 3.6-1.62 3.6-3.6 3.6"[31m
              [36m/>[31m
            [36m</svg>[31m
            [36m<h2[31m
              [33mclass[31m=[32m"MuiTypography-root MuiTypography-h5 css-16xl4zq-MuiTypography-root"[31m
            [36m>[31m
              [0m妯″瀷閰嶇疆绠＄悊[0m
            [36m</h2>[31m
          [36m</div>[31m
          [36m<button[31m
            [33mclass[31m=[32m"MuiButtonBase-root MuiButton-root MuiButton-contained MuiButton-sizeMedium MuiButton-colorPrimary css-11p8w26-MuiButtonBase-root-MuiButton-root"[31m
            [33mtabindex[31m=[32m"0"[31m
            [33mtype[31m=[32m"button"[31m
          [36m>[31m
            [36m<span[31m
              [33mclass[31m=[32m"MuiButton-icon MuiButton-startIcon css-1sh91j5-MuiButton-startIcon"[31m
            [36m>[31m
              [36m<svg[31m
                [33maria-hidden[31m=[32m"true"[31m
                [33mclass[31m=[32m"MuiSvgIcon-root MuiSvgIcon-fontSizeMedium css-1umw9bq-MuiSvgIcon-root"[31m
                [33mdata-testid[31m=[32m"AddIcon"[31m
                [33mfocusable[31m=[32m"false"[31m
                [33mviewBox[31m=[32m"0 0 24 24"[31m
              [36m>[31m
                [36m<path[31m
                  [33md[31m=[32m"M19 13h-6v6h-2v-6H5v-2h6V5h2v6h6z"[31m
                [36m/>[31m
              [36m</svg>[31m
            [36m</span>[31m
            [0m娣诲姞妯″瀷[0m
          [36m</button>[31m
        [36m</div>[31m
        [36m<p[31m
          [33mclass[31m=[32m"MuiTypography-root MuiTypography-body2 css-1tty75b-MuiTypography-root"[31m
        [36m>[31m
          [0m鍦ㄦ椤甸潰鍙互鏌ョ湅鎵€鏈夊彲鐢ㄦā鍨嬶紝骞跺惎鐢ㄦ垨绂佺敤妯″瀷銆傜鐢ㄧ殑妯″瀷灏嗕笉鍙備笌瀵硅瘽璇锋眰銆?[0m
        [36m</p>[31m
        [36m<div[31m
          [33mclass[31m=[32m"MuiBox-root css-j28lqh"[31m
        [36m>[31m
          [36m<div[31m
            [33mclass[31m=[32m"MuiPaper-root MuiPaper-outlined MuiPaper-rounded MuiCard-root css-11id8nm-MuiPaper-root-MuiCard-root"[31m
          [36m>[31m
            [36m<div[31m
              [33mclass[31m=[32m"MuiCardContent-root css-1lt5qva-MuiCardContent-root"[31m
            [36m>[31m
              [36m<div[31m
                [33mclass[31m=[32m"MuiBox-root css-lhftxy"[31m
              [36m>[31m
                [36m<div[31m
                  [33mclass[31m=[32m"MuiBox-root css-0"[31m
                [36m>[31m
                  [36m<div[31m
                    [33mclass[31m=[32m"MuiTypography-root MuiTypography-h6 css-1miy0lu-MuiTypography-root"[31m
                  [36m>[31m
                    [0mGPT-4[0m
                  [36m</div>[31m
                  [36m<span[31m
                    [33mclass[31m=[32m"MuiTypography-root MuiTypography-caption css-mpaqru-MuiTypography-root"[31m
                  [36m>[31m
                    [0mID: [0m
                    [0mgpt-4[0m
                  [36m</span>[31m
                [36m</div>[31m
                [36m<div[31m
                  [33mclass[31m=[32m"MuiChip-root MuiChip-filled MuiChip-sizeSmall MuiChip-colorSuccess css-106f2r9-MuiChip-root"[31m
                [36m>[31m
                  [36m<span[31m
                    [33mclass[31m=[32m"MuiChip-label css-eccknh-MuiChip-label"[31m
                  [36m>[31m
                    [0m鍙敤[0m
                  [36m</span>[31m
                [36m</div>[31m
              [36m</div>[31m
              [36m<div[31m
                [33mclass[31m=[32m"MuiBox-root css-1qm1lh"[31m
              [36m>[31m
                [36m<p[31m
                  [33mclass[31m=[32m"MuiTypography-root MuiTypography-body2 MuiTypography-gutterBottom css-ytim1c-MuiTypography-root"[31m
                [36m>[31m
                  [0mProvider: [0m
                  [0mopenai[0m
                [36m</p>[31m
                [36m<p[31m
                  [33mclass[31m=[32m"MuiTypography-root MuiTypography-body2 MuiTypography-gutterBottom css-ytim1c-MuiTypography-root"[31m
                [36m>[31m
                  [0mEndpoint: [0m
                  [0mhttps://api.openai.com/v1/chat/completions[0m
                [36m</p>[31m
                [36m<p[31m
                  [33mclass[31m=[32m"MuiTypography-root MuiTypography-body2 MuiTypography-gutterBottom css-ytim1c-MuiTypography-root"[31m
                [36m>[31m
                  [0mAPI鏍煎紡: [0m
                  [0mOpenAI[0m
                [36m</p>[31m
              [36m</div>[31m
              [36m<div[31m
                [33mclass[31m=[32m"MuiBox-root css-69i1ev"[31m
              [36m>[31m
                [36m<span[31m
                  [33mclass[31m=[32m"MuiSwitch-root MuiSwitch-sizeMedium css-rehya9-MuiSwitch-root"[31m
                [36m>[31m
                  [36m<span[31m
                    [33mclass[31m=[32m"MuiButtonBase-root MuiSwitch-switchBase MuiSwitch-colorPrimary Mui-checked PrivateSwitchBase-root MuiSwitch-switchBase MuiSwitch-colorPrimary Mui-checked Mui-checked css-aqlqb4-MuiButtonBase-root-MuiSwitchBase-root-MuiSwitch-switchBase"[31m
                  [36m>[31m
                    [36m<input[31m
                      [33mchecked[31m=[32m""[31m
                      [33mclass[31m=[32m"PrivateSwitchBase-input Mu...[39m
[31m   [31m脳[31m ModelConfigPanel 椤甸潰娴嬭瘯[2m > [22m妯″瀷鍒楄〃娓叉煋[2m > [22m鏄剧ず API 鏍煎紡淇℃伅[33m 1026[2mms[22m[31m[39m
[31m     鈫?Found multiple elements with the text: /API鏍煎紡: OpenAI/

Here are the matching elements:

Ignored nodes: comments, script, style
[36m<p[31m
  [33mclass[31m=[32m"MuiTypography-root MuiTypography-body2 MuiTypography-gutterBottom css-ytim1c-MuiTypography-root"[31m
[36m>[31m
  [0mAPI鏍煎紡: [0m
  [0mOpenAI[0m
[36m</p>[31m

Ignored nodes: comments, script, style
[36m<p[31m
  [33mclass[31m=[32m"MuiTypography-root MuiTypography-body2 MuiTypography-gutterBottom css-ytim1c-MuiTypography-root"[31m
[36m>[31m
  [0mAPI鏍煎紡: [0m
  [0mOpenAI[0m
[36m</p>[31m

Ignored nodes: comments, script, style
[36m<p[31m
  [33mclass[31m=[32m"MuiTypography-root MuiTypography-body2 MuiTypography-gutterBottom css-ytim1c-MuiTypography-root"[31m
[36m>[31m
  [0mAPI鏍煎紡: [0m
  [0mOpenAI[0m
[36m</p>[31m

(If this is intentional, then use the `*AllBy*` variant of the query (like `queryAllByText`, `getAllByText`, or `findAllByText`)).

Ignored nodes: comments, script, style
[36m<body>[31m
  [36m<div>[31m
    [36m<div[31m
      [33mclass[31m=[32m"MuiBox-root css-19kzrtu"[31m
    [36m>[31m
      [36m<div[31m
        [33mclass[31m=[32m"MuiBox-root css-1gbbedy"[31m
      [36m>[31m
        [36m<div[31m
          [33mclass[31m=[32m"MuiBox-root css-axw7ok"[31m
        [36m>[31m
          [36m<svg[31m
            [33maria-hidden[31m=[32m"true"[31m
            [33mclass[31m=[32m"MuiSvgIcon-root MuiSvgIcon-colorPrimary MuiSvgIcon-fontSizeMedium css-1wtp6o0-MuiSvgIcon-root"[31m
            [33mdata-testid[31m=[32m"SettingsIcon"[31m
            [33mfocusable[31m=[32m"false"[31m
            [33mviewBox[31m=[32m"0 0 24 24"[31m
          [36m>[31m
            [36m<path[31m
              [33md[31m=[32m"M19.14 12.94c.04-.3.06-.61.06-.94 0-.32-.02-.64-.07-.94l2.03-1.58c.18-.14.23-.41.12-.61l-1.92-3.32c-.12-.22-.37-.29-.59-.22l-2.39.96c-.5-.38-1.03-.7-1.62-.94l-.36-2.54c-.04-.24-.24-.41-.48-.41h-3.84c-.24 0-.43.17-.47.41l-.36 2.54c-.59.24-1.13.57-1.62.94l-2.39-.96c-.22-.08-.47 0-.59.22L2.74 8.87c-.12.21-.08.47.12.61l2.03 1.58c-.05.3-.09.63-.09.94s.02.64.07.94l-2.03 1.58c-.18.14-.23.41-.12.61l1.92 3.32c.12.22.37.29.59.22l2.39-.96c.5.38 1.03.7 1.62.94l.36 2.54c.05.24.24.41.48.41h3.84c.24 0 .44-.17.47-.41l.36-2.54c.59-.24 1.13-.56 1.62-.94l2.39.96c.22.08.47 0 .59-.22l1.92-3.32c.12-.22.07-.47-.12-.61zM12 15.6c-1.98 0-3.6-1.62-3.6-3.6s1.62-3.6 3.6-3.6 3.6 1.62 3.6 3.6-1.62 3.6-3.6 3.6"[31m
            [36m/>[31m
          [36m</svg>[31m
          [36m<h2[31m
            [33mclass[31m=[32m"MuiTypography-root MuiTypography-h5 css-16xl4zq-MuiTypography-root"[31m
          [36m>[31m
            [0m妯″瀷閰嶇疆绠＄悊[0m
          [36m</h2>[31m
        [36m</div>[31m
        [36m<button[31m
          [33mclass[31m=[32m"MuiButtonBase-root MuiButton-root MuiButton-contained MuiButton-sizeMedium MuiButton-colorPrimary css-11p8w26-MuiButtonBase-root-MuiButton-root"[31m
          [33mtabindex[31m=[32m"0"[31m
          [33mtype[31m=[32m"button"[31m
        [36m>[31m
          [36m<span[31m
            [33mclass[31m=[32m"MuiButton-icon MuiButton-startIcon css-1sh91j5-MuiButton-startIcon"[31m
          [36m>[31m
            [36m<svg[31m
              [33maria-hidden[31m=[32m"true"[31m
              [33mclass[31m=[32m"MuiSvgIcon-root MuiSvgIcon-fontSizeMedium css-1umw9bq-MuiSvgIcon-root"[31m
              [33mdata-testid[31m=[32m"AddIcon"[31m
              [33mfocusable[31m=[32m"false"[31m
              [33mviewBox[31m=[32m"0 0 24 24"[31m
            [36m>[31m
              [36m<path[31m
                [33md[31m=[32m"M19 13h-6v6h-2v-6H5v-2h6V5h2v6h6z"[31m
              [36m/>[31m
            [36m</svg>[31m
          [36m</span>[31m
          [0m娣诲姞妯″瀷[0m
        [36m</button>[31m
      [36m</div>[31m
      [36m<p[31m
        [33mclass[31m=[32m"MuiTypography-root MuiTypography-body2 css-1tty75b-MuiTypography-root"[31m
      [36m>[31m
        [0m鍦ㄦ椤甸潰鍙互鏌ョ湅鎵€鏈夊彲鐢ㄦā鍨嬶紝骞跺惎鐢ㄦ垨绂佺敤妯″瀷銆傜鐢ㄧ殑妯″瀷灏嗕笉鍙備笌瀵硅瘽璇锋眰銆?[0m
      [36m</p>[31m
      [36m<div[31m
        [33mclass[31m=[32m"MuiBox-root css-j28lqh"[31m
      [36m>[31m
        [36m<div[31m
          [33mclass[31m=[32m"MuiPaper-root MuiPaper-outlined MuiPaper-rounded MuiCard-root css-11id8nm-MuiPaper-root-MuiCard-root"[31m
        [36m>[31m
          [36m<div[31m
            [33mclass[31m=[32m"MuiCardContent-root css-1lt5qva-MuiCardContent-root"[31m
          [36m>[31m
            [36m<div[31m
              [33mclass[31m=[32m"MuiBox-root css-lhftxy"[31m
            [36m>[31m
              [36m<div[31m
                [33mclass[31m=[32m"MuiBox-root css-0"[31m
              [36m>[31m
                [36m<div[31m
                  [33mclass[31m=[32m"MuiTypography-root MuiTypography-h6 css-1miy0lu-MuiTypography-root"[31m
                [36m>[31m
                  [0mGPT-4[0m
                [36m</div>[31m
                [36m<span[31m
                  [33mclass[31m=[32m"MuiTypography-root MuiTypography-caption css-mpaqru-MuiTypography-root"[31m
                [36m>[31m
                  [0mID: [0m
                  [0mgpt-4[0m
                [36m</span>[31m
              [36m</div>[31m
              [36m<div[31m
                [33mclass[31m=[32m"MuiChip-root MuiChip-filled MuiChip-sizeSmall MuiChip-colorSuccess css-106f2r9-MuiChip-root"[31m
              [36m>[31m
                [36m<span[31m
                  [33mclass[31m=[32m"MuiChip-label css-eccknh-MuiChip-label"[31m
                [36m>[31m
                  [0m鍙敤[0m
                [36m</span>[31m
              [36m</div>[31m
            [36m</div>[31m
            [36m<div[31m
              [33mclass[31m=[32m"MuiBox-root css-1qm1lh"[31m
            [36m>[31m
              [36m<p[31m
                [33mclass[31m=[32m"MuiTypography-root MuiTypography-body2 MuiTypography-gutterBottom css-ytim1c-MuiTypography-root"[31m
              [36m>[31m
                [0mProvider: [0m
                [0mopenai[0m
              [36m</p>[31m
              [36m<p[31m
                [33mclass[31m=[32m"MuiTypography-root MuiTypography-body2 MuiTypography-gutterBottom css-ytim1c-MuiTypography-root"[31m
              [36m>[31m
                [0mEndpoint: [0m
                [0mhttps://api.openai.com/v1/chat/completions[0m
              [36m</p>[31m
              [36m<p[31m
                [33mclass[31m=[32m"MuiTypography-root MuiTypography-body2 MuiTypography-gutterBottom css-ytim1c-MuiTypography-root"[31m
              [36m>[31m
                [0mAPI鏍煎紡: [0m
                [0mOpenAI[0m
              [36m</p>[31m
            [36m</div>[31m
            [36m<div[31m
              [33mclass[31m=[32m"MuiBox-root css-69i1ev"[31m
            [36m>[31m
              [36m<span[31m
                [33mclass[31m=[32m"MuiSwitch-root MuiSwitch-sizeMedium css-rehya9-MuiSwitch-root"[31m
              [36m>[31m
                [36m<span[31m
                  [33mclass[31m=[32m"MuiButtonBase-root MuiSwitch-switchBase MuiSwitch-colorPrimary Mui-checked PrivateSwitchBase-root MuiSwitch-switchBase MuiSwitch-colorPrimary Mui-checked Mui-checked css-aqlqb4-MuiButtonBase-root-MuiSwitchBase-root-MuiSwitch-switchBase"[31m
                [36m>[31m
                  [36m<input[31m
                    [33mchecked[31m=[32m""[31m
                    [33mclass[31m=[32m"PrivateSwitchBase-input MuiSwitch-input css-12xagqm-MuiSwitchBase-root"[31m
                    [33mrole[31m=[32m"switch"[31m
                    [33mtype[31m=[32m"checkbox"[31m
                  [36m/>[31m
                  [36m<span[31m
                    [33mclass[31m=[32m"MuiSwitch-thumb css-1mw77bv-MuiSwitch-thumb"[31m
                  [36m/>[31m
                [36m</span>[31m
                [36m<span[31m
                  [33mcla...

Ignored nodes: comments, script, style
[36m<html>[31m
  [36m<head>[31m
    [36m<meta[31m
      [33mcontent[31m=[32m""[31m
      [33mname[31m=[32m"emotion-insertion-point"[31m
    [36m/>[31m
  [36m</head>[31m
  [36m<body>[31m
    [36m<div>[31m
      [36m<div[31m
        [33mclass[31m=[32m"MuiBox-root css-19kzrtu"[31m
      [36m>[31m
        [36m<div[31m
          [33mclass[31m=[32m"MuiBox-root css-1gbbedy"[31m
        [36m>[31m
          [36m<div[31m
            [33mclass[31m=[32m"MuiBox-root css-axw7ok"[31m
          [36m>[31m
            [36m<svg[31m
              [33maria-hidden[31m=[32m"true"[31m
              [33mclass[31m=[32m"MuiSvgIcon-root MuiSvgIcon-colorPrimary MuiSvgIcon-fontSizeMedium css-1wtp6o0-MuiSvgIcon-root"[31m
              [33mdata-testid[31m=[32m"SettingsIcon"[31m
              [33mfocusable[31m=[32m"false"[31m
              [33mviewBox[31m=[32m"0 0 24 24"[31m
            [36m>[31m
              [36m<path[31m
                [33md[31m=[32m"M19.14 12.94c.04-.3.06-.61.06-.94 0-.32-.02-.64-.07-.94l2.03-1.58c.18-.14.23-.41.12-.61l-1.92-3.32c-.12-.22-.37-.29-.59-.22l-2.39.96c-.5-.38-1.03-.7-1.62-.94l-.36-2.54c-.04-.24-.24-.41-.48-.41h-3.84c-.24 0-.43.17-.47.41l-.36 2.54c-.59.24-1.13.57-1.62.94l-2.39-.96c-.22-.08-.47 0-.59.22L2.74 8.87c-.12.21-.08.47.12.61l2.03 1.58c-.05.3-.09.63-.09.94s.02.64.07.94l-2.03 1.58c-.18.14-.23.41-.12.61l1.92 3.32c.12.22.37.29.59.22l2.39-.96c.5.38 1.03.7 1.62.94l.36 2.54c.05.24.24.41.48.41h3.84c.24 0 .44-.17.47-.41l.36-2.54c.59-.24 1.13-.56 1.62-.94l2.39.96c.22.08.47 0 .59-.22l1.92-3.32c.12-.22.07-.47-.12-.61zM12 15.6c-1.98 0-3.6-1.62-3.6-3.6s1.62-3.6 3.6-3.6 3.6 1.62 3.6 3.6-1.62 3.6-3.6 3.6"[31m
              [36m/>[31m
            [36m</svg>[31m
            [36m<h2[31m
              [33mclass[31m=[32m"MuiTypography-root MuiTypography-h5 css-16xl4zq-MuiTypography-root"[31m
            [36m>[31m
              [0m妯″瀷閰嶇疆绠＄悊[0m
            [36m</h2>[31m
          [36m</div>[31m
          [36m<button[31m
            [33mclass[31m=[32m"MuiButtonBase-root MuiButton-root MuiButton-contained MuiButton-sizeMedium MuiButton-colorPrimary css-11p8w26-MuiButtonBase-root-MuiButton-root"[31m
            [33mtabindex[31m=[32m"0"[31m
            [33mtype[31m=[32m"button"[31m
          [36m>[31m
            [36m<span[31m
              [33mclass[31m=[32m"MuiButton-icon MuiButton-startIcon css-1sh91j5-MuiButton-startIcon"[31m
            [36m>[31m
              [36m<svg[31m
                [33maria-hidden[31m=[32m"true"[31m
                [33mclass[31m=[32m"MuiSvgIcon-root MuiSvgIcon-fontSizeMedium css-1umw9bq-MuiSvgIcon-root"[31m
                [33mdata-testid[31m=[32m"AddIcon"[31m
                [33mfocusable[31m=[32m"false"[31m
                [33mviewBox[31m=[32m"0 0 24 24"[31m
              [36m>[31m
                [36m<path[31m
                  [33md[31m=[32m"M19 13h-6v6h-2v-6H5v-2h6V5h2v6h6z"[31m
                [36m/>[31m
              [36m</svg>[31m
            [36m</span>[31m
            [0m娣诲姞妯″瀷[0m
          [36m</button>[31m
        [36m</div>[31m
        [36m<p[31m
          [33mclass[31m=[32m"MuiTypography-root MuiTypography-body2 css-1tty75b-MuiTypography-root"[31m
        [36m>[31m
          [0m鍦ㄦ椤甸潰鍙互鏌ョ湅鎵€鏈夊彲鐢ㄦā鍨嬶紝骞跺惎鐢ㄦ垨绂佺敤妯″瀷銆傜鐢ㄧ殑妯″瀷灏嗕笉鍙備笌瀵硅瘽璇锋眰銆?[0m
        [36m</p>[31m
        [36m<div[31m
          [33mclass[31m=[32m"MuiBox-root css-j28lqh"[31m
        [36m>[31m
          [36m<div[31m
            [33mclass[31m=[32m"MuiPaper-root MuiPaper-outlined MuiPaper-rounded MuiCard-root css-11id8nm-MuiPaper-root-MuiCard-root"[31m
          [36m>[31m
            [36m<div[31m
              [33mclass[31m=[32m"MuiCardContent-root css-1lt5qva-MuiCardContent-root"[31m
            [36m>[31m
              [36m<div[31m
                [33mclass[31m=[32m"MuiBox-root css-lhftxy"[31m
              [36m>[31m
                [36m<div[31m
                  [33mclass[31m=[32m"MuiBox-root css-0"[31m
                [36m>[31m
                  [36m<div[31m
                    [33mclass[31m=[32m"MuiTypography-root MuiTypography-h6 css-1miy0lu-MuiTypography-root"[31m
                  [36m>[31m
                    [0mGPT-4[0m
                  [36m</div>[31m
                  [36m<span[31m
                    [33mclass[31m=[32m"MuiTypography-root MuiTypography-caption css-mpaqru-MuiTypography-root"[31m
                  [36m>[31m
                    [0mID: [0m
                    [0mgpt-4[0m
                  [36m</span>[31m
                [36m</div>[31m
                [36m<div[31m
                  [33mclass[31m=[32m"MuiChip-root MuiChip-filled MuiChip-sizeSmall MuiChip-colorSuccess css-106f2r9-MuiChip-root"[31m
                [36m>[31m
                  [36m<span[31m
                    [33mclass[31m=[32m"MuiChip-label css-eccknh-MuiChip-label"[31m
                  [36m>[31m
                    [0m鍙敤[0m
                  [36m</span>[31m
                [36m</div>[31m
              [36m</div>[31m
              [36m<div[31m
                [33mclass[31m=[32m"MuiBox-root css-1qm1lh"[31m
              [36m>[31m
                [36m<p[31m
                  [33mclass[31m=[32m"MuiTypography-root MuiTypography-body2 MuiTypography-gutterBottom css-ytim1c-MuiTypography-root"[31m
                [36m>[31m
                  [0mProvider: [0m
                  [0mopenai[0m
                [36m</p>[31m
                [36m<p[31m
                  [33mclass[31m=[32m"MuiTypography-root MuiTypography-body2 MuiTypography-gutterBottom css-ytim1c-MuiTypography-root"[31m
                [36m>[31m
                  [0mEndpoint: [0m
                  [0mhttps://api.openai.com/v1/chat/completions[0m
                [36m</p>[31m
                [36m<p[31m
                  [33mclass[31m=[32m"MuiTypography-root MuiTypography-body2 MuiTypography-gutterBottom css-ytim1c-MuiTypography-root"[31m
                [36m>[31m
                  [0mAPI鏍煎紡: [0m
                  [0mOpenAI[0m
                [36m</p>[31m
              [36m</div>[31m
              [36m<div[31m
                [33mclass[31m=[32m"MuiBox-root css-69i1ev"[31m
              [36m>[31m
                [36m<span[31m
                  [33mclass[31m=[32m"MuiSwitch-root MuiSwitch-sizeMedium css-rehya9-MuiSwitch-root"[31m
                [36m>[31m
                  [36m<span[31m
                    [33mclass[31m=[32m"MuiButtonBase-root MuiSwitch-switchBase MuiSwitch-colorPrimary Mui-checked PrivateSwitchBase-root MuiSwitch-switchBase MuiSwitch-colorPrimary Mui-checked Mui-checked css-aqlqb4-MuiButtonBase-root-MuiSwitchBase-root-MuiSwitch-switchBase"[31m
                  [36m>[31m
                    [36m<input[31m
                      [33mchecked[31m=[32m""[31m
                      [33mclass[31m=[32m"PrivateSwitchBase-input Mu...[39m
[31m   [31m脳[31m ModelConfigPanel 椤甸潰娴嬭瘯[2m > [22m鐘舵€佹爣绛炬樉绀?[2m > [22munavailable 鐘舵€佹樉绀?涓嶅彲鐢?鏍囩[33m 1021[2mms[22m[31m[39m
[31m     鈫?Unable to find an element with the text: 涓嶅彲鐢? This could be because the text is broken up by multiple elements. In this case, you can provide a function for your text matcher to make your matcher more flexible.

Ignored nodes: comments, script, style
[36m<body>[31m
  [36m<div>[31m
    [36m<div[31m
      [33mclass[31m=[32m"MuiBox-root css-19kzrtu"[31m
    [36m>[31m
      [36m<div[31m
        [33mclass[31m=[32m"MuiBox-root css-1gbbedy"[31m
      [36m>[31m
        [36m<div[31m
          [33mclass[31m=[32m"MuiBox-root css-axw7ok"[31m
        [36m>[31m
          [36m<svg[31m
            [33maria-hidden[31m=[32m"true"[31m
            [33mclass[31m=[32m"MuiSvgIcon-root MuiSvgIcon-colorPrimary MuiSvgIcon-fontSizeMedium css-1wtp6o0-MuiSvgIcon-root"[31m
            [33mdata-testid[31m=[32m"SettingsIcon"[31m
            [33mfocusable[31m=[32m"false"[31m
            [33mviewBox[31m=[32m"0 0 24 24"[31m
          [36m>[31m
            [36m<path[31m
              [33md[31m=[32m"M19.14 12.94c.04-.3.06-.61.06-.94 0-.32-.02-.64-.07-.94l2.03-1.58c.18-.14.23-.41.12-.61l-1.92-3.32c-.12-.22-.37-.29-.59-.22l-2.39.96c-.5-.38-1.03-.7-1.62-.94l-.36-2.54c-.04-.24-.24-.41-.48-.41h-3.84c-.24 0-.43.17-.47.41l-.36 2.54c-.59.24-1.13.57-1.62.94l-2.39-.96c-.22-.08-.47 0-.59.22L2.74 8.87c-.12.21-.08.47.12.61l2.03 1.58c-.05.3-.09.63-.09.94s.02.64.07.94l-2.03 1.58c-.18.14-.23.41-.12.61l1.92 3.32c.12.22.37.29.59.22l2.39-.96c.5.38 1.03.7 1.62.94l.36 2.54c.05.24.24.41.48.41h3.84c.24 0 .44-.17.47-.41l.36-2.54c.59-.24 1.13-.56 1.62-.94l2.39.96c.22.08.47 0 .59-.22l1.92-3.32c.12-.22.07-.47-.12-.61zM12 15.6c-1.98 0-3.6-1.62-3.6-3.6s1.62-3.6 3.6-3.6 3.6 1.62 3.6 3.6-1.62 3.6-3.6 3.6"[31m
            [36m/>[31m
          [36m</svg>[31m
          [36m<h2[31m
            [33mclass[31m=[32m"MuiTypography-root MuiTypography-h5 css-16xl4zq-MuiTypography-root"[31m
          [36m>[31m
            [0m妯″瀷閰嶇疆绠＄悊[0m
          [36m</h2>[31m
        [36m</div>[31m
        [36m<button[31m
          [33mclass[31m=[32m"MuiButtonBase-root MuiButton-root MuiButton-contained MuiButton-sizeMedium MuiButton-colorPrimary css-11p8w26-MuiButtonBase-root-MuiButton-root"[31m
          [33mtabindex[31m=[32m"0"[31m
          [33mtype[31m=[32m"button"[31m
        [36m>[31m
          [36m<span[31m
            [33mclass[31m=[32m"MuiButton-icon MuiButton-startIcon css-1sh91j5-MuiButton-startIcon"[31m
          [36m>[31m
            [36m<svg[31m
              [33maria-hidden[31m=[32m"true"[31m
              [33mclass[31m=[32m"MuiSvgIcon-root MuiSvgIcon-fontSizeMedium css-1umw9bq-MuiSvgIcon-root"[31m
              [33mdata-testid[31m=[32m"AddIcon"[31m
              [33mfocusable[31m=[32m"false"[31m
              [33mviewBox[31m=[32m"0 0 24 24"[31m
            [36m>[31m
              [36m<path[31m
                [33md[31m=[32m"M19 13h-6v6h-2v-6H5v-2h6V5h2v6h6z"[31m
              [36m/>[31m
            [36m</svg>[31m
          [36m</span>[31m
          [0m娣诲姞妯″瀷[0m
        [36m</button>[31m
      [36m</div>[31m
      [36m<p[31m
        [33mclass[31m=[32m"MuiTypography-root MuiTypography-body2 css-1tty75b-MuiTypography-root"[31m
      [36m>[31m
        [0m鍦ㄦ椤甸潰鍙互鏌ョ湅鎵€鏈夊彲鐢ㄦā鍨嬶紝骞跺惎鐢ㄦ垨绂佺敤妯″瀷銆傜鐢ㄧ殑妯″瀷灏嗕笉鍙備笌瀵硅瘽璇锋眰銆?[0m
      [36m</p>[31m
      [36m<div[31m
        [33mclass[31m=[32m"MuiBox-root css-j28lqh"[31m
      [36m>[31m
        [36m<div[31m
          [33mclass[31m=[32m"MuiPaper-root MuiPaper-outlined MuiPaper-rounded MuiCard-root css-11id8nm-MuiPaper-root-MuiCard-root"[31m
        [36m>[31m
          [36m<div[31m
            [33mclass[31m=[32m"MuiCardContent-root css-1lt5qva-MuiCardContent-root"[31m
          [36m>[31m
            [36m<div[31m
              [33mclass[31m=[32m"MuiBox-root css-lhftxy"[31m
            [36m>[31m
              [36m<div[31m
                [33mclass[31m=[32m"MuiBox-root css-0"[31m
              [36m>[31m
                [36m<div[31m
                  [33mclass[31m=[32m"MuiTypography-root MuiTypography-h6 css-1miy0lu-MuiTypography-root"[31m
                [36m>[31m
                  [0mGPT-4[0m
                [36m</div>[31m
                [36m<span[31m
                  [33mclass[31m=[32m"MuiTypography-root MuiTypography-caption css-mpaqru-MuiTypography-root"[31m
                [36m>[31m
                  [0mID: [0m
                  [0mgpt-4[0m
                [36m</span>[31m
              [36m</div>[31m
              [36m<div[31m
                [33mclass[31m=[32m"MuiChip-root MuiChip-filled MuiChip-sizeSmall MuiChip-colorSuccess css-106f2r9-MuiChip-root"[31m
              [36m>[31m
                [36m<span[31m
                  [33mclass[31m=[32m"MuiChip-label css-eccknh-MuiChip-label"[31m
                [36m>[31m
                  [0m鍙敤[0m
                [36m</span>[31m
              [36m</div>[31m
            [36m</div>[31m
            [36m<div[31m
              [33mclass[31m=[32m"MuiBox-root css-1qm1lh"[31m
            [36m>[31m
              [36m<p[31m
                [33mclass[31m=[32m"MuiTypography-root MuiTypography-body2 MuiTypography-gutterBottom css-ytim1c-MuiTypography-root"[31m
              [36m>[31m
                [0mProvider: [0m
                [0mopenai[0m
              [36m</p>[31m
              [36m<p[31m
                [33mclass[31m=[32m"MuiTypography-root MuiTypography-body2 MuiTypography-gutterBottom css-ytim1c-MuiTypography-root"[31m
              [36m>[31m
                [0mEndpoint: [0m
                [0mhttps://api.openai.com/v1/chat/completions[0m
              [36m</p>[31m
              [36m<p[31m
                [33mclass[31m=[32m"MuiTypography-root MuiTypography-body2 MuiTypography-gutterBottom css-ytim1c-MuiTypography-root"[31m
              [36m>[31m
                [0mAPI鏍煎紡: [0m
                [0mOpenAI[0m
              [36m</p>[31m
            [36m</div>[31m
            [36m<div[31m
              [33mclass[31m=[32m"MuiBox-root css-69i1ev"[31m
            [36m>[31m
              [36m<span[31m
                [33mclass[31m=[32m"MuiSwitch-root MuiSwitch-sizeMedium css-rehya9-MuiSwitch-root"[31m
              [36m>[31m
                [36m<span[31m
                  [33mclass[31m=[32m"MuiButtonBase-root MuiSwitch-switchBase MuiSwitch-colorPrimary Mui-checked PrivateSwitchBase-root MuiSwitch-switchBase MuiSwitch-colorPrimary Mui-checked Mui-checked css-aqlqb4-MuiButtonBase-root-MuiSwitchBase-root-MuiSwitch-switchBase"[31m
                [36m>[31m
                  [36m<input[31m
                    [33mchecked[31m=[32m""[31m
                    [33mclass[31m=[32m"PrivateSwitchBase-input MuiSwitch-input css-12xagqm-MuiSwitchBase-root"[31m
                    [33mrole[31m=[32m"switch"[31m
                    [33mtype[31m=[32m"checkbox"[31m
                  [36m/>[31m
                  [36m<span[31m
                    [33mclass[31m=[32m"MuiSwitch-thumb css-1mw77bv-MuiSwitch-thumb"[31m
                  [36m/>[31m
                [36m</span>[31m
                [36m<span[31m
                  [33mcla...

Ignored nodes: comments, script, style
[36m<html>[31m
  [36m<head>[31m
    [36m<meta[31m
      [33mcontent[31m=[32m""[31m
      [33mname[31m=[32m"emotion-insertion-point"[31m
    [36m/>[31m
  [36m</head>[31m
  [36m<body>[31m
    [36m<div>[31m
      [36m<div[31m
        [33mclass[31m=[32m"MuiBox-root css-19kzrtu"[31m
      [36m>[31m
        [36m<div[31m
          [33mclass[31m=[32m"MuiBox-root css-1gbbedy"[31m
        [36m>[31m
          [36m<div[31m
            [33mclass[31m=[32m"MuiBox-root css-axw7ok"[31m
          [36m>[31m
            [36m<svg[31m
              [33maria-hidden[31m=[32m"true"[31m
              [33mclass[31m=[32m"MuiSvgIcon-root MuiSvgIcon-colorPrimary MuiSvgIcon-fontSizeMedium css-1wtp6o0-MuiSvgIcon-root"[31m
              [33mdata-testid[31m=[32m"SettingsIcon"[31m
              [33mfocusable[31m=[32m"false"[31m
              [33mviewBox[31m=[32m"0 0 24 24"[31m
            [36m>[31m
              [36m<path[31m
                [33md[31m=[32m"M19.14 12.94c.04-.3.06-.61.06-.94 0-.32-.02-.64-.07-.94l2.03-1.58c.18-.14.23-.41.12-.61l-1.92-3.32c-.12-.22-.37-.29-.59-.22l-2.39.96c-.5-.38-1.03-.7-1.62-.94l-.36-2.54c-.04-.24-.24-.41-.48-.41h-3.84c-.24 0-.43.17-.47.41l-.36 2.54c-.59.24-1.13.57-1.62.94l-2.39-.96c-.22-.08-.47 0-.59.22L2.74 8.87c-.12.21-.08.47.12.61l2.03 1.58c-.05.3-.09.63-.09.94s.02.64.07.94l-2.03 1.58c-.18.14-.23.41-.12.61l1.92 3.32c.12.22.37.29.59.22l2.39-.96c.5.38 1.03.7 1.62.94l.36 2.54c.05.24.24.41.48.41h3.84c.24 0 .44-.17.47-.41l.36-2.54c.59-.24 1.13-.56 1.62-.94l2.39.96c.22.08.47 0 .59-.22l1.92-3.32c.12-.22.07-.47-.12-.61zM12 15.6c-1.98 0-3.6-1.62-3.6-3.6s1.62-3.6 3.6-3.6 3.6 1.62 3.6 3.6-1.62 3.6-3.6 3.6"[31m
              [36m/>[31m
            [36m</svg>[31m
            [36m<h2[31m
              [33mclass[31m=[32m"MuiTypography-root MuiTypography-h5 css-16xl4zq-MuiTypography-root"[31m
            [36m>[31m
              [0m妯″瀷閰嶇疆绠＄悊[0m
            [36m</h2>[31m
          [36m</div>[31m
          [36m<button[31m
            [33mclass[31m=[32m"MuiButtonBase-root MuiButton-root MuiButton-contained MuiButton-sizeMedium MuiButton-colorPrimary css-11p8w26-MuiButtonBase-root-MuiButton-root"[31m
            [33mtabindex[31m=[32m"0"[31m
            [33mtype[31m=[32m"button"[31m
          [36m>[31m
            [36m<span[31m
              [33mclass[31m=[32m"MuiButton-icon MuiButton-startIcon css-1sh91j5-MuiButton-startIcon"[31m
            [36m>[31m
              [36m<svg[31m
                [33maria-hidden[31m=[32m"true"[31m
                [33mclass[31m=[32m"MuiSvgIcon-root MuiSvgIcon-fontSizeMedium css-1umw9bq-MuiSvgIcon-root"[31m
                [33mdata-testid[31m=[32m"AddIcon"[31m
                [33mfocusable[31m=[32m"false"[31m
                [33mviewBox[31m=[32m"0 0 24 24"[31m
              [36m>[31m
                [36m<path[31m
                  [33md[31m=[32m"M19 13h-6v6h-2v-6H5v-2h6V5h2v6h6z"[31m
                [36m/>[31m
              [36m</svg>[31m
            [36m</span>[31m
            [0m娣诲姞妯″瀷[0m
          [36m</button>[31m
        [36m</div>[31m
        [36m<p[31m
          [33mclass[31m=[32m"MuiTypography-root MuiTypography-body2 css-1tty75b-MuiTypography-root"[31m
        [36m>[31m
          [0m鍦ㄦ椤甸潰鍙互鏌ョ湅鎵€鏈夊彲鐢ㄦā鍨嬶紝骞跺惎鐢ㄦ垨绂佺敤妯″瀷銆傜鐢ㄧ殑妯″瀷灏嗕笉鍙備笌瀵硅瘽璇锋眰銆?[0m
        [36m</p>[31m
        [36m<div[31m
          [33mclass[31m=[32m"MuiBox-root css-j28lqh"[31m
        [36m>[31m
          [36m<div[31m
            [33mclass[31m=[32m"MuiPaper-root MuiPaper-outlined MuiPaper-rounded MuiCard-root css-11id8nm-MuiPaper-root-MuiCard-root"[31m
          [36m>[31m
            [36m<div[31m
              [33mclass[31m=[32m"MuiCardContent-root css-1lt5qva-MuiCardContent-root"[31m
            [36m>[31m
              [36m<div[31m
                [33mclass[31m=[32m"MuiBox-root css-lhftxy"[31m
              [36m>[31m
                [36m<div[31m
                  [33mclass[31m=[32m"MuiBox-root css-0"[31m
                [36m>[31m
                  [36m<div[31m
                    [33mclass[31m=[32m"MuiTypography-root MuiTypography-h6 css-1miy0lu-MuiTypography-root"[31m
                  [36m>[31m
                    [0mGPT-4[0m
                  [36m</div>[31m
                  [36m<span[31m
                    [33mclass[31m=[32m"MuiTypography-root MuiTypography-caption css-mpaqru-MuiTypography-root"[31m
                  [36m>[31m
                    [0mID: [0m
                    [0mgpt-4[0m
                  [36m</span>[31m
                [36m</div>[31m
                [36m<div[31m
                  [33mclass[31m=[32m"MuiChip-root MuiChip-filled MuiChip-sizeSmall MuiChip-colorSuccess css-106f2r9-MuiChip-root"[31m
                [36m>[31m
                  [36m<span[31m
                    [33mclass[31m=[32m"MuiChip-label css-eccknh-MuiChip-label"[31m
                  [36m>[31m
                    [0m鍙敤[0m
                  [36m</span>[31m
                [36m</div>[31m
              [36m</div>[31m
              [36m<div[31m
                [33mclass[31m=[32m"MuiBox-root css-1qm1lh"[31m
              [36m>[31m
                [36m<p[31m
                  [33mclass[31m=[32m"MuiTypography-root MuiTypography-body2 MuiTypography-gutterBottom css-ytim1c-MuiTypography-root"[31m
                [36m>[31m
                  [0mProvider: [0m
                  [0mopenai[0m
                [36m</p>[31m
                [36m<p[31m
                  [33mclass[31m=[32m"MuiTypography-root MuiTypography-body2 MuiTypography-gutterBottom css-ytim1c-MuiTypography-root"[31m
                [36m>[31m
                  [0mEndpoint: [0m
                  [0mhttps://api.openai.com/v1/chat/completions[0m
                [36m</p>[31m
                [36m<p[31m
                  [33mclass[31m=[32m"MuiTypography-root MuiTypography-body2 MuiTypography-gutterBottom css-ytim1c-MuiTypography-root"[31m
                [36m>[31m
                  [0mAPI鏍煎紡: [0m
                  [0mOpenAI[0m
                [36m</p>[31m
              [36m</div>[31m
              [36m<div[31m
                [33mclass[31m=[32m"MuiBox-root css-69i1ev"[31m
              [36m>[31m
                [36m<span[31m
                  [33mclass[31m=[32m"MuiSwitch-root MuiSwitch-sizeMedium css-rehya9-MuiSwitch-root"[31m
                [36m>[31m
                  [36m<span[31m
                    [33mclass[31m=[32m"MuiButtonBase-root MuiSwitch-switchBase MuiSwitch-colorPrimary Mui-checked PrivateSwitchBase-root MuiSwitch-switchBase MuiSwitch-colorPrimary Mui-checked Mui-checked css-aqlqb4-MuiButtonBase-root-MuiSwitchBase-root-MuiSwitch-switchBase"[31m
                  [36m>[31m
                    [36m<input[31m
                      [33mchecked[31m=[32m""[31m
                      [33mclass[31m=[32m"PrivateSwitchBase-input Mu...[39m
[31m   [31m脳[31m ModelConfigPanel 椤甸潰娴嬭瘯[2m > [22m鍚敤/绂佺敤鍒囨崲[2m > [22m鐐瑰嚮 Switch 璋冪敤 API[33m 1159[2mms[22m[31m[39m
[31m     鈫?Found multiple elements with the text: /宸茬鐢?

Here are the matching elements:

Ignored nodes: comments, script, style
[36m<span[31m
  [33mclass[31m=[32m"MuiChip-label css-19m61dl-MuiChip-label"[31m
[36m>[31m
  [0m宸茬鐢?[0m
[36m</span>[31m

Ignored nodes: comments, script, style
[36m<span[31m
  [33mclass[31m=[32m"MuiChip-label css-19m61dl-MuiChip-label"[31m
[36m>[31m
  [0m宸茬鐢?[0m
[36m</span>[31m

Ignored nodes: comments, script, style
[36m<div[31m
  [33mclass[31m=[32m"MuiAlert-message css-zioonp-MuiAlert-message"[31m
[36m>[31m
  [0m宸茬鐢ㄦā鍨?[0m
[36m</div>[31m

(If this is intentional, then use the `*AllBy*` variant of the query (like `queryAllByText`, `getAllByText`, or `findAllByText`)).

Ignored nodes: comments, script, style
[36m<body>[31m
  [36m<div>[31m
    [36m<div[31m
      [33mclass[31m=[32m"MuiBox-root css-19kzrtu"[31m
    [36m>[31m
      [36m<div[31m
        [33mclass[31m=[32m"MuiBox-root css-1gbbedy"[31m
      [36m>[31m
        [36m<div[31m
          [33mclass[31m=[32m"MuiBox-root css-axw7ok"[31m
        [36m>[31m
          [36m<svg[31m
            [33maria-hidden[31m=[32m"true"[31m
            [33mclass[31m=[32m"MuiSvgIcon-root MuiSvgIcon-colorPrimary MuiSvgIcon-fontSizeMedium css-1wtp6o0-MuiSvgIcon-root"[31m
            [33mdata-testid[31m=[32m"SettingsIcon"[31m
            [33mfocusable[31m=[32m"false"[31m
            [33mviewBox[31m=[32m"0 0 24 24"[31m
          [36m>[31m
            [36m<path[31m
              [33md[31m=[32m"M19.14 12.94c.04-.3.06-.61.06-.94 0-.32-.02-.64-.07-.94l2.03-1.58c.18-.14.23-.41.12-.61l-1.92-3.32c-.12-.22-.37-.29-.59-.22l-2.39.96c-.5-.38-1.03-.7-1.62-.94l-.36-2.54c-.04-.24-.24-.41-.48-.41h-3.84c-.24 0-.43.17-.47.41l-.36 2.54c-.59.24-1.13.57-1.62.94l-2.39-.96c-.22-.08-.47 0-.59.22L2.74 8.87c-.12.21-.08.47.12.61l2.03 1.58c-.05.3-.09.63-.09.94s.02.64.07.94l-2.03 1.58c-.18.14-.23.41-.12.61l1.92 3.32c.12.22.37.29.59.22l2.39-.96c.5.38 1.03.7 1.62.94l.36 2.54c.05.24.24.41.48.41h3.84c.24 0 .44-.17.47-.41l.36-2.54c.59-.24 1.13-.56 1.62-.94l2.39.96c.22.08.47 0 .59-.22l1.92-3.32c.12-.22.07-.47-.12-.61zM12 15.6c-1.98 0-3.6-1.62-3.6-3.6s1.62-3.6 3.6-3.6 3.6 1.62 3.6 3.6-1.62 3.6-3.6 3.6"[31m
            [36m/>[31m
          [36m</svg>[31m
          [36m<h2[31m
            [33mclass[31m=[32m"MuiTypography-root MuiTypography-h5 css-16xl4zq-MuiTypography-root"[31m
          [36m>[31m
            [0m妯″瀷閰嶇疆绠＄悊[0m
          [36m</h2>[31m
        [36m</div>[31m
        [36m<button[31m
          [33mclass[31m=[32m"MuiButtonBase-root MuiButton-root MuiButton-contained MuiButton-sizeMedium MuiButton-colorPrimary css-11p8w26-MuiButtonBase-root-MuiButton-root"[31m
          [33mtabindex[31m=[32m"0"[31m
          [33mtype[31m=[32m"button"[31m
        [36m>[31m
          [36m<span[31m
            [33mclass[31m=[32m"MuiButton-icon MuiButton-startIcon css-1sh91j5-MuiButton-startIcon"[31m
          [36m>[31m
            [36m<svg[31m
              [33maria-hidden[31m=[32m"true"[31m
              [33mclass[31m=[32m"MuiSvgIcon-root MuiSvgIcon-fontSizeMedium css-1umw9bq-MuiSvgIcon-root"[31m
              [33mdata-testid[31m=[32m"AddIcon"[31m
              [33mfocusable[31m=[32m"false"[31m
              [33mviewBox[31m=[32m"0 0 24 24"[31m
            [36m>[31m
              [36m<path[31m
                [33md[31m=[32m"M19 13h-6v6h-2v-6H5v-2h6V5h2v6h6z"[31m
              [36m/>[31m
            [36m</svg>[31m
          [36m</span>[31m
          [0m娣诲姞妯″瀷[0m
        [36m</button>[31m
      [36m</div>[31m
      [36m<p[31m
        [33mclass[31m=[32m"MuiTypography-root MuiTypography-body2 css-1tty75b-MuiTypography-root"[31m
      [36m>[31m
        [0m鍦ㄦ椤甸潰鍙互鏌ョ湅鎵€鏈夊彲鐢ㄦā鍨嬶紝骞跺惎鐢ㄦ垨绂佺敤妯″瀷銆傜鐢ㄧ殑妯″瀷灏嗕笉鍙備笌瀵硅瘽璇锋眰銆?[0m
      [36m</p>[31m
      [36m<div[31m
        [33mclass[31m=[32m"MuiBox-root css-j28lqh"[31m
      [36m>[31m
        [36m<div[31m
          [33mclass[31m=[32m"MuiPaper-root MuiPaper-outlined MuiPaper-rounded MuiCard-root css-11id8nm-MuiPaper-root-MuiCard-root"[31m
        [36m>[31m
          [36m<div[31m
            [33mclass[31m=[32m"MuiCardContent-root css-1lt5qva-MuiCardContent-root"[31m
          [36m>[31m
            [36m<div[31m
              [33mclass[31m=[32m"MuiBox-root css-lhftxy"[31m
            [36m>[31m
              [36m<div[31m
                [33mclass[31m=[32m"MuiBox-root css-0"[31m
              [36m>[31m
                [36m<div[31m
                  [33mclass[31m=[32m"MuiTypography-root MuiTypography-h6 css-1miy0lu-MuiTypography-root"[31m
                [36m>[31m
                  [0mGPT-4[0m
                [36m</div>[31m
                [36m<span[31m
                  [33mclass[31m=[32m"MuiTypography-root MuiTypography-caption css-mpaqru-MuiTypography-root"[31m
                [36m>[31m
                  [0mID: [0m
                  [0mgpt-4[0m
                [36m</span>[31m
              [36m</div>[31m
              [36m<div[31m
                [33mclass[31m=[32m"MuiChip-root MuiChip-outlined MuiChip-sizeSmall MuiChip-colorDefault css-9bqyez-MuiChip-root"[31m
              [36m>[31m
                [36m<span[31m
                  [33mclass[31m=[32m"MuiChip-label css-19m61dl-MuiChip-label"[31m
                [36m>[31m
                  [0m宸茬鐢?[0m
                [36m</span>[31m
              [36m</div>[31m
            [36m</div>[31m
            [36m<div[31m
              [33mclass[31m=[32m"MuiBox-root css-1qm1lh"[31m
            [36m>[31m
              [36m<p[31m
                [33mclass[31m=[32m"MuiTypography-root MuiTypography-body2 MuiTypography-gutterBottom css-ytim1c-MuiTypography-root"[31m
              [36m>[31m
                [0mProvider: [0m
                [0mopenai[0m
              [36m</p>[31m
              [36m<p[31m
                [33mclass[31m=[32m"MuiTypography-root MuiTypography-body2 MuiTypography-gutterBottom css-ytim1c-MuiTypography-root"[31m
              [36m>[31m
                [0mEndpoint: [0m
                [0mhttps://api.openai.com/v1/chat/completions[0m
              [36m</p>[31m
              [36m<p[31m
                [33mclass[31m=[32m"MuiTypography-root MuiTypography-body2 MuiTypography-gutterBottom css-ytim1c-MuiTypography-root"[31m
              [36m>[31m
                [0mAPI鏍煎紡: [0m
                [0mOpenAI[0m
              [36m</p>[31m
            [36m</div>[31m
            [36m<div[31m
              [33mclass[31m=[32m"MuiBox-root css-69i1ev"[31m
            [36m>[31m
              [36m<span[31m
                [33mclass[31m=[32m"MuiSwitch-root MuiSwitch-sizeMedium css-rehya9-MuiSwitch-root"[31m
              [36m>[31m
                [36m<span[31m
                  [33mclass[31m=[32m"MuiButtonBase-root MuiSwitch-switchBase MuiSwitch-colorPrimary PrivateSwitchBase-root MuiSwitch-switchBase MuiSwitch-colorPrimary css-aqlqb4-MuiButtonBase-root-MuiSwitchBase-root-MuiSwitch-switchBase"[31m
                [36m>[31m
                  [36m<input[31m
                    [33mchecked[31m=[32m""[31m
                    [33mclass[31m=[32m"PrivateSwitchBase-input MuiSwitch-input css-12xagqm-MuiSwitchBase-root"[31m
                    [33mrole[31m=[32m"switch"[31m
                    [33mtype[31m=[32m"checkbox"[31m
                  [36m/>[31m
                  [36m<span[31m
                    [33mclass[31m=[32m"MuiSwitch-thumb css-1mw77bv-MuiSwitch-thumb"[31m
                  [36m/>[31m
                  [36m<span[31m
                    [33mclass[31m=[32m"MuiTouchRipple-root css-r3djoj-MuiTouchRipple-roo...

Ignored nodes: comments, script, style
[36m<html>[31m
  [36m<head>[31m
    [36m<meta[31m
      [33mcontent[31m=[32m""[31m
      [33mname[31m=[32m"emotion-insertion-point"[31m
    [36m/>[31m
  [36m</head>[31m
  [36m<body>[31m
    [36m<div>[31m
      [36m<div[31m
        [33mclass[31m=[32m"MuiBox-root css-19kzrtu"[31m
      [36m>[31m
        [36m<div[31m
          [33mclass[31m=[32m"MuiBox-root css-1gbbedy"[31m
        [36m>[31m
          [36m<div[31m
            [33mclass[31m=[32m"MuiBox-root css-axw7ok"[31m
          [36m>[31m
            [36m<svg[31m
              [33maria-hidden[31m=[32m"true"[31m
              [33mclass[31m=[32m"MuiSvgIcon-root MuiSvgIcon-colorPrimary MuiSvgIcon-fontSizeMedium css-1wtp6o0-MuiSvgIcon-root"[31m
              [33mdata-testid[31m=[32m"SettingsIcon"[31m
              [33mfocusable[31m=[32m"false"[31m
              [33mviewBox[31m=[32m"0 0 24 24"[31m
            [36m>[31m
              [36m<path[31m
                [33md[31m=[32m"M19.14 12.94c.04-.3.06-.61.06-.94 0-.32-.02-.64-.07-.94l2.03-1.58c.18-.14.23-.41.12-.61l-1.92-3.32c-.12-.22-.37-.29-.59-.22l-2.39.96c-.5-.38-1.03-.7-1.62-.94l-.36-2.54c-.04-.24-.24-.41-.48-.41h-3.84c-.24 0-.43.17-.47.41l-.36 2.54c-.59.24-1.13.57-1.62.94l-2.39-.96c-.22-.08-.47 0-.59.22L2.74 8.87c-.12.21-.08.47.12.61l2.03 1.58c-.05.3-.09.63-.09.94s.02.64.07.94l-2.03 1.58c-.18.14-.23.41-.12.61l1.92 3.32c.12.22.37.29.59.22l2.39-.96c.5.38 1.03.7 1.62.94l.36 2.54c.05.24.24.41.48.41h3.84c.24 0 .44-.17.47-.41l.36-2.54c.59-.24 1.13-.56 1.62-.94l2.39.96c.22.08.47 0 .59-.22l1.92-3.32c.12-.22.07-.47-.12-.61zM12 15.6c-1.98 0-3.6-1.62-3.6-3.6s1.62-3.6 3.6-3.6 3.6 1.62 3.6 3.6-1.62 3.6-3.6 3.6"[31m
              [36m/>[31m
            [36m</svg>[31m
            [36m<h2[31m
              [33mclass[31m=[32m"MuiTypography-root MuiTypography-h5 css-16xl4zq-MuiTypography-root"[31m
            [36m>[31m
              [0m妯″瀷閰嶇疆绠＄悊[0m
            [36m</h2>[31m
          [36m</div>[31m
          [36m<button[31m
            [33mclass[31m=[32m"MuiButtonBase-root MuiButton-root MuiButton-contained MuiButton-sizeMedium MuiButton-colorPrimary css-11p8w26-MuiButtonBase-root-MuiButton-root"[31m
            [33mtabindex[31m=[32m"0"[31m
            [33mtype[31m=[32m"button"[31m
          [36m>[31m
            [36m<span[31m
              [33mclass[31m=[32m"MuiButton-icon MuiButton-startIcon css-1sh91j5-MuiButton-startIcon"[31m
            [36m>[31m
              [36m<svg[31m
                [33maria-hidden[31m=[32m"true"[31m
                [33mclass[31m=[32m"MuiSvgIcon-root MuiSvgIcon-fontSizeMedium css-1umw9bq-MuiSvgIcon-root"[31m
                [33mdata-testid[31m=[32m"AddIcon"[31m
                [33mfocusable[31m=[32m"false"[31m
                [33mviewBox[31m=[32m"0 0 24 24"[31m
              [36m>[31m
                [36m<path[31m
                  [33md[31m=[32m"M19 13h-6v6h-2v-6H5v-2h6V5h2v6h6z"[31m
                [36m/>[31m
              [36m</svg>[31m
            [36m</span>[31m
            [0m娣诲姞妯″瀷[0m
          [36m</button>[31m
        [36m</div>[31m
        [36m<p[31m
          [33mclass[31m=[32m"MuiTypography-root MuiTypography-body2 css-1tty75b-MuiTypography-root"[31m
        [36m>[31m
          [0m鍦ㄦ椤甸潰鍙互鏌ョ湅鎵€鏈夊彲鐢ㄦā鍨嬶紝骞跺惎鐢ㄦ垨绂佺敤妯″瀷銆傜鐢ㄧ殑妯″瀷灏嗕笉鍙備笌瀵硅瘽璇锋眰銆?[0m
        [36m</p>[31m
        [36m<div[31m
          [33mclass[31m=[32m"MuiBox-root css-j28lqh"[31m
        [36m>[31m
          [36m<div[31m
            [33mclass[31m=[32m"MuiPaper-root MuiPaper-outlined MuiPaper-rounded MuiCard-root css-11id8nm-MuiPaper-root-MuiCard-root"[31m
          [36m>[31m
            [36m<div[31m
              [33mclass[31m=[32m"MuiCardContent-root css-1lt5qva-MuiCardContent-root"[31m
            [36m>[31m
              [36m<div[31m
                [33mclass[31m=[32m"MuiBox-root css-lhftxy"[31m
              [36m>[31m
                [36m<div[31m
                  [33mclass[31m=[32m"MuiBox-root css-0"[31m
                [36m>[31m
                  [36m<div[31m
                    [33mclass[31m=[32m"MuiTypography-root MuiTypography-h6 css-1miy0lu-MuiTypography-root"[31m
                  [36m>[31m
                    [0mGPT-4[0m
                  [36m</div>[31m
                  [36m<span[31m
                    [33mclass[31m=[32m"MuiTypography-root MuiTypography-caption css-mpaqru-MuiTypography-root"[31m
                  [36m>[31m
                    [0mID: [0m
                    [0mgpt-4[0m
                  [36m</span>[31m
                [36m</div>[31m
                [36m<div[31m
                  [33mclass[31m=[32m"MuiChip-root MuiChip-outlined MuiChip-sizeSmall MuiChip-colorDefault css-9bqyez-MuiChip-root"[31m
                [36m>[31m
                  [36m<span[31m
                    [33mclass[31m=[32m"MuiChip-label css-19m61dl-MuiChip-label"[31m
                  [36m>[31m
                    [0m宸茬鐢?[0m
                  [36m</span>[31m
                [36m</div>[31m
              [36m</div>[31m
              [36m<div[31m
                [33mclass[31m=[32m"MuiBox-root css-1qm1lh"[31m
              [36m>[31m
                [36m<p[31m
                  [33mclass[31m=[32m"MuiTypography-root MuiTypography-body2 MuiTypography-gutterBottom css-ytim1c-MuiTypography-root"[31m
                [36m>[31m
                  [0mProvider: [0m
                  [0mopenai[0m
                [36m</p>[31m
                [36m<p[31m
                  [33mclass[31m=[32m"MuiTypography-root MuiTypography-body2 MuiTypography-gutterBottom css-ytim1c-MuiTypography-root"[31m
                [36m>[31m
                  [0mEndpoint: [0m
                  [0mhttps://api.openai.com/v1/chat/completions[0m
                [36m</p>[31m
                [36m<p[31m
                  [33mclass[31m=[32m"MuiTypography-root MuiTypography-body2 MuiTypography-gutterBottom css-ytim1c-MuiTypography-root"[31m
                [36m>[31m
                  [0mAPI鏍煎紡: [0m
                  [0mOpenAI[0m
                [36m</p>[31m
              [36m</div>[31m
              [36m<div[31m
                [33mclass[31m=[32m"MuiBox-root css-69i1ev"[31m
              [36m>[31m
                [36m<span[31m
                  [33mclass[31m=[32m"MuiSwitch-root MuiSwitch-sizeMedium css-rehya9-MuiSwitch-root"[31m
                [36m>[31m
                  [36m<span[31m
                    [33mclass[31m=[32m"MuiButtonBase-root MuiSwitch-switchBase MuiSwitch-colorPrimary PrivateSwitchBase-root MuiSwitch-switchBase MuiSwitch-colorPrimary css-aqlqb4-MuiButtonBase-root-MuiSwitchBase-root-MuiSwitch-switchBase"[31m
                  [36m>[31m
                    [36m<input[31m
                      [33mchecked[31m=[32m""[31m
                      [33mclass[31m=[32m"PrivateSwitchBase-input MuiSwitch-input css-12xagqm-MuiSwit...[39m
   [33m[2m鉁?[22m[39m ModelConfigPanel 椤甸潰娴嬭瘯[2m > [22m娣诲姞妯″瀷[2m > [22m鐐瑰嚮娣诲姞鎸夐挳鎵撳紑寮圭獥 [33m423[2mms[22m[39m
[31m   [31m脳[31m ModelConfigPanel 椤甸潰娴嬭瘯[2m > [22mSnackbar 鑷姩鍏抽棴[2m > [22mSnackbar 鏄剧ず鍚庤嚜鍔ㄥ叧闂?[33m 1165[2mms[22m[31m[39m
[31m     鈫?Found multiple elements with the text: /宸茬鐢?

Here are the matching elements:

Ignored nodes: comments, script, style
[36m<span[31m
  [33mclass[31m=[32m"MuiChip-label css-19m61dl-MuiChip-label"[31m
[36m>[31m
  [0m宸茬鐢?[0m
[36m</span>[31m

Ignored nodes: comments, script, style
[36m<span[31m
  [33mclass[31m=[32m"MuiChip-label css-19m61dl-MuiChip-label"[31m
[36m>[31m
  [0m宸茬鐢?[0m
[36m</span>[31m

Ignored nodes: comments, script, style
[36m<div[31m
  [33mclass[31m=[32m"MuiAlert-message css-zioonp-MuiAlert-message"[31m
[36m>[31m
  [0m宸茬鐢ㄦā鍨?[0m
[36m</div>[31m

(If this is intentional, then use the `*AllBy*` variant of the query (like `queryAllByText`, `getAllByText`, or `findAllByText`)).

Ignored nodes: comments, script, style
[36m<body[31m
  [33mstyle[31m=[32m""[31m
[36m>[31m
  [36m<div>[31m
    [36m<div[31m
      [33mclass[31m=[32m"MuiBox-root css-19kzrtu"[31m
    [36m>[31m
      [36m<div[31m
        [33mclass[31m=[32m"MuiBox-root css-1gbbedy"[31m
      [36m>[31m
        [36m<div[31m
          [33mclass[31m=[32m"MuiBox-root css-axw7ok"[31m
        [36m>[31m
          [36m<svg[31m
            [33maria-hidden[31m=[32m"true"[31m
            [33mclass[31m=[32m"MuiSvgIcon-root MuiSvgIcon-colorPrimary MuiSvgIcon-fontSizeMedium css-1wtp6o0-MuiSvgIcon-root"[31m
            [33mdata-testid[31m=[32m"SettingsIcon"[31m
            [33mfocusable[31m=[32m"false"[31m
            [33mviewBox[31m=[32m"0 0 24 24"[31m
          [36m>[31m
            [36m<path[31m
              [33md[31m=[32m"M19.14 12.94c.04-.3.06-.61.06-.94 0-.32-.02-.64-.07-.94l2.03-1.58c.18-.14.23-.41.12-.61l-1.92-3.32c-.12-.22-.37-.29-.59-.22l-2.39.96c-.5-.38-1.03-.7-1.62-.94l-.36-2.54c-.04-.24-.24-.41-.48-.41h-3.84c-.24 0-.43.17-.47.41l-.36 2.54c-.59.24-1.13.57-1.62.94l-2.39-.96c-.22-.08-.47 0-.59.22L2.74 8.87c-.12.21-.08.47.12.61l2.03 1.58c-.05.3-.09.63-.09.94s.02.64.07.94l-2.03 1.58c-.18.14-.23.41-.12.61l1.92 3.32c.12.22.37.29.59.22l2.39-.96c.5.38 1.03.7 1.62.94l.36 2.54c.05.24.24.41.48.41h3.84c.24 0 .44-.17.47-.41l.36-2.54c.59-.24 1.13-.56 1.62-.94l2.39.96c.22.08.47 0 .59-.22l1.92-3.32c.12-.22.07-.47-.12-.61zM12 15.6c-1.98 0-3.6-1.62-3.6-3.6s1.62-3.6 3.6-3.6 3.6 1.62 3.6 3.6-1.62 3.6-3.6 3.6"[31m
            [36m/>[31m
          [36m</svg>[31m
          [36m<h2[31m
            [33mclass[31m=[32m"MuiTypography-root MuiTypography-h5 css-16xl4zq-MuiTypography-root"[31m
          [36m>[31m
            [0m妯″瀷閰嶇疆绠＄悊[0m
          [36m</h2>[31m
        [36m</div>[31m
        [36m<button[31m
          [33mclass[31m=[32m"MuiButtonBase-root MuiButton-root MuiButton-contained MuiButton-sizeMedium MuiButton-colorPrimary css-11p8w26-MuiButtonBase-root-MuiButton-root"[31m
          [33mtabindex[31m=[32m"0"[31m
          [33mtype[31m=[32m"button"[31m
        [36m>[31m
          [36m<span[31m
            [33mclass[31m=[32m"MuiButton-icon MuiButton-startIcon css-1sh91j5-MuiButton-startIcon"[31m
          [36m>[31m
            [36m<svg[31m
              [33maria-hidden[31m=[32m"true"[31m
              [33mclass[31m=[32m"MuiSvgIcon-root MuiSvgIcon-fontSizeMedium css-1umw9bq-MuiSvgIcon-root"[31m
              [33mdata-testid[31m=[32m"AddIcon"[31m
              [33mfocusable[31m=[32m"false"[31m
              [33mviewBox[31m=[32m"0 0 24 24"[31m
            [36m>[31m
              [36m<path[31m
                [33md[31m=[32m"M19 13h-6v6h-2v-6H5v-2h6V5h2v6h6z"[31m
              [36m/>[31m
            [36m</svg>[31m
          [36m</span>[31m
          [0m娣诲姞妯″瀷[0m
        [36m</button>[31m
      [36m</div>[31m
      [36m<p[31m
        [33mclass[31m=[32m"MuiTypography-root MuiTypography-body2 css-1tty75b-MuiTypography-root"[31m
      [36m>[31m
        [0m鍦ㄦ椤甸潰鍙互鏌ョ湅鎵€鏈夊彲鐢ㄦā鍨嬶紝骞跺惎鐢ㄦ垨绂佺敤妯″瀷銆傜鐢ㄧ殑妯″瀷灏嗕笉鍙備笌瀵硅瘽璇锋眰銆?[0m
      [36m</p>[31m
      [36m<div[31m
        [33mclass[31m=[32m"MuiBox-root css-j28lqh"[31m
      [36m>[31m
        [36m<div[31m
          [33mclass[31m=[32m"MuiPaper-root MuiPaper-outlined MuiPaper-rounded MuiCard-root css-11id8nm-MuiPaper-root-MuiCard-root"[31m
        [36m>[31m
          [36m<div[31m
            [33mclass[31m=[32m"MuiCardContent-root css-1lt5qva-MuiCardContent-root"[31m
          [36m>[31m
            [36m<div[31m
              [33mclass[31m=[32m"MuiBox-root css-lhftxy"[31m
            [36m>[31m
              [36m<div[31m
                [33mclass[31m=[32m"MuiBox-root css-0"[31m
              [36m>[31m
                [36m<div[31m
                  [33mclass[31m=[32m"MuiTypography-root MuiTypography-h6 css-1miy0lu-MuiTypography-root"[31m
                [36m>[31m
                  [0mGPT-4[0m
                [36m</div>[31m
                [36m<span[31m
                  [33mclass[31m=[32m"MuiTypography-root MuiTypography-caption css-mpaqru-MuiTypography-root"[31m
                [36m>[31m
                  [0mID: [0m
                  [0mgpt-4[0m
                [36m</span>[31m
              [36m</div>[31m
              [36m<div[31m
                [33mclass[31m=[32m"MuiChip-root MuiChip-outlined MuiChip-sizeSmall MuiChip-colorDefault css-9bqyez-MuiChip-root"[31m
              [36m>[31m
                [36m<span[31m
                  [33mclass[31m=[32m"MuiChip-label css-19m61dl-MuiChip-label"[31m
                [36m>[31m
                  [0m宸茬鐢?[0m
                [36m</span>[31m
              [36m</div>[31m
            [36m</div>[31m
            [36m<div[31m
              [33mclass[31m=[32m"MuiBox-root css-1qm1lh"[31m
            [36m>[31m
              [36m<p[31m
                [33mclass[31m=[32m"MuiTypography-root MuiTypography-body2 MuiTypography-gutterBottom css-ytim1c-MuiTypography-root"[31m
              [36m>[31m
                [0mProvider: [0m
                [0mopenai[0m
              [36m</p>[31m
              [36m<p[31m
                [33mclass[31m=[32m"MuiTypography-root MuiTypography-body2 MuiTypography-gutterBottom css-ytim1c-MuiTypography-root"[31m
              [36m>[31m
                [0mEndpoint: [0m
                [0mhttps://api.openai.com/v1/chat/completions[0m
              [36m</p>[31m
              [36m<p[31m
                [33mclass[31m=[32m"MuiTypography-root MuiTypography-body2 MuiTypography-gutterBottom css-ytim1c-MuiTypography-root"[31m
              [36m>[31m
                [0mAPI鏍煎紡: [0m
                [0mOpenAI[0m
              [36m</p>[31m
            [36m</div>[31m
            [36m<div[31m
              [33mclass[31m=[32m"MuiBox-root css-69i1ev"[31m
            [36m>[31m
              [36m<span[31m
                [33mclass[31m=[32m"MuiSwitch-root MuiSwitch-sizeMedium css-rehya9-MuiSwitch-root"[31m
              [36m>[31m
                [36m<span[31m
                  [33mclass[31m=[32m"MuiButtonBase-root MuiSwitch-switchBase MuiSwitch-colorPrimary PrivateSwitchBase-root MuiSwitch-switchBase MuiSwitch-colorPrimary css-aqlqb4-MuiButtonBase-root-MuiSwitchBase-root-MuiSwitch-switchBase"[31m
                [36m>[31m
                  [36m<input[31m
                    [33mchecked[31m=[32m""[31m
                    [33mclass[31m=[32m"PrivateSwitchBase-input MuiSwitch-input css-12xagqm-MuiSwitchBase-root"[31m
                    [33mrole[31m=[32m"switch"[31m
                    [33mtype[31m=[32m"checkbox"[31m
                  [36m/>[31m
                  [36m<span[31m
                    [33mclass[31m=[32m"MuiSwitch-thumb css-1mw77bv-MuiSwitch-thumb"[31m
                  [36m/>[31m
                  [36m<span[31m
                    [33mclass[31m=[32m"MuiTouc...

Ignored nodes: comments, script, style
[36m<html>[31m
  [36m<head>[31m
    [36m<meta[31m
      [33mcontent[31m=[32m""[31m
      [33mname[31m=[32m"emotion-insertion-point"[31m
    [36m/>[31m
  [36m</head>[31m
  [36m<body[31m
    [33mstyle[31m=[32m""[31m
  [36m>[31m
    [36m<div>[31m
      [36m<div[31m
        [33mclass[31m=[32m"MuiBox-root css-19kzrtu"[31m
      [36m>[31m
        [36m<div[31m
          [33mclass[31m=[32m"MuiBox-root css-1gbbedy"[31m
        [36m>[31m
          [36m<div[31m
            [33mclass[31m=[32m"MuiBox-root css-axw7ok"[31m
          [36m>[31m
            [36m<svg[31m
              [33maria-hidden[31m=[32m"true"[31m
              [33mclass[31m=[32m"MuiSvgIcon-root MuiSvgIcon-colorPrimary MuiSvgIcon-fontSizeMedium css-1wtp6o0-MuiSvgIcon-root"[31m
              [33mdata-testid[31m=[32m"SettingsIcon"[31m
              [33mfocusable[31m=[32m"false"[31m
              [33mviewBox[31m=[32m"0 0 24 24"[31m
            [36m>[31m
              [36m<path[31m
                [33md[31m=[32m"M19.14 12.94c.04-.3.06-.61.06-.94 0-.32-.02-.64-.07-.94l2.03-1.58c.18-.14.23-.41.12-.61l-1.92-3.32c-.12-.22-.37-.29-.59-.22l-2.39.96c-.5-.38-1.03-.7-1.62-.94l-.36-2.54c-.04-.24-.24-.41-.48-.41h-3.84c-.24 0-.43.17-.47.41l-.36 2.54c-.59.24-1.13.57-1.62.94l-2.39-.96c-.22-.08-.47 0-.59.22L2.74 8.87c-.12.21-.08.47.12.61l2.03 1.58c-.05.3-.09.63-.09.94s.02.64.07.94l-2.03 1.58c-.18.14-.23.41-.12.61l1.92 3.32c.12.22.37.29.59.22l2.39-.96c.5.38 1.03.7 1.62.94l.36 2.54c.05.24.24.41.48.41h3.84c.24 0 .44-.17.47-.41l.36-2.54c.59-.24 1.13-.56 1.62-.94l2.39.96c.22.08.47 0 .59-.22l1.92-3.32c.12-.22.07-.47-.12-.61zM12 15.6c-1.98 0-3.6-1.62-3.6-3.6s1.62-3.6 3.6-3.6 3.6 1.62 3.6 3.6-1.62 3.6-3.6 3.6"[31m
              [36m/>[31m
            [36m</svg>[31m
            [36m<h2[31m
              [33mclass[31m=[32m"MuiTypography-root MuiTypography-h5 css-16xl4zq-MuiTypography-root"[31m
            [36m>[31m
              [0m妯″瀷閰嶇疆绠＄悊[0m
            [36m</h2>[31m
          [36m</div>[31m
          [36m<button[31m
            [33mclass[31m=[32m"MuiButtonBase-root MuiButton-root MuiButton-contained MuiButton-sizeMedium MuiButton-colorPrimary css-11p8w26-MuiButtonBase-root-MuiButton-root"[31m
            [33mtabindex[31m=[32m"0"[31m
            [33mtype[31m=[32m"button"[31m
          [36m>[31m
            [36m<span[31m
              [33mclass[31m=[32m"MuiButton-icon MuiButton-startIcon css-1sh91j5-MuiButton-startIcon"[31m
            [36m>[31m
              [36m<svg[31m
                [33maria-hidden[31m=[32m"true"[31m
                [33mclass[31m=[32m"MuiSvgIcon-root MuiSvgIcon-fontSizeMedium css-1umw9bq-MuiSvgIcon-root"[31m
                [33mdata-testid[31m=[32m"AddIcon"[31m
                [33mfocusable[31m=[32m"false"[31m
                [33mviewBox[31m=[32m"0 0 24 24"[31m
              [36m>[31m
                [36m<path[31m
                  [33md[31m=[32m"M19 13h-6v6h-2v-6H5v-2h6V5h2v6h6z"[31m
                [36m/>[31m
              [36m</svg>[31m
            [36m</span>[31m
            [0m娣诲姞妯″瀷[0m
          [36m</button>[31m
        [36m</div>[31m
        [36m<p[31m
          [33mclass[31m=[32m"MuiTypography-root MuiTypography-body2 css-1tty75b-MuiTypography-root"[31m
        [36m>[31m
          [0m鍦ㄦ椤甸潰鍙互鏌ョ湅鎵€鏈夊彲鐢ㄦā鍨嬶紝骞跺惎鐢ㄦ垨绂佺敤妯″瀷銆傜鐢ㄧ殑妯″瀷灏嗕笉鍙備笌瀵硅瘽璇锋眰銆?[0m
        [36m</p>[31m
        [36m<div[31m
          [33mclass[31m=[32m"MuiBox-root css-j28lqh"[31m
        [36m>[31m
          [36m<div[31m
            [33mclass[31m=[32m"MuiPaper-root MuiPaper-outlined MuiPaper-rounded MuiCard-root css-11id8nm-MuiPaper-root-MuiCard-root"[31m
          [36m>[31m
            [36m<div[31m
              [33mclass[31m=[32m"MuiCardContent-root css-1lt5qva-MuiCardContent-root"[31m
            [36m>[31m
              [36m<div[31m
                [33mclass[31m=[32m"MuiBox-root css-lhftxy"[31m
              [36m>[31m
                [36m<div[31m
                  [33mclass[31m=[32m"MuiBox-root css-0"[31m
                [36m>[31m
                  [36m<div[31m
                    [33mclass[31m=[32m"MuiTypography-root MuiTypography-h6 css-1miy0lu-MuiTypography-root"[31m
                  [36m>[31m
                    [0mGPT-4[0m
                  [36m</div>[31m
                  [36m<span[31m
                    [33mclass[31m=[32m"MuiTypography-root MuiTypography-caption css-mpaqru-MuiTypography-root"[31m
                  [36m>[31m
                    [0mID: [0m
                    [0mgpt-4[0m
                  [36m</span>[31m
                [36m</div>[31m
                [36m<div[31m
                  [33mclass[31m=[32m"MuiChip-root MuiChip-outlined MuiChip-sizeSmall MuiChip-colorDefault css-9bqyez-MuiChip-root"[31m
                [36m>[31m
                  [36m<span[31m
                    [33mclass[31m=[32m"MuiChip-label css-19m61dl-MuiChip-label"[31m
                  [36m>[31m
                    [0m宸茬鐢?[0m
                  [36m</span>[31m
                [36m</div>[31m
              [36m</div>[31m
              [36m<div[31m
                [33mclass[31m=[32m"MuiBox-root css-1qm1lh"[31m
              [36m>[31m
                [36m<p[31m
                  [33mclass[31m=[32m"MuiTypography-root MuiTypography-body2 MuiTypography-gutterBottom css-ytim1c-MuiTypography-root"[31m
                [36m>[31m
                  [0mProvider: [0m
                  [0mopenai[0m
                [36m</p>[31m
                [36m<p[31m
                  [33mclass[31m=[32m"MuiTypography-root MuiTypography-body2 MuiTypography-gutterBottom css-ytim1c-MuiTypography-root"[31m
                [36m>[31m
                  [0mEndpoint: [0m
                  [0mhttps://api.openai.com/v1/chat/completions[0m
                [36m</p>[31m
                [36m<p[31m
                  [33mclass[31m=[32m"MuiTypography-root MuiTypography-body2 MuiTypography-gutterBottom css-ytim1c-MuiTypography-root"[31m
                [36m>[31m
                  [0mAPI鏍煎紡: [0m
                  [0mOpenAI[0m
                [36m</p>[31m
              [36m</div>[31m
              [36m<div[31m
                [33mclass[31m=[32m"MuiBox-root css-69i1ev"[31m
              [36m>[31m
                [36m<span[31m
                  [33mclass[31m=[32m"MuiSwitch-root MuiSwitch-sizeMedium css-rehya9-MuiSwitch-root"[31m
                [36m>[31m
                  [36m<span[31m
                    [33mclass[31m=[32m"MuiButtonBase-root MuiSwitch-switchBase MuiSwitch-colorPrimary PrivateSwitchBase-root MuiSwitch-switchBase MuiSwitch-colorPrimary css-aqlqb4-MuiButtonBase-root-MuiSwitchBase-root-MuiSwitch-switchBase"[31m
                  [36m>[31m
                    [36m<input[31m
                      [33mchecked[31m=[32m""[31m
                      [33mclass[31m=[32m"PrivateSwitch...[39m
 [31m鉂?[39m src/components/__tests__/AddModelDialog.test.tsx [2m([22m[2m33 tests[22m[2m | [22m[31m9 failed[39m[2m)[22m[33m 11782[2mms[22m[39m
[31m   [31m脳[31m AddModelDialog 缁勪欢娴嬭瘯[2m > [22m寮圭獥鍩烘湰鐘舵€?[2m > [22mopen=true 鏃跺脊绐楀彲瑙?[33m 688[2mms[22m[31m[39m
[31m     鈫?Found multiple elements with the text: 娣诲姞妯″瀷

Here are the matching elements:

Ignored nodes: comments, script, style
[36m<h2[31m
  [33mclass[31m=[32m"MuiTypography-root MuiTypography-h6 MuiDialogTitle-root css-11h0rel-MuiTypography-root-MuiDialogTitle-root"[31m
  [33mid[31m=[32m"_r_0_"[31m
[36m>[31m
  [0m娣诲姞妯″瀷[0m
[36m</h2>[31m

Ignored nodes: comments, script, style
[36m<button[31m
  [33mclass[31m=[32m"MuiButtonBase-root MuiButton-root MuiButton-contained MuiButton-sizeMedium MuiButton-colorPrimary MuiButton-fullWidth css-1k9hkw1-MuiButtonBase-root-MuiButton-root"[31m
  [33mtabindex[31m=[32m"0"[31m
  [33mtype[31m=[32m"button"[31m
[36m>[31m
  [0m娣诲姞妯″瀷[0m
[36m</button>[31m

(If this is intentional, then use the `*AllBy*` variant of the query (like `queryAllByText`, `getAllByText`, or `findAllByText`)).

Ignored nodes: comments, script, style
[36m<body[31m
  [33mstyle[31m=[32m"padding-right: 1024px; overflow: hidden;"[31m
[36m>[31m
  [36m<div[31m
    [33maria-hidden[31m=[32m"true"[31m
  [36m/>[31m
  [36m<div[31m
    [33mclass[31m=[32m"MuiDialog-root MuiModal-root css-1424xw8-MuiModal-root-MuiDialog-root"[31m
    [33mrole[31m=[32m"presentation"[31m
  [36m>[31m
    [36m<div[31m
      [33maria-hidden[31m=[32m"true"[31m
      [33mclass[31m=[32m"MuiBackdrop-root MuiModal-backdrop MuiDialog-backdrop css-1cennmq-MuiBackdrop-root-MuiDialog-backdrop"[31m
      [33mstyle[31m=[32m"opacity: 1; transition: opacity 225ms cubic-bezier(0.4, 0, 0.2, 1) 0ms;"[31m
    [36m/>[31m
    [36m<div[31m
      [33mdata-testid[31m=[32m"sentinelStart"[31m
      [33mtabindex[31m=[32m"0"[31m
    [36m/>[31m
    [36m<div[31m
      [33mclass[31m=[32m"MuiDialog-container MuiDialog-scrollPaper css-19do60a-MuiDialog-container"[31m
      [33mrole[31m=[32m"presentation"[31m
      [33mstyle[31m=[32m"opacity: 1; transition: opacity 225ms cubic-bezier(0.4, 0, 0.2, 1) 0ms;"[31m
      [33mtabindex[31m=[32m"-1"[31m
    [36m>[31m
      [36m<div[31m
        [33maria-labelledby[31m=[32m"_r_0_"[31m
        [33maria-modal[31m=[32m"true"[31m
        [33mclass[31m=[32m"MuiPaper-root MuiPaper-elevation MuiPaper-rounded MuiPaper-elevation24 MuiDialog-paper MuiDialog-paperWidthSm MuiDialog-paperFullWidth css-1r46z6h-MuiPaper-root-MuiDialog-paper"[31m
        [33mdata-mui-focusable[31m=[32m""[31m
        [33mrole[31m=[32m"dialog"[31m
        [33mstyle[31m=[32m"--Paper-shadow: 0px 11px 15px -7px rgba(0,0,0,0.2),0px 24px 38px 3px rgba(0,0,0,0.14),0px 9px 46px 8px rgba(0,0,0,0.12);"[31m
        [33mtabindex[31m=[32m"-1"[31m
      [36m>[31m
        [36m<h2[31m
          [33mclass[31m=[32m"MuiTypography-root MuiTypography-h6 MuiDialogTitle-root css-11h0rel-MuiTypography-root-MuiDialogTitle-root"[31m
          [33mid[31m=[32m"_r_0_"[31m
        [36m>[31m
          [0m娣诲姞妯″瀷[0m
        [36m</h2>[31m
        [36m<div[31m
          [33mclass[31m=[32m"MuiDialogContent-root css-16e34i8-MuiDialogContent-root"[31m
        [36m>[31m
          [36m<div[31m
            [33mclass[31m=[32m"MuiBox-root css-1gsv261"[31m
          [36m>[31m
            [36m<div[31m
              [33mclass[31m=[32m"MuiTabs-root css-jhczcq-MuiTabs-root"[31m
            [36m>[31m
              [36m<div[31m
                [33mclass[31m=[32m"MuiTabs-scroller MuiTabs-fixed css-s2t35c-MuiTabs-scroller"[31m
                [33mstyle[31m=[32m"overflow: hidden; margin-bottom: 0px;"[31m
              [36m>[31m
                [36m<div[31m
                  [33maria-label[31m=[32m"妯″瀷閰嶇疆妯″紡"[31m
                  [33mclass[31m=[32m"MuiTabs-list css-hzcega-MuiTabs-list"[31m
                  [33mrole[31m=[32m"tablist"[31m
                [36m>[31m
                  [36m<button[31m
                    [33maria-selected[31m=[32m"false"[31m
                    [33mclass[31m=[32m"MuiButtonBase-root MuiTab-root MuiTab-textColorPrimary MuiTab-fullWidth css-hmk518-MuiButtonBase-root-MuiTab-root"[31m
                    [33mid[31m=[32m"model-config-tab-0"[31m
                    [33mrole[31m=[32m"tab"[31m
                    [33mtabindex[31m=[32m"-1"[31m
                    [33mtype[31m=[32m"button"[31m
                  [36m>[31m
                    [0m妯″瀷鏈嶅姟鍟?[0m
                  [36m</button>[31m
                  [36m<button[31m
                    [33maria-selected[31m=[32m"true"[31m
                    [33mclass[31m=[32m"MuiButtonBase-root MuiTab-root MuiTab-textColorPrimary MuiTab-fullWidth Mui-selected css-hmk518-MuiButtonBase-root-MuiTab-root"[31m
                    [33mid[31m=[32m"model-config-tab-1"[31m
                    [33mrole[31m=[32m"tab"[31m
                    [33mtabindex[31m=[32m"0"[31m
                    [33mtype[31m=[32m"button"[31m
                  [36m>[31m
                    [0m鑷畾涔夐厤缃?[0m
                  [36m</button>[31m
                [36m</div>[31m
                [36m<span[31m
                  [33mclass[31m=[32m"MuiTabs-indicator css-1qltlow-MuiTabs-indicator"[31m
                  [33mstyle[31m=[32m"left: 0px; width: 0px;"[31m
                [36m/>[31m
              [36m</div>[31m
            [36m</div>[31m
          [36m</div>[31m
          [36m<div[31m
            [33maria-labelledby[31m=[32m"model-config-tab-0"[31m
            [33mhidden[31m=[32m""[31m
            [33mid[31m=[32m"model-config-tabpanel-0"[31m
            [33mrole[31m=[32m"tabpanel"[31m
          [36m/>[31m
          [36m<div[31m
            [33maria-labelledby[31m=[32m"model-config-tab-1"[31m
            [33mid[31m=[32m"model-config-tabpanel-1"[31m
            [33mrole[31m=[32m"tabpanel"[31m
          [36m>[31m
            [36m<div[31m
              [33mclass[31m=[32m"MuiBox-root css-1v3caum"[31m
            [36m>[31m
              [36m<form[31m
                [33mclass[31m=[32m"MuiBox-root css-yd8sa2"[31m
                [33mnovalidate[31m=[32m""[31m
              [36m>[31m
                [36m<div[31m
                  [33mclass[31m=[32m"MuiBox-root css-0"[31m
                [36m>[31m
                  [36m<p[31m
                    [33mclass[31m=[32m"MuiTypography-root MuiTypography-body2 css-k4rohz-MuiTypography-root"[31m
                  [36m>[31m
                    [0m* API 鏍煎紡[0m
                  [36m</p>[31m
                  [36m<div[31m
                    [33mclass[31m=[32m"MuiFormControl-root MuiFormControl-fullWidth css-ytlejw-MuiFormControl-root"[31m
                  [36m>[31m
                    [36m<div[31m
                      [33mclass[31m=[32m"MuiInputBase-root MuiOutlinedInput-root MuiInputBase-colorPrimary MuiInputBase-formControl MuiSelect-root css-sc8y68-MuiInputBase-root-MuiOutlinedInput-root-MuiSelect-root"[31m
                    [36m>[31m
                      [36m<div[31m
                        [33maria-expanded[31m=[32m"false"[31m
                        [33maria-haspopup[31m=[32m"listbox"[31m
                        [33mclass[31m=[32m"MuiSelect-select MuiSelect-outlined MuiInputBase-input MuiOutlinedInput-input css-18jp67o-MuiNativeSelect-root-MuiSelect-select-MuiInputBase-input-MuiOutlinedInput-input"[31m
                        [33mrole[31m=[32m"combobox"[31m
                        [33mtabindex[31m=[32m"0"[31m
                      [36m>[31m
                        [0mOpenAI Chat Completions 鏍煎紡[0m
                      [36m</div>[31m
                      [36m<input[31m
                        [33maria-hidden[31m=[32m"true"[31m
                        [33maria-invalid[31m=[32m"false"[31m
                        [33mclass[31m=[32m"MuiSelect-nativeInput css-j0riat-MuiSelect-nativeInput"[31m
    ...[39m
[31m   [31m脳[31m AddModelDialog 缁勪欢娴嬭瘯[2m > [22mTab 鍒囨崲鍔熻兘[2m > [22m鐐瑰嚮妯″瀷鏈嶅姟鍟?Tab 鍒囨崲鏄剧ず[33m 343[2mms[22m[31m[39m
[31m     鈫?Found multiple elements with the text: 閫夋嫨妯″瀷鏈嶅姟鍟?
Here are the matching elements:

Ignored nodes: comments, script, style
[36m<label[31m
  [33mclass[31m=[32m"MuiFormLabel-root MuiInputLabel-root MuiInputLabel-formControl MuiInputLabel-animated MuiInputLabel-outlined MuiFormLabel-colorPrimary MuiInputLabel-root MuiInputLabel-formControl MuiInputLabel-animated MuiInputLabel-outlined css-19qnlrw-MuiFormLabel-root-MuiInputLabel-root"[31m
  [33mdata-shrink[31m=[32m"false"[31m
[36m>[31m
  [0m閫夋嫨妯″瀷鏈嶅姟鍟?[0m
[36m</label>[31m

Ignored nodes: comments, script, style
[36m<span>[31m
  [0m閫夋嫨妯″瀷鏈嶅姟鍟?[0m
[36m</span>[31m

(If this is intentional, then use the `*AllBy*` variant of the query (like `queryAllByText`, `getAllByText`, or `findAllByText`)).

Ignored nodes: comments, script, style
[36m<body[31m
  [33mstyle[31m=[32m"padding-right: 1024px; overflow: hidden;"[31m
[36m>[31m
  [36m<div[31m
    [33maria-hidden[31m=[32m"true"[31m
  [36m/>[31m
  [36m<div[31m
    [33mclass[31m=[32m"MuiDialog-root MuiModal-root css-1424xw8-MuiModal-root-MuiDialog-root"[31m
    [33mrole[31m=[32m"presentation"[31m
  [36m>[31m
    [36m<div[31m
      [33maria-hidden[31m=[32m"true"[31m
      [33mclass[31m=[32m"MuiBackdrop-root MuiModal-backdrop MuiDialog-backdrop css-1cennmq-MuiBackdrop-root-MuiDialog-backdrop"[31m
      [33mstyle[31m=[32m"opacity: 1; transition: opacity 225ms cubic-bezier(0.4, 0, 0.2, 1) 0ms;"[31m
    [36m/>[31m
    [36m<div[31m
      [33mdata-testid[31m=[32m"sentinelStart"[31m
      [33mtabindex[31m=[32m"0"[31m
    [36m/>[31m
    [36m<div[31m
      [33mclass[31m=[32m"MuiDialog-container MuiDialog-scrollPaper css-19do60a-MuiDialog-container"[31m
      [33mrole[31m=[32m"presentation"[31m
      [33mstyle[31m=[32m"opacity: 1; transition: opacity 225ms cubic-bezier(0.4, 0, 0.2, 1) 0ms;"[31m
      [33mtabindex[31m=[32m"-1"[31m
    [36m>[31m
      [36m<div[31m
        [33maria-labelledby[31m=[32m"_r_2l_"[31m
        [33maria-modal[31m=[32m"true"[31m
        [33mclass[31m=[32m"MuiPaper-root MuiPaper-elevation MuiPaper-rounded MuiPaper-elevation24 MuiDialog-paper MuiDialog-paperWidthSm MuiDialog-paperFullWidth css-1r46z6h-MuiPaper-root-MuiDialog-paper"[31m
        [33mdata-mui-focusable[31m=[32m""[31m
        [33mrole[31m=[32m"dialog"[31m
        [33mstyle[31m=[32m"--Paper-shadow: 0px 11px 15px -7px rgba(0,0,0,0.2),0px 24px 38px 3px rgba(0,0,0,0.14),0px 9px 46px 8px rgba(0,0,0,0.12);"[31m
        [33mtabindex[31m=[32m"-1"[31m
      [36m>[31m
        [36m<h2[31m
          [33mclass[31m=[32m"MuiTypography-root MuiTypography-h6 MuiDialogTitle-root css-11h0rel-MuiTypography-root-MuiDialogTitle-root"[31m
          [33mid[31m=[32m"_r_2l_"[31m
        [36m>[31m
          [0m娣诲姞妯″瀷[0m
        [36m</h2>[31m
        [36m<div[31m
          [33mclass[31m=[32m"MuiDialogContent-root css-16e34i8-MuiDialogContent-root"[31m
        [36m>[31m
          [36m<div[31m
            [33mclass[31m=[32m"MuiBox-root css-1gsv261"[31m
          [36m>[31m
            [36m<div[31m
              [33mclass[31m=[32m"MuiTabs-root css-jhczcq-MuiTabs-root"[31m
            [36m>[31m
              [36m<div[31m
                [33mclass[31m=[32m"MuiTabs-scroller MuiTabs-fixed css-s2t35c-MuiTabs-scroller"[31m
                [33mstyle[31m=[32m"overflow: hidden; margin-bottom: 0px;"[31m
              [36m>[31m
                [36m<div[31m
                  [33maria-label[31m=[32m"妯″瀷閰嶇疆妯″紡"[31m
                  [33mclass[31m=[32m"MuiTabs-list css-hzcega-MuiTabs-list"[31m
                  [33mrole[31m=[32m"tablist"[31m
                [36m>[31m
                  [36m<button[31m
                    [33maria-selected[31m=[32m"true"[31m
                    [33mclass[31m=[32m"MuiButtonBase-root MuiTab-root MuiTab-textColorPrimary MuiTab-fullWidth Mui-selected css-hmk518-MuiButtonBase-root-MuiTab-root"[31m
                    [33mid[31m=[32m"model-config-tab-0"[31m
                    [33mrole[31m=[32m"tab"[31m
                    [33mtabindex[31m=[32m"0"[31m
                    [33mtype[31m=[32m"button"[31m
                  [36m>[31m
                    [0m妯″瀷鏈嶅姟鍟?[0m
                    [36m<span[31m
                      [33mclass[31m=[32m"MuiTouchRipple-root css-r3djoj-MuiTouchRipple-root"[31m
                    [36m>[31m
                      [36m<span[31m
                        [33mclass[31m=[32m"css-y4cjyz-MuiTouchRipple-ripple MuiTouchRipple-ripple MuiTouchRipple-rippleVisible"[31m
                        [33mstyle[31m=[32m"width: 2.8284271247461903px; height: 2.8284271247461903px; top: -1.4142135623730951px; left: -1.4142135623730951px;"[31m
                      [36m>[31m
                        [36m<span[31m
                          [33mclass[31m=[32m"MuiTouchRipple-child MuiTouchRipple-childLeaving"[31m
                        [36m/>[31m
                      [36m</span>[31m
                    [36m</span>[31m
                  [36m</button>[31m
                  [36m<button[31m
                    [33maria-selected[31m=[32m"false"[31m
                    [33mclass[31m=[32m"MuiButtonBase-root MuiTab-root MuiTab-textColorPrimary MuiTab-fullWidth css-hmk518-MuiButtonBase-root-MuiTab-root"[31m
                    [33mid[31m=[32m"model-config-tab-1"[31m
                    [33mrole[31m=[32m"tab"[31m
                    [33mtabindex[31m=[32m"-1"[31m
                    [33mtype[31m=[32m"button"[31m
                  [36m>[31m
                    [0m鑷畾涔夐厤缃?[0m
                  [36m</button>[31m
                [36m</div>[31m
                [36m<span[31m
                  [33mclass[31m=[32m"MuiTabs-indicator css-1qltlow-MuiTabs-indicator"[31m
                  [33mstyle[31m=[32m"left: 0px; width: 0px;"[31m
                [36m/>[31m
              [36m</div>[31m
            [36m</div>[31m
          [36m</div>[31m
          [36m<div[31m
            [33maria-labelledby[31m=[32m"model-config-tab-0"[31m
            [33mid[31m=[32m"model-config-tabpanel-0"[31m
            [33mrole[31m=[32m"tabpanel"[31m
          [36m>[31m
            [36m<div[31m
              [33mclass[31m=[32m"MuiBox-root css-1v3caum"[31m
            [36m>[31m
              [36m<div[31m
                [33mclass[31m=[32m"MuiPaper-root MuiPaper-elevation MuiPaper-rounded MuiPaper-elevation0 MuiAlert-root MuiAlert-colorInfo MuiAlert-standard css-dws3yv-MuiPaper-root-MuiAlert-root"[31m
                [33mrole[31m=[32m"alert"[31m
                [33mstyle[31m=[32m"--Paper-shadow: none;"[31m
              [36m>[31m
                [36m<div[31m
                  [33mclass[31m=[32m"MuiAlert-icon css-vab54s-MuiAlert-icon"[31m
                [36m>[31m
                  [36m<svg[31m
                    [33maria-hidden[31m=[32m"true"[31m
                    [33mclass[31m=[32m"MuiSvgIcon-root MuiSvgIcon-fontSizeInherit css-1ckov0h-MuiSvgIcon-root"[31m
                    [33mdata-testid[31m=[32m"InfoOutlinedIcon"[31m
                    [33mfocusable[31m=[32m"false"[31m
                    [33mviewBox[31m=[32m"0 0 24 24"[31m
                  [36m>[31m
                    [36m<path[31m
                      [33md[31m=[32m"M11,9H13V7H11M12,20C7.59,20 4,16.41 4,12C4,7.59 7.59,4 12,4C16.41,4 20,7.59 20, 12C20,16.41 16.41,20 12,20M12,2A10,10 0 0,0 2,12A10,10 0 0,0 12,22A10,10 0 0,0 22,12A10, 10 0 0,0 12,2M11,17H13V11H11V17Z"[31m
                    [36m/>[31m
                  [36m</svg>[31m
                [36m</div>[31m
                [36m<div[31m
                  [33mclass[31m=[32m"MuiAlert-message css-zioonp-MuiAlert-message"[31m
                [36m>[31m
                  [0m閫夋嫨棰勮鐨勬ā鍨嬫湇鍔″晢锛屽揩閫熸坊鍔犲父鐢ㄦā鍨?[0m
                [36m</div>[31m
              [36m</div>[31m
              [36m<div[31m
                [33mclass[31m=[32m"MuiFormControl-root MuiFormControl-fullWidth css-1y6tzp0-MuiFormControl-root"[31m
              [36m>[31m
                [36m<label[31m
                  [33mclass[31m=[32m"MuiFormLabel-root MuiInputLabel-root MuiInputLabel-formControl MuiInputLabel-animated MuiInputLabel-outlined MuiFormLabel-colorPrimary MuiInputLabel-root MuiInputLabel-formControl MuiInputLabel-animated MuiInputLabel-outlined css-19qnlrw-MuiFormLabel-root-MuiInputLabel-root"[31m
                  [33mdata-shrink[31m=[32m"false"[31m
                [36m>[31m
                  [0m閫夋嫨妯″瀷鏈嶅姟鍟?[0m
                [36m</label>[31m
                [36m<div[31m
                  [33mclass[31m=[32m"MuiInputBase-root MuiOutlinedInput-root MuiInputBase-colorPrimary MuiInputBase-formControl MuiSelect-root css-sc8y68-MuiInputBase-root-MuiOutlinedInput-root-MuiSelect-root"[31m
                [36m>[31m
                  [36m<div[31m
                    [33maria-expanded[31m=[32m"false"[31m
                    [33maria-haspopup[31m=[32m"listbox"[31m
                    [33mclass[31m=[32m"MuiSelect-select MuiSelect-outlined MuiInputBase-input MuiOutlinedInput-input css-18jp67o-MuiNativeSelect-root-MuiSelect-select-MuiInputBase-input-MuiOutlinedInput-input"[31m
                    [33mrole[31m=[32m"combobox"[31m
                    [33mtabindex[31m=[32m"0"[31m
                  [36m>[31m
                    [36m<span[31m
                      [33maria-hidden[31m=[32m"true"[31m
                      [33mclass[31m=[32m"notranslate"[31m
                    [36m>[31m
                      [0m鈥?[0m
                    [36m</span>[31m
                  [36m</div>[31m
                  [36m<input[31m
                    [33maria-hidden[31m=[32m"true"[31m
                    [33maria-invalid[31m=[32m"false"[31m
                    [33mclass[31m=[32m"MuiSelect-nativeInput css-j0riat-MuiSelect-nativeInput"[31m
                    [33mid[31m=[32m"_r_34_"[31m
                    [33mtabindex[31m=[32m"-1"[31m
                    [33mvalue[31m=[32m""[31m
                  [36m/>[31m
                  [36m<svg[31m
                    [33maria-hidden[31m=[32m"true"[31m
                    [33mclass[31m=[32m"MuiSvgIcon-root MuiSvgIcon-fontSizeMedium MuiSelect-icon css-1rfqz7c-MuiSvgIcon-root-MuiNativeSelect-root-MuiSelect-icon"[31m
                    [33mdata-testid[31m=[32m"ArrowDropDownIcon"[31m
                    [33mfocusable[31m=[32m"false"[31m
                    [33mviewBox[31m=[32m"0 0 24 24"[31m
                  [36m>[31m
                    [36m<path[31m
                      [33md[31m=[32m"M7 10l5 5 5-5z"[31m
                    [36m/>[31m
                  [36m</svg>[31m
                  [36m<fieldset[31m
                    [33maria-hidden[31m=[32m"true"[31m
                    [33mclass[31m=[32m"MuiOutlinedInput-notchedOutline css-18p5xg2-MuiNotchedOutlined-root-MuiOutlinedInput-notchedOutline"[31m
                  [36m>[31m
                    [36m<legend[31m
                      [33mclass[31m=[32m"css-1n64csd-MuiNotchedOutlined-root"[31m
                    [36m>[31m
                      [36m<span>[31m
                        [0m閫夋嫨妯″瀷鏈嶅姟鍟?[0m
                      [36m</span>[31m
                    [36m</legend>[31m
                  [36m</fieldset>[31m
                [36m</div>[31m
              [36m</div>[31m
            [36m</div>[31m
          [36m</div>[31m
          [36m<div[31m
            [33maria-labelledby[31m=[32m"model-config-tab-1"[31m
            [33mhidden[31m=[32m""[31m
            [33mid[31m=[32m"model-config-tabpanel-1"[31m
            [33mrole[31m=[32m"tabpanel"[31m
          [36m/>[31m
        [36m</div>[31m
        [36m<div[31m
          [33mclass[31m=[32m"MuiDialogActions-root MuiDialogActions-spacing css-s92rvs-MuiDialogActions-root"[31m
        [36m>[31m
          [36m<button[31m
            [33mclass[31m=[32m"MuiButtonBase-root Mui-disabled MuiButton-root MuiButton-contained MuiButton-sizeMedium MuiButton-colorPrimary MuiButton-fullWidth css-1k9hkw1-MuiButtonBase-root-MuiButton-root"[31m
            [33mdisabled[31m=[32m""[31m
            [33mtabindex[31m=[32m"-1"[31m
            [33mtype[31m=[32m"button"[31m
          [36m>[31m
            [0m娣诲姞妯″瀷[0m
          [36m</button>[31m
        [36m</div>[31m
      [36m</div>[31m
    [36m</div>[31m
    [36m<div[31m
      [33mdata-testid[31m=[32m"sentinelEnd"[31m
      [33mtabindex[31m=[32m"0"[31m
    [36m/>[31m
  [36m</div>[31m
[36m</body>[31m[39m
[31m   [31m脳[31m AddModelDialog 缁勪欢娴嬭瘯[2m > [22mTab 鍒囨崲鍔熻兘[2m > [22m妯″瀷鏈嶅姟鍟?Tab 鏄剧ず棰勮閫夐」[90m 262[2mms[22m[31m[39m
[31m     鈫?Found multiple elements with the text: 閫夋嫨妯″瀷鏈嶅姟鍟?
Here are the matching elements:

Ignored nodes: comments, script, style
[36m<label[31m
  [33mclass[31m=[32m"MuiFormLabel-root MuiInputLabel-root MuiInputLabel-formControl MuiInputLabel-animated MuiInputLabel-outlined MuiFormLabel-colorPrimary MuiInputLabel-root MuiInputLabel-formControl MuiInputLabel-animated MuiInputLabel-outlined css-19qnlrw-MuiFormLabel-root-MuiInputLabel-root"[31m
  [33mdata-shrink[31m=[32m"false"[31m
[36m>[31m
  [0m閫夋嫨妯″瀷鏈嶅姟鍟?[0m
[36m</label>[31m

Ignored nodes: comments, script, style
[36m<span>[31m
  [0m閫夋嫨妯″瀷鏈嶅姟鍟?[0m
[36m</span>[31m

(If this is intentional, then use the `*AllBy*` variant of the query (like `queryAllByText`, `getAllByText`, or `findAllByText`)).

Ignored nodes: comments, script, style
[36m<body[31m
  [33mstyle[31m=[32m"padding-right: 1024px; overflow: hidden;"[31m
[36m>[31m
  [36m<div[31m
    [33maria-hidden[31m=[32m"true"[31m
  [36m/>[31m
  [36m<div[31m
    [33mclass[31m=[32m"MuiDialog-root MuiModal-root css-1424xw8-MuiModal-root-MuiDialog-root"[31m
    [33mrole[31m=[32m"presentation"[31m
  [36m>[31m
    [36m<div[31m
      [33maria-hidden[31m=[32m"true"[31m
      [33mclass[31m=[32m"MuiBackdrop-root MuiModal-backdrop MuiDialog-backdrop css-1cennmq-MuiBackdrop-root-MuiDialog-backdrop"[31m
      [33mstyle[31m=[32m"opacity: 1; transition: opacity 225ms cubic-bezier(0.4, 0, 0.2, 1) 0ms;"[31m
    [36m/>[31m
    [36m<div[31m
      [33mdata-testid[31m=[32m"sentinelStart"[31m
      [33mtabindex[31m=[32m"0"[31m
    [36m/>[31m
    [36m<div[31m
      [33mclass[31m=[32m"MuiDialog-container MuiDialog-scrollPaper css-19do60a-MuiDialog-container"[31m
      [33mrole[31m=[32m"presentation"[31m
      [33mstyle[31m=[32m"opacity: 1; transition: opacity 225ms cubic-bezier(0.4, 0, 0.2, 1) 0ms;"[31m
      [33mtabindex[31m=[32m"-1"[31m
    [36m>[31m
      [36m<div[31m
        [33maria-labelledby[31m=[32m"_r_35_"[31m
        [33maria-modal[31m=[32m"true"[31m
        [33mclass[31m=[32m"MuiPaper-root MuiPaper-elevation MuiPaper-rounded MuiPaper-elevation24 MuiDialog-paper MuiDialog-paperWidthSm MuiDialog-paperFullWidth css-1r46z6h-MuiPaper-root-MuiDialog-paper"[31m
        [33mdata-mui-focusable[31m=[32m""[31m
        [33mrole[31m=[32m"dialog"[31m
        [33mstyle[31m=[32m"--Paper-shadow: 0px 11px 15px -7px rgba(0,0,0,0.2),0px 24px 38px 3px rgba(0,0,0,0.14),0px 9px 46px 8px rgba(0,0,0,0.12);"[31m
        [33mtabindex[31m=[32m"-1"[31m
      [36m>[31m
        [36m<h2[31m
          [33mclass[31m=[32m"MuiTypography-root MuiTypography-h6 MuiDialogTitle-root css-11h0rel-MuiTypography-root-MuiDialogTitle-root"[31m
          [33mid[31m=[32m"_r_35_"[31m
        [36m>[31m
          [0m娣诲姞妯″瀷[0m
        [36m</h2>[31m
        [36m<div[31m
          [33mclass[31m=[32m"MuiDialogContent-root css-16e34i8-MuiDialogContent-root"[31m
        [36m>[31m
          [36m<div[31m
            [33mclass[31m=[32m"MuiBox-root css-1gsv261"[31m
          [36m>[31m
            [36m<div[31m
              [33mclass[31m=[32m"MuiTabs-root css-jhczcq-MuiTabs-root"[31m
            [36m>[31m
              [36m<div[31m
                [33mclass[31m=[32m"MuiTabs-scroller MuiTabs-fixed css-s2t35c-MuiTabs-scroller"[31m
                [33mstyle[31m=[32m"overflow: hidden; margin-bottom: 0px;"[31m
              [36m>[31m
                [36m<div[31m
                  [33maria-label[31m=[32m"妯″瀷閰嶇疆妯″紡"[31m
                  [33mclass[31m=[32m"MuiTabs-list css-hzcega-MuiTabs-list"[31m
                  [33mrole[31m=[32m"tablist"[31m
                [36m>[31m
                  [36m<button[31m
                    [33maria-selected[31m=[32m"true"[31m
                    [33mclass[31m=[32m"MuiButtonBase-root MuiTab-root MuiTab-textColorPrimary MuiTab-fullWidth Mui-selected css-hmk518-MuiButtonBase-root-MuiTab-root"[31m
                    [33mid[31m=[32m"model-config-tab-0"[31m
                    [33mrole[31m=[32m"tab"[31m
                    [33mtabindex[31m=[32m"0"[31m
                    [33mtype[31m=[32m"button"[31m
                  [36m>[31m
                    [0m妯″瀷鏈嶅姟鍟?[0m
                    [36m<span[31m
                      [33mclass[31m=[32m"MuiTouchRipple-root css-r3djoj-MuiTouchRipple-root"[31m
                    [36m>[31m
                      [36m<span[31m
                        [33mclass[31m=[32m"css-y4cjyz-MuiTouchRipple-ripple MuiTouchRipple-ripple MuiTouchRipple-rippleVisible"[31m
                        [33mstyle[31m=[32m"width: 2.8284271247461903px; height: 2.8284271247461903px; top: -1.4142135623730951px; left: -1.4142135623730951px;"[31m
                      [36m>[31m
                        [36m<span[31m
                          [33mclass[31m=[32m"MuiTouchRipple-child MuiTouchRipple-childLeaving"[31m
                        [36m/>[31m
                      [36m</span>[31m
                    [36m</span>[31m
                  [36m</button>[31m
                  [36m<button[31m
                    [33maria-selected[31m=[32m"false"[31m
                    [33mclass[31m=[32m"MuiButtonBase-root MuiTab-root MuiTab-textColorPrimary MuiTab-fullWidth css-hmk518-MuiButtonBase-root-MuiTab-root"[31m
                    [33mid[31m=[32m"model-config-tab-1"[31m
                    [33mrole[31m=[32m"tab"[31m
                    [33mtabindex[31m=[32m"-1"[31m
                    [33mtype[31m=[32m"button"[31m
                  [36m>[31m
                    [0m鑷畾涔夐厤缃?[0m
                  [36m</button>[31m
                [36m</div>[31m
                [36m<span[31m
                  [33mclass[31m=[32m"MuiTabs-indicator css-1qltlow-MuiTabs-indicator"[31m
                  [33mstyle[31m=[32m"left: 0px; width: 0px;"[31m
                [36m/>[31m
              [36m</div>[31m
            [36m</div>[31m
          [36m</div>[31m
          [36m<div[31m
            [33maria-labelledby[31m=[32m"model-config-tab-0"[31m
            [33mid[31m=[32m"model-config-tabpanel-0"[31m
            [33mrole[31m=[32m"tabpanel"[31m
          [36m>[31m
            [36m<div[31m
              [33mclass[31m=[32m"MuiBox-root css-1v3caum"[31m
            [36m>[31m
              [36m<div[31m
                [33mclass[31m=[32m"MuiPaper-root MuiPaper-elevation MuiPaper-rounded MuiPaper-elevation0 MuiAlert-root MuiAlert-colorInfo MuiAlert-standard css-dws3yv-MuiPaper-root-MuiAlert-root"[31m
                [33mrole[31m=[32m"alert"[31m
                [33mstyle[31m=[32m"--Paper-shadow: none;"[31m
              [36m>[31m
                [36m<div[31m
                  [33mclass[31m=[32m"MuiAlert-icon css-vab54s-MuiAlert-icon"[31m
                [36m>[31m
                  [36m<svg[31m
                    [33maria-hidden[31m=[32m"true"[31m
                    [33mclass[31m=[32m"MuiSvgIcon-root MuiSvgIcon-fontSizeInherit css-1ckov0h-MuiSvgIcon-root"[31m
                    [33mdata-testid[31m=[32m"InfoOutlinedIcon"[31m
                    [33mfocusable[31m=[32m"false"[31m
                    [33mviewBox[31m=[32m"0 0 24 24"[31m
                  [36m>[31m
                    [36m<path[31m
                      [33md[31m=[32m"M11,9H13V7H11M12,20C7.59,20 4,16.41 4,12C4,7.59 7.59,4 12,4C16.41,4 20,7.59 20, 12C20,16.41 16.41,20 12,20M12,2A10,10 0 0,0 2,12A10,10 0 0,0 12,22A10,10 0 0,0 22,12A10, 10 0 0,0 12,2M11,17H13V11H11V17Z"[31m
                    [36m/>[31m
                  [36m</svg>[31m
                [36m</div>[31m
                [36m<div[31m
                  [33mclass[31m=[32m"MuiAlert-message css-zioonp-MuiAlert-message"[31m
                [36m>[31m
                  [0m閫夋嫨棰勮鐨勬ā鍨嬫湇鍔″晢锛屽揩閫熸坊鍔犲父鐢ㄦā鍨?[0m
                [36m</div>[31m
              [36m</div>[31m
              [36m<div[31m
                [33mclass[31m=[32m"MuiFormControl-root MuiFormControl-fullWidth css-1y6tzp0-MuiFormControl-root"[31m
              [36m>[31m
                [36m<label[31m
                  [33mclass[31m=[32m"MuiFormLabel-root MuiInputLabel-root MuiInputLabel-formControl MuiInputLabel-animated MuiInputLabel-outlined MuiFormLabel-colorPrimary MuiInputLabel-root MuiInputLabel-formControl MuiInputLabel-animated MuiInputLabel-outlined css-19qnlrw-MuiFormLabel-root-MuiInputLabel-root"[31m
                  [33mdata-shrink[31m=[32m"false"[31m
                [36m>[31m
                  [0m閫夋嫨妯″瀷鏈嶅姟鍟?[0m
                [36m</label>[31m
                [36m<div[31m
                  [33mclass[31m=[32m"MuiInputBase-root MuiOutlinedInput-root MuiInputBase-colorPrimary MuiInputBase-formControl MuiSelect-root css-sc8y68-MuiInputBase-root-MuiOutlinedInput-root-MuiSelect-root"[31m
                [36m>[31m
                  [36m<div[31m
                    [33maria-expanded[31m=[32m"false"[31m
                    [33maria-haspopup[31m=[32m"listbox"[31m
                    [33mclass[31m=[32m"MuiSelect-select MuiSelect-outlined MuiInputBase-input MuiOutlinedInput-input css-18jp67o-MuiNativeSelect-root-MuiSelect-select-MuiInputBase-input-MuiOutlinedInput-input"[31m
                    [33mrole[31m=[32m"combobox"[31m
                    [33mtabindex[31m=[32m"0"[31m
                  [36m>[31m
                    [36m<span[31m
                      [33maria-hidden[31m=[32m"true"[31m
                      [33mclass[31m=[32m"notranslate"[31m
                    [36m>[31m
                      [0m鈥?[0m
                    [36m</span>[31m
                  [36m</div>[31m
                  [36m<input[31m
                    [33maria-hidden[31m=[32m"true"[31m
                    [33maria-invalid[31m=[32m"false"[31m
                    [33mclass[31m=[32m"MuiSelect-nativeInput css-j0riat-MuiSelect-nativeInput"[31m
                    [33mid[31m=[32m"_r_3k_"[31m
                    [33mtabindex[31m=[32m"-1"[31m
                    [33mvalue[31m=[32m""[31m
                  [36m/>[31m
                  [36m<svg[31m
                    [33maria-hidden[31m=[32m"true"[31m
                    [33mclass[31m=[32m"MuiSvgIcon-root MuiSvgIcon-fontSizeMedium MuiSelect-icon css-1rfqz7c-MuiSvgIcon-root-MuiNativeSelect-root-MuiSelect-icon"[31m
                    [33mdata-testid[31m=[32m"ArrowDropDownIcon"[31m
                    [33mfocusable[31m=[32m"false"[31m
                    [33mviewBox[31m=[32m"0 0 24 24"[31m
                  [36m>[31m
                    [36m<path[31m
                      [33md[31m=[32m"M7 10l5 5 5-5z"[31m
                    [36m/>[31m
                  [36m</svg>[31m
                  [36m<fieldset[31m
                    [33maria-hidden[31m=[32m"true"[31m
                    [33mclass[31m=[32m"MuiOutlinedInput-notchedOutline css-18p5xg2-MuiNotchedOutlined-root-MuiOutlinedInput-notchedOutline"[31m
                  [36m>[31m
                    [36m<legend[31m
                      [33mclass[31m=[32m"css-1n64csd-MuiNotchedOutlined-root"[31m
                    [36m>[31m
                      [36m<span>[31m
                        [0m閫夋嫨妯″瀷鏈嶅姟鍟?[0m
                      [36m</span>[31m
                    [36m</legend>[31m
                  [36m</fieldset>[31m
                [36m</div>[31m
              [36m</div>[31m
            [36m</div>[31m
          [36m</div>[31m
          [36m<div[31m
            [33maria-labelledby[31m=[32m"model-config-tab-1"[31m
            [33mhidden[31m=[32m""[31m
            [33mid[31m=[32m"model-config-tabpanel-1"[31m
            [33mrole[31m=[32m"tabpanel"[31m
          [36m/>[31m
        [36m</div>[31m
        [36m<div[31m
          [33mclass[31m=[32m"MuiDialogActions-root MuiDialogActions-spacing css-s92rvs-MuiDialogActions-root"[31m
        [36m>[31m
          [36m<button[31m
            [33mclass[31m=[32m"MuiButtonBase-root Mui-disabled MuiButton-root MuiButton-contained MuiButton-sizeMedium MuiButton-colorPrimary MuiButton-fullWidth css-1k9hkw1-MuiButtonBase-root-MuiButton-root"[31m
            [33mdisabled[31m=[32m""[31m
            [33mtabindex[31m=[32m"-1"[31m
            [33mtype[31m=[32m"button"[31m
          [36m>[31m
            [0m娣诲姞妯″瀷[0m
          [36m</button>[31m
        [36m</div>[31m
      [36m</div>[31m
    [36m</div>[31m
    [36m<div[31m
      [33mdata-testid[31m=[32m"sentinelEnd"[31m
      [33mtabindex[31m=[32m"0"[31m
    [36m/>[31m
  [36m</div>[31m
[36m</body>[31m[39m
   [33m[2m鉁?[22m[39m AddModelDialog 缁勪欢娴嬭瘯[2m > [22m琛ㄥ崟楠岃瘉[2m > [22m绌烘ā鍨?ID 鏃舵樉绀洪敊璇?[33m310[2mms[22m[39m
   [33m[2m鉁?[22m[39m AddModelDialog 缁勪欢娴嬭瘯[2m > [22m琛ㄥ崟楠岃瘉[2m > [22m绌?API 鍦板潃鏃舵樉绀洪敊璇?[33m839[2mms[22m[39m
   [33m[2m鉁?[22m[39m AddModelDialog 缁勪欢娴嬭瘯[2m > [22m琛ㄥ崟楠岃瘉[2m > [22m绌?API 瀵嗛挜鏃舵樉绀洪敊璇?[33m1678[2mms[22m[39m
   [33m[2m鉁?[22m[39m AddModelDialog 缁勪欢娴嬭瘯[2m > [22m琛ㄥ崟楠岃瘉[2m > [22m瀛楁鍙樺寲鏃舵竻闄ゅ搴旈敊璇彁绀?[33m451[2mms[22m[39m
   [33m[2m鉁?[22m[39m AddModelDialog 缁勪欢娴嬭瘯[2m > [22m娣诲姞妯″紡[2m > [22m鎴愬姛鎻愪氦璋冪敤 onSubmit [33m1618[2mms[22m[39m
   [33m[2m鉁?[22m[39m AddModelDialog 缁勪欢娴嬭瘯[2m > [22m娣诲姞妯″紡[2m > [22m鎻愪氦鍚庢竻绌鸿〃鍗?[33m1503[2mms[22m[39m
   [33m[2m鉁?[22m[39m AddModelDialog 缁勪欢娴嬭瘯[2m > [22m缂栬緫妯″紡[2m > [22m缂栬緫妯″紡鎻愪氦璋冪敤 onUpdate [33m314[2mms[22m[39m
[31m   [31m脳[31m AddModelDialog 缁勪欢娴嬭瘯[2m > [22m楂樼骇閰嶇疆[2m > [22m灞曞紑鍚庡彲浠ヤ慨鏀逛笂涓嬫枃绐楀彛[90m 212[2mms[22m[31m[39m
[31m     鈫?[2mexpect([22m[31mreceived[31m[2m).toBeInTheDocument()[22m

[31mreceived[31m value must be an HTMLElement or an SVGElement.
[39m
   [33m[2m鉁?[22m[39m AddModelDialog 缁勪欢娴嬭瘯[2m > [22m鍏抽棴寮圭獥[2m > [22m鍏抽棴鏃舵竻绌鸿〃鍗曟暟鎹?[33m389[2mms[22m[39m
[31m   [31m脳[31m AddModelDialog 缁勪欢娴嬭瘯[2m > [22m澶氭ā鎬佸紑鍏?[2m > [22m榛樿鍏抽棴[33m 332[2mms[22m[31m[39m
[31m     鈫?Unable to find an accessible element with the role "checkbox" and name `/澶氭ā鎬?`

Here are the accessible roles:

  presentation:

  Name "":
  [36m<div[31m
    [33mclass[31m=[32m"MuiDialog-root MuiModal-root css-1424xw8-MuiModal-root-MuiDialog-root"[31m
    [33mrole[31m=[32m"presentation"[31m
  [36m/>[31m

  Name "":
  [36m<div[31m
    [33mclass[31m=[32m"MuiDialog-container MuiDialog-scrollPaper css-19do60a-MuiDialog-container"[31m
    [33mrole[31m=[32m"presentation"[31m
    [33mstyle[31m=[32m"opacity: 1; transition: opacity 225ms cubic-bezier(0.4, 0, 0.2, 1) 0ms;"[31m
    [33mtabindex[31m=[32m"-1"[31m
  [36m/>[31m

  --------------------------------------------------
  dialog:

  Name "娣诲姞妯″瀷":
  [36m<div[31m
    [33maria-labelledby[31m=[32m"_r_bh_"[31m
    [33maria-modal[31m=[32m"true"[31m
    [33mclass[31m=[32m"MuiPaper-root MuiPaper-elevation MuiPaper-rounded MuiPaper-elevation24 MuiDialog-paper MuiDialog-paperWidthSm MuiDialog-paperFullWidth css-1r46z6h-MuiPaper-root-MuiDialog-paper"[31m
    [33mdata-mui-focusable[31m=[32m""[31m
    [33mrole[31m=[32m"dialog"[31m
    [33mstyle[31m=[32m"--Paper-shadow: 0px 11px 15px -7px rgba(0,0,0,0.2),0px 24px 38px 3px rgba(0,0,0,0.14),0px 9px 46px 8px rgba(0,0,0,0.12);"[31m
    [33mtabindex[31m=[32m"-1"[31m
  [36m/>[31m

  --------------------------------------------------
  heading:

  Name "娣诲姞妯″瀷":
  [36m<h2[31m
    [33mclass[31m=[32m"MuiTypography-root MuiTypography-h6 MuiDialogTitle-root css-11h0rel-MuiTypography-root-MuiDialogTitle-root"[31m
    [33mid[31m=[32m"_r_bh_"[31m
  [36m/>[31m

  Name "楂樼骇閰嶇疆":
  [36m<h3[31m
    [33mclass[31m=[32m"MuiAccordion-heading css-cy7rkm-MuiAccordion-heading"[31m
  [36m/>[31m

  --------------------------------------------------
  tablist:

  Name "妯″瀷閰嶇疆妯″紡":
  [36m<div[31m
    [33maria-label[31m=[32m"妯″瀷閰嶇疆妯″紡"[31m
    [33mclass[31m=[32m"MuiTabs-list css-hzcega-MuiTabs-list"[31m
    [33mrole[31m=[32m"tablist"[31m
  [36m/>[31m

  --------------------------------------------------
  tab:

  Name "妯″瀷鏈嶅姟鍟?:
  [36m<button[31m
    [33maria-selected[31m=[32m"false"[31m
    [33mclass[31m=[32m"MuiButtonBase-root MuiTab-root MuiTab-textColorPrimary MuiTab-fullWidth css-hmk518-MuiButtonBase-root-MuiTab-root"[31m
    [33mid[31m=[32m"model-config-tab-0"[31m
    [33mrole[31m=[32m"tab"[31m
    [33mtabindex[31m=[32m"-1"[31m
    [33mtype[31m=[32m"button"[31m
  [36m/>[31m

  Name "鑷畾涔夐厤缃?:
  [36m<button[31m
    [33maria-selected[31m=[32m"true"[31m
    [33mclass[31m=[32m"MuiButtonBase-root MuiTab-root MuiTab-textColorPrimary MuiTab-fullWidth Mui-selected css-hmk518-MuiButtonBase-root-MuiTab-root"[31m
    [33mid[31m=[32m"model-config-tab-1"[31m
    [33mrole[31m=[32m"tab"[31m
    [33mtabindex[31m=[32m"0"[31m
    [33mtype[31m=[32m"button"[31m
  [36m/>[31m

  --------------------------------------------------
  tabpanel:

  Name "鑷畾涔夐厤缃?:
  [36m<div[31m
    [33maria-labelledby[31m=[32m"model-config-tab-1"[31m
    [33mid[31m=[32m"model-config-tabpanel-1"[31m
    [33mrole[31m=[32m"tabpanel"[31m
  [36m/>[31m

  --------------------------------------------------
  paragraph:

  Name "":
  [36m<p[31m
    [33mclass[31m=[32m"MuiTypography-root MuiTypography-body2 css-k4rohz-MuiTypography-root"[31m
  [36m/>[31m

  Name "":
  [36m<p[31m
    [33mclass[31m=[32m"MuiTypography-root MuiTypography-body2 css-65t7lf-MuiTypography-root"[31m
  [36m/>[31m

  Name "":
  [36m<p[31m
    [33mclass[31m=[32m"MuiTypography-root MuiTypography-body2 css-65t7lf-MuiTypography-root"[31m
  [36m/>[31m

  Name "":
  [36m<p[31m
    [33mclass[31m=[32m"MuiTypography-root MuiTypography-body2 css-k4rohz-MuiTypography-root"[31m
  [36m/>[31m

  Name "":
  [36m<p[31m
    [33mclass[31m=[32m"MuiTypography-root MuiTypography-body2 css-7ctihp-MuiTypography-root"[31m
  [36m/>[31m

  --------------------------------------------------
  combobox:

  Name "":
  [36m<div[31m
    [33maria-expanded[31m=[32m"false"[31m
    [33maria-haspopup[31m=[32m"listbox"[31m
    [33mclass[31m=[32m"MuiSelect-select MuiSelect-outlined MuiInputBase-input MuiOutlinedInput-input css-18jp67o-MuiNativeSelect-root-MuiSelect-select-MuiInputBase-input-MuiOutlinedInput-input"[31m
    [33mrole[31m=[32m"combobox"[31m
    [33mtabindex[31m=[32m"0"[31m
  [36m/>[31m

  --------------------------------------------------
  switch:

  Name "":
  [36m<input[31m
    [33mclass[31m=[32m"PrivateSwitchBase-input MuiSwitch-input css-12xagqm-MuiSwitchBase-root"[31m
    [33mrole[31m=[32m"switch"[31m
    [33mtype[31m=[32m"checkbox"[31m
  [36m/>[31m

  Name "澶氭ā鎬?:
  [36m<input[31m
    [33mclass[31m=[32m"PrivateSwitchBase-input MuiSwitch-input css-12xagqm-MuiSwitchBase-root"[31m
    [33mrole[31m=[32m"switch"[31m
    [33mtype[31m=[32m"checkbox"[31m
  [36m/>[31m

  --------------------------------------------------
  textbox:

  Name "":
  [36m<input[31m
    [33maria-invalid[31m=[32m"false"[31m
    [33mclass[31m=[32m"MuiInputBase-input MuiOutlinedInput-input css-16wblaj-MuiInputBase-input-MuiOutlinedInput-input"[31m
    [33mid[31m=[32m"_r_bk_"[31m
    [33mplaceholder[31m=[32m"e.g. https://api.openai.com/v1"[31m
    [33mtype[31m=[32m"text"[31m
    [33mvalue[31m=[32m""[31m
  [36m/>[31m

  Name "":
  [36m<input[31m
    [33maria-invalid[31m=[32m"false"[31m
    [33mclass[31m=[32m"MuiInputBase-input MuiOutlinedInput-input css-16wblaj-MuiInputBase-input-MuiOutlinedInput-input"[31m
    [33mid[31m=[32m"_r_bl_"[31m
    [33mplaceholder[31m=[32m"杈撳叆妯″瀷 ID"[31m
    [33mtype[31m=[32m"text"[31m
    [33mvalue[31m=[32m""[31m
  [36m/>[31m

  --------------------------------------------------
  alert:

  Name "":
  [36m<div[31m
    [33mclass[31m=[32m"MuiPaper-root MuiPaper-elevation MuiPaper-rounded MuiPaper-elevation0 MuiAlert-root MuiAlert-colorInfo MuiAlert-standard css-1u1am8e-MuiPaper-root-MuiAlert-root"[31m
    [33mrole[31m=[32m"alert"[31m
    [33mstyle[31m=[32m"--Paper-shadow: none;"[31m
  [36m/>[31m

  --------------------------------------------------
  button:

  Name "楂樼骇閰嶇疆":
  [36m<button[31m
    [33maria-expanded[31m=[32m"false"[31m
    [33mclass[31m=[32m"MuiButtonBase-root MuiAccordionSummary-root MuiAccordionSummary-gutters css-9ux1uy-MuiButtonBase-root-MuiAccordionSummary-root"[31m
    [33mtabindex[31m=[32m"0"[31m
    [33mtype[31m=[32m"button"[31m
  [36m/>[31m

  Name "娣诲姞妯″瀷":
  [36m<button[31m
    [33mclass[31m=[32m"MuiButtonBase-root MuiButton-root MuiButton-contained MuiButton-sizeMedium MuiButton-colorPrimary MuiButton-fullWidth css-1k9hkw1-MuiButtonBase-root-MuiButton-root"[31m
    [33mtabindex[31m=[32m"0"[31m
    [33mtype[31m=[32m"button"[31m
  [36m/>[31m

  --------------------------------------------------

Ignored nodes: comments, script, style
[36m<body[31m
  [33mstyle[31m=[32m"padding-right: 1024px; overflow: hidden;"[31m
[36m>[31m
  [36m<div[31m
    [33maria-hidden[31m=[32m"true"[31m
  [36m/>[31m
  [36m<div[31m
    [33mclass[31m=[32m"MuiDialog-root MuiModal-root css-1424xw8-MuiModal-root-MuiDialog-root"[31m
    [33mrole[31m=[32m"presentation"[31m
  [36m>[31m
    [36m<div[31m
      [33maria-hidden[31m=[32m"true"[31m
      [33mclass[31m=[32m"MuiBackdrop-root MuiModal-backdrop MuiDialog-backdrop css-1cennmq-MuiBackdrop-root-MuiDialog-backdrop"[31m
      [33mstyle[31m=[32m"opacity: 1; transition: opacity 225ms cubic-bezier(0.4, 0, 0.2, 1) 0ms;"[31m
    [36m/>[31m
    [36m<div[31m
      [33mdata-testid[31m=[32m"sentinelStart"[31m
      [33mtabindex[31m=[32m"0"[31m
    [36m/>[31m
    [36m<div[31m
      [33mclass[31m=[32m"MuiDialog-container MuiDialog-scrollPaper css-19do60a-MuiDialog-container"[31m
      [33mrole[31m=[32m"presentation"[31m
      [33mstyle[31m=[32m"opacity: 1; transition: opacity 225ms cubic-bezier(0.4, 0, 0.2, 1) 0ms;"[31m
      [33mtabindex[31m=[32m"-1"[31m
    [36m>[31m
      [36m<div[31m
        [33maria-labelledby[31m=[32m"_r_bh_"[31m
        [33maria-modal[31m=[32m"true"[31m
        [33mclass[31m=[32m"MuiPaper-root MuiPaper-elevation MuiPaper-rounded MuiPaper-elevation24 MuiDialog-paper MuiDialog-paperWidthSm MuiDialog-paperFullWidth css-1r46z6h-MuiPaper-root-MuiDialog-paper"[31m
        [33mdata-mui-focusable[31m=[32m""[31m
        [33mrole[31m=[32m"dialog"[31m
        [33mstyle[31m=[32m"--Paper-shadow: 0px 11px 15px -7px rgba(0,0,0,0.2),0px 24px 38px 3px rgba(0,0,0,0.14),0px 9px 46px 8px rgba(0,0,0,0.12);"[31m
        [33mtabindex[31m=[32m"-1"[31m
      [36m>[31m
        [36m<h2[31m
          [33mclass[31m=[32m"MuiTypography-root MuiTypography-h6 MuiDialogTitle-root css-11h0rel-MuiTypography-root-MuiDialogTitle-root"[31m
          [33mid[31m=[32m"_r_bh_"[31m
        [36m>[31m
          [0m娣诲姞妯″瀷[0m
        [36m</h2>[31m
        [36m<div[31m
          [33mclass[31m=[32m"MuiDialogContent-root css-16e34i8-MuiDialogContent-root"[31m
        [36m>[31m
          [36m<div[31m
            [33mclass[31m=[32m"MuiBox-root css-1gsv261"[31m
          [36m>[31m
            [36m<div[31m
              [33mclass[31m=[32m"MuiTabs-root css-jhczcq-MuiTabs-root"[31m
            [36m>[31m
              [36m<div[31m
                [33mclass[31m=[32m"MuiTabs-scroller MuiTabs-fixed css-s2t35c-MuiTabs-scroller"[31m
                [33mstyle[31m=[32m"overflow: hidden; margin-bottom: 0px;"[31m
              [36m>[31m
                [36m<div[31m
                  [33maria-label[31m=[32m"妯″瀷閰嶇疆妯″紡"[31m
                  [33mclass[31m=[32m"MuiTabs-list css-hzcega-MuiTabs-list"[31m
                  [33mrole[31m=[32m"tablist"[31m
                [36m>[31m
                  [36m<button[31m
                    [33maria-selected[31m=[32m"false"[31m
                    [33mclass[31m=[32m"MuiButtonBase-root MuiTab-root MuiTab-textColorPrimary MuiTab-fullWidth css-hmk518-MuiButtonBase-root-MuiTab-root"[31m
                    [33mid[31m=[32m"model-config-tab-0"[31m
                    [33mrole[31m=[32m"tab"[31m
                    [33mtabindex[31m=[32m"-1"[31m
                    [33mtype[31m=[32m"button"[31m
                  [36m>[31m
                    [0m妯″瀷鏈嶅姟鍟?[0m
                  [36m</button>[31m
                  [36m<button[31m
                    [33maria-selected[31m=[32m"true"[31m
                    [33mclass[31m=[32m"MuiButtonBase-root MuiTab-root MuiTab-textColorPrimary MuiTab-fullWidth Mui-selected css-hmk518-MuiButtonBase-root-MuiTab-root"[31m
                    [33mid[31m=[32m"model-config-tab-1"[31m
                    [33mrole[31m=[32m"tab"[31m
                    [33mtabindex[31m=[32m"0"[31m
                    [33mtype[31m=[32m"button"[31m
                  [36m>[31m
                    [0m鑷畾涔夐厤缃?[0m
                  [36m</button>[31m
                [36m</div>[31m
                [36m<span[31m
                  [33mclass[31m=[32m"MuiTabs-indicator css-1qltlow-MuiTabs-indicator"[31m
                  [33mstyle[31m=[32m"left: 0px; width: 0px;"[31m
                [36m/>[31m
              [36m</div>[31m
            [36m</div>[31m
          [36m</div>[31m
          [36m<div[31m
            [33maria-labelledby[31m=[32m"model-config-tab-0"[31m
            [33mhidden[31m=[32m""[31m
            [33mid[31m=[32m"model-config-tabpanel-0"[31m
            [33mrole[31m=[32m"tabpanel"[31m
          [36m/>[31m
          [36m<div[31m
            [33maria-labelledby[31m=[32m"model-config-tab-1"[31m
            [33mid[31m=[32m"model-config-tabpanel-1"[31m
            [33mrole[31m=[32m"tabpanel"[31m
          [36m>[31m
            [36m<div[31m
              [33mclass[31m=[32m"MuiBox-root css-1v3caum"[31m
            [36m>[31m
              [36m<form[31m
                [33mclass[31m=[32m"MuiBox-root css-yd8sa2"[31m
                [33mnovalidate[31m=[32m""[31m
              [36m>[31m
                [36m<div[31m
                  [33mclass[31m=[32m"MuiBox-root css-0"[31m
                [36m>[31m
                  [36m<p[31m
                    [33mclass[31m=[32m"MuiTypography-root MuiTypography-body2 css-k4rohz-MuiTypography-root"[31m
                  [36m>[31m
                    [0m* API 鏍煎紡[0m
                  [36m</p>[31m
                  [36m<div[31m
                    [33mclass[31m=[32m"MuiFormControl-root MuiFormControl-fullWidth css-ytlejw-MuiFormControl-root"[31m
                  [36m>[31m
                    [36m<div[31m
                      [33mclass[31m=[32m"MuiInputBase-root MuiOutlinedInput-root MuiInputBase-colorPrimary MuiInputBase-formControl MuiSelect-root css-sc8y68-MuiInputBase-root-MuiOutlinedInput-root-MuiSelect-root"[31m
                    [36m>[31m
                      [36m<div[31m
                        [33maria-expanded[31m=[32m"false"[31m
                        [33maria-haspopup[31m=[32m"listbox"[31m
                        [33mclass[31m=[32m"MuiSelect-select MuiSelect-outlined MuiInputBase-input MuiOutlinedInput-input css-18jp67o-MuiNativeSelect-root-MuiSelect-select-MuiInputBase-input-MuiOutlinedInput-input"[31m
                        [33mrole[31m=[32m"combobox"[31m
                        [33mtabindex[31m=[32m"0"[31m
                      [36m>[31m
                        [0mOpenAI Chat Completions 鏍煎紡[0m
                      [36m</div>[31m
                      [36m<input[31m
                        [33maria-hidden[31m=[32m"true"[31m
                        [33maria-invalid[31m=[32m"false"[31m
                        [33mclass[31m=[32m"MuiSelect-nativeInput css-j0riat-MuiSelect-nativeInput"[31m
  ...[39m
[31m   [31m脳[31m AddModelDialog 缁勪欢娴嬭瘯[2m > [22m澶氭ā鎬佸紑鍏?[2m > [22m鐐瑰嚮鍒囨崲鐘舵€?[90m 260[2mms[22m[31m[39m
[31m     鈫?Unable to find an accessible element with the role "checkbox" and name `/澶氭ā鎬?`

Here are the accessible roles:

  presentation:

  Name "":
  [36m<div[31m
    [33mclass[31m=[32m"MuiDialog-root MuiModal-root css-1424xw8-MuiModal-root-MuiDialog-root"[31m
    [33mrole[31m=[32m"presentation"[31m
  [36m/>[31m

  Name "":
  [36m<div[31m
    [33mclass[31m=[32m"MuiDialog-container MuiDialog-scrollPaper css-19do60a-MuiDialog-container"[31m
    [33mrole[31m=[32m"presentation"[31m
    [33mstyle[31m=[32m"opacity: 1; transition: opacity 225ms cubic-bezier(0.4, 0, 0.2, 1) 0ms;"[31m
    [33mtabindex[31m=[32m"-1"[31m
  [36m/>[31m

  --------------------------------------------------
  dialog:

  Name "娣诲姞妯″瀷":
  [36m<div[31m
    [33maria-labelledby[31m=[32m"_r_bv_"[31m
    [33maria-modal[31m=[32m"true"[31m
    [33mclass[31m=[32m"MuiPaper-root MuiPaper-elevation MuiPaper-rounded MuiPaper-elevation24 MuiDialog-paper MuiDialog-paperWidthSm MuiDialog-paperFullWidth css-1r46z6h-MuiPaper-root-MuiDialog-paper"[31m
    [33mdata-mui-focusable[31m=[32m""[31m
    [33mrole[31m=[32m"dialog"[31m
    [33mstyle[31m=[32m"--Paper-shadow: 0px 11px 15px -7px rgba(0,0,0,0.2),0px 24px 38px 3px rgba(0,0,0,0.14),0px 9px 46px 8px rgba(0,0,0,0.12);"[31m
    [33mtabindex[31m=[32m"-1"[31m
  [36m/>[31m

  --------------------------------------------------
  heading:

  Name "娣诲姞妯″瀷":
  [36m<h2[31m
    [33mclass[31m=[32m"MuiTypography-root MuiTypography-h6 MuiDialogTitle-root css-11h0rel-MuiTypography-root-MuiDialogTitle-root"[31m
    [33mid[31m=[32m"_r_bv_"[31m
  [36m/>[31m

  Name "楂樼骇閰嶇疆":
  [36m<h3[31m
    [33mclass[31m=[32m"MuiAccordion-heading css-cy7rkm-MuiAccordion-heading"[31m
  [36m/>[31m

  --------------------------------------------------
  tablist:

  Name "妯″瀷閰嶇疆妯″紡":
  [36m<div[31m
    [33maria-label[31m=[32m"妯″瀷閰嶇疆妯″紡"[31m
    [33mclass[31m=[32m"MuiTabs-list css-hzcega-MuiTabs-list"[31m
    [33mrole[31m=[32m"tablist"[31m
  [36m/>[31m

  --------------------------------------------------
  tab:

  Name "妯″瀷鏈嶅姟鍟?:
  [36m<button[31m
    [33maria-selected[31m=[32m"false"[31m
    [33mclass[31m=[32m"MuiButtonBase-root MuiTab-root MuiTab-textColorPrimary MuiTab-fullWidth css-hmk518-MuiButtonBase-root-MuiTab-root"[31m
    [33mid[31m=[32m"model-config-tab-0"[31m
    [33mrole[31m=[32m"tab"[31m
    [33mtabindex[31m=[32m"-1"[31m
    [33mtype[31m=[32m"button"[31m
  [36m/>[31m

  Name "鑷畾涔夐厤缃?:
  [36m<button[31m
    [33maria-selected[31m=[32m"true"[31m
    [33mclass[31m=[32m"MuiButtonBase-root MuiTab-root MuiTab-textColorPrimary MuiTab-fullWidth Mui-selected css-hmk518-MuiButtonBase-root-MuiTab-root"[31m
    [33mid[31m=[32m"model-config-tab-1"[31m
    [33mrole[31m=[32m"tab"[31m
    [33mtabindex[31m=[32m"0"[31m
    [33mtype[31m=[32m"button"[31m
  [36m/>[31m

  --------------------------------------------------
  tabpanel:

  Name "鑷畾涔夐厤缃?:
  [36m<div[31m
    [33maria-labelledby[31m=[32m"model-config-tab-1"[31m
    [33mid[31m=[32m"model-config-tabpanel-1"[31m
    [33mrole[31m=[32m"tabpanel"[31m
  [36m/>[31m

  --------------------------------------------------
  paragraph:

  Name "":
  [36m<p[31m
    [33mclass[31m=[32m"MuiTypography-root MuiTypography-body2 css-k4rohz-MuiTypography-root"[31m
  [36m/>[31m

  Name "":
  [36m<p[31m
    [33mclass[31m=[32m"MuiTypography-root MuiTypography-body2 css-65t7lf-MuiTypography-root"[31m
  [36m/>[31m

  Name "":
  [36m<p[31m
    [33mclass[31m=[32m"MuiTypography-root MuiTypography-body2 css-65t7lf-MuiTypography-root"[31m
  [36m/>[31m

  Name "":
  [36m<p[31m
    [33mclass[31m=[32m"MuiTypography-root MuiTypography-body2 css-k4rohz-MuiTypography-root"[31m
  [36m/>[31m

  Name "":
  [36m<p[31m
    [33mclass[31m=[32m"MuiTypography-root MuiTypography-body2 css-7ctihp-MuiTypography-root"[31m
  [36m/>[31m

  --------------------------------------------------
  combobox:

  Name "":
  [36m<div[31m
    [33maria-expanded[31m=[32m"false"[31m
    [33maria-haspopup[31m=[32m"listbox"[31m
    [33mclass[31m=[32m"MuiSelect-select MuiSelect-outlined MuiInputBase-input MuiOutlinedInput-input css-18jp67o-MuiNativeSelect-root-MuiSelect-select-MuiInputBase-input-MuiOutlinedInput-input"[31m
    [33mrole[31m=[32m"combobox"[31m
    [33mtabindex[31m=[32m"0"[31m
  [36m/>[31m

  --------------------------------------------------
  switch:

  Name "":
  [36m<input[31m
    [33mclass[31m=[32m"PrivateSwitchBase-input MuiSwitch-input css-12xagqm-MuiSwitchBase-root"[31m
    [33mrole[31m=[32m"switch"[31m
    [33mtype[31m=[32m"checkbox"[31m
  [36m/>[31m

  Name "澶氭ā鎬?:
  [36m<input[31m
    [33mclass[31m=[32m"PrivateSwitchBase-input MuiSwitch-input css-12xagqm-MuiSwitchBase-root"[31m
    [33mrole[31m=[32m"switch"[31m
    [33mtype[31m=[32m"checkbox"[31m
  [36m/>[31m

  --------------------------------------------------
  textbox:

  Name "":
  [36m<input[31m
    [33maria-invalid[31m=[32m"false"[31m
    [33mclass[31m=[32m"MuiInputBase-input MuiOutlinedInput-input css-16wblaj-MuiInputBase-input-MuiOutlinedInput-input"[31m
    [33mid[31m=[32m"_r_c2_"[31m
    [33mplaceholder[31m=[32m"e.g. https://api.openai.com/v1"[31m
    [33mtype[31m=[32m"text"[31m
    [33mvalue[31m=[32m""[31m
  [36m/>[31m

  Name "":
  [36m<input[31m
    [33maria-invalid[31m=[32m"false"[31m
    [33mclass[31m=[32m"MuiInputBase-input MuiOutlinedInput-input css-16wblaj-MuiInputBase-input-MuiOutlinedInput-input"[31m
    [33mid[31m=[32m"_r_c3_"[31m
    [33mplaceholder[31m=[32m"杈撳叆妯″瀷 ID"[31m
    [33mtype[31m=[32m"text"[31m
    [33mvalue[31m=[32m""[31m
  [36m/>[31m

  --------------------------------------------------
  alert:

  Name "":
  [36m<div[31m
    [33mclass[31m=[32m"MuiPaper-root MuiPaper-elevation MuiPaper-rounded MuiPaper-elevation0 MuiAlert-root MuiAlert-colorInfo MuiAlert-standard css-1u1am8e-MuiPaper-root-MuiAlert-root"[31m
    [33mrole[31m=[32m"alert"[31m
    [33mstyle[31m=[32m"--Paper-shadow: none;"[31m
  [36m/>[31m

  --------------------------------------------------
  button:

  Name "楂樼骇閰嶇疆":
  [36m<button[31m
    [33maria-expanded[31m=[32m"false"[31m
    [33mclass[31m=[32m"MuiButtonBase-root MuiAccordionSummary-root MuiAccordionSummary-gutters css-9ux1uy-MuiButtonBase-root-MuiAccordionSummary-root"[31m
    [33mtabindex[31m=[32m"0"[31m
    [33mtype[31m=[32m"button"[31m
  [36m/>[31m

  Name "娣诲姞妯″瀷":
  [36m<button[31m
    [33mclass[31m=[32m"MuiButtonBase-root MuiButton-root MuiButton-contained MuiButton-sizeMedium MuiButton-colorPrimary MuiButton-fullWidth css-1k9hkw1-MuiButtonBase-root-MuiButton-root"[31m
    [33mtabindex[31m=[32m"0"[31m
    [33mtype[31m=[32m"button"[31m
  [36m/>[31m

  --------------------------------------------------

Ignored nodes: comments, script, style
[36m<body[31m
  [33mstyle[31m=[32m"padding-right: 1024px; overflow: hidden;"[31m
[36m>[31m
  [36m<div[31m
    [33maria-hidden[31m=[32m"true"[31m
  [36m/>[31m
  [36m<div[31m
    [33mclass[31m=[32m"MuiDialog-root MuiModal-root css-1424xw8-MuiModal-root-MuiDialog-root"[31m
    [33mrole[31m=[32m"presentation"[31m
  [36m>[31m
    [36m<div[31m
      [33maria-hidden[31m=[32m"true"[31m
      [33mclass[31m=[32m"MuiBackdrop-root MuiModal-backdrop MuiDialog-backdrop css-1cennmq-MuiBackdrop-root-MuiDialog-backdrop"[31m
      [33mstyle[31m=[32m"opacity: 1; transition: opacity 225ms cubic-bezier(0.4, 0, 0.2, 1) 0ms;"[31m
    [36m/>[31m
    [36m<div[31m
      [33mdata-testid[31m=[32m"sentinelStart"[31m
      [33mtabindex[31m=[32m"0"[31m
    [36m/>[31m
    [36m<div[31m
      [33mclass[31m=[32m"MuiDialog-container MuiDialog-scrollPaper css-19do60a-MuiDialog-container"[31m
      [33mrole[31m=[32m"presentation"[31m
      [33mstyle[31m=[32m"opacity: 1; transition: opacity 225ms cubic-bezier(0.4, 0, 0.2, 1) 0ms;"[31m
      [33mtabindex[31m=[32m"-1"[31m
    [36m>[31m
      [36m<div[31m
        [33maria-labelledby[31m=[32m"_r_bv_"[31m
        [33maria-modal[31m=[32m"true"[31m
        [33mclass[31m=[32m"MuiPaper-root MuiPaper-elevation MuiPaper-rounded MuiPaper-elevation24 MuiDialog-paper MuiDialog-paperWidthSm MuiDialog-paperFullWidth css-1r46z6h-MuiPaper-root-MuiDialog-paper"[31m
        [33mdata-mui-focusable[31m=[32m""[31m
        [33mrole[31m=[32m"dialog"[31m
        [33mstyle[31m=[32m"--Paper-shadow: 0px 11px 15px -7px rgba(0,0,0,0.2),0px 24px 38px 3px rgba(0,0,0,0.14),0px 9px 46px 8px rgba(0,0,0,0.12);"[31m
        [33mtabindex[31m=[32m"-1"[31m
      [36m>[31m
        [36m<h2[31m
          [33mclass[31m=[32m"MuiTypography-root MuiTypography-h6 MuiDialogTitle-root css-11h0rel-MuiTypography-root-MuiDialogTitle-root"[31m
          [33mid[31m=[32m"_r_bv_"[31m
        [36m>[31m
          [0m娣诲姞妯″瀷[0m
        [36m</h2>[31m
        [36m<div[31m
          [33mclass[31m=[32m"MuiDialogContent-root css-16e34i8-MuiDialogContent-root"[31m
        [36m>[31m
          [36m<div[31m
            [33mclass[31m=[32m"MuiBox-root css-1gsv261"[31m
          [36m>[31m
            [36m<div[31m
              [33mclass[31m=[32m"MuiTabs-root css-jhczcq-MuiTabs-root"[31m
            [36m>[31m
              [36m<div[31m
                [33mclass[31m=[32m"MuiTabs-scroller MuiTabs-fixed css-s2t35c-MuiTabs-scroller"[31m
                [33mstyle[31m=[32m"overflow: hidden; margin-bottom: 0px;"[31m
              [36m>[31m
                [36m<div[31m
                  [33maria-label[31m=[32m"妯″瀷閰嶇疆妯″紡"[31m
                  [33mclass[31m=[32m"MuiTabs-list css-hzcega-MuiTabs-list"[31m
                  [33mrole[31m=[32m"tablist"[31m
                [36m>[31m
                  [36m<button[31m
                    [33maria-selected[31m=[32m"false"[31m
                    [33mclass[31m=[32m"MuiButtonBase-root MuiTab-root MuiTab-textColorPrimary MuiTab-fullWidth css-hmk518-MuiButtonBase-root-MuiTab-root"[31m
                    [33mid[31m=[32m"model-config-tab-0"[31m
                    [33mrole[31m=[32m"tab"[31m
                    [33mtabindex[31m=[32m"-1"[31m
                    [33mtype[31m=[32m"button"[31m
                  [36m>[31m
                    [0m妯″瀷鏈嶅姟鍟?[0m
                  [36m</button>[31m
                  [36m<button[31m
                    [33maria-selected[31m=[32m"true"[31m
                    [33mclass[31m=[32m"MuiButtonBase-root MuiTab-root MuiTab-textColorPrimary MuiTab-fullWidth Mui-selected css-hmk518-MuiButtonBase-root-MuiTab-root"[31m
                    [33mid[31m=[32m"model-config-tab-1"[31m
                    [33mrole[31m=[32m"tab"[31m
                    [33mtabindex[31m=[32m"0"[31m
                    [33mtype[31m=[32m"button"[31m
                  [36m>[31m
                    [0m鑷畾涔夐厤缃?[0m
                  [36m</button>[31m
                [36m</div>[31m
                [36m<span[31m
                  [33mclass[31m=[32m"MuiTabs-indicator css-1qltlow-MuiTabs-indicator"[31m
                  [33mstyle[31m=[32m"left: 0px; width: 0px;"[31m
                [36m/>[31m
              [36m</div>[31m
            [36m</div>[31m
          [36m</div>[31m
          [36m<div[31m
            [33maria-labelledby[31m=[32m"model-config-tab-0"[31m
            [33mhidden[31m=[32m""[31m
            [33mid[31m=[32m"model-config-tabpanel-0"[31m
            [33mrole[31m=[32m"tabpanel"[31m
          [36m/>[31m
          [36m<div[31m
            [33maria-labelledby[31m=[32m"model-config-tab-1"[31m
            [33mid[31m=[32m"model-config-tabpanel-1"[31m
            [33mrole[31m=[32m"tabpanel"[31m
          [36m>[31m
            [36m<div[31m
              [33mclass[31m=[32m"MuiBox-root css-1v3caum"[31m
            [36m>[31m
              [36m<form[31m
                [33mclass[31m=[32m"MuiBox-root css-yd8sa2"[31m
                [33mnovalidate[31m=[32m""[31m
              [36m>[31m
                [36m<div[31m
                  [33mclass[31m=[32m"MuiBox-root css-0"[31m
                [36m>[31m
                  [36m<p[31m
                    [33mclass[31m=[32m"MuiTypography-root MuiTypography-body2 css-k4rohz-MuiTypography-root"[31m
                  [36m>[31m
                    [0m* API 鏍煎紡[0m
                  [36m</p>[31m
                  [36m<div[31m
                    [33mclass[31m=[32m"MuiFormControl-root MuiFormControl-fullWidth css-ytlejw-MuiFormControl-root"[31m
                  [36m>[31m
                    [36m<div[31m
                      [33mclass[31m=[32m"MuiInputBase-root MuiOutlinedInput-root MuiInputBase-colorPrimary MuiInputBase-formControl MuiSelect-root css-sc8y68-MuiInputBase-root-MuiOutlinedInput-root-MuiSelect-root"[31m
                    [36m>[31m
                      [36m<div[31m
                        [33maria-expanded[31m=[32m"false"[31m
                        [33maria-haspopup[31m=[32m"listbox"[31m
                        [33mclass[31m=[32m"MuiSelect-select MuiSelect-outlined MuiInputBase-input MuiOutlinedInput-input css-18jp67o-MuiNativeSelect-root-MuiSelect-select-MuiInputBase-input-MuiOutlinedInput-input"[31m
                        [33mrole[31m=[32m"combobox"[31m
                        [33mtabindex[31m=[32m"0"[31m
                      [36m>[31m
                        [0mOpenAI Chat Completions 鏍煎紡[0m
                      [36m</div>[31m
                      [36m<input[31m
                        [33maria-hidden[31m=[32m"true"[31m
                        [33maria-invalid[31m=[32m"false"[31m
                        [33mclass[31m=[32m"MuiSelect-nativeInput css-j0riat-MuiSelect-nativeInput"[31m
  ...[39m
[31m   [31m脳[31m AddModelDialog 缁勪欢娴嬭瘯[2m > [22m瀹屾暣 URL 寮€鍏?[2m > [22m榛樿鍏抽棴[90m 268[2mms[22m[31m[39m
[31m     鈫?Unable to find an accessible element with the role "checkbox"

Here are the accessible roles:

  presentation:

  Name "":
  [36m<div[31m
    [33mclass[31m=[32m"MuiDialog-root MuiModal-root css-1424xw8-MuiModal-root-MuiDialog-root"[31m
    [33mrole[31m=[32m"presentation"[31m
  [36m/>[31m

  Name "":
  [36m<div[31m
    [33mclass[31m=[32m"MuiDialog-container MuiDialog-scrollPaper css-19do60a-MuiDialog-container"[31m
    [33mrole[31m=[32m"presentation"[31m
    [33mstyle[31m=[32m"opacity: 1; transition: opacity 225ms cubic-bezier(0.4, 0, 0.2, 1) 0ms;"[31m
    [33mtabindex[31m=[32m"-1"[31m
  [36m/>[31m

  --------------------------------------------------
  dialog:

  Name "娣诲姞妯″瀷":
  [36m<div[31m
    [33maria-labelledby[31m=[32m"_r_cd_"[31m
    [33maria-modal[31m=[32m"true"[31m
    [33mclass[31m=[32m"MuiPaper-root MuiPaper-elevation MuiPaper-rounded MuiPaper-elevation24 MuiDialog-paper MuiDialog-paperWidthSm MuiDialog-paperFullWidth css-1r46z6h-MuiPaper-root-MuiDialog-paper"[31m
    [33mdata-mui-focusable[31m=[32m""[31m
    [33mrole[31m=[32m"dialog"[31m
    [33mstyle[31m=[32m"--Paper-shadow: 0px 11px 15px -7px rgba(0,0,0,0.2),0px 24px 38px 3px rgba(0,0,0,0.14),0px 9px 46px 8px rgba(0,0,0,0.12);"[31m
    [33mtabindex[31m=[32m"-1"[31m
  [36m/>[31m

  --------------------------------------------------
  heading:

  Name "娣诲姞妯″瀷":
  [36m<h2[31m
    [33mclass[31m=[32m"MuiTypography-root MuiTypography-h6 MuiDialogTitle-root css-11h0rel-MuiTypography-root-MuiDialogTitle-root"[31m
    [33mid[31m=[32m"_r_cd_"[31m
  [36m/>[31m

  Name "楂樼骇閰嶇疆":
  [36m<h3[31m
    [33mclass[31m=[32m"MuiAccordion-heading css-cy7rkm-MuiAccordion-heading"[31m
  [36m/>[31m

  --------------------------------------------------
  tablist:

  Name "妯″瀷閰嶇疆妯″紡":
  [36m<div[31m
    [33maria-label[31m=[32m"妯″瀷閰嶇疆妯″紡"[31m
    [33mclass[31m=[32m"MuiTabs-list css-hzcega-MuiTabs-list"[31m
    [33mrole[31m=[32m"tablist"[31m
  [36m/>[31m

  --------------------------------------------------
  tab:

  Name "妯″瀷鏈嶅姟鍟?:
  [36m<button[31m
    [33maria-selected[31m=[32m"false"[31m
    [33mclass[31m=[32m"MuiButtonBase-root MuiTab-root MuiTab-textColorPrimary MuiTab-fullWidth css-hmk518-MuiButtonBase-root-MuiTab-root"[31m
    [33mid[31m=[32m"model-config-tab-0"[31m
    [33mrole[31m=[32m"tab"[31m
    [33mtabindex[31m=[32m"-1"[31m
    [33mtype[31m=[32m"button"[31m
  [36m/>[31m

  Name "鑷畾涔夐厤缃?:
  [36m<button[31m
    [33maria-selected[31m=[32m"true"[31m
    [33mclass[31m=[32m"MuiButtonBase-root MuiTab-root MuiTab-textColorPrimary MuiTab-fullWidth Mui-selected css-hmk518-MuiButtonBase-root-MuiTab-root"[31m
    [33mid[31m=[32m"model-config-tab-1"[31m
    [33mrole[31m=[32m"tab"[31m
    [33mtabindex[31m=[32m"0"[31m
    [33mtype[31m=[32m"button"[31m
  [36m/>[31m

  --------------------------------------------------
  tabpanel:

  Name "鑷畾涔夐厤缃?:
  [36m<div[31m
    [33maria-labelledby[31m=[32m"model-config-tab-1"[31m
    [33mid[31m=[32m"model-config-tabpanel-1"[31m
    [33mrole[31m=[32m"tabpanel"[31m
  [36m/>[31m

  --------------------------------------------------
  paragraph:

  Name "":
  [36m<p[31m
    [33mclass[31m=[32m"MuiTypography-root MuiTypography-body2 css-k4rohz-MuiTypography-root"[31m
  [36m/>[31m

  Name "":
  [36m<p[31m
    [33mclass[31m=[32m"MuiTypography-root MuiTypography-body2 css-65t7lf-MuiTypography-root"[31m
  [36m/>[31m

  Name "":
  [36m<p[31m
    [33mclass[31m=[32m"MuiTypography-root MuiTypography-body2 css-65t7lf-MuiTypography-root"[31m
  [36m/>[31m

  Name "":
  [36m<p[31m
    [33mclass[31m=[32m"MuiTypography-root MuiTypography-body2 css-k4rohz-MuiTypography-root"[31m
  [36m/>[31m

  Name "":
  [36m<p[31m
    [33mclass[31m=[32m"MuiTypography-root MuiTypography-body2 css-7ctihp-MuiTypography-root"[31m
  [36m/>[31m

  --------------------------------------------------
  combobox:

  Name "":
  [36m<div[31m
    [33maria-expanded[31m=[32m"false"[31m
    [33maria-haspopup[31m=[32m"listbox"[31m
    [33mclass[31m=[32m"MuiSelect-select MuiSelect-outlined MuiInputBase-input MuiOutlinedInput-input css-18jp67o-MuiNativeSelect-root-MuiSelect-select-MuiInputBase-input-MuiOutlinedInput-input"[31m
    [33mrole[31m=[32m"combobox"[31m
    [33mtabindex[31m=[32m"0"[31m
  [36m/>[31m

  --------------------------------------------------
  switch:

  Name "":
  [36m<input[31m
    [33mclass[31m=[32m"PrivateSwitchBase-input MuiSwitch-input css-12xagqm-MuiSwitchBase-root"[31m
    [33mrole[31m=[32m"switch"[31m
    [33mtype[31m=[32m"checkbox"[31m
  [36m/>[31m

  Name "澶氭ā鎬?:
  [36m<input[31m
    [33mclass[31m=[32m"PrivateSwitchBase-input MuiSwitch-input css-12xagqm-MuiSwitchBase-root"[31m
    [33mrole[31m=[32m"switch"[31m
    [33mtype[31m=[32m"checkbox"[31m
  [36m/>[31m

  --------------------------------------------------
  textbox:

  Name "":
  [36m<input[31m
    [33maria-invalid[31m=[32m"false"[31m
    [33mclass[31m=[32m"MuiInputBase-input MuiOutlinedInput-input css-16wblaj-MuiInputBase-input-MuiOutlinedInput-input"[31m
    [33mid[31m=[32m"_r_cg_"[31m
    [33mplaceholder[31m=[32m"e.g. https://api.openai.com/v1"[31m
    [33mtype[31m=[32m"text"[31m
    [33mvalue[31m=[32m""[31m
  [36m/>[31m

  Name "":
  [36m<input[31m
    [33maria-invalid[31m=[32m"false"[31m
    [33mclass[31m=[32m"MuiInputBase-input MuiOutlinedInput-input css-16wblaj-MuiInputBase-input-MuiOutlinedInput-input"[31m
    [33mid[31m=[32m"_r_ch_"[31m
    [33mplaceholder[31m=[32m"杈撳叆妯″瀷 ID"[31m
    [33mtype[31m=[32m"text"[31m
    [33mvalue[31m=[32m""[31m
  [36m/>[31m

  --------------------------------------------------
  alert:

  Name "":
  [36m<div[31m
    [33mclass[31m=[32m"MuiPaper-root MuiPaper-elevation MuiPaper-rounded MuiPaper-elevation0 MuiAlert-root MuiAlert-colorInfo MuiAlert-standard css-1u1am8e-MuiPaper-root-MuiAlert-root"[31m
    [33mrole[31m=[32m"alert"[31m
    [33mstyle[31m=[32m"--Paper-shadow: none;"[31m
  [36m/>[31m

  --------------------------------------------------
  button:

  Name "楂樼骇閰嶇疆":
  [36m<button[31m
    [33maria-expanded[31m=[32m"false"[31m
    [33mclass[31m=[32m"MuiButtonBase-root MuiAccordionSummary-root MuiAccordionSummary-gutters css-9ux1uy-MuiButtonBase-root-MuiAccordionSummary-root"[31m
    [33mtabindex[31m=[32m"0"[31m
    [33mtype[31m=[32m"button"[31m
  [36m/>[31m

  Name "娣诲姞妯″瀷":
  [36m<button[31m
    [33mclass[31m=[32m"MuiButtonBase-root MuiButton-root MuiButton-contained MuiButton-sizeMedium MuiButton-colorPrimary MuiButton-fullWidth css-1k9hkw1-MuiButtonBase-root-MuiButton-root"[31m
    [33mtabindex[31m=[32m"0"[31m
    [33mtype[31m=[32m"button"[31m
  [36m/>[31m

  --------------------------------------------------

Ignored nodes: comments, script, style
[36m<body[31m
  [33mstyle[31m=[32m"padding-right: 1024px; overflow: hidden;"[31m
[36m>[31m
  [36m<div[31m
    [33maria-hidden[31m=[32m"true"[31m
  [36m/>[31m
  [36m<div[31m
    [33mclass[31m=[32m"MuiDialog-root MuiModal-root css-1424xw8-MuiModal-root-MuiDialog-root"[31m
    [33mrole[31m=[32m"presentation"[31m
  [36m>[31m
    [36m<div[31m
      [33maria-hidden[31m=[32m"true"[31m
      [33mclass[31m=[32m"MuiBackdrop-root MuiModal-backdrop MuiDialog-backdrop css-1cennmq-MuiBackdrop-root-MuiDialog-backdrop"[31m
      [33mstyle[31m=[32m"opacity: 1; transition: opacity 225ms cubic-bezier(0.4, 0, 0.2, 1) 0ms;"[31m
    [36m/>[31m
    [36m<div[31m
      [33mdata-testid[31m=[32m"sentinelStart"[31m
      [33mtabindex[31m=[32m"0"[31m
    [36m/>[31m
    [36m<div[31m
      [33mclass[31m=[32m"MuiDialog-container MuiDialog-scrollPaper css-19do60a-MuiDialog-container"[31m
      [33mrole[31m=[32m"presentation"[31m
      [33mstyle[31m=[32m"opacity: 1; transition: opacity 225ms cubic-bezier(0.4, 0, 0.2, 1) 0ms;"[31m
      [33mtabindex[31m=[32m"-1"[31m
    [36m>[31m
      [36m<div[31m
        [33maria-labelledby[31m=[32m"_r_cd_"[31m
        [33maria-modal[31m=[32m"true"[31m
        [33mclass[31m=[32m"MuiPaper-root MuiPaper-elevation MuiPaper-rounded MuiPaper-elevation24 MuiDialog-paper MuiDialog-paperWidthSm MuiDialog-paperFullWidth css-1r46z6h-MuiPaper-root-MuiDialog-paper"[31m
        [33mdata-mui-focusable[31m=[32m""[31m
        [33mrole[31m=[32m"dialog"[31m
        [33mstyle[31m=[32m"--Paper-shadow: 0px 11px 15px -7px rgba(0,0,0,0.2),0px 24px 38px 3px rgba(0,0,0,0.14),0px 9px 46px 8px rgba(0,0,0,0.12);"[31m
        [33mtabindex[31m=[32m"-1"[31m
      [36m>[31m
        [36m<h2[31m
          [33mclass[31m=[32m"MuiTypography-root MuiTypography-h6 MuiDialogTitle-root css-11h0rel-MuiTypography-root-MuiDialogTitle-root"[31m
          [33mid[31m=[32m"_r_cd_"[31m
        [36m>[31m
          [0m娣诲姞妯″瀷[0m
        [36m</h2>[31m
        [36m<div[31m
          [33mclass[31m=[32m"MuiDialogContent-root css-16e34i8-MuiDialogContent-root"[31m
        [36m>[31m
          [36m<div[31m
            [33mclass[31m=[32m"MuiBox-root css-1gsv261"[31m
          [36m>[31m
            [36m<div[31m
              [33mclass[31m=[32m"MuiTabs-root css-jhczcq-MuiTabs-root"[31m
            [36m>[31m
              [36m<div[31m
                [33mclass[31m=[32m"MuiTabs-scroller MuiTabs-fixed css-s2t35c-MuiTabs-scroller"[31m
                [33mstyle[31m=[32m"overflow: hidden; margin-bottom: 0px;"[31m
              [36m>[31m
                [36m<div[31m
                  [33maria-label[31m=[32m"妯″瀷閰嶇疆妯″紡"[31m
                  [33mclass[31m=[32m"MuiTabs-list css-hzcega-MuiTabs-list"[31m
                  [33mrole[31m=[32m"tablist"[31m
                [36m>[31m
                  [36m<button[31m
                    [33maria-selected[31m=[32m"false"[31m
                    [33mclass[31m=[32m"MuiButtonBase-root MuiTab-root MuiTab-textColorPrimary MuiTab-fullWidth css-hmk518-MuiButtonBase-root-MuiTab-root"[31m
                    [33mid[31m=[32m"model-config-tab-0"[31m
                    [33mrole[31m=[32m"tab"[31m
                    [33mtabindex[31m=[32m"-1"[31m
                    [33mtype[31m=[32m"button"[31m
                  [36m>[31m
                    [0m妯″瀷鏈嶅姟鍟?[0m
                  [36m</button>[31m
                  [36m<button[31m
                    [33maria-selected[31m=[32m"true"[31m
                    [33mclass[31m=[32m"MuiButtonBase-root MuiTab-root MuiTab-textColorPrimary MuiTab-fullWidth Mui-selected css-hmk518-MuiButtonBase-root-MuiTab-root"[31m
                    [33mid[31m=[32m"model-config-tab-1"[31m
                    [33mrole[31m=[32m"tab"[31m
                    [33mtabindex[31m=[32m"0"[31m
                    [33mtype[31m=[32m"button"[31m
                  [36m>[31m
                    [0m鑷畾涔夐厤缃?[0m
                  [36m</button>[31m
                [36m</div>[31m
                [36m<span[31m
                  [33mclass[31m=[32m"MuiTabs-indicator css-1qltlow-MuiTabs-indicator"[31m
                  [33mstyle[31m=[32m"left: 0px; width: 0px;"[31m
                [36m/>[31m
              [36m</div>[31m
            [36m</div>[31m
          [36m</div>[31m
          [36m<div[31m
            [33maria-labelledby[31m=[32m"model-config-tab-0"[31m
            [33mhidden[31m=[32m""[31m
            [33mid[31m=[32m"model-config-tabpanel-0"[31m
            [33mrole[31m=[32m"tabpanel"[31m
          [36m/>[31m
          [36m<div[31m
            [33maria-labelledby[31m=[32m"model-config-tab-1"[31m
            [33mid[31m=[32m"model-config-tabpanel-1"[31m
            [33mrole[31m=[32m"tabpanel"[31m
          [36m>[31m
            [36m<div[31m
              [33mclass[31m=[32m"MuiBox-root css-1v3caum"[31m
            [36m>[31m
              [36m<form[31m
                [33mclass[31m=[32m"MuiBox-root css-yd8sa2"[31m
                [33mnovalidate[31m=[32m""[31m
              [36m>[31m
                [36m<div[31m
                  [33mclass[31m=[32m"MuiBox-root css-0"[31m
                [36m>[31m
                  [36m<p[31m
                    [33mclass[31m=[32m"MuiTypography-root MuiTypography-body2 css-k4rohz-MuiTypography-root"[31m
                  [36m>[31m
                    [0m* API 鏍煎紡[0m
                  [36m</p>[31m
                  [36m<div[31m
                    [33mclass[31m=[32m"MuiFormControl-root MuiFormControl-fullWidth css-ytlejw-MuiFormControl-root"[31m
                  [36m>[31m
                    [36m<div[31m
                      [33mclass[31m=[32m"MuiInputBase-root MuiOutlinedInput-root MuiInputBase-colorPrimary MuiInputBase-formControl MuiSelect-root css-sc8y68-MuiInputBase-root-MuiOutlinedInput-root-MuiSelect-root"[31m
                    [36m>[31m
                      [36m<div[31m
                        [33maria-expanded[31m=[32m"false"[31m
                        [33maria-haspopup[31m=[32m"listbox"[31m
                        [33mclass[31m=[32m"MuiSelect-select MuiSelect-outlined MuiInputBase-input MuiOutlinedInput-input css-18jp67o-MuiNativeSelect-root-MuiSelect-select-MuiInputBase-input-MuiOutlinedInput-input"[31m
                        [33mrole[31m=[32m"combobox"[31m
                        [33mtabindex[31m=[32m"0"[31m
                      [36m>[31m
                        [0mOpenAI Chat Completions 鏍煎紡[0m
                      [36m</div>[31m
                      [36m<input[31m
                        [33maria-hidden[31m=[32m"true"[31m
                        [33maria-invalid[31m=[32m"false"[31m
                        [33mclass[31m=[32m"MuiSelect-nativeInput css-j0riat-MuiSelect-nativeInput"[31m
  ...[39m
[31m   [31m脳[31m AddModelDialog 缁勪欢娴嬭瘯[2m > [22m瀹屾暣 URL 寮€鍏?[2m > [22m鐐瑰嚮鍒囨崲鐘舵€?[90m 251[2mms[22m[31m[39m
[31m     鈫?Unable to find an accessible element with the role "checkbox"

Here are the accessible roles:

  presentation:

  Name "":
  [36m<div[31m
    [33mclass[31m=[32m"MuiDialog-root MuiModal-root css-1424xw8-MuiModal-root-MuiDialog-root"[31m
    [33mrole[31m=[32m"presentation"[31m
  [36m/>[31m

  Name "":
  [36m<div[31m
    [33mclass[31m=[32m"MuiDialog-container MuiDialog-scrollPaper css-19do60a-MuiDialog-container"[31m
    [33mrole[31m=[32m"presentation"[31m
    [33mstyle[31m=[32m"opacity: 1; transition: opacity 225ms cubic-bezier(0.4, 0, 0.2, 1) 0ms;"[31m
    [33mtabindex[31m=[32m"-1"[31m
  [36m/>[31m

  --------------------------------------------------
  dialog:

  Name "娣诲姞妯″瀷":
  [36m<div[31m
    [33maria-labelledby[31m=[32m"_r_cr_"[31m
    [33maria-modal[31m=[32m"true"[31m
    [33mclass[31m=[32m"MuiPaper-root MuiPaper-elevation MuiPaper-rounded MuiPaper-elevation24 MuiDialog-paper MuiDialog-paperWidthSm MuiDialog-paperFullWidth css-1r46z6h-MuiPaper-root-MuiDialog-paper"[31m
    [33mdata-mui-focusable[31m=[32m""[31m
    [33mrole[31m=[32m"dialog"[31m
    [33mstyle[31m=[32m"--Paper-shadow: 0px 11px 15px -7px rgba(0,0,0,0.2),0px 24px 38px 3px rgba(0,0,0,0.14),0px 9px 46px 8px rgba(0,0,0,0.12);"[31m
    [33mtabindex[31m=[32m"-1"[31m
  [36m/>[31m

  --------------------------------------------------
  heading:

  Name "娣诲姞妯″瀷":
  [36m<h2[31m
    [33mclass[31m=[32m"MuiTypography-root MuiTypography-h6 MuiDialogTitle-root css-11h0rel-MuiTypography-root-MuiDialogTitle-root"[31m
    [33mid[31m=[32m"_r_cr_"[31m
  [36m/>[31m

  Name "楂樼骇閰嶇疆":
  [36m<h3[31m
    [33mclass[31m=[32m"MuiAccordion-heading css-cy7rkm-MuiAccordion-heading"[31m
  [36m/>[31m

  --------------------------------------------------
  tablist:

  Name "妯″瀷閰嶇疆妯″紡":
  [36m<div[31m
    [33maria-label[31m=[32m"妯″瀷閰嶇疆妯″紡"[31m
    [33mclass[31m=[32m"MuiTabs-list css-hzcega-MuiTabs-list"[31m
    [33mrole[31m=[32m"tablist"[31m
  [36m/>[31m

  --------------------------------------------------
  tab:

  Name "妯″瀷鏈嶅姟鍟?:
  [36m<button[31m
    [33maria-selected[31m=[32m"false"[31m
    [33mclass[31m=[32m"MuiButtonBase-root MuiTab-root MuiTab-textColorPrimary MuiTab-fullWidth css-hmk518-MuiButtonBase-root-MuiTab-root"[31m
    [33mid[31m=[32m"model-config-tab-0"[31m
    [33mrole[31m=[32m"tab"[31m
    [33mtabindex[31m=[32m"-1"[31m
    [33mtype[31m=[32m"button"[31m
  [36m/>[31m

  Name "鑷畾涔夐厤缃?:
  [36m<button[31m
    [33maria-selected[31m=[32m"true"[31m
    [33mclass[31m=[32m"MuiButtonBase-root MuiTab-root MuiTab-textColorPrimary MuiTab-fullWidth Mui-selected css-hmk518-MuiButtonBase-root-MuiTab-root"[31m
    [33mid[31m=[32m"model-config-tab-1"[31m
    [33mrole[31m=[32m"tab"[31m
    [33mtabindex[31m=[32m"0"[31m
    [33mtype[31m=[32m"button"[31m
  [36m/>[31m

  --------------------------------------------------
  tabpanel:

  Name "鑷畾涔夐厤缃?:
  [36m<div[31m
    [33maria-labelledby[31m=[32m"model-config-tab-1"[31m
    [33mid[31m=[32m"model-config-tabpanel-1"[31m
    [33mrole[31m=[32m"tabpanel"[31m
  [36m/>[31m

  --------------------------------------------------
  paragraph:

  Name "":
  [36m<p[31m
    [33mclass[31m=[32m"MuiTypography-root MuiTypography-body2 css-k4rohz-MuiTypography-root"[31m
  [36m/>[31m

  Name "":
  [36m<p[31m
    [33mclass[31m=[32m"MuiTypography-root MuiTypography-body2 css-65t7lf-MuiTypography-root"[31m
  [36m/>[31m

  Name "":
  [36m<p[31m
    [33mclass[31m=[32m"MuiTypography-root MuiTypography-body2 css-65t7lf-MuiTypography-root"[31m
  [36m/>[31m

  Name "":
  [36m<p[31m
    [33mclass[31m=[32m"MuiTypography-root MuiTypography-body2 css-k4rohz-MuiTypography-root"[31m
  [36m/>[31m

  Name "":
  [36m<p[31m
    [33mclass[31m=[32m"MuiTypography-root MuiTypography-body2 css-7ctihp-MuiTypography-root"[31m
  [36m/>[31m

  --------------------------------------------------
  combobox:

  Name "":
  [36m<div[31m
    [33maria-expanded[31m=[32m"false"[31m
    [33maria-haspopup[31m=[32m"listbox"[31m
    [33mclass[31m=[32m"MuiSelect-select MuiSelect-outlined MuiInputBase-input MuiOutlinedInput-input css-18jp67o-MuiNativeSelect-root-MuiSelect-select-MuiInputBase-input-MuiOutlinedInput-input"[31m
    [33mrole[31m=[32m"combobox"[31m
    [33mtabindex[31m=[32m"0"[31m
  [36m/>[31m

  --------------------------------------------------
  switch:

  Name "":
  [36m<input[31m
    [33mclass[31m=[32m"PrivateSwitchBase-input MuiSwitch-input css-12xagqm-MuiSwitchBase-root"[31m
    [33mrole[31m=[32m"switch"[31m
    [33mtype[31m=[32m"checkbox"[31m
  [36m/>[31m

  Name "澶氭ā鎬?:
  [36m<input[31m
    [33mclass[31m=[32m"PrivateSwitchBase-input MuiSwitch-input css-12xagqm-MuiSwitchBase-root"[31m
    [33mrole[31m=[32m"switch"[31m
    [33mtype[31m=[32m"checkbox"[31m
  [36m/>[31m

  --------------------------------------------------
  textbox:

  Name "":
  [36m<input[31m
    [33maria-invalid[31m=[32m"false"[31m
    [33mclass[31m=[32m"MuiInputBase-input MuiOutlinedInput-input css-16wblaj-MuiInputBase-input-MuiOutlinedInput-input"[31m
    [33mid[31m=[32m"_r_cu_"[31m
    [33mplaceholder[31m=[32m"e.g. https://api.openai.com/v1"[31m
    [33mtype[31m=[32m"text"[31m
    [33mvalue[31m=[32m""[31m
  [36m/>[31m

  Name "":
  [36m<input[31m
    [33maria-invalid[31m=[32m"false"[31m
    [33mclass[31m=[32m"MuiInputBase-input MuiOutlinedInput-input css-16wblaj-MuiInputBase-input-MuiOutlinedInput-input"[31m
    [33mid[31m=[32m"_r_cv_"[31m
    [33mplaceholder[31m=[32m"杈撳叆妯″瀷 ID"[31m
    [33mtype[31m=[32m"text"[31m
    [33mvalue[31m=[32m""[31m
  [36m/>[31m

  --------------------------------------------------
  alert:

  Name "":
  [36m<div[31m
    [33mclass[31m=[32m"MuiPaper-root MuiPaper-elevation MuiPaper-rounded MuiPaper-elevation0 MuiAlert-root MuiAlert-colorInfo MuiAlert-standard css-1u1am8e-MuiPaper-root-MuiAlert-root"[31m
    [33mrole[31m=[32m"alert"[31m
    [33mstyle[31m=[32m"--Paper-shadow: none;"[31m
  [36m/>[31m

  --------------------------------------------------
  button:

  Name "楂樼骇閰嶇疆":
  [36m<button[31m
    [33maria-expanded[31m=[32m"false"[31m
    [33mclass[31m=[32m"MuiButtonBase-root MuiAccordionSummary-root MuiAccordionSummary-gutters css-9ux1uy-MuiButtonBase-root-MuiAccordionSummary-root"[31m
    [33mtabindex[31m=[32m"0"[31m
    [33mtype[31m=[32m"button"[31m
  [36m/>[31m

  Name "娣诲姞妯″瀷":
  [36m<button[31m
    [33mclass[31m=[32m"MuiButtonBase-root MuiButton-root MuiButton-contained MuiButton-sizeMedium MuiButton-colorPrimary MuiButton-fullWidth css-1k9hkw1-MuiButtonBase-root-MuiButton-root"[31m
    [33mtabindex[31m=[32m"0"[31m
    [33mtype[31m=[32m"button"[31m
  [36m/>[31m

  --------------------------------------------------

Ignored nodes: comments, script, style
[36m<body[31m
  [33mstyle[31m=[32m"padding-right: 1024px; overflow: hidden;"[31m
[36m>[31m
  [36m<div[31m
    [33maria-hidden[31m=[32m"true"[31m
  [36m/>[31m
  [36m<div[31m
    [33mclass[31m=[32m"MuiDialog-root MuiModal-root css-1424xw8-MuiModal-root-MuiDialog-root"[31m
    [33mrole[31m=[32m"presentation"[31m
  [36m>[31m
    [36m<div[31m
      [33maria-hidden[31m=[32m"true"[31m
      [33mclass[31m=[32m"MuiBackdrop-root MuiModal-backdrop MuiDialog-backdrop css-1cennmq-MuiBackdrop-root-MuiDialog-backdrop"[31m
      [33mstyle[31m=[32m"opacity: 1; transition: opacity 225ms cubic-bezier(0.4, 0, 0.2, 1) 0ms;"[31m
    [36m/>[31m
    [36m<div[31m
      [33mdata-testid[31m=[32m"sentinelStart"[31m
      [33mtabindex[31m=[32m"0"[31m
    [36m/>[31m
    [36m<div[31m
      [33mclass[31m=[32m"MuiDialog-container MuiDialog-scrollPaper css-19do60a-MuiDialog-container"[31m
      [33mrole[31m=[32m"presentation"[31m
      [33mstyle[31m=[32m"opacity: 1; transition: opacity 225ms cubic-bezier(0.4, 0, 0.2, 1) 0ms;"[31m
      [33mtabindex[31m=[32m"-1"[31m
    [36m>[31m
      [36m<div[31m
        [33maria-labelledby[31m=[32m"_r_cr_"[31m
        [33maria-modal[31m=[32m"true"[31m
        [33mclass[31m=[32m"MuiPaper-root MuiPaper-elevation MuiPaper-rounded MuiPaper-elevation24 MuiDialog-paper MuiDialog-paperWidthSm MuiDialog-paperFullWidth css-1r46z6h-MuiPaper-root-MuiDialog-paper"[31m
        [33mdata-mui-focusable[31m=[32m""[31m
        [33mrole[31m=[32m"dialog"[31m
        [33mstyle[31m=[32m"--Paper-shadow: 0px 11px 15px -7px rgba(0,0,0,0.2),0px 24px 38px 3px rgba(0,0,0,0.14),0px 9px 46px 8px rgba(0,0,0,0.12);"[31m
        [33mtabindex[31m=[32m"-1"[31m
      [36m>[31m
        [36m<h2[31m
          [33mclass[31m=[32m"MuiTypography-root MuiTypography-h6 MuiDialogTitle-root css-11h0rel-MuiTypography-root-MuiDialogTitle-root"[31m
          [33mid[31m=[32m"_r_cr_"[31m
        [36m>[31m
          [0m娣诲姞妯″瀷[0m
        [36m</h2>[31m
        [36m<div[31m
          [33mclass[31m=[32m"MuiDialogContent-root css-16e34i8-MuiDialogContent-root"[31m
        [36m>[31m
          [36m<div[31m
            [33mclass[31m=[32m"MuiBox-root css-1gsv261"[31m
          [36m>[31m
            [36m<div[31m
              [33mclass[31m=[32m"MuiTabs-root css-jhczcq-MuiTabs-root"[31m
            [36m>[31m
              [36m<div[31m
                [33mclass[31m=[32m"MuiTabs-scroller MuiTabs-fixed css-s2t35c-MuiTabs-scroller"[31m
                [33mstyle[31m=[32m"overflow: hidden; margin-bottom: 0px;"[31m
              [36m>[31m
                [36m<div[31m
                  [33maria-label[31m=[32m"妯″瀷閰嶇疆妯″紡"[31m
                  [33mclass[31m=[32m"MuiTabs-list css-hzcega-MuiTabs-list"[31m
                  [33mrole[31m=[32m"tablist"[31m
                [36m>[31m
                  [36m<button[31m
                    [33maria-selected[31m=[32m"false"[31m
                    [33mclass[31m=[32m"MuiButtonBase-root MuiTab-root MuiTab-textColorPrimary MuiTab-fullWidth css-hmk518-MuiButtonBase-root-MuiTab-root"[31m
                    [33mid[31m=[32m"model-config-tab-0"[31m
                    [33mrole[31m=[32m"tab"[31m
                    [33mtabindex[31m=[32m"-1"[31m
                    [33mtype[31m=[32m"button"[31m
                  [36m>[31m
                    [0m妯″瀷鏈嶅姟鍟?[0m
                  [36m</button>[31m
                  [36m<button[31m
                    [33maria-selected[31m=[32m"true"[31m
                    [33mclass[31m=[32m"MuiButtonBase-root MuiTab-root MuiTab-textColorPrimary MuiTab-fullWidth Mui-selected css-hmk518-MuiButtonBase-root-MuiTab-root"[31m
                    [33mid[31m=[32m"model-config-tab-1"[31m
                    [33mrole[31m=[32m"tab"[31m
                    [33mtabindex[31m=[32m"0"[31m
                    [33mtype[31m=[32m"button"[31m
                  [36m>[31m
                    [0m鑷畾涔夐厤缃?[0m
                  [36m</button>[31m
                [36m</div>[31m
                [36m<span[31m
                  [33mclass[31m=[32m"MuiTabs-indicator css-1qltlow-MuiTabs-indicator"[31m
                  [33mstyle[31m=[32m"left: 0px; width: 0px;"[31m
                [36m/>[31m
              [36m</div>[31m
            [36m</div>[31m
          [36m</div>[31m
          [36m<div[31m
            [33maria-labelledby[31m=[32m"model-config-tab-0"[31m
            [33mhidden[31m=[32m""[31m
            [33mid[31m=[32m"model-config-tabpanel-0"[31m
            [33mrole[31m=[32m"tabpanel"[31m
          [36m/>[31m
          [36m<div[31m
            [33maria-labelledby[31m=[32m"model-config-tab-1"[31m
            [33mid[31m=[32m"model-config-tabpanel-1"[31m
            [33mrole[31m=[32m"tabpanel"[31m
          [36m>[31m
            [36m<div[31m
              [33mclass[31m=[32m"MuiBox-root css-1v3caum"[31m
            [36m>[31m
              [36m<form[31m
                [33mclass[31m=[32m"MuiBox-root css-yd8sa2"[31m
                [33mnovalidate[31m=[32m""[31m
              [36m>[31m
                [36m<div[31m
                  [33mclass[31m=[32m"MuiBox-root css-0"[31m
                [36m>[31m
                  [36m<p[31m
                    [33mclass[31m=[32m"MuiTypography-root MuiTypography-body2 css-k4rohz-MuiTypography-root"[31m
                  [36m>[31m
                    [0m* API 鏍煎紡[0m
                  [36m</p>[31m
                  [36m<div[31m
                    [33mclass[31m=[32m"MuiFormControl-root MuiFormControl-fullWidth css-ytlejw-MuiFormControl-root"[31m
                  [36m>[31m
                    [36m<div[31m
                      [33mclass[31m=[32m"MuiInputBase-root MuiOutlinedInput-root MuiInputBase-colorPrimary MuiInputBase-formControl MuiSelect-root css-sc8y68-MuiInputBase-root-MuiOutlinedInput-root-MuiSelect-root"[31m
                    [36m>[31m
                      [36m<div[31m
                        [33maria-expanded[31m=[32m"false"[31m
                        [33maria-haspopup[31m=[32m"listbox"[31m
                        [33mclass[31m=[32m"MuiSelect-select MuiSelect-outlined MuiInputBase-input MuiOutlinedInput-input css-18jp67o-MuiNativeSelect-root-MuiSelect-select-MuiInputBase-input-MuiOutlinedInput-input"[31m
                        [33mrole[31m=[32m"combobox"[31m
                        [33mtabindex[31m=[32m"0"[31m
                      [36m>[31m
                        [0mOpenAI Chat Completions 鏍煎紡[0m
                      [36m</div>[31m
                      [36m<input[31m
                        [33maria-hidden[31m=[32m"true"[31m
                        [33maria-invalid[31m=[32m"false"[31m
                        [33mclass[31m=[32m"MuiSelect-nativeInput css-j0riat-MuiSelect-nativeInput"[31m
  ...[39m
[31m   [31m脳[31m AddModelDialog 缁勪欢娴嬭瘯[2m > [22m妯″瀷鏈嶅姟鍟?Tab 鎻愪氦鎸夐挳鐘舵€?[2m > [22m妯″瀷鏈嶅姟鍟?Tab 閫夋嫨鍚庢彁浜ゆ寜閽惎鐢?[90m 165[2mms[22m[31m[39m
[31m     鈫?Found multiple elements with the text: 閫夋嫨妯″瀷鏈嶅姟鍟?
Here are the matching elements:

Ignored nodes: comments, script, style
[36m<label[31m
  [33mclass[31m=[32m"MuiFormLabel-root MuiInputLabel-root MuiInputLabel-formControl MuiInputLabel-animated MuiInputLabel-outlined MuiFormLabel-colorPrimary MuiInputLabel-root MuiInputLabel-formControl MuiInputLabel-animated MuiInputLabel-outlined css-19qnlrw-MuiFormLabel-root-MuiInputLabel-root"[31m
  [33mdata-shrink[31m=[32m"false"[31m
[36m>[31m
  [0m閫夋嫨妯″瀷鏈嶅姟鍟?[0m
[36m</label>[31m

Ignored nodes: comments, script, style
[36m<span>[31m
  [0m閫夋嫨妯″瀷鏈嶅姟鍟?[0m
[36m</span>[31m

(If this is intentional, then use the `*AllBy*` variant of the query (like `queryAllByText`, `getAllByText`, or `findAllByText`)).

Ignored nodes: comments, script, style
[36m<body[31m
  [33mstyle[31m=[32m"padding-right: 1024px; overflow: hidden;"[31m
[36m>[31m
  [36m<div[31m
    [33maria-hidden[31m=[32m"true"[31m
  [36m/>[31m
  [36m<div[31m
    [33mclass[31m=[32m"MuiDialog-root MuiModal-root css-1424xw8-MuiModal-root-MuiDialog-root"[31m
    [33mrole[31m=[32m"presentation"[31m
  [36m>[31m
    [36m<div[31m
      [33maria-hidden[31m=[32m"true"[31m
      [33mclass[31m=[32m"MuiBackdrop-root MuiModal-backdrop MuiDialog-backdrop css-1cennmq-MuiBackdrop-root-MuiDialog-backdrop"[31m
      [33mstyle[31m=[32m"opacity: 1; transition: opacity 225ms cubic-bezier(0.4, 0, 0.2, 1) 0ms;"[31m
    [36m/>[31m
    [36m<div[31m
      [33mdata-testid[31m=[32m"sentinelStart"[31m
      [33mtabindex[31m=[32m"0"[31m
    [36m/>[31m
    [36m<div[31m
      [33mclass[31m=[32m"MuiDialog-container MuiDialog-scrollPaper css-19do60a-MuiDialog-container"[31m
      [33mrole[31m=[32m"presentation"[31m
      [33mstyle[31m=[32m"opacity: 1; transition: opacity 225ms cubic-bezier(0.4, 0, 0.2, 1) 0ms;"[31m
      [33mtabindex[31m=[32m"-1"[31m
    [36m>[31m
      [36m<div[31m
        [33maria-labelledby[31m=[32m"_r_dp_"[31m
        [33maria-modal[31m=[32m"true"[31m
        [33mclass[31m=[32m"MuiPaper-root MuiPaper-elevation MuiPaper-rounded MuiPaper-elevation24 MuiDialog-paper MuiDialog-paperWidthSm MuiDialog-paperFullWidth css-1r46z6h-MuiPaper-root-MuiDialog-paper"[31m
        [33mdata-mui-focusable[31m=[32m""[31m
        [33mrole[31m=[32m"dialog"[31m
        [33mstyle[31m=[32m"--Paper-shadow: 0px 11px 15px -7px rgba(0,0,0,0.2),0px 24px 38px 3px rgba(0,0,0,0.14),0px 9px 46px 8px rgba(0,0,0,0.12);"[31m
        [33mtabindex[31m=[32m"-1"[31m
      [36m>[31m
        [36m<h2[31m
          [33mclass[31m=[32m"MuiTypography-root MuiTypography-h6 MuiDialogTitle-root css-11h0rel-MuiTypography-root-MuiDialogTitle-root"[31m
          [33mid[31m=[32m"_r_dp_"[31m
        [36m>[31m
          [0m娣诲姞妯″瀷[0m
        [36m</h2>[31m
        [36m<div[31m
          [33mclass[31m=[32m"MuiDialogContent-root css-16e34i8-MuiDialogContent-root"[31m
        [36m>[31m
          [36m<div[31m
            [33mclass[31m=[32m"MuiBox-root css-1gsv261"[31m
          [36m>[31m
            [36m<div[31m
              [33mclass[31m=[32m"MuiTabs-root css-jhczcq-MuiTabs-root"[31m
            [36m>[31m
              [36m<div[31m
                [33mclass[31m=[32m"MuiTabs-scroller MuiTabs-fixed css-s2t35c-MuiTabs-scroller"[31m
                [33mstyle[31m=[32m"overflow: hidden; margin-bottom: 0px;"[31m
              [36m>[31m
                [36m<div[31m
                  [33maria-label[31m=[32m"妯″瀷閰嶇疆妯″紡"[31m
                  [33mclass[31m=[32m"MuiTabs-list css-hzcega-MuiTabs-list"[31m
                  [33mrole[31m=[32m"tablist"[31m
                [36m>[31m
                  [36m<button[31m
                    [33maria-selected[31m=[32m"true"[31m
                    [33mclass[31m=[32m"MuiButtonBase-root MuiTab-root MuiTab-textColorPrimary MuiTab-fullWidth Mui-selected css-hmk518-MuiButtonBase-root-MuiTab-root"[31m
                    [33mid[31m=[32m"model-config-tab-0"[31m
                    [33mrole[31m=[32m"tab"[31m
                    [33mtabindex[31m=[32m"0"[31m
                    [33mtype[31m=[32m"button"[31m
                  [36m>[31m
                    [0m妯″瀷鏈嶅姟鍟?[0m
                    [36m<span[31m
                      [33mclass[31m=[32m"MuiTouchRipple-root css-r3djoj-MuiTouchRipple-root"[31m
                    [36m>[31m
                      [36m<span[31m
                        [33mclass[31m=[32m"css-y4cjyz-MuiTouchRipple-ripple MuiTouchRipple-ripple MuiTouchRipple-rippleVisible"[31m
                        [33mstyle[31m=[32m"width: 2.8284271247461903px; height: 2.8284271247461903px; top: -1.4142135623730951px; left: -1.4142135623730951px;"[31m
                      [36m>[31m
                        [36m<span[31m
                          [33mclass[31m=[32m"MuiTouchRipple-child MuiTouchRipple-childLeaving"[31m
                        [36m/>[31m
                      [36m</span>[31m
                    [36m</span>[31m
                  [36m</button>[31m
                  [36m<button[31m
                    [33maria-selected[31m=[32m"false"[31m
                    [33mclass[31m=[32m"MuiButtonBase-root MuiTab-root MuiTab-textColorPrimary MuiTab-fullWidth css-hmk518-MuiButtonBase-root-MuiTab-root"[31m
                    [33mid[31m=[32m"model-config-tab-1"[31m
                    [33mrole[31m=[32m"tab"[31m
                    [33mtabindex[31m=[32m"-1"[31m
                    [33mtype[31m=[32m"button"[31m
                  [36m>[31m
                    [0m鑷畾涔夐厤缃?[0m
                  [36m</button>[31m
                [36m</div>[31m
                [36m<span[31m
                  [33mclass[31m=[32m"MuiTabs-indicator css-1qltlow-MuiTabs-indicator"[31m
                  [33mstyle[31m=[32m"left: 0px; width: 0px;"[31m
                [36m/>[31m
              [36m</div>[31m
            [36m</div>[31m
          [36m</div>[31m
          [36m<div[31m
            [33maria-labelledby[31m=[32m"model-config-tab-0"[31m
            [33mid[31m=[32m"model-config-tabpanel-0"[31m
            [33mrole[31m=[32m"tabpanel"[31m
          [36m>[31m
            [36m<div[31m
              [33mclass[31m=[32m"MuiBox-root css-1v3caum"[31m
            [36m>[31m
              [36m<div[31m
                [33mclass[31m=[32m"MuiPaper-root MuiPaper-elevation MuiPaper-rounded MuiPaper-elevation0 MuiAlert-root MuiAlert-colorInfo MuiAlert-standard css-dws3yv-MuiPaper-root-MuiAlert-root"[31m
                [33mrole[31m=[32m"alert"[31m
                [33mstyle[31m=[32m"--Paper-shadow: none;"[31m
              [36m>[31m
                [36m<div[31m
                  [33mclass[31m=[32m"MuiAlert-icon css-vab54s-MuiAlert-icon"[31m
                [36m>[31m
                  [36m<svg[31m
                    [33maria-hidden[31m=[32m"true"[31m
                    [33mclass[31m=[32m"MuiSvgIcon-root MuiSvgIcon-fontSizeInherit css-1ckov0h-MuiSvgIcon-root"[31m
                    [33mdata-testid[31m=[32m"InfoOutlinedIcon"[31m
                    [33mfocusable[31m=[32m"false"[31m
                    [33mviewBox[31m=[32m"0 0 24 24"[31m
                  [36m>[31m
                    [36m<path[31m
                      [33md[31m=[32m"M11,9H13V7H11M12,20C7.59,20 4,16.41 4,12C4,7.59 7.59,4 12,4C16.41,4 20,7.59 20, 12C20,16.41 16.41,20 12,20M12,2A10,10 0 0,0 2,12A10,10 0 0,0 12,22A10,10 0 0,0 22,12A10, 10 0 0,0 12,2M11,17H13V11H11V17Z"[31m
                    [36m/>[31m
                  [36m</svg>[31m
                [36m</div>[31m
                [36m<div[31m
                  [33mclass[31m=[32m"MuiAlert-message css-zioonp-MuiAlert-message"[31m
                [36m>[31m
                  [0m閫夋嫨棰勮鐨勬ā鍨嬫湇鍔″晢锛屽揩閫熸坊鍔犲父鐢ㄦā鍨?[0m
                [36m</div>[31m
              [36m</div>[31m
              [36m<div[31m
                [33mclass[31m=[32m"MuiFormControl-root MuiFormControl-fullWidth css-1y6tzp0-MuiFormControl-root"[31m
              [36m>[31m
                [36m<label[31m
                  [33mclass[31m=[32m"MuiFormLabel-root MuiInputLabel-root MuiInputLabel-formControl MuiInputLabel-animated MuiInputLabel-outlined MuiFormLabel-colorPrimary MuiInputLabel-root MuiInputLabel-formControl MuiInputLabel-animated MuiInputLabel-outlined css-19qnlrw-MuiFormLabel-root-MuiInputLabel-root"[31m
                  [33mdata-shrink[31m=[32m"false"[31m
                [36m>[31m
                  [0m閫夋嫨妯″瀷鏈嶅姟鍟?[0m
                [36m</label>[31m
                [36m<div[31m
                  [33mclass[31m=[32m"MuiInputBase-root MuiOutlinedInput-root MuiInputBase-colorPrimary MuiInputBase-formControl MuiSelect-root css-sc8y68-MuiInputBase-root-MuiOutlinedInput-root-MuiSelect-root"[31m
                [36m>[31m
                  [36m<div[31m
                    [33maria-expanded[31m=[32m"false"[31m
                    [33maria-haspopup[31m=[32m"listbox"[31m
                    [33mclass[31m=[32m"MuiSelect-select MuiSelect-outlined MuiInputBase-input MuiOutlinedInput-input css-18jp67o-MuiNativeSelect-root-MuiSelect-select-MuiInputBase-input-MuiOutlinedInput-input"[31m
                    [33mrole[31m=[32m"combobox"[31m
                    [33mtabindex[31m=[32m"0"[31m
                  [36m>[31m
                    [36m<span[31m
                      [33maria-hidden[31m=[32m"true"[31m
                      [33mclass[31m=[32m"notranslate"[31m
                    [36m>[31m
                      [0m鈥?[0m
                    [36m</span>[31m
                  [36m</div>[31m
                  [36m<input[31m
                    [33maria-hidden[31m=[32m"true"[31m
                    [33maria-invalid[31m=[32m"false"[31m
                    [33mclass[31m=[32m"MuiSelect-nativeInput css-j0riat-MuiSelect-nativeInput"[31m
                    [33mid[31m=[32m"_r_e8_"[31m
                    [33mtabindex[31m=[32m"-1"[31m
                    [33mvalue[31m=[32m""[31m
                  [36m/>[31m
                  [36m<svg[31m
                    [33maria-hidden[31m=[32m"true"[31m
                    [33mclass[31m=[32m"MuiSvgIcon-root MuiSvgIcon-fontSizeMedium MuiSelect-icon css-1rfqz7c-MuiSvgIcon-root-MuiNativeSelect-root-MuiSelect-icon"[31m
                    [33mdata-testid[31m=[32m"ArrowDropDownIcon"[31m
                    [33mfocusable[31m=[32m"false"[31m
                    [33mviewBox[31m=[32m"0 0 24 24"[31m
                  [36m>[31m
                    [36m<path[31m
                      [33md[31m=[32m"M7 10l5 5 5-5z"[31m
                    [36m/>[31m
                  [36m</svg>[31m
                  [36m<fieldset[31m
                    [33maria-hidden[31m=[32m"true"[31m
                    [33mclass[31m=[32m"MuiOutlinedInput-notchedOutline css-18p5xg2-MuiNotchedOutlined-root-MuiOutlinedInput-notchedOutline"[31m
                  [36m>[31m
                    [36m<legend[31m
                      [33mclass[31m=[32m"css-1n64csd-MuiNotchedOutlined-root"[31m
                    [36m>[31m
                      [36m<span>[31m
                        [0m閫夋嫨妯″瀷鏈嶅姟鍟?[0m
                      [36m</span>[31m
                    [36m</legend>[31m
                  [36m</fieldset>[31m
                [36m</div>[31m
              [36m</div>[31m
            [36m</div>[31m
          [36m</div>[31m
          [36m<div[31m
            [33maria-labelledby[31m=[32m"model-config-tab-1"[31m
            [33mhidden[31m=[32m""[31m
            [33mid[31m=[32m"model-config-tabpanel-1"[31m
            [33mrole[31m=[32m"tabpanel"[31m
          [36m/>[31m
        [36m</div>[31m
        [36m<div[31m
          [33mclass[31m=[32m"MuiDialogActions-root MuiDialogActions-spacing css-s92rvs-MuiDialogActions-root"[31m
        [36m>[31m
          [36m<button[31m
            [33mclass[31m=[32m"MuiButtonBase-root Mui-disabled MuiButton-root MuiButton-contained MuiButton-sizeMedium MuiButton-colorPrimary MuiButton-fullWidth css-1k9hkw1-MuiButtonBase-root-MuiButton-root"[31m
            [33mdisabled[31m=[32m""[31m
            [33mtabindex[31m=[32m"-1"[31m
            [33mtype[31m=[32m"button"[31m
          [36m>[31m
            [0m娣诲姞妯″瀷[0m
          [36m</button>[31m
        [36m</div>[31m
      [36m</div>[31m
    [36m</div>[31m
    [36m<div[31m
      [33mdata-testid[31m=[32m"sentinelEnd"[31m
      [33mtabindex[31m=[32m"0"[31m
    [36m/>[31m
  [36m</div>[31m
[36m</body>[31m[39m

[31m鈳幆鈳幆鈳幆[1m[7m Failed Tests 34 [27m[22m鈳幆鈳幆鈳幆鈳?[39m

[31m[1m[7m FAIL [27m[22m[39m src/__tests__/App.test.tsx[2m > [22mApp 缁勪欢闆嗘垚娴嬭瘯[2m > [22m娓呯┖浼氳瘽娴佺▼[2m > [22
m鐐瑰嚮娓呯┖鎸夐挳鏄剧ず纭瀵硅瘽妗?[31m[1mTestingLibraryElementError[22m[39m: Unable to find an accessible element with the role
 "button" and name `/娓呯┖褰撳墠浼氳瘽/`

Here are the accessible roles:

  banner:

  Name "":
  [36m<header[39m
    [33mclass[39m=[32m"MuiPaper-root MuiPaper-elevation MuiPaper-elevation4 MuiAppBar-root MuiAppBar-colorPrimary M
uiAppBar-positionFixed mui-fixed css-1woakg4-MuiPaper-root-MuiAppBar-root"[39m
    [33mstyle[39m=[32m"--Paper-shadow: 0px 2px 4px -1px rgba(0,0,0,0.2),0px 4px 5px 0px rgba(0,0,0,0.14),0px 1px 10
px 0px rgba(0,0,0,0.12);"[39m
  [36m/>[39m

  --------------------------------------------------
  button:

  Name "鏂板缓":
  [36m<button[39m
    [33mclass[39m=[32m"MuiButtonBase-root MuiButton-root MuiButton-text MuiButton-sizeSmall MuiButton-colorInherit 
css-g9pygt-MuiButtonBase-root-MuiButton-root"[39m
    [33mtabindex[39m=[32m"0"[39m
    [33mtype[39m=[32m"button"[39m
  [36m/>[39m

  Name "":
  [36m<button[39m
    [33mclass[39m=[32m"MuiButtonBase-root Mui-disabled MuiIconButton-root Mui-disabled MuiIconButton-colorInherit M
uiIconButton-sizeSmall css-38cjb0-MuiButtonBase-root-MuiIconButton-root"[39m
    [33mdisabled[39m=[32m""[39m
    [33mtabindex[39m=[32m"-1"[39m
    [33mtype[39m=[32m"button"[39m
  [36m/>[39m

  Name "":
  [36m<button[39m
    [33mclass[39m=[32m"MuiButtonBase-root MuiIconButton-root MuiIconButton-colorInherit MuiIconButton-sizeSmall css
-38cjb0-MuiButtonBase-root-MuiIconButton-root"[39m
    [33mtabindex[39m=[32m"0"[39m
    [33mtype[39m=[32m"button"[39m
  [36m/>[39m

  Name "":
  [36m<button[39m
    [33mclass[39m=[32m"MuiButtonBase-root Mui-disabled MuiIconButton-root Mui-disabled MuiIconButton-colorInherit M
uiIconButton-sizeSmall css-38cjb0-MuiButtonBase-root-MuiIconButton-root"[39m
    [33mdisabled[39m=[32m""[39m
    [33mtabindex[39m=[32m"-1"[39m
    [33mtype[39m=[32m"button"[39m
  [36m/>[39m

  Name "":
  [36m<button[39m
    [33mclass[39m=[32m"MuiButtonBase-root MuiIconButton-root MuiIconButton-colorInherit MuiIconButton-sizeSmall css
-38cjb0-MuiButtonBase-root-MuiIconButton-root"[39m
    [33mtabindex[39m=[32m"0"[39m
    [33mtype[39m=[32m"button"[39m
  [36m/>[39m

  Name "":
  [36m<button[39m
    [33mclass[39m=[32m"MuiButtonBase-root Mui-disabled MuiIconButton-root Mui-disabled MuiIconButton-colorPrimary M
uiIconButton-sizeMedium css-1a80ix3-MuiButtonBase-root-MuiIconButton-root"[39m
    [33mdisabled[39m=[32m""[39m
    [33mtabindex[39m=[32m"-1"[39m
    [33mtype[39m=[32m"button"[39m
  [36m/>[39m

  --------------------------------------------------
  heading:

  Name "妯″瀷鍒楄〃":
  [36m<h6[39m
    [33mclass[39m=[32m"MuiTypography-root MuiTypography-subtitle1 MuiTypography-gutterBottom css-7oz9zk-MuiTypograp
hy-root"[39m
  [36m/>[39m

  Name "娆㈣繋浣跨敤 MultiChat":
  [36m<h5[39m
    [33mclass[39m=[32m"MuiTypography-root MuiTypography-h5 css-1xvfe2z-MuiTypography-root"[39m
  [36m/>[39m

  --------------------------------------------------
  paragraph:

  Name "":
  [36m<p[39m
    [33mclass[39m=[32m"MuiTypography-root MuiTypography-body2 css-11enejt-MuiTypography-root"[39m
  [36m/>[39m

  Name "":
  [36m<p[39m
    [33mclass[39m=[32m"MuiTypography-root MuiTypography-body1 css-1joot0f-MuiTypography-root"[39m
  [36m/>[39m

  Name "":
  [36m<p[39m
    [33mclass[39m=[32m"MuiTypography-root MuiTypography-body2 css-11enejt-MuiTypography-root"[39m
  [36m/>[39m

  --------------------------------------------------
  main:

  Name "":
  [36m<main[39m
    [33mclass[39m=[32m"MuiBox-root css-ck0a4"[39m
  [36m/>[39m

  --------------------------------------------------
  textbox:

  Name "":
  [36m<textarea[39m
    [33maria-invalid[39m=[32m"false"[39m
    [33mclass[39m=[32m"MuiInputBase-input MuiOutlinedInput-input css-w4nesw-MuiInputBase-input-MuiOutlinedInput-inp
ut"[39m
    [33mid[39m=[32m"_r_31_"[39m
    [33mplaceholder[39m=[32m"杈撳叆鎮ㄧ殑闂锛孍nter 鍙戦€侊紝Shift+Enter 鎹㈣"[39m
    [33mstyle[39m=[32m"height: 0px; overflow: hidden;"[39m
  [36m/>[39m

  --------------------------------------------------

Ignored nodes: comments, script, style
[36m<body>[39m
  [36m<div>[39m
    [36m<div[39m
      [33mclass[39m=[32m"MuiBox-root css-1yeiifd"[39m
    [36m>[39m
      [36m<header[39m
        [33mclass[39m=[32m"MuiPaper-root MuiPaper-elevation MuiPaper-elevation4 MuiAppBar-root MuiAppBar-colorPrima
ry MuiAppBar-positionFixed mui-fixed css-1woakg4-MuiPaper-root-MuiAppBar-root"[39m
        [33mstyle[39m=[32m"--Paper-shadow: 0px 2px 4px -1px rgba(0,0,0,0.2),0px 4px 5px 0px rgba(0,0,0,0.14),0px 1p
x 10px 0px rgba(0,0,0,0.12);"[39m
      [36m>[39m
        [36m<div[39m
          [33mclass[39m=[32m"MuiToolbar-root MuiToolbar-gutters MuiToolbar-regular css-yg49xf-MuiToolbar-root"[39m
        [36m>[39m
          [36m<div[39m
            [33mclass[39m=[32m"MuiTypography-root MuiTypography-h6 MuiTypography-noWrap css-1l8e00d-MuiTypography-r
oot"[39m
          [36m>[39m
            [0mMultiChat 澶氭ā鍨嬪璇?[0m
          [36m</div>[39m
          [36m<div[39m
            [33mclass[39m=[32m"MuiBox-root css-1i27l4i"[39m
          [36m>[39m
            [36m<span[39m
              [33maria-label[39m=[32m"鏂板缓浼氳瘽"[39m
              [33mclass[39m=[32m""[39m
              [33mdata-mui-internal-clone-element[39m=[32m"true"[39m
            [36m>[39m
              [36m<button[39m
                [33mclass[39m=[32m"MuiButtonBase-root MuiButton-root MuiButton-text MuiButton-sizeSmall MuiButton-c
olorInherit css-g9pygt-MuiButtonBase-root-MuiButton-root"[39m
                [33mtabindex[39m=[32m"0"[39m
                [33mtype[39m=[32m"button"[39m
              [36m>[39m
                [36m<span[39m
                  [33mclass[39m=[32m"MuiButton-icon MuiButton-startIcon css-d8i980-MuiButton-startIcon"[39m
                [36m>[39m
                  [36m<svg[39m
                    [33maria-hidden[39m=[32m"true"[39m
                    [33mclass[39m=[32m"MuiSvgIcon-root MuiSvgIcon-fontSizeMedium css-1umw9bq-MuiSvgIcon-root"[39m
                    [33mdata-testid[39m=[32m"AddIcon"[39m
                    [33mfocusable[39m=[32m"false"[39m
                    [33mviewBox[39m=[32m"0 0 24 24"[39m
                  [36m>[39m
                    [36m<path[39m
                      [33md[39m=[32m"M19 13h-6v6h-2v-6H5v-2h6V5h2v6h6z"[39m
                    [36m/>[39m
                  [36m</svg>[39m
                [36m</span>[39m
                [0m鏂板缓[0m
              [36m</button>[39m
            [36m</span>[39m
            [36m<span[39m
              [33maria-label[39m=[32m"淇濆瓨褰撳墠浼氳瘽"[39m
              [33mclass[39m=[32m""[39m
              [33mdata-mui-internal-clone-element[39m=[32m"true"[39m
            [36m>[39m
              [36m<button[39m
                [33mclass[39m=[32m"MuiButtonBase-root Mui-disabled MuiIconButton-root Mui-disabled MuiIconButton-co
lorInherit MuiIconButton-sizeSmall css-38cjb0-MuiButtonBase-root-MuiIconButton-root"[39m
                [33mdisabled[39m=[32m""[39m
                [33mtabindex[39m=[32m"-1"[39m
                [33mtype[39m=[32m"button"[39m
              [36m>[39m
                [36m<svg[39m
                  [33maria-hidden[39m=[32m"true"[39m
                  [33mclass[39m=[32m"MuiSvgIcon-root MuiSvgIcon-fontSizeMedium css-1umw9bq-MuiSvgIcon-root"[39m
                  [33mdata-testid[39m=[32m"SaveIcon"[39m
                  [33mfocusable[39m=[32m"false"[39m
                  [33mviewBox[39m=[32m"0 0 24 24"[39m
                [36m>[39m
                  [36m<path[39m
                    [33md[39m=[32m"M17 3H5c-1.11 0-2 .9-2 2v14c0 1.1.89 2 2 2h14c1.1 0 2-.9 2-2V7zm-5 16c-1.66 0-3-
1.34-3-3s1.34-3 3-3 3 1.34 3 3-1.34 3-3 3m3-10H5V5h10z"[39m
                  [36m/>[39m
                [36m</svg>[39m
              [36m</button>[39m
            [36m</span>[39m
            [36m<span[39m
              [33maria-label[39m=[32m"鍘嗗彶璁板綍"[39m
              [33mclass[39m=[32m""[39m
              [33mdata-mui-internal-clone-element[39m=[32m"true"[39m
            [36m>[39m
              [36m<button[39m
                [33mclass[39m=[32m"MuiButtonBase-root MuiIconButton-root MuiIconButton-colorInherit MuiIconButton-s
izeSmall css-38cjb0-MuiButtonBase-root-MuiIconButton-root"[39m
                [33mtabindex[39m=[32m"0"[39m
                [33mtype[39m=[32m"button"[39m
              [36m>[39m
                [36m<svg[39m
                  [33maria-hidden[39m=[32m"true"[39m
                  [33mclass[39m=[32m"MuiSvgIcon-root MuiSvgIcon-fontSizeMedium css-1umw9bq-MuiSvgIcon-root"[39m
                  [33mdata-testid[39m=[32m"HistoryIcon"[39m
                  [33mfocusable[39m=[32m"false"[39m
                  [33mviewBox[39m=[32m"0 0 24 24"[39m
                [36m>[39m
                  [36m<path[39m
                    [33md[39m=[32m"M13 3c-4.97 0-9 4.03-9 9H1l3.89 3.89.07.14L9 12H6c0-3.87 3.13-7 7-7s7 3.13 7 7-3
.13 7-7 7c-1.93 0-3.68-.79-4.94-2.06l-1.42 1.42C8.27 19.99 10.51 21 13 21c4.97 0 9-4.03 9-9s-4.03-9-9-9m-1 5v5l4.28 2.
54.72-1.21-3.5-2.08V8z"[39m
                  [36m/>[39m
                [36m</svg>[39m
              [36m</button>[39m
            [36m</span>[39m
            [36m<span[39m
              [33maria-label[39m=[32m"娓呯┖褰撳墠浼氳瘽"[39m
              [33mclass[39m=[32m""[39m
              [33mdata-mui-internal-clone-element[39m=[32m"true"[39m
            [36m>[39m
              [36m<button[39m
                [33mclass[39m=[32m"MuiButtonBase-root Mui-disabled MuiIconButton-root Mui-disabled MuiIconButton-co
lorInherit MuiIconButton-sizeSmall css-38cjb0-MuiButtonBase-root-MuiIconButton-root"[39m
                [33mdisabled[39m=[32m""[39m
                [33mtabindex[39m=[32m"-1"[39m
                [33mtype[39m=[32m"button"[39m
              [36m>[39m
                [36m<svg[39m
                  [33maria-hidden[39m=[32m"true"[39m
                  [33mclass[39m=[32m"MuiSvgIcon-root MuiSvgIcon-fontSizeMedium css-1umw9bq-MuiSvgIcon-root"[39m
                  [33mdata-testid[39m=[32m"DeleteSweepIcon"[39m
                  [33mfocusable[39m=[32m"false"[39m
                  [33mviewBox[39m=[32m"0 0 24 24"[39m
                [36m>[39m
                  [36m<path[39m
                    [33md[39m=[32m"M15 16h4v2h-4zm0-8h7v2h-7zm0 4h6v2h-6zM3 18c0 1.1.9 2 2 2h6c1.1 0 2-.9 2-2V8H3zM
14 5h-3l-1-1H6L5 5H2v2h12z"[39m
                  [36m/>[39m
                [36m</svg>[39m
              [36m</button>[39m
            [36m</span>[39m
            [36m<span[39m
              [33maria-label[39m=[32m"妯″瀷閰嶇疆"[39m
              [33mclass[39m=[32m""[39m
              [33mdata-mui-internal-clone-element[39m=[32m"true"[39m
            [36m>[39m
              [36m<button[39m
                [33mclass[39m=[32m"MuiButtonBase-root MuiIconButton-root MuiIconButton-colorInherit MuiIcon...
[90m [2m鉂?[22m Object.getElementError node_modules/@testing-library/dom/dist/config.js:[2m37:19[22m[39m
[90m [2m鉂?[22m node_modules/@testing-library/dom/dist/query-helpers.js:[2m76:38[22m[39m
[90m [2m鉂?[22m node_modules/@testing-library/dom/dist/query-helpers.js:[2m52:17[22m[39m
[90m [2m鉂?[22m node_modules/@testing-library/dom/dist/query-helpers.js:[2m95:19[22m[39m
[36m [2m鉂?[22m src/__tests__/App.test.tsx:[2m151:34[22m[39m
    [90m149| [39m      [34mrender[39m([33m<[39m[33mApp[39m [33m/[39m[33m>[39m)
    [90m150| [39m
    [90m151| [39m      [35mconst[39m clearButton [33m=[39m screen[33m.[39m[34mgetByRole[39m([32m'button'[3
9m[33m,[39m { name[33m:[39m [36m/娓呯┖褰撳墠[39m鈥?    [90m   | [39m                                 [31m^[39m
    [90m152| [39m      [35mawait[39m user[33m.[39m[34mclick[39m(clearButton)
    [90m153| [39m

[31m[2m鈳幆鈳幆鈳幆鈳幆鈳幆鈳幆鈳幆鈳幆鈳幆鈳幆鈳幆鈳痆1/34]鈳?[22m[39m

[31m[1m[7m FAIL [27m[22m[39m src/__tests__/App.test.tsx[2m > [22mApp 缁勪欢闆嗘垚娴嬭瘯[2m > [22m娓呯┖浼氳瘽娴佺▼[2m > [22
m纭娓呯┖鍚庡叧闂璇濇
[31m[1mTestingLibraryElementError[22m[39m: Unable to find an accessible element with the role "button" and name `/
娓呯┖褰撳墠浼氳瘽/`

Here are the accessible roles:

  banner:

  Name "":
  [36m<header[39m
    [33mclass[39m=[32m"MuiPaper-root MuiPaper-elevation MuiPaper-elevation4 MuiAppBar-root MuiAppBar-colorPrimary M
uiAppBar-positionFixed mui-fixed css-1woakg4-MuiPaper-root-MuiAppBar-root"[39m
    [33mstyle[39m=[32m"--Paper-shadow: 0px 2px 4px -1px rgba(0,0,0,0.2),0px 4px 5px 0px rgba(0,0,0,0.14),0px 1px 10
px 0px rgba(0,0,0,0.12);"[39m
  [36m/>[39m

  --------------------------------------------------
  button:

  Name "鏂板缓":
  [36m<button[39m
    [33mclass[39m=[32m"MuiButtonBase-root MuiButton-root MuiButton-text MuiButton-sizeSmall MuiButton-colorInherit 
css-g9pygt-MuiButtonBase-root-MuiButton-root"[39m
    [33mtabindex[39m=[32m"0"[39m
    [33mtype[39m=[32m"button"[39m
  [36m/>[39m

  Name "":
  [36m<button[39m
    [33mclass[39m=[32m"MuiButtonBase-root Mui-disabled MuiIconButton-root Mui-disabled MuiIconButton-colorInherit M
uiIconButton-sizeSmall css-38cjb0-MuiButtonBase-root-MuiIconButton-root"[39m
    [33mdisabled[39m=[32m""[39m
    [33mtabindex[39m=[32m"-1"[39m
    [33mtype[39m=[32m"button"[39m
  [36m/>[39m

  Name "":
  [36m<button[39m
    [33mclass[39m=[32m"MuiButtonBase-root MuiIconButton-root MuiIconButton-colorInherit MuiIconButton-sizeSmall css
-38cjb0-MuiButtonBase-root-MuiIconButton-root"[39m
    [33mtabindex[39m=[32m"0"[39m
    [33mtype[39m=[32m"button"[39m
  [36m/>[39m

  Name "":
  [36m<button[39m
    [33mclass[39m=[32m"MuiButtonBase-root Mui-disabled MuiIconButton-root Mui-disabled MuiIconButton-colorInherit M
uiIconButton-sizeSmall css-38cjb0-MuiButtonBase-root-MuiIconButton-root"[39m
    [33mdisabled[39m=[32m""[39m
    [33mtabindex[39m=[32m"-1"[39m
    [33mtype[39m=[32m"button"[39m
  [36m/>[39m

  Name "":
  [36m<button[39m
    [33mclass[39m=[32m"MuiButtonBase-root MuiIconButton-root MuiIconButton-colorInherit MuiIconButton-sizeSmall css
-38cjb0-MuiButtonBase-root-MuiIconButton-root"[39m
    [33mtabindex[39m=[32m"0"[39m
    [33mtype[39m=[32m"button"[39m
  [36m/>[39m

  Name "":
  [36m<button[39m
    [33mclass[39m=[32m"MuiButtonBase-root Mui-disabled MuiIconButton-root Mui-disabled MuiIconButton-colorPrimary M
uiIconButton-sizeMedium css-1a80ix3-MuiButtonBase-root-MuiIconButton-root"[39m
    [33mdisabled[39m=[32m""[39m
    [33mtabindex[39m=[32m"-1"[39m
    [33mtype[39m=[32m"button"[39m
  [36m/>[39m

  --------------------------------------------------
  heading:

  Name "妯″瀷鍒楄〃":
  [36m<h6[39m
    [33mclass[39m=[32m"MuiTypography-root MuiTypography-subtitle1 MuiTypography-gutterBottom css-7oz9zk-MuiTypograp
hy-root"[39m
  [36m/>[39m

  Name "娆㈣繋浣跨敤 MultiChat":
  [36m<h5[39m
    [33mclass[39m=[32m"MuiTypography-root MuiTypography-h5 css-1xvfe2z-MuiTypography-root"[39m
  [36m/>[39m

  --------------------------------------------------
  paragraph:

  Name "":
  [36m<p[39m
    [33mclass[39m=[32m"MuiTypography-root MuiTypography-body2 css-11enejt-MuiTypography-root"[39m
  [36m/>[39m

  Name "":
  [36m<p[39m
    [33mclass[39m=[32m"MuiTypography-root MuiTypography-body1 css-1joot0f-MuiTypography-root"[39m
  [36m/>[39m

  Name "":
  [36m<p[39m
    [33mclass[39m=[32m"MuiTypography-root MuiTypography-body2 css-11enejt-MuiTypography-root"[39m
  [36m/>[39m

  --------------------------------------------------
  main:

  Name "":
  [36m<main[39m
    [33mclass[39m=[32m"MuiBox-root css-ck0a4"[39m
  [36m/>[39m

  --------------------------------------------------
  textbox:

  Name "":
  [36m<textarea[39m
    [33maria-invalid[39m=[32m"false"[39m
    [33mclass[39m=[32m"MuiInputBase-input MuiOutlinedInput-input css-w4nesw-MuiInputBase-input-MuiOutlinedInput-inp
ut"[39m
    [33mid[39m=[32m"_r_3i_"[39m
    [33mplaceholder[39m=[32m"杈撳叆鎮ㄧ殑闂锛孍nter 鍙戦€侊紝Shift+Enter 鎹㈣"[39m
    [33mstyle[39m=[32m"height: 0px; overflow: hidden;"[39m
  [36m/>[39m

  --------------------------------------------------

Ignored nodes: comments, script, style
[36m<body>[39m
  [36m<div>[39m
    [36m<div[39m
      [33mclass[39m=[32m"MuiBox-root css-1yeiifd"[39m
    [36m>[39m
      [36m<header[39m
        [33mclass[39m=[32m"MuiPaper-root MuiPaper-elevation MuiPaper-elevation4 MuiAppBar-root MuiAppBar-colorPrima
ry MuiAppBar-positionFixed mui-fixed css-1woakg4-MuiPaper-root-MuiAppBar-root"[39m
        [33mstyle[39m=[32m"--Paper-shadow: 0px 2px 4px -1px rgba(0,0,0,0.2),0px 4px 5px 0px rgba(0,0,0,0.14),0px 1p
x 10px 0px rgba(0,0,0,0.12);"[39m
      [36m>[39m
        [36m<div[39m
          [33mclass[39m=[32m"MuiToolbar-root MuiToolbar-gutters MuiToolbar-regular css-yg49xf-MuiToolbar-root"[39m
        [36m>[39m
          [36m<div[39m
            [33mclass[39m=[32m"MuiTypography-root MuiTypography-h6 MuiTypography-noWrap css-1l8e00d-MuiTypography-r
oot"[39m
          [36m>[39m
            [0mMultiChat 澶氭ā鍨嬪璇?[0m
          [36m</div>[39m
          [36m<div[39m
            [33mclass[39m=[32m"MuiBox-root css-1i27l4i"[39m
          [36m>[39m
            [36m<span[39m
              [33maria-label[39m=[32m"鏂板缓浼氳瘽"[39m
              [33mclass[39m=[32m""[39m
              [33mdata-mui-internal-clone-element[39m=[32m"true"[39m
            [36m>[39m
              [36m<button[39m
                [33mclass[39m=[32m"MuiButtonBase-root MuiButton-root MuiButton-text MuiButton-sizeSmall MuiButton-c
olorInherit css-g9pygt-MuiButtonBase-root-MuiButton-root"[39m
                [33mtabindex[39m=[32m"0"[39m
                [33mtype[39m=[32m"button"[39m
              [36m>[39m
                [36m<span[39m
                  [33mclass[39m=[32m"MuiButton-icon MuiButton-startIcon css-d8i980-MuiButton-startIcon"[39m
                [36m>[39m
                  [36m<svg[39m
                    [33maria-hidden[39m=[32m"true"[39m
                    [33mclass[39m=[32m"MuiSvgIcon-root MuiSvgIcon-fontSizeMedium css-1umw9bq-MuiSvgIcon-root"[39m
                    [33mdata-testid[39m=[32m"AddIcon"[39m
                    [33mfocusable[39m=[32m"false"[39m
                    [33mviewBox[39m=[32m"0 0 24 24"[39m
                  [36m>[39m
                    [36m<path[39m
                      [33md[39m=[32m"M19 13h-6v6h-2v-6H5v-2h6V5h2v6h6z"[39m
                    [36m/>[39m
                  [36m</svg>[39m
                [36m</span>[39m
                [0m鏂板缓[0m
              [36m</button>[39m
            [36m</span>[39m
            [36m<span[39m
              [33maria-label[39m=[32m"淇濆瓨褰撳墠浼氳瘽"[39m
              [33mclass[39m=[32m""[39m
              [33mdata-mui-internal-clone-element[39m=[32m"true"[39m
            [36m>[39m
              [36m<button[39m
                [33mclass[39m=[32m"MuiButtonBase-root Mui-disabled MuiIconButton-root Mui-disabled MuiIconButton-co
lorInherit MuiIconButton-sizeSmall css-38cjb0-MuiButtonBase-root-MuiIconButton-root"[39m
                [33mdisabled[39m=[32m""[39m
                [33mtabindex[39m=[32m"-1"[39m
                [33mtype[39m=[32m"button"[39m
              [36m>[39m
                [36m<svg[39m
                  [33maria-hidden[39m=[32m"true"[39m
                  [33mclass[39m=[32m"MuiSvgIcon-root MuiSvgIcon-fontSizeMedium css-1umw9bq-MuiSvgIcon-root"[39m
                  [33mdata-testid[39m=[32m"SaveIcon"[39m
                  [33mfocusable[39m=[32m"false"[39m
                  [33mviewBox[39m=[32m"0 0 24 24"[39m
                [36m>[39m
                  [36m<path[39m
                    [33md[39m=[32m"M17 3H5c-1.11 0-2 .9-2 2v14c0 1.1.89 2 2 2h14c1.1 0 2-.9 2-2V7zm-5 16c-1.66 0-3-
1.34-3-3s1.34-3 3-3 3 1.34 3 3-1.34 3-3 3m3-10H5V5h10z"[39m
                  [36m/>[39m
                [36m</svg>[39m
              [36m</button>[39m
            [36m</span>[39m
            [36m<span[39m
              [33maria-label[39m=[32m"鍘嗗彶璁板綍"[39m
              [33mclass[39m=[32m""[39m
              [33mdata-mui-internal-clone-element[39m=[32m"true"[39m
            [36m>[39m
              [36m<button[39m
                [33mclass[39m=[32m"MuiButtonBase-root MuiIconButton-root MuiIconButton-colorInherit MuiIconButton-s
izeSmall css-38cjb0-MuiButtonBase-root-MuiIconButton-root"[39m
                [33mtabindex[39m=[32m"0"[39m
                [33mtype[39m=[32m"button"[39m
              [36m>[39m
                [36m<svg[39m
                  [33maria-hidden[39m=[32m"true"[39m
                  [33mclass[39m=[32m"MuiSvgIcon-root MuiSvgIcon-fontSizeMedium css-1umw9bq-MuiSvgIcon-root"[39m
                  [33mdata-testid[39m=[32m"HistoryIcon"[39m
                  [33mfocusable[39m=[32m"false"[39m
                  [33mviewBox[39m=[32m"0 0 24 24"[39m
                [36m>[39m
                  [36m<path[39m
                    [33md[39m=[32m"M13 3c-4.97 0-9 4.03-9 9H1l3.89 3.89.07.14L9 12H6c0-3.87 3.13-7 7-7s7 3.13 7 7-3
.13 7-7 7c-1.93 0-3.68-.79-4.94-2.06l-1.42 1.42C8.27 19.99 10.51 21 13 21c4.97 0 9-4.03 9-9s-4.03-9-9-9m-1 5v5l4.28 2.
54.72-1.21-3.5-2.08V8z"[39m
                  [36m/>[39m
                [36m</svg>[39m
              [36m</button>[39m
            [36m</span>[39m
            [36m<span[39m
              [33maria-label[39m=[32m"娓呯┖褰撳墠浼氳瘽"[39m
              [33mclass[39m=[32m""[39m
              [33mdata-mui-internal-clone-element[39m=[32m"true"[39m
            [36m>[39m
              [36m<button[39m
                [33mclass[39m=[32m"MuiButtonBase-root Mui-disabled MuiIconButton-root Mui-disabled MuiIconButton-co
lorInherit MuiIconButton-sizeSmall css-38cjb0-MuiButtonBase-root-MuiIconButton-root"[39m
                [33mdisabled[39m=[32m""[39m
                [33mtabindex[39m=[32m"-1"[39m
                [33mtype[39m=[32m"button"[39m
              [36m>[39m
                [36m<svg[39m
                  [33maria-hidden[39m=[32m"true"[39m
                  [33mclass[39m=[32m"MuiSvgIcon-root MuiSvgIcon-fontSizeMedium css-1umw9bq-MuiSvgIcon-root"[39m
                  [33mdata-testid[39m=[32m"DeleteSweepIcon"[39m
                  [33mfocusable[39m=[32m"false"[39m
                  [33mviewBox[39m=[32m"0 0 24 24"[39m
                [36m>[39m
                  [36m<path[39m
                    [33md[39m=[32m"M15 16h4v2h-4zm0-8h7v2h-7zm0 4h6v2h-6zM3 18c0 1.1.9 2 2 2h6c1.1 0 2-.9 2-2V8H3zM
14 5h-3l-1-1H6L5 5H2v2h12z"[39m
                  [36m/>[39m
                [36m</svg>[39m
              [36m</button>[39m
            [36m</span>[39m
            [36m<span[39m
              [33maria-label[39m=[32m"妯″瀷閰嶇疆"[39m
              [33mclass[39m=[32m""[39m
              [33mdata-mui-internal-clone-element[39m=[32m"true"[39m
            [36m>[39m
              [36m<button[39m
                [33mclass[39m=[32m"MuiButtonBase-root MuiIconButton-root MuiIconButton-colorInherit MuiIcon...
[90m [2m鉂?[22m Object.getElementError node_modules/@testing-library/dom/dist/config.js:[2m37:19[22m[39m
[90m [2m鉂?[22m node_modules/@testing-library/dom/dist/query-helpers.js:[2m76:38[22m[39m
[90m [2m鉂?[22m node_modules/@testing-library/dom/dist/query-helpers.js:[2m52:17[22m[39m
[90m [2m鉂?[22m node_modules/@testing-library/dom/dist/query-helpers.js:[2m95:19[22m[39m
[36m [2m鉂?[22m src/__tests__/App.test.tsx:[2m163:34[22m[39m
    [90m161| [39m      [34mrender[39m([33m<[39m[33mApp[39m [33m/[39m[33m>[39m)
    [90m162| [39m
    [90m163| [39m      [35mconst[39m clearButton [33m=[39m screen[33m.[39m[34mgetByRole[39m([32m'button'[3
9m[33m,[39m { name[33m:[39m [36m/娓呯┖褰撳墠[39m鈥?    [90m   | [39m                                 [31m^[39m
    [90m164| [39m      [35mawait[39m user[33m.[39m[34mclick[39m(clearButton)
    [90m165| [39m

[31m[2m鈳幆鈳幆鈳幆鈳幆鈳幆鈳幆鈳幆鈳幆鈳幆鈳幆鈳幆鈳痆2/34]鈳?[22m[39m

[31m[1m[7m FAIL [27m[22m[39m src/__tests__/App.test.tsx[2m > [22mApp 缁勪欢闆嗘垚娴嬭瘯[2m > [22m淇濆瓨鍘嗗彶璁板綍娴佺▼[2m > 
[22m鐐瑰嚮淇濆瓨鎸夐挳鏄剧ず瀵硅瘽妗?[31m[1mTestingLibraryElementError[22m[39m: Unable to find an accessible element with the role
 "button" and name `/淇濆瓨褰撳墠浼氳瘽/`

Here are the accessible roles:

  banner:

  Name "":
  [36m<header[39m
    [33mclass[39m=[32m"MuiPaper-root MuiPaper-elevation MuiPaper-elevation4 MuiAppBar-root MuiAppBar-colorPrimary M
uiAppBar-positionFixed mui-fixed css-1woakg4-MuiPaper-root-MuiAppBar-root"[39m
    [33mstyle[39m=[32m"--Paper-shadow: 0px 2px 4px -1px rgba(0,0,0,0.2),0px 4px 5px 0px rgba(0,0,0,0.14),0px 1px 10
px 0px rgba(0,0,0,0.12);"[39m
  [36m/>[39m

  --------------------------------------------------
  button:

  Name "鏂板缓":
  [36m<button[39m
    [33mclass[39m=[32m"MuiButtonBase-root MuiButton-root MuiButton-text MuiButton-sizeSmall MuiButton-colorInherit 
css-g9pygt-MuiButtonBase-root-MuiButton-root"[39m
    [33mtabindex[39m=[32m"0"[39m
    [33mtype[39m=[32m"button"[39m
  [36m/>[39m

  Name "":
  [36m<button[39m
    [33mclass[39m=[32m"MuiButtonBase-root Mui-disabled MuiIconButton-root Mui-disabled MuiIconButton-colorInherit M
uiIconButton-sizeSmall css-38cjb0-MuiButtonBase-root-MuiIconButton-root"[39m
    [33mdisabled[39m=[32m""[39m
    [33mtabindex[39m=[32m"-1"[39m
    [33mtype[39m=[32m"button"[39m
  [36m/>[39m

  Name "":
  [36m<button[39m
    [33mclass[39m=[32m"MuiButtonBase-root MuiIconButton-root MuiIconButton-colorInherit MuiIconButton-sizeSmall css
-38cjb0-MuiButtonBase-root-MuiIconButton-root"[39m
    [33mtabindex[39m=[32m"0"[39m
    [33mtype[39m=[32m"button"[39m
  [36m/>[39m

  Name "":
  [36m<button[39m
    [33mclass[39m=[32m"MuiButtonBase-root Mui-disabled MuiIconButton-root Mui-disabled MuiIconButton-colorInherit M
uiIconButton-sizeSmall css-38cjb0-MuiButtonBase-root-MuiIconButton-root"[39m
    [33mdisabled[39m=[32m""[39m
    [33mtabindex[39m=[32m"-1"[39m
    [33mtype[39m=[32m"button"[39m
  [36m/>[39m

  Name "":
  [36m<button[39m
    [33mclass[39m=[32m"MuiButtonBase-root MuiIconButton-root MuiIconButton-colorInherit MuiIconButton-sizeSmall css
-38cjb0-MuiButtonBase-root-MuiIconButton-root"[39m
    [33mtabindex[39m=[32m"0"[39m
    [33mtype[39m=[32m"button"[39m
  [36m/>[39m

  Name "":
  [36m<button[39m
    [33mclass[39m=[32m"MuiButtonBase-root Mui-disabled MuiIconButton-root Mui-disabled MuiIconButton-colorPrimary M
uiIconButton-sizeMedium css-1a80ix3-MuiButtonBase-root-MuiIconButton-root"[39m
    [33mdisabled[39m=[32m""[39m
    [33mtabindex[39m=[32m"-1"[39m
    [33mtype[39m=[32m"button"[39m
  [36m/>[39m

  --------------------------------------------------
  heading:

  Name "妯″瀷鍒楄〃":
  [36m<h6[39m
    [33mclass[39m=[32m"MuiTypography-root MuiTypography-subtitle1 MuiTypography-gutterBottom css-7oz9zk-MuiTypograp
hy-root"[39m
  [36m/>[39m

  Name "娆㈣繋浣跨敤 MultiChat":
  [36m<h5[39m
    [33mclass[39m=[32m"MuiTypography-root MuiTypography-h5 css-1xvfe2z-MuiTypography-root"[39m
  [36m/>[39m

  --------------------------------------------------
  paragraph:

  Name "":
  [36m<p[39m
    [33mclass[39m=[32m"MuiTypography-root MuiTypography-body2 css-11enejt-MuiTypography-root"[39m
  [36m/>[39m

  Name "":
  [36m<p[39m
    [33mclass[39m=[32m"MuiTypography-root MuiTypography-body1 css-1joot0f-MuiTypography-root"[39m
  [36m/>[39m

  Name "":
  [36m<p[39m
    [33mclass[39m=[32m"MuiTypography-root MuiTypography-body2 css-11enejt-MuiTypography-root"[39m
  [36m/>[39m

  --------------------------------------------------
  main:

  Name "":
  [36m<main[39m
    [33mclass[39m=[32m"MuiBox-root css-ck0a4"[39m
  [36m/>[39m

  --------------------------------------------------
  textbox:

  Name "":
  [36m<textarea[39m
    [33maria-invalid[39m=[32m"false"[39m
    [33mclass[39m=[32m"MuiInputBase-input MuiOutlinedInput-input css-w4nesw-MuiInputBase-input-MuiOutlinedInput-inp
ut"[39m
    [33mid[39m=[32m"_r_43_"[39m
    [33mplaceholder[39m=[32m"杈撳叆鎮ㄧ殑闂锛孍nter 鍙戦€侊紝Shift+Enter 鎹㈣"[39m
    [33mstyle[39m=[32m"height: 0px; overflow: hidden;"[39m
  [36m/>[39m

  --------------------------------------------------

Ignored nodes: comments, script, style
[36m<body>[39m
  [36m<div>[39m
    [36m<div[39m
      [33mclass[39m=[32m"MuiBox-root css-1yeiifd"[39m
    [36m>[39m
      [36m<header[39m
        [33mclass[39m=[32m"MuiPaper-root MuiPaper-elevation MuiPaper-elevation4 MuiAppBar-root MuiAppBar-colorPrima
ry MuiAppBar-positionFixed mui-fixed css-1woakg4-MuiPaper-root-MuiAppBar-root"[39m
        [33mstyle[39m=[32m"--Paper-shadow: 0px 2px 4px -1px rgba(0,0,0,0.2),0px 4px 5px 0px rgba(0,0,0,0.14),0px 1p
x 10px 0px rgba(0,0,0,0.12);"[39m
      [36m>[39m
        [36m<div[39m
          [33mclass[39m=[32m"MuiToolbar-root MuiToolbar-gutters MuiToolbar-regular css-yg49xf-MuiToolbar-root"[39m
        [36m>[39m
          [36m<div[39m
            [33mclass[39m=[32m"MuiTypography-root MuiTypography-h6 MuiTypography-noWrap css-1l8e00d-MuiTypography-r
oot"[39m
          [36m>[39m
            [0mMultiChat 澶氭ā鍨嬪璇?[0m
          [36m</div>[39m
          [36m<div[39m
            [33mclass[39m=[32m"MuiBox-root css-1i27l4i"[39m
          [36m>[39m
            [36m<span[39m
              [33maria-label[39m=[32m"鏂板缓浼氳瘽"[39m
              [33mclass[39m=[32m""[39m
              [33mdata-mui-internal-clone-element[39m=[32m"true"[39m
            [36m>[39m
              [36m<button[39m
                [33mclass[39m=[32m"MuiButtonBase-root MuiButton-root MuiButton-text MuiButton-sizeSmall MuiButton-c
olorInherit css-g9pygt-MuiButtonBase-root-MuiButton-root"[39m
                [33mtabindex[39m=[32m"0"[39m
                [33mtype[39m=[32m"button"[39m
              [36m>[39m
                [36m<span[39m
                  [33mclass[39m=[32m"MuiButton-icon MuiButton-startIcon css-d8i980-MuiButton-startIcon"[39m
                [36m>[39m
                  [36m<svg[39m
                    [33maria-hidden[39m=[32m"true"[39m
                    [33mclass[39m=[32m"MuiSvgIcon-root MuiSvgIcon-fontSizeMedium css-1umw9bq-MuiSvgIcon-root"[39m
                    [33mdata-testid[39m=[32m"AddIcon"[39m
                    [33mfocusable[39m=[32m"false"[39m
                    [33mviewBox[39m=[32m"0 0 24 24"[39m
                  [36m>[39m
                    [36m<path[39m
                      [33md[39m=[32m"M19 13h-6v6h-2v-6H5v-2h6V5h2v6h6z"[39m
                    [36m/>[39m
                  [36m</svg>[39m
                [36m</span>[39m
                [0m鏂板缓[0m
              [36m</button>[39m
            [36m</span>[39m
            [36m<span[39m
              [33maria-label[39m=[32m"淇濆瓨褰撳墠浼氳瘽"[39m
              [33mclass[39m=[32m""[39m
              [33mdata-mui-internal-clone-element[39m=[32m"true"[39m
            [36m>[39m
              [36m<button[39m
                [33mclass[39m=[32m"MuiButtonBase-root Mui-disabled MuiIconButton-root Mui-disabled MuiIconButton-co
lorInherit MuiIconButton-sizeSmall css-38cjb0-MuiButtonBase-root-MuiIconButton-root"[39m
                [33mdisabled[39m=[32m""[39m
                [33mtabindex[39m=[32m"-1"[39m
                [33mtype[39m=[32m"button"[39m
              [36m>[39m
                [36m<svg[39m
                  [33maria-hidden[39m=[32m"true"[39m
                  [33mclass[39m=[32m"MuiSvgIcon-root MuiSvgIcon-fontSizeMedium css-1umw9bq-MuiSvgIcon-root"[39m
                  [33mdata-testid[39m=[32m"SaveIcon"[39m
                  [33mfocusable[39m=[32m"false"[39m
                  [33mviewBox[39m=[32m"0 0 24 24"[39m
                [36m>[39m
                  [36m<path[39m
                    [33md[39m=[32m"M17 3H5c-1.11 0-2 .9-2 2v14c0 1.1.89 2 2 2h14c1.1 0 2-.9 2-2V7zm-5 16c-1.66 0-3-
1.34-3-3s1.34-3 3-3 3 1.34 3 3-1.34 3-3 3m3-10H5V5h10z"[39m
                  [36m/>[39m
                [36m</svg>[39m
              [36m</button>[39m
            [36m</span>[39m
            [36m<span[39m
              [33maria-label[39m=[32m"鍘嗗彶璁板綍"[39m
              [33mclass[39m=[32m""[39m
              [33mdata-mui-internal-clone-element[39m=[32m"true"[39m
            [36m>[39m
              [36m<button[39m
                [33mclass[39m=[32m"MuiButtonBase-root MuiIconButton-root MuiIconButton-colorInherit MuiIconButton-s
izeSmall css-38cjb0-MuiButtonBase-root-MuiIconButton-root"[39m
                [33mtabindex[39m=[32m"0"[39m
                [33mtype[39m=[32m"button"[39m
              [36m>[39m
                [36m<svg[39m
                  [33maria-hidden[39m=[32m"true"[39m
                  [33mclass[39m=[32m"MuiSvgIcon-root MuiSvgIcon-fontSizeMedium css-1umw9bq-MuiSvgIcon-root"[39m
                  [33mdata-testid[39m=[32m"HistoryIcon"[39m
                  [33mfocusable[39m=[32m"false"[39m
                  [33mviewBox[39m=[32m"0 0 24 24"[39m
                [36m>[39m
                  [36m<path[39m
                    [33md[39m=[32m"M13 3c-4.97 0-9 4.03-9 9H1l3.89 3.89.07.14L9 12H6c0-3.87 3.13-7 7-7s7 3.13 7 7-3
.13 7-7 7c-1.93 0-3.68-.79-4.94-2.06l-1.42 1.42C8.27 19.99 10.51 21 13 21c4.97 0 9-4.03 9-9s-4.03-9-9-9m-1 5v5l4.28 2.
54.72-1.21-3.5-2.08V8z"[39m
                  [36m/>[39m
                [36m</svg>[39m
              [36m</button>[39m
            [36m</span>[39m
            [36m<span[39m
              [33maria-label[39m=[32m"娓呯┖褰撳墠浼氳瘽"[39m
              [33mclass[39m=[32m""[39m
              [33mdata-mui-internal-clone-element[39m=[32m"true"[39m
            [36m>[39m
              [36m<button[39m
                [33mclass[39m=[32m"MuiButtonBase-root Mui-disabled MuiIconButton-root Mui-disabled MuiIconButton-co
lorInherit MuiIconButton-sizeSmall css-38cjb0-MuiButtonBase-root-MuiIconButton-root"[39m
                [33mdisabled[39m=[32m""[39m
                [33mtabindex[39m=[32m"-1"[39m
                [33mtype[39m=[32m"button"[39m
              [36m>[39m
                [36m<svg[39m
                  [33maria-hidden[39m=[32m"true"[39m
                  [33mclass[39m=[32m"MuiSvgIcon-root MuiSvgIcon-fontSizeMedium css-1umw9bq-MuiSvgIcon-root"[39m
                  [33mdata-testid[39m=[32m"DeleteSweepIcon"[39m
                  [33mfocusable[39m=[32m"false"[39m
                  [33mviewBox[39m=[32m"0 0 24 24"[39m
                [36m>[39m
                  [36m<path[39m
                    [33md[39m=[32m"M15 16h4v2h-4zm0-8h7v2h-7zm0 4h6v2h-6zM3 18c0 1.1.9 2 2 2h6c1.1 0 2-.9 2-2V8H3zM
14 5h-3l-1-1H6L5 5H2v2h12z"[39m
                  [36m/>[39m
                [36m</svg>[39m
              [36m</button>[39m
            [36m</span>[39m
            [36m<span[39m
              [33maria-label[39m=[32m"妯″瀷閰嶇疆"[39m
              [33mclass[39m=[32m""[39m
              [33mdata-mui-internal-clone-element[39m=[32m"true"[39m
            [36m>[39m
              [36m<button[39m
                [33mclass[39m=[32m"MuiButtonBase-root MuiIconButton-root MuiIconButton-colorInherit MuiIcon...
[90m [2m鉂?[22m Object.getElementError node_modules/@testing-library/dom/dist/config.js:[2m37:19[22m[39m
[90m [2m鉂?[22m node_modules/@testing-library/dom/dist/query-helpers.js:[2m76:38[22m[39m
[90m [2m鉂?[22m node_modules/@testing-library/dom/dist/query-helpers.js:[2m52:17[22m[39m
[90m [2m鉂?[22m node_modules/@testing-library/dom/dist/query-helpers.js:[2m95:19[22m[39m
[36m [2m鉂?[22m src/__tests__/App.test.tsx:[2m184:33[22m[39m
    [90m182| [39m      [34mrender[39m([33m<[39m[33mApp[39m [33m/[39m[33m>[39m)
    [90m183| [39m
    [90m184| [39m      [35mconst[39m saveButton [33m=[39m screen[33m.[39m[34mgetByRole[39m([32m'button'[39
m[33m,[39m { name[33m:[39m [36m/淇濆瓨褰撳墠[39m鈥?    [90m   | [39m                                [31m^[39m
    [90m185| [39m      [35mawait[39m user[33m.[39m[34mclick[39m(saveButton)
    [90m186| [39m

[31m[2m鈳幆鈳幆鈳幆鈳幆鈳幆鈳幆鈳幆鈳幆鈳幆鈳幆鈳幆鈳痆3/34]鈳?[22m[39m

[31m[1m[7m FAIL [27m[22m[39m src/__tests__/App.test.tsx[2m > [22mApp 缁勪欢闆嗘垚娴嬭瘯[2m > [22m鍘嗗彶璁板綍渚ц竟鏍?[2m > [2
2m鐐瑰嚮鍘嗗彶鎸夐挳鎵撳紑渚ц竟鏍?[31m[1mTestingLibraryElementError[22m[39m: Unable to find an accessible element with the role "
button" and name `/鍘嗗彶璁板綍/`

Here are the accessible roles:

  banner:

  Name "":
  [36m<header[39m
    [33mclass[39m=[32m"MuiPaper-root MuiPaper-elevation MuiPaper-elevation4 MuiAppBar-root MuiAppBar-colorPrimary M
uiAppBar-positionFixed mui-fixed css-1woakg4-MuiPaper-root-MuiAppBar-root"[39m
    [33mstyle[39m=[32m"--Paper-shadow: 0px 2px 4px -1px rgba(0,0,0,0.2),0px 4px 5px 0px rgba(0,0,0,0.14),0px 1px 10
px 0px rgba(0,0,0,0.12);"[39m
  [36m/>[39m

  --------------------------------------------------
  button:

  Name "鏂板缓":
  [36m<button[39m
    [33mclass[39m=[32m"MuiButtonBase-root MuiButton-root MuiButton-text MuiButton-sizeSmall MuiButton-colorInherit 
css-g9pygt-MuiButtonBase-root-MuiButton-root"[39m
    [33mtabindex[39m=[32m"0"[39m
    [33mtype[39m=[32m"button"[39m
  [36m/>[39m

  Name "":
  [36m<button[39m
    [33mclass[39m=[32m"MuiButtonBase-root Mui-disabled MuiIconButton-root Mui-disabled MuiIconButton-colorInherit M
uiIconButton-sizeSmall css-38cjb0-MuiButtonBase-root-MuiIconButton-root"[39m
    [33mdisabled[39m=[32m""[39m
    [33mtabindex[39m=[32m"-1"[39m
    [33mtype[39m=[32m"button"[39m
  [36m/>[39m

  Name "":
  [36m<button[39m
    [33mclass[39m=[32m"MuiButtonBase-root MuiIconButton-root MuiIconButton-colorInherit MuiIconButton-sizeSmall css
-38cjb0-MuiButtonBase-root-MuiIconButton-root"[39m
    [33mtabindex[39m=[32m"0"[39m
    [33mtype[39m=[32m"button"[39m
  [36m/>[39m

  Name "":
  [36m<button[39m
    [33mclass[39m=[32m"MuiButtonBase-root Mui-disabled MuiIconButton-root Mui-disabled MuiIconButton-colorInherit M
uiIconButton-sizeSmall css-38cjb0-MuiButtonBase-root-MuiIconButton-root"[39m
    [33mdisabled[39m=[32m""[39m
    [33mtabindex[39m=[32m"-1"[39m
    [33mtype[39m=[32m"button"[39m
  [36m/>[39m

  Name "":
  [36m<button[39m
    [33mclass[39m=[32m"MuiButtonBase-root MuiIconButton-root MuiIconButton-colorInherit MuiIconButton-sizeSmall css
-38cjb0-MuiButtonBase-root-MuiIconButton-root"[39m
    [33mtabindex[39m=[32m"0"[39m
    [33mtype[39m=[32m"button"[39m
  [36m/>[39m

  Name "":
  [36m<button[39m
    [33mclass[39m=[32m"MuiButtonBase-root Mui-disabled MuiIconButton-root Mui-disabled MuiIconButton-colorPrimary M
uiIconButton-sizeMedium css-1a80ix3-MuiButtonBase-root-MuiIconButton-root"[39m
    [33mdisabled[39m=[32m""[39m
    [33mtabindex[39m=[32m"-1"[39m
    [33mtype[39m=[32m"button"[39m
  [36m/>[39m

  --------------------------------------------------
  heading:

  Name "妯″瀷鍒楄〃":
  [36m<h6[39m
    [33mclass[39m=[32m"MuiTypography-root MuiTypography-subtitle1 MuiTypography-gutterBottom css-7oz9zk-MuiTypograp
hy-root"[39m
  [36m/>[39m

  Name "娆㈣繋浣跨敤 MultiChat":
  [36m<h5[39m
    [33mclass[39m=[32m"MuiTypography-root MuiTypography-h5 css-1xvfe2z-MuiTypography-root"[39m
  [36m/>[39m

  --------------------------------------------------
  paragraph:

  Name "":
  [36m<p[39m
    [33mclass[39m=[32m"MuiTypography-root MuiTypography-body2 css-11enejt-MuiTypography-root"[39m
  [36m/>[39m

  Name "":
  [36m<p[39m
    [33mclass[39m=[32m"MuiTypography-root MuiTypography-body1 css-1joot0f-MuiTypography-root"[39m
  [36m/>[39m

  Name "":
  [36m<p[39m
    [33mclass[39m=[32m"MuiTypography-root MuiTypography-body2 css-11enejt-MuiTypography-root"[39m
  [36m/>[39m

  --------------------------------------------------
  main:

  Name "":
  [36m<main[39m
    [33mclass[39m=[32m"MuiBox-root css-ck0a4"[39m
  [36m/>[39m

  --------------------------------------------------
  textbox:

  Name "":
  [36m<textarea[39m
    [33maria-invalid[39m=[32m"false"[39m
    [33mclass[39m=[32m"MuiInputBase-input MuiOutlinedInput-input css-w4nesw-MuiInputBase-input-MuiOutlinedInput-inp
ut"[39m
    [33mid[39m=[32m"_r_4k_"[39m
    [33mplaceholder[39m=[32m"杈撳叆鎮ㄧ殑闂锛孍nter 鍙戦€侊紝Shift+Enter 鎹㈣"[39m
    [33mstyle[39m=[32m"height: 0px; overflow: hidden;"[39m
  [36m/>[39m

  --------------------------------------------------

Ignored nodes: comments, script, style
[36m<body>[39m
  [36m<div>[39m
    [36m<div[39m
      [33mclass[39m=[32m"MuiBox-root css-1yeiifd"[39m
    [36m>[39m
      [36m<header[39m
        [33mclass[39m=[32m"MuiPaper-root MuiPaper-elevation MuiPaper-elevation4 MuiAppBar-root MuiAppBar-colorPrima
ry MuiAppBar-positionFixed mui-fixed css-1woakg4-MuiPaper-root-MuiAppBar-root"[39m
        [33mstyle[39m=[32m"--Paper-shadow: 0px 2px 4px -1px rgba(0,0,0,0.2),0px 4px 5px 0px rgba(0,0,0,0.14),0px 1p
x 10px 0px rgba(0,0,0,0.12);"[39m
      [36m>[39m
        [36m<div[39m
          [33mclass[39m=[32m"MuiToolbar-root MuiToolbar-gutters MuiToolbar-regular css-yg49xf-MuiToolbar-root"[39m
        [36m>[39m
          [36m<div[39m
            [33mclass[39m=[32m"MuiTypography-root MuiTypography-h6 MuiTypography-noWrap css-1l8e00d-MuiTypography-r
oot"[39m
          [36m>[39m
            [0mMultiChat 澶氭ā鍨嬪璇?[0m
          [36m</div>[39m
          [36m<div[39m
            [33mclass[39m=[32m"MuiBox-root css-1i27l4i"[39m
          [36m>[39m
            [36m<span[39m
              [33maria-label[39m=[32m"鏂板缓浼氳瘽"[39m
              [33mclass[39m=[32m""[39m
              [33mdata-mui-internal-clone-element[39m=[32m"true"[39m
            [36m>[39m
              [36m<button[39m
                [33mclass[39m=[32m"MuiButtonBase-root MuiButton-root MuiButton-text MuiButton-sizeSmall MuiButton-c
olorInherit css-g9pygt-MuiButtonBase-root-MuiButton-root"[39m
                [33mtabindex[39m=[32m"0"[39m
                [33mtype[39m=[32m"button"[39m
              [36m>[39m
                [36m<span[39m
                  [33mclass[39m=[32m"MuiButton-icon MuiButton-startIcon css-d8i980-MuiButton-startIcon"[39m
                [36m>[39m
                  [36m<svg[39m
                    [33maria-hidden[39m=[32m"true"[39m
                    [33mclass[39m=[32m"MuiSvgIcon-root MuiSvgIcon-fontSizeMedium css-1umw9bq-MuiSvgIcon-root"[39m
                    [33mdata-testid[39m=[32m"AddIcon"[39m
                    [33mfocusable[39m=[32m"false"[39m
                    [33mviewBox[39m=[32m"0 0 24 24"[39m
                  [36m>[39m
                    [36m<path[39m
                      [33md[39m=[32m"M19 13h-6v6h-2v-6H5v-2h6V5h2v6h6z"[39m
                    [36m/>[39m
                  [36m</svg>[39m
                [36m</span>[39m
                [0m鏂板缓[0m
              [36m</button>[39m
            [36m</span>[39m
            [36m<span[39m
              [33maria-label[39m=[32m"淇濆瓨褰撳墠浼氳瘽"[39m
              [33mclass[39m=[32m""[39m
              [33mdata-mui-internal-clone-element[39m=[32m"true"[39m
            [36m>[39m
              [36m<button[39m
                [33mclass[39m=[32m"MuiButtonBase-root Mui-disabled MuiIconButton-root Mui-disabled MuiIconButton-co
lorInherit MuiIconButton-sizeSmall css-38cjb0-MuiButtonBase-root-MuiIconButton-root"[39m
                [33mdisabled[39m=[32m""[39m
                [33mtabindex[39m=[32m"-1"[39m
                [33mtype[39m=[32m"button"[39m
              [36m>[39m
                [36m<svg[39m
                  [33maria-hidden[39m=[32m"true"[39m
                  [33mclass[39m=[32m"MuiSvgIcon-root MuiSvgIcon-fontSizeMedium css-1umw9bq-MuiSvgIcon-root"[39m
                  [33mdata-testid[39m=[32m"SaveIcon"[39m
                  [33mfocusable[39m=[32m"false"[39m
                  [33mviewBox[39m=[32m"0 0 24 24"[39m
                [36m>[39m
                  [36m<path[39m
                    [33md[39m=[32m"M17 3H5c-1.11 0-2 .9-2 2v14c0 1.1.89 2 2 2h14c1.1 0 2-.9 2-2V7zm-5 16c-1.66 0-3-
1.34-3-3s1.34-3 3-3 3 1.34 3 3-1.34 3-3 3m3-10H5V5h10z"[39m
                  [36m/>[39m
                [36m</svg>[39m
              [36m</button>[39m
            [36m</span>[39m
            [36m<span[39m
              [33maria-label[39m=[32m"鍘嗗彶璁板綍"[39m
              [33mclass[39m=[32m""[39m
              [33mdata-mui-internal-clone-element[39m=[32m"true"[39m
            [36m>[39m
              [36m<button[39m
                [33mclass[39m=[32m"MuiButtonBase-root MuiIconButton-root MuiIconButton-colorInherit MuiIconButton-s
izeSmall css-38cjb0-MuiButtonBase-root-MuiIconButton-root"[39m
                [33mtabindex[39m=[32m"0"[39m
                [33mtype[39m=[32m"button"[39m
              [36m>[39m
                [36m<svg[39m
                  [33maria-hidden[39m=[32m"true"[39m
                  [33mclass[39m=[32m"MuiSvgIcon-root MuiSvgIcon-fontSizeMedium css-1umw9bq-MuiSvgIcon-root"[39m
                  [33mdata-testid[39m=[32m"HistoryIcon"[39m
                  [33mfocusable[39m=[32m"false"[39m
                  [33mviewBox[39m=[32m"0 0 24 24"[39m
                [36m>[39m
                  [36m<path[39m
                    [33md[39m=[32m"M13 3c-4.97 0-9 4.03-9 9H1l3.89 3.89.07.14L9 12H6c0-3.87 3.13-7 7-7s7 3.13 7 7-3
.13 7-7 7c-1.93 0-3.68-.79-4.94-2.06l-1.42 1.42C8.27 19.99 10.51 21 13 21c4.97 0 9-4.03 9-9s-4.03-9-9-9m-1 5v5l4.28 2.
54.72-1.21-3.5-2.08V8z"[39m
                  [36m/>[39m
                [36m</svg>[39m
              [36m</button>[39m
            [36m</span>[39m
            [36m<span[39m
              [33maria-label[39m=[32m"娓呯┖褰撳墠浼氳瘽"[39m
              [33mclass[39m=[32m""[39m
              [33mdata-mui-internal-clone-element[39m=[32m"true"[39m
            [36m>[39m
              [36m<button[39m
                [33mclass[39m=[32m"MuiButtonBase-root Mui-disabled MuiIconButton-root Mui-disabled MuiIconButton-co
lorInherit MuiIconButton-sizeSmall css-38cjb0-MuiButtonBase-root-MuiIconButton-root"[39m
                [33mdisabled[39m=[32m""[39m
                [33mtabindex[39m=[32m"-1"[39m
                [33mtype[39m=[32m"button"[39m
              [36m>[39m
                [36m<svg[39m
                  [33maria-hidden[39m=[32m"true"[39m
                  [33mclass[39m=[32m"MuiSvgIcon-root MuiSvgIcon-fontSizeMedium css-1umw9bq-MuiSvgIcon-root"[39m
                  [33mdata-testid[39m=[32m"DeleteSweepIcon"[39m
                  [33mfocusable[39m=[32m"false"[39m
                  [33mviewBox[39m=[32m"0 0 24 24"[39m
                [36m>[39m
                  [36m<path[39m
                    [33md[39m=[32m"M15 16h4v2h-4zm0-8h7v2h-7zm0 4h6v2h-6zM3 18c0 1.1.9 2 2 2h6c1.1 0 2-.9 2-2V8H3zM
14 5h-3l-1-1H6L5 5H2v2h12z"[39m
                  [36m/>[39m
                [36m</svg>[39m
              [36m</button>[39m
            [36m</span>[39m
            [36m<span[39m
              [33maria-label[39m=[32m"妯″瀷閰嶇疆"[39m
              [33mclass[39m=[32m""[39m
              [33mdata-mui-internal-clone-element[39m=[32m"true"[39m
            [36m>[39m
              [36m<button[39m
                [33mclass[39m=[32m"MuiButtonBase-root MuiIconButton-root MuiIconButton-colorInherit MuiIcon...
[90m [2m鉂?[22m Object.getElementError node_modules/@testing-library/dom/dist/config.js:[2m37:19[22m[39m
[90m [2m鉂?[22m node_modules/@testing-library/dom/dist/query-helpers.js:[2m76:38[22m[39m
[90m [2m鉂?[22m node_modules/@testing-library/dom/dist/query-helpers.js:[2m52:17[22m[39m
[90m [2m鉂?[22m node_modules/@testing-library/dom/dist/query-helpers.js:[2m95:19[22m[39m
[36m [2m鉂?[22m src/__tests__/App.test.tsx:[2m198:36[22m[39m
    [90m196| [39m      [34mrender[39m([33m<[39m[33mApp[39m [33m/[39m[33m>[39m)
    [90m197| [39m
    [90m198| [39m      [35mconst[39m historyButton [33m=[39m screen[33m.[39m[34mgetByRole[39m([32m'button'
[39m[33m,[39m { name[33m:[39m [36m/鍘嗗彶璁?[39m鈥?    [90m   | [39m                                   [31m^[39m
    [90m199| [39m      [35mawait[39m user[33m.[39m[34mclick[39m(historyButton)
    [90m200| [39m

[31m[2m鈳幆鈳幆鈳幆鈳幆鈳幆鈳幆鈳幆鈳幆鈳幆鈳幆鈳幆鈳痆4/34]鈳?[22m[39m

[31m[1m[7m FAIL [27m[22m[39m src/__tests__/App.test.tsx[2m > [22mApp 缁勪欢闆嗘垚娴嬭瘯[2m > [22m妯″瀷閰嶇疆寮圭獥[2m > [22
m鐐瑰嚮閰嶇疆鎸夐挳鎵撳紑寮圭獥
[31m[1mTestingLibraryElementError[22m[39m: Unable to find an accessible element with the role "button" and name `/
妯″瀷閰嶇疆/`

Here are the accessible roles:

  banner:

  Name "":
  [36m<header[39m
    [33mclass[39m=[32m"MuiPaper-root MuiPaper-elevation MuiPaper-elevation4 MuiAppBar-root MuiAppBar-colorPrimary M
uiAppBar-positionFixed mui-fixed css-1woakg4-MuiPaper-root-MuiAppBar-root"[39m
    [33mstyle[39m=[32m"--Paper-shadow: 0px 2px 4px -1px rgba(0,0,0,0.2),0px 4px 5px 0px rgba(0,0,0,0.14),0px 1px 10
px 0px rgba(0,0,0,0.12);"[39m
  [36m/>[39m

  --------------------------------------------------
  button:

  Name "鏂板缓":
  [36m<button[39m
    [33mclass[39m=[32m"MuiButtonBase-root MuiButton-root MuiButton-text MuiButton-sizeSmall MuiButton-colorInherit 
css-g9pygt-MuiButtonBase-root-MuiButton-root"[39m
    [33mtabindex[39m=[32m"0"[39m
    [33mtype[39m=[32m"button"[39m
  [36m/>[39m

  Name "":
  [36m<button[39m
    [33mclass[39m=[32m"MuiButtonBase-root Mui-disabled MuiIconButton-root Mui-disabled MuiIconButton-colorInherit M
uiIconButton-sizeSmall css-38cjb0-MuiButtonBase-root-MuiIconButton-root"[39m
    [33mdisabled[39m=[32m""[39m
    [33mtabindex[39m=[32m"-1"[39m
    [33mtype[39m=[32m"button"[39m
  [36m/>[39m

  Name "":
  [36m<button[39m
    [33mclass[39m=[32m"MuiButtonBase-root MuiIconButton-root MuiIconButton-colorInherit MuiIconButton-sizeSmall css
-38cjb0-MuiButtonBase-root-MuiIconButton-root"[39m
    [33mtabindex[39m=[32m"0"[39m
    [33mtype[39m=[32m"button"[39m
  [36m/>[39m

  Name "":
  [36m<button[39m
    [33mclass[39m=[32m"MuiButtonBase-root Mui-disabled MuiIconButton-root Mui-disabled MuiIconButton-colorInherit M
uiIconButton-sizeSmall css-38cjb0-MuiButtonBase-root-MuiIconButton-root"[39m
    [33mdisabled[39m=[32m""[39m
    [33mtabindex[39m=[32m"-1"[39m
    [33mtype[39m=[32m"button"[39m
  [36m/>[39m

  Name "":
  [36m<button[39m
    [33mclass[39m=[32m"MuiButtonBase-root MuiIconButton-root MuiIconButton-colorInherit MuiIconButton-sizeSmall css
-38cjb0-MuiButtonBase-root-MuiIconButton-root"[39m
    [33mtabindex[39m=[32m"0"[39m
    [33mtype[39m=[32m"button"[39m
  [36m/>[39m

  Name "":
  [36m<button[39m
    [33mclass[39m=[32m"MuiButtonBase-root Mui-disabled MuiIconButton-root Mui-disabled MuiIconButton-colorPrimary M
uiIconButton-sizeMedium css-1a80ix3-MuiButtonBase-root-MuiIconButton-root"[39m
    [33mdisabled[39m=[32m""[39m
    [33mtabindex[39m=[32m"-1"[39m
    [33mtype[39m=[32m"button"[39m
  [36m/>[39m

  --------------------------------------------------
  heading:

  Name "妯″瀷鍒楄〃":
  [36m<h6[39m
    [33mclass[39m=[32m"MuiTypography-root MuiTypography-subtitle1 MuiTypography-gutterBottom css-7oz9zk-MuiTypograp
hy-root"[39m
  [36m/>[39m

  Name "娆㈣繋浣跨敤 MultiChat":
  [36m<h5[39m
    [33mclass[39m=[32m"MuiTypography-root MuiTypography-h5 css-1xvfe2z-MuiTypography-root"[39m
  [36m/>[39m

  --------------------------------------------------
  paragraph:

  Name "":
  [36m<p[39m
    [33mclass[39m=[32m"MuiTypography-root MuiTypography-body2 css-11enejt-MuiTypography-root"[39m
  [36m/>[39m

  Name "":
  [36m<p[39m
    [33mclass[39m=[32m"MuiTypography-root MuiTypography-body1 css-1joot0f-MuiTypography-root"[39m
  [36m/>[39m

  Name "":
  [36m<p[39m
    [33mclass[39m=[32m"MuiTypography-root MuiTypography-body2 css-11enejt-MuiTypography-root"[39m
  [36m/>[39m

  --------------------------------------------------
  main:

  Name "":
  [36m<main[39m
    [33mclass[39m=[32m"MuiBox-root css-ck0a4"[39m
  [36m/>[39m

  --------------------------------------------------
  textbox:

  Name "":
  [36m<textarea[39m
    [33maria-invalid[39m=[32m"false"[39m
    [33mclass[39m=[32m"MuiInputBase-input MuiOutlinedInput-input css-w4nesw-MuiInputBase-input-MuiOutlinedInput-inp
ut"[39m
    [33mid[39m=[32m"_r_55_"[39m
    [33mplaceholder[39m=[32m"杈撳叆鎮ㄧ殑闂锛孍nter 鍙戦€侊紝Shift+Enter 鎹㈣"[39m
    [33mstyle[39m=[32m"height: 0px; overflow: hidden;"[39m
  [36m/>[39m

  --------------------------------------------------

Ignored nodes: comments, script, style
[36m<body>[39m
  [36m<div>[39m
    [36m<div[39m
      [33mclass[39m=[32m"MuiBox-root css-1yeiifd"[39m
    [36m>[39m
      [36m<header[39m
        [33mclass[39m=[32m"MuiPaper-root MuiPaper-elevation MuiPaper-elevation4 MuiAppBar-root MuiAppBar-colorPrima
ry MuiAppBar-positionFixed mui-fixed css-1woakg4-MuiPaper-root-MuiAppBar-root"[39m
        [33mstyle[39m=[32m"--Paper-shadow: 0px 2px 4px -1px rgba(0,0,0,0.2),0px 4px 5px 0px rgba(0,0,0,0.14),0px 1p
x 10px 0px rgba(0,0,0,0.12);"[39m
      [36m>[39m
        [36m<div[39m
          [33mclass[39m=[32m"MuiToolbar-root MuiToolbar-gutters MuiToolbar-regular css-yg49xf-MuiToolbar-root"[39m
        [36m>[39m
          [36m<div[39m
            [33mclass[39m=[32m"MuiTypography-root MuiTypography-h6 MuiTypography-noWrap css-1l8e00d-MuiTypography-r
oot"[39m
          [36m>[39m
            [0mMultiChat 澶氭ā鍨嬪璇?[0m
          [36m</div>[39m
          [36m<div[39m
            [33mclass[39m=[32m"MuiBox-root css-1i27l4i"[39m
          [36m>[39m
            [36m<span[39m
              [33maria-label[39m=[32m"鏂板缓浼氳瘽"[39m
              [33mclass[39m=[32m""[39m
              [33mdata-mui-internal-clone-element[39m=[32m"true"[39m
            [36m>[39m
              [36m<button[39m
                [33mclass[39m=[32m"MuiButtonBase-root MuiButton-root MuiButton-text MuiButton-sizeSmall MuiButton-c
olorInherit css-g9pygt-MuiButtonBase-root-MuiButton-root"[39m
                [33mtabindex[39m=[32m"0"[39m
                [33mtype[39m=[32m"button"[39m
              [36m>[39m
                [36m<span[39m
                  [33mclass[39m=[32m"MuiButton-icon MuiButton-startIcon css-d8i980-MuiButton-startIcon"[39m
                [36m>[39m
                  [36m<svg[39m
                    [33maria-hidden[39m=[32m"true"[39m
                    [33mclass[39m=[32m"MuiSvgIcon-root MuiSvgIcon-fontSizeMedium css-1umw9bq-MuiSvgIcon-root"[39m
                    [33mdata-testid[39m=[32m"AddIcon"[39m
                    [33mfocusable[39m=[32m"false"[39m
                    [33mviewBox[39m=[32m"0 0 24 24"[39m
                  [36m>[39m
                    [36m<path[39m
                      [33md[39m=[32m"M19 13h-6v6h-2v-6H5v-2h6V5h2v6h6z"[39m
                    [36m/>[39m
                  [36m</svg>[39m
                [36m</span>[39m
                [0m鏂板缓[0m
              [36m</button>[39m
            [36m</span>[39m
            [36m<span[39m
              [33maria-label[39m=[32m"淇濆瓨褰撳墠浼氳瘽"[39m
              [33mclass[39m=[32m""[39m
              [33mdata-mui-internal-clone-element[39m=[32m"true"[39m
            [36m>[39m
              [36m<button[39m
                [33mclass[39m=[32m"MuiButtonBase-root Mui-disabled MuiIconButton-root Mui-disabled MuiIconButton-co
lorInherit MuiIconButton-sizeSmall css-38cjb0-MuiButtonBase-root-MuiIconButton-root"[39m
                [33mdisabled[39m=[32m""[39m
                [33mtabindex[39m=[32m"-1"[39m
                [33mtype[39m=[32m"button"[39m
              [36m>[39m
                [36m<svg[39m
                  [33maria-hidden[39m=[32m"true"[39m
                  [33mclass[39m=[32m"MuiSvgIcon-root MuiSvgIcon-fontSizeMedium css-1umw9bq-MuiSvgIcon-root"[39m
                  [33mdata-testid[39m=[32m"SaveIcon"[39m
                  [33mfocusable[39m=[32m"false"[39m
                  [33mviewBox[39m=[32m"0 0 24 24"[39m
                [36m>[39m
                  [36m<path[39m
                    [33md[39m=[32m"M17 3H5c-1.11 0-2 .9-2 2v14c0 1.1.89 2 2 2h14c1.1 0 2-.9 2-2V7zm-5 16c-1.66 0-3-
1.34-3-3s1.34-3 3-3 3 1.34 3 3-1.34 3-3 3m3-10H5V5h10z"[39m
                  [36m/>[39m
                [36m</svg>[39m
              [36m</button>[39m
            [36m</span>[39m
            [36m<span[39m
              [33maria-label[39m=[32m"鍘嗗彶璁板綍"[39m
              [33mclass[39m=[32m""[39m
              [33mdata-mui-internal-clone-element[39m=[32m"true"[39m
            [36m>[39m
              [36m<button[39m
                [33mclass[39m=[32m"MuiButtonBase-root MuiIconButton-root MuiIconButton-colorInherit MuiIconButton-s
izeSmall css-38cjb0-MuiButtonBase-root-MuiIconButton-root"[39m
                [33mtabindex[39m=[32m"0"[39m
                [33mtype[39m=[32m"button"[39m
              [36m>[39m
                [36m<svg[39m
                  [33maria-hidden[39m=[32m"true"[39m
                  [33mclass[39m=[32m"MuiSvgIcon-root MuiSvgIcon-fontSizeMedium css-1umw9bq-MuiSvgIcon-root"[39m
                  [33mdata-testid[39m=[32m"HistoryIcon"[39m
                  [33mfocusable[39m=[32m"false"[39m
                  [33mviewBox[39m=[32m"0 0 24 24"[39m
                [36m>[39m
                  [36m<path[39m
                    [33md[39m=[32m"M13 3c-4.97 0-9 4.03-9 9H1l3.89 3.89.07.14L9 12H6c0-3.87 3.13-7 7-7s7 3.13 7 7-3
.13 7-7 7c-1.93 0-3.68-.79-4.94-2.06l-1.42 1.42C8.27 19.99 10.51 21 13 21c4.97 0 9-4.03 9-9s-4.03-9-9-9m-1 5v5l4.28 2.
54.72-1.21-3.5-2.08V8z"[39m
                  [36m/>[39m
                [36m</svg>[39m
              [36m</button>[39m
            [36m</span>[39m
            [36m<span[39m
              [33maria-label[39m=[32m"娓呯┖褰撳墠浼氳瘽"[39m
              [33mclass[39m=[32m""[39m
              [33mdata-mui-internal-clone-element[39m=[32m"true"[39m
            [36m>[39m
              [36m<button[39m
                [33mclass[39m=[32m"MuiButtonBase-root Mui-disabled MuiIconButton-root Mui-disabled MuiIconButton-co
lorInherit MuiIconButton-sizeSmall css-38cjb0-MuiButtonBase-root-MuiIconButton-root"[39m
                [33mdisabled[39m=[32m""[39m
                [33mtabindex[39m=[32m"-1"[39m
                [33mtype[39m=[32m"button"[39m
              [36m>[39m
                [36m<svg[39m
                  [33maria-hidden[39m=[32m"true"[39m
                  [33mclass[39m=[32m"MuiSvgIcon-root MuiSvgIcon-fontSizeMedium css-1umw9bq-MuiSvgIcon-root"[39m
                  [33mdata-testid[39m=[32m"DeleteSweepIcon"[39m
                  [33mfocusable[39m=[32m"false"[39m
                  [33mviewBox[39m=[32m"0 0 24 24"[39m
                [36m>[39m
                  [36m<path[39m
                    [33md[39m=[32m"M15 16h4v2h-4zm0-8h7v2h-7zm0 4h6v2h-6zM3 18c0 1.1.9 2 2 2h6c1.1 0 2-.9 2-2V8H3zM
14 5h-3l-1-1H6L5 5H2v2h12z"[39m
                  [36m/>[39m
                [36m</svg>[39m
              [36m</button>[39m
            [36m</span>[39m
            [36m<span[39m
              [33maria-label[39m=[32m"妯″瀷閰嶇疆"[39m
              [33mclass[39m=[32m""[39m
              [33mdata-mui-internal-clone-element[39m=[32m"true"[39m
            [36m>[39m
              [36m<button[39m
                [33mclass[39m=[32m"MuiButtonBase-root MuiIconButton-root MuiIconButton-colorInherit MuiIcon...
[90m [2m鉂?[22m Object.getElementError node_modules/@testing-library/dom/dist/config.js:[2m37:19[22m[39m
[90m [2m鉂?[22m node_modules/@testing-library/dom/dist/query-helpers.js:[2m76:38[22m[39m
[90m [2m鉂?[22m node_modules/@testing-library/dom/dist/query-helpers.js:[2m52:17[22m[39m
[90m [2m鉂?[22m node_modules/@testing-library/dom/dist/query-helpers.js:[2m95:19[22m[39m
[36m [2m鉂?[22m src/__tests__/App.test.tsx:[2m212:35[22m[39m
    [90m210| [39m      [34mrender[39m([33m<[39m[33mApp[39m [33m/[39m[33m>[39m)
    [90m211| [39m
    [90m212| [39m      [35mconst[39m configButton [33m=[39m screen[33m.[39m[34mgetByRole[39m([32m'button'[
39m[33m,[39m { name[33m:[39m [36m/妯″瀷閰?[39m鈥?    [90m   | [39m                                  [31m^[39m
    [90m213| [39m      [35mawait[39m user[33m.[39m[34mclick[39m(configButton)
    [90m214| [39m

[31m[2m鈳幆鈳幆鈳幆鈳幆鈳幆鈳幆鈳幆鈳幆鈳幆鈳幆鈳幆鈳痆5/34]鈳?[22m[39m

[31m[1m[7m FAIL [27m[22m[39m src/__tests__/App.test.tsx[2m > [22mApp 缁勪欢闆嗘垚娴嬭瘯[2m > [22m妯″瀷閰嶇疆寮圭獥[2m > [22
m鍏抽棴鎸夐挳鍏抽棴寮圭獥
[31m[1mTestingLibraryElementError[22m[39m: Unable to find an accessible element with the role "button" and name `/
妯″瀷閰嶇疆/`

Here are the accessible roles:

  banner:

  Name "":
  [36m<header[39m
    [33mclass[39m=[32m"MuiPaper-root MuiPaper-elevation MuiPaper-elevation4 MuiAppBar-root MuiAppBar-colorPrimary M
uiAppBar-positionFixed mui-fixed css-1woakg4-MuiPaper-root-MuiAppBar-root"[39m
    [33mstyle[39m=[32m"--Paper-shadow: 0px 2px 4px -1px rgba(0,0,0,0.2),0px 4px 5px 0px rgba(0,0,0,0.14),0px 1px 10
px 0px rgba(0,0,0,0.12);"[39m
  [36m/>[39m

  --------------------------------------------------
  button:

  Name "鏂板缓":
  [36m<button[39m
    [33mclass[39m=[32m"MuiButtonBase-root MuiButton-root MuiButton-text MuiButton-sizeSmall MuiButton-colorInherit 
css-g9pygt-MuiButtonBase-root-MuiButton-root"[39m
    [33mtabindex[39m=[32m"0"[39m
    [33mtype[39m=[32m"button"[39m
  [36m/>[39m

  Name "":
  [36m<button[39m
    [33mclass[39m=[32m"MuiButtonBase-root Mui-disabled MuiIconButton-root Mui-disabled MuiIconButton-colorInherit M
uiIconButton-sizeSmall css-38cjb0-MuiButtonBase-root-MuiIconButton-root"[39m
    [33mdisabled[39m=[32m""[39m
    [33mtabindex[39m=[32m"-1"[39m
    [33mtype[39m=[32m"button"[39m
  [36m/>[39m

  Name "":
  [36m<button[39m
    [33mclass[39m=[32m"MuiButtonBase-root MuiIconButton-root MuiIconButton-colorInherit MuiIconButton-sizeSmall css
-38cjb0-MuiButtonBase-root-MuiIconButton-root"[39m
    [33mtabindex[39m=[32m"0"[39m
    [33mtype[39m=[32m"button"[39m
  [36m/>[39m

  Name "":
  [36m<button[39m
    [33mclass[39m=[32m"MuiButtonBase-root Mui-disabled MuiIconButton-root Mui-disabled MuiIconButton-colorInherit M
uiIconButton-sizeSmall css-38cjb0-MuiButtonBase-root-MuiIconButton-root"[39m
    [33mdisabled[39m=[32m""[39m
    [33mtabindex[39m=[32m"-1"[39m
    [33mtype[39m=[32m"button"[39m
  [36m/>[39m

  Name "":
  [36m<button[39m
    [33mclass[39m=[32m"MuiButtonBase-root MuiIconButton-root MuiIconButton-colorInherit MuiIconButton-sizeSmall css
-38cjb0-MuiButtonBase-root-MuiIconButton-root"[39m
    [33mtabindex[39m=[32m"0"[39m
    [33mtype[39m=[32m"button"[39m
  [36m/>[39m

  Name "":
  [36m<button[39m
    [33mclass[39m=[32m"MuiButtonBase-root Mui-disabled MuiIconButton-root Mui-disabled MuiIconButton-colorPrimary M
uiIconButton-sizeMedium css-1a80ix3-MuiButtonBase-root-MuiIconButton-root"[39m
    [33mdisabled[39m=[32m""[39m
    [33mtabindex[39m=[32m"-1"[39m
    [33mtype[39m=[32m"button"[39m
  [36m/>[39m

  --------------------------------------------------
  heading:

  Name "妯″瀷鍒楄〃":
  [36m<h6[39m
    [33mclass[39m=[32m"MuiTypography-root MuiTypography-subtitle1 MuiTypography-gutterBottom css-7oz9zk-MuiTypograp
hy-root"[39m
  [36m/>[39m

  Name "娆㈣繋浣跨敤 MultiChat":
  [36m<h5[39m
    [33mclass[39m=[32m"MuiTypography-root MuiTypography-h5 css-1xvfe2z-MuiTypography-root"[39m
  [36m/>[39m

  --------------------------------------------------
  paragraph:

  Name "":
  [36m<p[39m
    [33mclass[39m=[32m"MuiTypography-root MuiTypography-body2 css-11enejt-MuiTypography-root"[39m
  [36m/>[39m

  Name "":
  [36m<p[39m
    [33mclass[39m=[32m"MuiTypography-root MuiTypography-body1 css-1joot0f-MuiTypography-root"[39m
  [36m/>[39m

  Name "":
  [36m<p[39m
    [33mclass[39m=[32m"MuiTypography-root MuiTypography-body2 css-11enejt-MuiTypography-root"[39m
  [36m/>[39m

  --------------------------------------------------
  main:

  Name "":
  [36m<main[39m
    [33mclass[39m=[32m"MuiBox-root css-ck0a4"[39m
  [36m/>[39m

  --------------------------------------------------
  textbox:

  Name "":
  [36m<textarea[39m
    [33maria-invalid[39m=[32m"false"[39m
    [33mclass[39m=[32m"MuiInputBase-input MuiOutlinedInput-input css-w4nesw-MuiInputBase-input-MuiOutlinedInput-inp
ut"[39m
    [33mid[39m=[32m"_r_5m_"[39m
    [33mplaceholder[39m=[32m"杈撳叆鎮ㄧ殑闂锛孍nter 鍙戦€侊紝Shift+Enter 鎹㈣"[39m
    [33mstyle[39m=[32m"height: 0px; overflow: hidden;"[39m
  [36m/>[39m

  --------------------------------------------------

Ignored nodes: comments, script, style
[36m<body>[39m
  [36m<div>[39m
    [36m<div[39m
      [33mclass[39m=[32m"MuiBox-root css-1yeiifd"[39m
    [36m>[39m
      [36m<header[39m
        [33mclass[39m=[32m"MuiPaper-root MuiPaper-elevation MuiPaper-elevation4 MuiAppBar-root MuiAppBar-colorPrima
ry MuiAppBar-positionFixed mui-fixed css-1woakg4-MuiPaper-root-MuiAppBar-root"[39m
        [33mstyle[39m=[32m"--Paper-shadow: 0px 2px 4px -1px rgba(0,0,0,0.2),0px 4px 5px 0px rgba(0,0,0,0.14),0px 1p
x 10px 0px rgba(0,0,0,0.12);"[39m
      [36m>[39m
        [36m<div[39m
          [33mclass[39m=[32m"MuiToolbar-root MuiToolbar-gutters MuiToolbar-regular css-yg49xf-MuiToolbar-root"[39m
        [36m>[39m
          [36m<div[39m
            [33mclass[39m=[32m"MuiTypography-root MuiTypography-h6 MuiTypography-noWrap css-1l8e00d-MuiTypography-r
oot"[39m
          [36m>[39m
            [0mMultiChat 澶氭ā鍨嬪璇?[0m
          [36m</div>[39m
          [36m<div[39m
            [33mclass[39m=[32m"MuiBox-root css-1i27l4i"[39m
          [36m>[39m
            [36m<span[39m
              [33maria-label[39m=[32m"鏂板缓浼氳瘽"[39m
              [33mclass[39m=[32m""[39m
              [33mdata-mui-internal-clone-element[39m=[32m"true"[39m
            [36m>[39m
              [36m<button[39m
                [33mclass[39m=[32m"MuiButtonBase-root MuiButton-root MuiButton-text MuiButton-sizeSmall MuiButton-c
olorInherit css-g9pygt-MuiButtonBase-root-MuiButton-root"[39m
                [33mtabindex[39m=[32m"0"[39m
                [33mtype[39m=[32m"button"[39m
              [36m>[39m
                [36m<span[39m
                  [33mclass[39m=[32m"MuiButton-icon MuiButton-startIcon css-d8i980-MuiButton-startIcon"[39m
                [36m>[39m
                  [36m<svg[39m
                    [33maria-hidden[39m=[32m"true"[39m
                    [33mclass[39m=[32m"MuiSvgIcon-root MuiSvgIcon-fontSizeMedium css-1umw9bq-MuiSvgIcon-root"[39m
                    [33mdata-testid[39m=[32m"AddIcon"[39m
                    [33mfocusable[39m=[32m"false"[39m
                    [33mviewBox[39m=[32m"0 0 24 24"[39m
                  [36m>[39m
                    [36m<path[39m
                      [33md[39m=[32m"M19 13h-6v6h-2v-6H5v-2h6V5h2v6h6z"[39m
                    [36m/>[39m
                  [36m</svg>[39m
                [36m</span>[39m
                [0m鏂板缓[0m
              [36m</button>[39m
            [36m</span>[39m
            [36m<span[39m
              [33maria-label[39m=[32m"淇濆瓨褰撳墠浼氳瘽"[39m
              [33mclass[39m=[32m""[39m
              [33mdata-mui-internal-clone-element[39m=[32m"true"[39m
            [36m>[39m
              [36m<button[39m
                [33mclass[39m=[32m"MuiButtonBase-root Mui-disabled MuiIconButton-root Mui-disabled MuiIconButton-co
lorInherit MuiIconButton-sizeSmall css-38cjb0-MuiButtonBase-root-MuiIconButton-root"[39m
                [33mdisabled[39m=[32m""[39m
                [33mtabindex[39m=[32m"-1"[39m
                [33mtype[39m=[32m"button"[39m
              [36m>[39m
                [36m<svg[39m
                  [33maria-hidden[39m=[32m"true"[39m
                  [33mclass[39m=[32m"MuiSvgIcon-root MuiSvgIcon-fontSizeMedium css-1umw9bq-MuiSvgIcon-root"[39m
                  [33mdata-testid[39m=[32m"SaveIcon"[39m
                  [33mfocusable[39m=[32m"false"[39m
                  [33mviewBox[39m=[32m"0 0 24 24"[39m
                [36m>[39m
                  [36m<path[39m
                    [33md[39m=[32m"M17 3H5c-1.11 0-2 .9-2 2v14c0 1.1.89 2 2 2h14c1.1 0 2-.9 2-2V7zm-5 16c-1.66 0-3-
1.34-3-3s1.34-3 3-3 3 1.34 3 3-1.34 3-3 3m3-10H5V5h10z"[39m
                  [36m/>[39m
                [36m</svg>[39m
              [36m</button>[39m
            [36m</span>[39m
            [36m<span[39m
              [33maria-label[39m=[32m"鍘嗗彶璁板綍"[39m
              [33mclass[39m=[32m""[39m
              [33mdata-mui-internal-clone-element[39m=[32m"true"[39m
            [36m>[39m
              [36m<button[39m
                [33mclass[39m=[32m"MuiButtonBase-root MuiIconButton-root MuiIconButton-colorInherit MuiIconButton-s
izeSmall css-38cjb0-MuiButtonBase-root-MuiIconButton-root"[39m
                [33mtabindex[39m=[32m"0"[39m
                [33mtype[39m=[32m"button"[39m
              [36m>[39m
                [36m<svg[39m
                  [33maria-hidden[39m=[32m"true"[39m
                  [33mclass[39m=[32m"MuiSvgIcon-root MuiSvgIcon-fontSizeMedium css-1umw9bq-MuiSvgIcon-root"[39m
                  [33mdata-testid[39m=[32m"HistoryIcon"[39m
                  [33mfocusable[39m=[32m"false"[39m
                  [33mviewBox[39m=[32m"0 0 24 24"[39m
                [36m>[39m
                  [36m<path[39m
                    [33md[39m=[32m"M13 3c-4.97 0-9 4.03-9 9H1l3.89 3.89.07.14L9 12H6c0-3.87 3.13-7 7-7s7 3.13 7 7-3
.13 7-7 7c-1.93 0-3.68-.79-4.94-2.06l-1.42 1.42C8.27 19.99 10.51 21 13 21c4.97 0 9-4.03 9-9s-4.03-9-9-9m-1 5v5l4.28 2.
54.72-1.21-3.5-2.08V8z"[39m
                  [36m/>[39m
                [36m</svg>[39m
              [36m</button>[39m
            [36m</span>[39m
            [36m<span[39m
              [33maria-label[39m=[32m"娓呯┖褰撳墠浼氳瘽"[39m
              [33mclass[39m=[32m""[39m
              [33mdata-mui-internal-clone-element[39m=[32m"true"[39m
            [36m>[39m
              [36m<button[39m
                [33mclass[39m=[32m"MuiButtonBase-root Mui-disabled MuiIconButton-root Mui-disabled MuiIconButton-co
lorInherit MuiIconButton-sizeSmall css-38cjb0-MuiButtonBase-root-MuiIconButton-root"[39m
                [33mdisabled[39m=[32m""[39m
                [33mtabindex[39m=[32m"-1"[39m
                [33mtype[39m=[32m"button"[39m
              [36m>[39m
                [36m<svg[39m
                  [33maria-hidden[39m=[32m"true"[39m
                  [33mclass[39m=[32m"MuiSvgIcon-root MuiSvgIcon-fontSizeMedium css-1umw9bq-MuiSvgIcon-root"[39m
                  [33mdata-testid[39m=[32m"DeleteSweepIcon"[39m
                  [33mfocusable[39m=[32m"false"[39m
                  [33mviewBox[39m=[32m"0 0 24 24"[39m
                [36m>[39m
                  [36m<path[39m
                    [33md[39m=[32m"M15 16h4v2h-4zm0-8h7v2h-7zm0 4h6v2h-6zM3 18c0 1.1.9 2 2 2h6c1.1 0 2-.9 2-2V8H3zM
14 5h-3l-1-1H6L5 5H2v2h12z"[39m
                  [36m/>[39m
                [36m</svg>[39m
              [36m</button>[39m
            [36m</span>[39m
            [36m<span[39m
              [33maria-label[39m=[32m"妯″瀷閰嶇疆"[39m
              [33mclass[39m=[32m""[39m
              [33mdata-mui-internal-clone-element[39m=[32m"true"[39m
            [36m>[39m
              [36m<button[39m
                [33mclass[39m=[32m"MuiButtonBase-root MuiIconButton-root MuiIconButton-colorInherit MuiIcon...
[90m [2m鉂?[22m Object.getElementError node_modules/@testing-library/dom/dist/config.js:[2m37:19[22m[39m
[90m [2m鉂?[22m node_modules/@testing-library/dom/dist/query-helpers.js:[2m76:38[22m[39m
[90m [2m鉂?[22m node_modules/@testing-library/dom/dist/query-helpers.js:[2m52:17[22m[39m
[90m [2m鉂?[22m node_modules/@testing-library/dom/dist/query-helpers.js:[2m95:19[22m[39m
[36m [2m鉂?[22m src/__tests__/App.test.tsx:[2m224:35[22m[39m
    [90m222| [39m      [34mrender[39m([33m<[39m[33mApp[39m [33m/[39m[33m>[39m)
    [90m223| [39m
    [90m224| [39m      [35mconst[39m configButton [33m=[39m screen[33m.[39m[34mgetByRole[39m([32m'button'[
39m[33m,[39m { name[33m:[39m [36m/妯″瀷閰?[39m鈥?    [90m   | [39m                                  [31m^[39m
    [90m225| [39m      [35mawait[39m user[33m.[39m[34mclick[39m(configButton)
    [90m226| [39m

[31m[2m鈳幆鈳幆鈳幆鈳幆鈳幆鈳幆鈳幆鈳幆鈳幆鈳幆鈳幆鈳痆6/34]鈳?[22m[39m

[31m[1m[7m FAIL [27m[22m[39m src/__tests__/App.test.tsx[2m > [22mApp 缁勪欢闆嗘垚娴嬭瘯[2m > [22m杈撳叆妗嗕氦浜?[2m > [22m鍙
戦€佹寜閽湪绌鸿緭鍏ユ椂绂佺敤
[31m[1mTestingLibraryElementError[22m[39m: Unable to find an accessible element with the role "button" and name `/
鍙戦€佹秷鎭?`

Here are the accessible roles:

  banner:

  Name "":
  [36m<header[39m
    [33mclass[39m=[32m"MuiPaper-root MuiPaper-elevation MuiPaper-elevation4 MuiAppBar-root MuiAppBar-colorPrimary M
uiAppBar-positionFixed mui-fixed css-1woakg4-MuiPaper-root-MuiAppBar-root"[39m
    [33mstyle[39m=[32m"--Paper-shadow: 0px 2px 4px -1px rgba(0,0,0,0.2),0px 4px 5px 0px rgba(0,0,0,0.14),0px 1px 10
px 0px rgba(0,0,0,0.12);"[39m
  [36m/>[39m

  --------------------------------------------------
  button:

  Name "鏂板缓":
  [36m<button[39m
    [33mclass[39m=[32m"MuiButtonBase-root MuiButton-root MuiButton-text MuiButton-sizeSmall MuiButton-colorInherit 
css-g9pygt-MuiButtonBase-root-MuiButton-root"[39m
    [33mtabindex[39m=[32m"0"[39m
    [33mtype[39m=[32m"button"[39m
  [36m/>[39m

  Name "":
  [36m<button[39m
    [33mclass[39m=[32m"MuiButtonBase-root Mui-disabled MuiIconButton-root Mui-disabled MuiIconButton-colorInherit M
uiIconButton-sizeSmall css-38cjb0-MuiButtonBase-root-MuiIconButton-root"[39m
    [33mdisabled[39m=[32m""[39m
    [33mtabindex[39m=[32m"-1"[39m
    [33mtype[39m=[32m"button"[39m
  [36m/>[39m

  Name "":
  [36m<button[39m
    [33mclass[39m=[32m"MuiButtonBase-root MuiIconButton-root MuiIconButton-colorInherit MuiIconButton-sizeSmall css
-38cjb0-MuiButtonBase-root-MuiIconButton-root"[39m
    [33mtabindex[39m=[32m"0"[39m
    [33mtype[39m=[32m"button"[39m
  [36m/>[39m

  Name "":
  [36m<button[39m
    [33mclass[39m=[32m"MuiButtonBase-root Mui-disabled MuiIconButton-root Mui-disabled MuiIconButton-colorInherit M
uiIconButton-sizeSmall css-38cjb0-MuiButtonBase-root-MuiIconButton-root"[39m
    [33mdisabled[39m=[32m""[39m
    [33mtabindex[39m=[32m"-1"[39m
    [33mtype[39m=[32m"button"[39m
  [36m/>[39m

  Name "":
  [36m<button[39m
    [33mclass[39m=[32m"MuiButtonBase-root MuiIconButton-root MuiIconButton-colorInherit MuiIconButton-sizeSmall css
-38cjb0-MuiButtonBase-root-MuiIconButton-root"[39m
    [33mtabindex[39m=[32m"0"[39m
    [33mtype[39m=[32m"button"[39m
  [36m/>[39m

  Name "":
  [36m<button[39m
    [33mclass[39m=[32m"MuiButtonBase-root Mui-disabled MuiIconButton-root Mui-disabled MuiIconButton-colorPrimary M
uiIconButton-sizeMedium css-1a80ix3-MuiButtonBase-root-MuiIconButton-root"[39m
    [33mdisabled[39m=[32m""[39m
    [33mtabindex[39m=[32m"-1"[39m
    [33mtype[39m=[32m"button"[39m
  [36m/>[39m

  --------------------------------------------------
  heading:

  Name "妯″瀷鍒楄〃":
  [36m<h6[39m
    [33mclass[39m=[32m"MuiTypography-root MuiTypography-subtitle1 MuiTypography-gutterBottom css-7oz9zk-MuiTypograp
hy-root"[39m
  [36m/>[39m

  Name "娆㈣繋浣跨敤 MultiChat":
  [36m<h5[39m
    [33mclass[39m=[32m"MuiTypography-root MuiTypography-h5 css-1xvfe2z-MuiTypography-root"[39m
  [36m/>[39m

  --------------------------------------------------
  paragraph:

  Name "":
  [36m<p[39m
    [33mclass[39m=[32m"MuiTypography-root MuiTypography-body2 css-11enejt-MuiTypography-root"[39m
  [36m/>[39m

  Name "":
  [36m<p[39m
    [33mclass[39m=[32m"MuiTypography-root MuiTypography-body1 css-1joot0f-MuiTypography-root"[39m
  [36m/>[39m

  Name "":
  [36m<p[39m
    [33mclass[39m=[32m"MuiTypography-root MuiTypography-body2 css-11enejt-MuiTypography-root"[39m
  [36m/>[39m

  --------------------------------------------------
  main:

  Name "":
  [36m<main[39m
    [33mclass[39m=[32m"MuiBox-root css-ck0a4"[39m
  [36m/>[39m

  --------------------------------------------------
  textbox:

  Name "":
  [36m<textarea[39m
    [33maria-invalid[39m=[32m"false"[39m
    [33mclass[39m=[32m"MuiInputBase-input MuiOutlinedInput-input css-w4nesw-MuiInputBase-input-MuiOutlinedInput-inp
ut"[39m
    [33mid[39m=[32m"_r_6o_"[39m
    [33mplaceholder[39m=[32m"杈撳叆鎮ㄧ殑闂锛孍nter 鍙戦€侊紝Shift+Enter 鎹㈣"[39m
    [33mstyle[39m=[32m"height: 0px; overflow: hidden;"[39m
  [36m/>[39m

  --------------------------------------------------

Ignored nodes: comments, script, style
[36m<body>[39m
  [36m<div>[39m
    [36m<div[39m
      [33mclass[39m=[32m"MuiBox-root css-1yeiifd"[39m
    [36m>[39m
      [36m<header[39m
        [33mclass[39m=[32m"MuiPaper-root MuiPaper-elevation MuiPaper-elevation4 MuiAppBar-root MuiAppBar-colorPrima
ry MuiAppBar-positionFixed mui-fixed css-1woakg4-MuiPaper-root-MuiAppBar-root"[39m
        [33mstyle[39m=[32m"--Paper-shadow: 0px 2px 4px -1px rgba(0,0,0,0.2),0px 4px 5px 0px rgba(0,0,0,0.14),0px 1p
x 10px 0px rgba(0,0,0,0.12);"[39m
      [36m>[39m
        [36m<div[39m
          [33mclass[39m=[32m"MuiToolbar-root MuiToolbar-gutters MuiToolbar-regular css-yg49xf-MuiToolbar-root"[39m
        [36m>[39m
          [36m<div[39m
            [33mclass[39m=[32m"MuiTypography-root MuiTypography-h6 MuiTypography-noWrap css-1l8e00d-MuiTypography-r
oot"[39m
          [36m>[39m
            [0mMultiChat 澶氭ā鍨嬪璇?[0m
          [36m</div>[39m
          [36m<div[39m
            [33mclass[39m=[32m"MuiBox-root css-1i27l4i"[39m
          [36m>[39m
            [36m<span[39m
              [33maria-label[39m=[32m"鏂板缓浼氳瘽"[39m
              [33mclass[39m=[32m""[39m
              [33mdata-mui-internal-clone-element[39m=[32m"true"[39m
            [36m>[39m
              [36m<button[39m
                [33mclass[39m=[32m"MuiButtonBase-root MuiButton-root MuiButton-text MuiButton-sizeSmall MuiButton-c
olorInherit css-g9pygt-MuiButtonBase-root-MuiButton-root"[39m
                [33mtabindex[39m=[32m"0"[39m
                [33mtype[39m=[32m"button"[39m
              [36m>[39m
                [36m<span[39m
                  [33mclass[39m=[32m"MuiButton-icon MuiButton-startIcon css-d8i980-MuiButton-startIcon"[39m
                [36m>[39m
                  [36m<svg[39m
                    [33maria-hidden[39m=[32m"true"[39m
                    [33mclass[39m=[32m"MuiSvgIcon-root MuiSvgIcon-fontSizeMedium css-1umw9bq-MuiSvgIcon-root"[39m
                    [33mdata-testid[39m=[32m"AddIcon"[39m
                    [33mfocusable[39m=[32m"false"[39m
                    [33mviewBox[39m=[32m"0 0 24 24"[39m
                  [36m>[39m
                    [36m<path[39m
                      [33md[39m=[32m"M19 13h-6v6h-2v-6H5v-2h6V5h2v6h6z"[39m
                    [36m/>[39m
                  [36m</svg>[39m
                [36m</span>[39m
                [0m鏂板缓[0m
              [36m</button>[39m
            [36m</span>[39m
            [36m<span[39m
              [33maria-label[39m=[32m"淇濆瓨褰撳墠浼氳瘽"[39m
              [33mclass[39m=[32m""[39m
              [33mdata-mui-internal-clone-element[39m=[32m"true"[39m
            [36m>[39m
              [36m<button[39m
                [33mclass[39m=[32m"MuiButtonBase-root Mui-disabled MuiIconButton-root Mui-disabled MuiIconButton-co
lorInherit MuiIconButton-sizeSmall css-38cjb0-MuiButtonBase-root-MuiIconButton-root"[39m
                [33mdisabled[39m=[32m""[39m
                [33mtabindex[39m=[32m"-1"[39m
                [33mtype[39m=[32m"button"[39m
              [36m>[39m
                [36m<svg[39m
                  [33maria-hidden[39m=[32m"true"[39m
                  [33mclass[39m=[32m"MuiSvgIcon-root MuiSvgIcon-fontSizeMedium css-1umw9bq-MuiSvgIcon-root"[39m
                  [33mdata-testid[39m=[32m"SaveIcon"[39m
                  [33mfocusable[39m=[32m"false"[39m
                  [33mviewBox[39m=[32m"0 0 24 24"[39m
                [36m>[39m
                  [36m<path[39m
                    [33md[39m=[32m"M17 3H5c-1.11 0-2 .9-2 2v14c0 1.1.89 2 2 2h14c1.1 0 2-.9 2-2V7zm-5 16c-1.66 0-3-
1.34-3-3s1.34-3 3-3 3 1.34 3 3-1.34 3-3 3m3-10H5V5h10z"[39m
                  [36m/>[39m
                [36m</svg>[39m
              [36m</button>[39m
            [36m</span>[39m
            [36m<span[39m
              [33maria-label[39m=[32m"鍘嗗彶璁板綍"[39m
              [33mclass[39m=[32m""[39m
              [33mdata-mui-internal-clone-element[39m=[32m"true"[39m
            [36m>[39m
              [36m<button[39m
                [33mclass[39m=[32m"MuiButtonBase-root MuiIconButton-root MuiIconButton-colorInherit MuiIconButton-s
izeSmall css-38cjb0-MuiButtonBase-root-MuiIconButton-root"[39m
                [33mtabindex[39m=[32m"0"[39m
                [33mtype[39m=[32m"button"[39m
              [36m>[39m
                [36m<svg[39m
                  [33maria-hidden[39m=[32m"true"[39m
                  [33mclass[39m=[32m"MuiSvgIcon-root MuiSvgIcon-fontSizeMedium css-1umw9bq-MuiSvgIcon-root"[39m
                  [33mdata-testid[39m=[32m"HistoryIcon"[39m
                  [33mfocusable[39m=[32m"false"[39m
                  [33mviewBox[39m=[32m"0 0 24 24"[39m
                [36m>[39m
                  [36m<path[39m
                    [33md[39m=[32m"M13 3c-4.97 0-9 4.03-9 9H1l3.89 3.89.07.14L9 12H6c0-3.87 3.13-7 7-7s7 3.13 7 7-3
.13 7-7 7c-1.93 0-3.68-.79-4.94-2.06l-1.42 1.42C8.27 19.99 10.51 21 13 21c4.97 0 9-4.03 9-9s-4.03-9-9-9m-1 5v5l4.28 2.
54.72-1.21-3.5-2.08V8z"[39m
                  [36m/>[39m
                [36m</svg>[39m
              [36m</button>[39m
            [36m</span>[39m
            [36m<span[39m
              [33maria-label[39m=[32m"娓呯┖褰撳墠浼氳瘽"[39m
              [33mclass[39m=[32m""[39m
              [33mdata-mui-internal-clone-element[39m=[32m"true"[39m
            [36m>[39m
              [36m<button[39m
                [33mclass[39m=[32m"MuiButtonBase-root Mui-disabled MuiIconButton-root Mui-disabled MuiIconButton-co
lorInherit MuiIconButton-sizeSmall css-38cjb0-MuiButtonBase-root-MuiIconButton-root"[39m
                [33mdisabled[39m=[32m""[39m
                [33mtabindex[39m=[32m"-1"[39m
                [33mtype[39m=[32m"button"[39m
              [36m>[39m
                [36m<svg[39m
                  [33maria-hidden[39m=[32m"true"[39m
                  [33mclass[39m=[32m"MuiSvgIcon-root MuiSvgIcon-fontSizeMedium css-1umw9bq-MuiSvgIcon-root"[39m
                  [33mdata-testid[39m=[32m"DeleteSweepIcon"[39m
                  [33mfocusable[39m=[32m"false"[39m
                  [33mviewBox[39m=[32m"0 0 24 24"[39m
                [36m>[39m
                  [36m<path[39m
                    [33md[39m=[32m"M15 16h4v2h-4zm0-8h7v2h-7zm0 4h6v2h-6zM3 18c0 1.1.9 2 2 2h6c1.1 0 2-.9 2-2V8H3zM
14 5h-3l-1-1H6L5 5H2v2h12z"[39m
                  [36m/>[39m
                [36m</svg>[39m
              [36m</button>[39m
            [36m</span>[39m
            [36m<span[39m
              [33maria-label[39m=[32m"妯″瀷閰嶇疆"[39m
              [33mclass[39m=[32m""[39m
              [33mdata-mui-internal-clone-element[39m=[32m"true"[39m
            [36m>[39m
              [36m<button[39m
                [33mclass[39m=[32m"MuiButtonBase-root MuiIconButton-root MuiIconButton-colorInherit MuiIcon...
[90m [2m鉂?[22m Object.getElementError node_modules/@testing-library/dom/dist/config.js:[2m37:19[22m[39m
[90m [2m鉂?[22m node_modules/@testing-library/dom/dist/query-helpers.js:[2m76:38[22m[39m
[90m [2m鉂?[22m node_modules/@testing-library/dom/dist/query-helpers.js:[2m52:17[22m[39m
[90m [2m鉂?[22m node_modules/@testing-library/dom/dist/query-helpers.js:[2m95:19[22m[39m
[36m [2m鉂?[22m src/__tests__/App.test.tsx:[2m254:33[22m[39m
    [90m252| [39m      [34mrender[39m([33m<[39m[33mApp[39m [33m/[39m[33m>[39m)
    [90m253| [39m
    [90m254| [39m      [35mconst[39m sendButton [33m=[39m screen[33m.[39m[34mgetByRole[39m([32m'button'[39
m[33m,[39m { name[33m:[39m [36m/鍙戦€佹秷鎭?[39m鈥?    [90m   | [39m                                [31m^[39m
    [90m255| [39m      [34mexpect[39m(sendButton)[33m.[39m[34mtoBeDisabled[39m()
    [90m256| [39m    })

[31m[2m鈳幆鈳幆鈳幆鈳幆鈳幆鈳幆鈳幆鈳幆鈳幆鈳幆鈳幆鈳痆7/34]鈳?[22m[39m

[31m[1m[7m FAIL [27m[22m[39m src/__tests__/App.test.tsx[2m > [22mApp 缁勪欢闆嗘垚娴嬭瘯[2m > [22m宸ュ叿鏍忔寜閽姸鎬?[2m > [2
2m鏃犳秷鎭椂绂佺敤淇濆瓨鎸夐挳
[31m[1mTestingLibraryElementError[22m[39m: Unable to find an accessible element with the role "button" and name `/
淇濆瓨褰撳墠浼氳瘽/`

Here are the accessible roles:

  banner:

  Name "":
  [36m<header[39m
    [33mclass[39m=[32m"MuiPaper-root MuiPaper-elevation MuiPaper-elevation4 MuiAppBar-root MuiAppBar-colorPrimary M
uiAppBar-positionFixed mui-fixed css-1woakg4-MuiPaper-root-MuiAppBar-root"[39m
    [33mstyle[39m=[32m"--Paper-shadow: 0px 2px 4px -1px rgba(0,0,0,0.2),0px 4px 5px 0px rgba(0,0,0,0.14),0px 1px 10
px 0px rgba(0,0,0,0.12);"[39m
  [36m/>[39m

  --------------------------------------------------
  button:

  Name "鏂板缓":
  [36m<button[39m
    [33mclass[39m=[32m"MuiButtonBase-root MuiButton-root MuiButton-text MuiButton-sizeSmall MuiButton-colorInherit 
css-g9pygt-MuiButtonBase-root-MuiButton-root"[39m
    [33mtabindex[39m=[32m"0"[39m
    [33mtype[39m=[32m"button"[39m
  [36m/>[39m

  Name "":
  [36m<button[39m
    [33mclass[39m=[32m"MuiButtonBase-root Mui-disabled MuiIconButton-root Mui-disabled MuiIconButton-colorInherit M
uiIconButton-sizeSmall css-38cjb0-MuiButtonBase-root-MuiIconButton-root"[39m
    [33mdisabled[39m=[32m""[39m
    [33mtabindex[39m=[32m"-1"[39m
    [33mtype[39m=[32m"button"[39m
  [36m/>[39m

  Name "":
  [36m<button[39m
    [33mclass[39m=[32m"MuiButtonBase-root MuiIconButton-root MuiIconButton-colorInherit MuiIconButton-sizeSmall css
-38cjb0-MuiButtonBase-root-MuiIconButton-root"[39m
    [33mtabindex[39m=[32m"0"[39m
    [33mtype[39m=[32m"button"[39m
  [36m/>[39m

  Name "":
  [36m<button[39m
    [33mclass[39m=[32m"MuiButtonBase-root Mui-disabled MuiIconButton-root Mui-disabled MuiIconButton-colorInherit M
uiIconButton-sizeSmall css-38cjb0-MuiButtonBase-root-MuiIconButton-root"[39m
    [33mdisabled[39m=[32m""[39m
    [33mtabindex[39m=[32m"-1"[39m
    [33mtype[39m=[32m"button"[39m
  [36m/>[39m

  Name "":
  [36m<button[39m
    [33mclass[39m=[32m"MuiButtonBase-root MuiIconButton-root MuiIconButton-colorInherit MuiIconButton-sizeSmall css
-38cjb0-MuiButtonBase-root-MuiIconButton-root"[39m
    [33mtabindex[39m=[32m"0"[39m
    [33mtype[39m=[32m"button"[39m
  [36m/>[39m

  Name "":
  [36m<button[39m
    [33mclass[39m=[32m"MuiButtonBase-root Mui-disabled MuiIconButton-root Mui-disabled MuiIconButton-colorPrimary M
uiIconButton-sizeMedium css-1a80ix3-MuiButtonBase-root-MuiIconButton-root"[39m
    [33mdisabled[39m=[32m""[39m
    [33mtabindex[39m=[32m"-1"[39m
    [33mtype[39m=[32m"button"[39m
  [36m/>[39m

  --------------------------------------------------
  heading:

  Name "妯″瀷鍒楄〃":
  [36m<h6[39m
    [33mclass[39m=[32m"MuiTypography-root MuiTypography-subtitle1 MuiTypography-gutterBottom css-7oz9zk-MuiTypograp
hy-root"[39m
  [36m/>[39m

  Name "娆㈣繋浣跨敤 MultiChat":
  [36m<h5[39m
    [33mclass[39m=[32m"MuiTypography-root MuiTypography-h5 css-1xvfe2z-MuiTypography-root"[39m
  [36m/>[39m

  --------------------------------------------------
  paragraph:

  Name "":
  [36m<p[39m
    [33mclass[39m=[32m"MuiTypography-root MuiTypography-body2 css-11enejt-MuiTypography-root"[39m
  [36m/>[39m

  Name "":
  [36m<p[39m
    [33mclass[39m=[32m"MuiTypography-root MuiTypography-body1 css-1joot0f-MuiTypography-root"[39m
  [36m/>[39m

  Name "":
  [36m<p[39m
    [33mclass[39m=[32m"MuiTypography-root MuiTypography-body2 css-11enejt-MuiTypography-root"[39m
  [36m/>[39m

  --------------------------------------------------
  main:

  Name "":
  [36m<main[39m
    [33mclass[39m=[32m"MuiBox-root css-ck0a4"[39m
  [36m/>[39m

  --------------------------------------------------
  textbox:

  Name "":
  [36m<textarea[39m
    [33maria-invalid[39m=[32m"false"[39m
    [33mclass[39m=[32m"MuiInputBase-input MuiOutlinedInput-input css-w4nesw-MuiInputBase-input-MuiOutlinedInput-inp
ut"[39m
    [33mid[39m=[32m"_r_8c_"[39m
    [33mplaceholder[39m=[32m"杈撳叆鎮ㄧ殑闂锛孍nter 鍙戦€侊紝Shift+Enter 鎹㈣"[39m
    [33mstyle[39m=[32m"height: 0px; overflow: hidden;"[39m
  [36m/>[39m

  --------------------------------------------------

Ignored nodes: comments, script, style
[36m<body>[39m
  [36m<div>[39m
    [36m<div[39m
      [33mclass[39m=[32m"MuiBox-root css-1yeiifd"[39m
    [36m>[39m
      [36m<header[39m
        [33mclass[39m=[32m"MuiPaper-root MuiPaper-elevation MuiPaper-elevation4 MuiAppBar-root MuiAppBar-colorPrima
ry MuiAppBar-positionFixed mui-fixed css-1woakg4-MuiPaper-root-MuiAppBar-root"[39m
        [33mstyle[39m=[32m"--Paper-shadow: 0px 2px 4px -1px rgba(0,0,0,0.2),0px 4px 5px 0px rgba(0,0,0,0.14),0px 1p
x 10px 0px rgba(0,0,0,0.12);"[39m
      [36m>[39m
        [36m<div[39m
          [33mclass[39m=[32m"MuiToolbar-root MuiToolbar-gutters MuiToolbar-regular css-yg49xf-MuiToolbar-root"[39m
        [36m>[39m
          [36m<div[39m
            [33mclass[39m=[32m"MuiTypography-root MuiTypography-h6 MuiTypography-noWrap css-1l8e00d-MuiTypography-r
oot"[39m
          [36m>[39m
            [0mMultiChat 澶氭ā鍨嬪璇?[0m
          [36m</div>[39m
          [36m<div[39m
            [33mclass[39m=[32m"MuiBox-root css-1i27l4i"[39m
          [36m>[39m
            [36m<span[39m
              [33maria-label[39m=[32m"鏂板缓浼氳瘽"[39m
              [33mclass[39m=[32m""[39m
              [33mdata-mui-internal-clone-element[39m=[32m"true"[39m
            [36m>[39m
              [36m<button[39m
                [33mclass[39m=[32m"MuiButtonBase-root MuiButton-root MuiButton-text MuiButton-sizeSmall MuiButton-c
olorInherit css-g9pygt-MuiButtonBase-root-MuiButton-root"[39m
                [33mtabindex[39m=[32m"0"[39m
                [33mtype[39m=[32m"button"[39m
              [36m>[39m
                [36m<span[39m
                  [33mclass[39m=[32m"MuiButton-icon MuiButton-startIcon css-d8i980-MuiButton-startIcon"[39m
                [36m>[39m
                  [36m<svg[39m
                    [33maria-hidden[39m=[32m"true"[39m
                    [33mclass[39m=[32m"MuiSvgIcon-root MuiSvgIcon-fontSizeMedium css-1umw9bq-MuiSvgIcon-root"[39m
                    [33mdata-testid[39m=[32m"AddIcon"[39m
                    [33mfocusable[39m=[32m"false"[39m
                    [33mviewBox[39m=[32m"0 0 24 24"[39m
                  [36m>[39m
                    [36m<path[39m
                      [33md[39m=[32m"M19 13h-6v6h-2v-6H5v-2h6V5h2v6h6z"[39m
                    [36m/>[39m
                  [36m</svg>[39m
                [36m</span>[39m
                [0m鏂板缓[0m
              [36m</button>[39m
            [36m</span>[39m
            [36m<span[39m
              [33maria-label[39m=[32m"淇濆瓨褰撳墠浼氳瘽"[39m
              [33mclass[39m=[32m""[39m
              [33mdata-mui-internal-clone-element[39m=[32m"true"[39m
            [36m>[39m
              [36m<button[39m
                [33mclass[39m=[32m"MuiButtonBase-root Mui-disabled MuiIconButton-root Mui-disabled MuiIconButton-co
lorInherit MuiIconButton-sizeSmall css-38cjb0-MuiButtonBase-root-MuiIconButton-root"[39m
                [33mdisabled[39m=[32m""[39m
                [33mtabindex[39m=[32m"-1"[39m
                [33mtype[39m=[32m"button"[39m
              [36m>[39m
                [36m<svg[39m
                  [33maria-hidden[39m=[32m"true"[39m
                  [33mclass[39m=[32m"MuiSvgIcon-root MuiSvgIcon-fontSizeMedium css-1umw9bq-MuiSvgIcon-root"[39m
                  [33mdata-testid[39m=[32m"SaveIcon"[39m
                  [33mfocusable[39m=[32m"false"[39m
                  [33mviewBox[39m=[32m"0 0 24 24"[39m
                [36m>[39m
                  [36m<path[39m
                    [33md[39m=[32m"M17 3H5c-1.11 0-2 .9-2 2v14c0 1.1.89 2 2 2h14c1.1 0 2-.9 2-2V7zm-5 16c-1.66 0-3-
1.34-3-3s1.34-3 3-3 3 1.34 3 3-1.34 3-3 3m3-10H5V5h10z"[39m
                  [36m/>[39m
                [36m</svg>[39m
              [36m</button>[39m
            [36m</span>[39m
            [36m<span[39m
              [33maria-label[39m=[32m"鍘嗗彶璁板綍"[39m
              [33mclass[39m=[32m""[39m
              [33mdata-mui-internal-clone-element[39m=[32m"true"[39m
            [36m>[39m
              [36m<button[39m
                [33mclass[39m=[32m"MuiButtonBase-root MuiIconButton-root MuiIconButton-colorInherit MuiIconButton-s
izeSmall css-38cjb0-MuiButtonBase-root-MuiIconButton-root"[39m
                [33mtabindex[39m=[32m"0"[39m
                [33mtype[39m=[32m"button"[39m
              [36m>[39m
                [36m<svg[39m
                  [33maria-hidden[39m=[32m"true"[39m
                  [33mclass[39m=[32m"MuiSvgIcon-root MuiSvgIcon-fontSizeMedium css-1umw9bq-MuiSvgIcon-root"[39m
                  [33mdata-testid[39m=[32m"HistoryIcon"[39m
                  [33mfocusable[39m=[32m"false"[39m
                  [33mviewBox[39m=[32m"0 0 24 24"[39m
                [36m>[39m
                  [36m<path[39m
                    [33md[39m=[32m"M13 3c-4.97 0-9 4.03-9 9H1l3.89 3.89.07.14L9 12H6c0-3.87 3.13-7 7-7s7 3.13 7 7-3
.13 7-7 7c-1.93 0-3.68-.79-4.94-2.06l-1.42 1.42C8.27 19.99 10.51 21 13 21c4.97 0 9-4.03 9-9s-4.03-9-9-9m-1 5v5l4.28 2.
54.72-1.21-3.5-2.08V8z"[39m
                  [36m/>[39m
                [36m</svg>[39m
              [36m</button>[39m
            [36m</span>[39m
            [36m<span[39m
              [33maria-label[39m=[32m"娓呯┖褰撳墠浼氳瘽"[39m
              [33mclass[39m=[32m""[39m
              [33mdata-mui-internal-clone-element[39m=[32m"true"[39m
            [36m>[39m
              [36m<button[39m
                [33mclass[39m=[32m"MuiButtonBase-root Mui-disabled MuiIconButton-root Mui-disabled MuiIconButton-co
lorInherit MuiIconButton-sizeSmall css-38cjb0-MuiButtonBase-root-MuiIconButton-root"[39m
                [33mdisabled[39m=[32m""[39m
                [33mtabindex[39m=[32m"-1"[39m
                [33mtype[39m=[32m"button"[39m
              [36m>[39m
                [36m<svg[39m
                  [33maria-hidden[39m=[32m"true"[39m
                  [33mclass[39m=[32m"MuiSvgIcon-root MuiSvgIcon-fontSizeMedium css-1umw9bq-MuiSvgIcon-root"[39m
                  [33mdata-testid[39m=[32m"DeleteSweepIcon"[39m
                  [33mfocusable[39m=[32m"false"[39m
                  [33mviewBox[39m=[32m"0 0 24 24"[39m
                [36m>[39m
                  [36m<path[39m
                    [33md[39m=[32m"M15 16h4v2h-4zm0-8h7v2h-7zm0 4h6v2h-6zM3 18c0 1.1.9 2 2 2h6c1.1 0 2-.9 2-2V8H3zM
14 5h-3l-1-1H6L5 5H2v2h12z"[39m
                  [36m/>[39m
                [36m</svg>[39m
              [36m</button>[39m
            [36m</span>[39m
            [36m<span[39m
              [33maria-label[39m=[32m"妯″瀷閰嶇疆"[39m
              [33mclass[39m=[32m""[39m
              [33mdata-mui-internal-clone-element[39m=[32m"true"[39m
            [36m>[39m
              [36m<button[39m
                [33mclass[39m=[32m"MuiButtonBase-root MuiIconButton-root MuiIconButton-colorInherit MuiIcon...
[90m [2m鉂?[22m Object.getElementError node_modules/@testing-library/dom/dist/config.js:[2m37:19[22m[39m
[90m [2m鉂?[22m node_modules/@testing-library/dom/dist/query-helpers.js:[2m76:38[22m[39m
[90m [2m鉂?[22m node_modules/@testing-library/dom/dist/query-helpers.js:[2m52:17[22m[39m
[90m [2m鉂?[22m node_modules/@testing-library/dom/dist/query-helpers.js:[2m95:19[22m[39m
[36m [2m鉂?[22m src/__tests__/App.test.tsx:[2m284:33[22m[39m
    [90m282| [39m      [34mrender[39m([33m<[39m[33mApp[39m [33m/[39m[33m>[39m)
    [90m283| [39m
    [90m284| [39m      [35mconst[39m saveButton [33m=[39m screen[33m.[39m[34mgetByRole[39m([32m'button'[39
m[33m,[39m { name[33m:[39m [36m/淇濆瓨褰撳墠[39m鈥?    [90m   | [39m                                [31m^[39m
    [90m285| [39m      [34mexpect[39m(saveButton)[33m.[39m[34mtoBeDisabled[39m()
    [90m286| [39m    })

[31m[2m鈳幆鈳幆鈳幆鈳幆鈳幆鈳幆鈳幆鈳幆鈳幆鈳幆鈳幆鈳痆8/34]鈳?[22m[39m

[31m[1m[7m FAIL [27m[22m[39m src/__tests__/App.test.tsx[2m > [22mApp 缁勪欢闆嗘垚娴嬭瘯[2m > [22m宸ュ叿鏍忔寜閽姸鎬?[2m > [2
2m鏃犳秷鎭椂绂佺敤娓呯┖鎸夐挳
[31m[1mTestingLibraryElementError[22m[39m: Unable to find an accessible element with the role "button" and name `/
娓呯┖褰撳墠浼氳瘽/`

Here are the accessible roles:

  banner:

  Name "":
  [36m<header[39m
    [33mclass[39m=[32m"MuiPaper-root MuiPaper-elevation MuiPaper-elevation4 MuiAppBar-root MuiAppBar-colorPrimary M
uiAppBar-positionFixed mui-fixed css-1woakg4-MuiPaper-root-MuiAppBar-root"[39m
    [33mstyle[39m=[32m"--Paper-shadow: 0px 2px 4px -1px rgba(0,0,0,0.2),0px 4px 5px 0px rgba(0,0,0,0.14),0px 1px 10
px 0px rgba(0,0,0,0.12);"[39m
  [36m/>[39m

  --------------------------------------------------
  button:

  Name "鏂板缓":
  [36m<button[39m
    [33mclass[39m=[32m"MuiButtonBase-root MuiButton-root MuiButton-text MuiButton-sizeSmall MuiButton-colorInherit 
css-g9pygt-MuiButtonBase-root-MuiButton-root"[39m
    [33mtabindex[39m=[32m"0"[39m
    [33mtype[39m=[32m"button"[39m
  [36m/>[39m

  Name "":
  [36m<button[39m
    [33mclass[39m=[32m"MuiButtonBase-root Mui-disabled MuiIconButton-root Mui-disabled MuiIconButton-colorInherit M
uiIconButton-sizeSmall css-38cjb0-MuiButtonBase-root-MuiIconButton-root"[39m
    [33mdisabled[39m=[32m""[39m
    [33mtabindex[39m=[32m"-1"[39m
    [33mtype[39m=[32m"button"[39m
  [36m/>[39m

  Name "":
  [36m<button[39m
    [33mclass[39m=[32m"MuiButtonBase-root MuiIconButton-root MuiIconButton-colorInherit MuiIconButton-sizeSmall css
-38cjb0-MuiButtonBase-root-MuiIconButton-root"[39m
    [33mtabindex[39m=[32m"0"[39m
    [33mtype[39m=[32m"button"[39m
  [36m/>[39m

  Name "":
  [36m<button[39m
    [33mclass[39m=[32m"MuiButtonBase-root Mui-disabled MuiIconButton-root Mui-disabled MuiIconButton-colorInherit M
uiIconButton-sizeSmall css-38cjb0-MuiButtonBase-root-MuiIconButton-root"[39m
    [33mdisabled[39m=[32m""[39m
    [33mtabindex[39m=[32m"-1"[39m
    [33mtype[39m=[32m"button"[39m
  [36m/>[39m

  Name "":
  [36m<button[39m
    [33mclass[39m=[32m"MuiButtonBase-root MuiIconButton-root MuiIconButton-colorInherit MuiIconButton-sizeSmall css
-38cjb0-MuiButtonBase-root-MuiIconButton-root"[39m
    [33mtabindex[39m=[32m"0"[39m
    [33mtype[39m=[32m"button"[39m
  [36m/>[39m

  Name "":
  [36m<button[39m
    [33mclass[39m=[32m"MuiButtonBase-root Mui-disabled MuiIconButton-root Mui-disabled MuiIconButton-colorPrimary M
uiIconButton-sizeMedium css-1a80ix3-MuiButtonBase-root-MuiIconButton-root"[39m
    [33mdisabled[39m=[32m""[39m
    [33mtabindex[39m=[32m"-1"[39m
    [33mtype[39m=[32m"button"[39m
  [36m/>[39m

  --------------------------------------------------
  heading:

  Name "妯″瀷鍒楄〃":
  [36m<h6[39m
    [33mclass[39m=[32m"MuiTypography-root MuiTypography-subtitle1 MuiTypography-gutterBottom css-7oz9zk-MuiTypograp
hy-root"[39m
  [36m/>[39m

  Name "娆㈣繋浣跨敤 MultiChat":
  [36m<h5[39m
    [33mclass[39m=[32m"MuiTypography-root MuiTypography-h5 css-1xvfe2z-MuiTypography-root"[39m
  [36m/>[39m

  --------------------------------------------------
  paragraph:

  Name "":
  [36m<p[39m
    [33mclass[39m=[32m"MuiTypography-root MuiTypography-body2 css-11enejt-MuiTypography-root"[39m
  [36m/>[39m

  Name "":
  [36m<p[39m
    [33mclass[39m=[32m"MuiTypography-root MuiTypography-body1 css-1joot0f-MuiTypography-root"[39m
  [36m/>[39m

  Name "":
  [36m<p[39m
    [33mclass[39m=[32m"MuiTypography-root MuiTypography-body2 css-11enejt-MuiTypography-root"[39m
  [36m/>[39m

  --------------------------------------------------
  main:

  Name "":
  [36m<main[39m
    [33mclass[39m=[32m"MuiBox-root css-ck0a4"[39m
  [36m/>[39m

  --------------------------------------------------
  textbox:

  Name "":
  [36m<textarea[39m
    [33maria-invalid[39m=[32m"false"[39m
    [33mclass[39m=[32m"MuiInputBase-input MuiOutlinedInput-input css-w4nesw-MuiInputBase-input-MuiOutlinedInput-inp
ut"[39m
    [33mid[39m=[32m"_r_8t_"[39m
    [33mplaceholder[39m=[32m"杈撳叆鎮ㄧ殑闂锛孍nter 鍙戦€侊紝Shift+Enter 鎹㈣"[39m
    [33mstyle[39m=[32m"height: 0px; overflow: hidden;"[39m
  [36m/>[39m

  --------------------------------------------------

Ignored nodes: comments, script, style
[36m<body>[39m
  [36m<div>[39m
    [36m<div[39m
      [33mclass[39m=[32m"MuiBox-root css-1yeiifd"[39m
    [36m>[39m
      [36m<header[39m
        [33mclass[39m=[32m"MuiPaper-root MuiPaper-elevation MuiPaper-elevation4 MuiAppBar-root MuiAppBar-colorPrima
ry MuiAppBar-positionFixed mui-fixed css-1woakg4-MuiPaper-root-MuiAppBar-root"[39m
        [33mstyle[39m=[32m"--Paper-shadow: 0px 2px 4px -1px rgba(0,0,0,0.2),0px 4px 5px 0px rgba(0,0,0,0.14),0px 1p
x 10px 0px rgba(0,0,0,0.12);"[39m
      [36m>[39m
        [36m<div[39m
          [33mclass[39m=[32m"MuiToolbar-root MuiToolbar-gutters MuiToolbar-regular css-yg49xf-MuiToolbar-root"[39m
        [36m>[39m
          [36m<div[39m
            [33mclass[39m=[32m"MuiTypography-root MuiTypography-h6 MuiTypography-noWrap css-1l8e00d-MuiTypography-r
oot"[39m
          [36m>[39m
            [0mMultiChat 澶氭ā鍨嬪璇?[0m
          [36m</div>[39m
          [36m<div[39m
            [33mclass[39m=[32m"MuiBox-root css-1i27l4i"[39m
          [36m>[39m
            [36m<span[39m
              [33maria-label[39m=[32m"鏂板缓浼氳瘽"[39m
              [33mclass[39m=[32m""[39m
              [33mdata-mui-internal-clone-element[39m=[32m"true"[39m
            [36m>[39m
              [36m<button[39m
                [33mclass[39m=[32m"MuiButtonBase-root MuiButton-root MuiButton-text MuiButton-sizeSmall MuiButton-c
olorInherit css-g9pygt-MuiButtonBase-root-MuiButton-root"[39m
                [33mtabindex[39m=[32m"0"[39m
                [33mtype[39m=[32m"button"[39m
              [36m>[39m
                [36m<span[39m
                  [33mclass[39m=[32m"MuiButton-icon MuiButton-startIcon css-d8i980-MuiButton-startIcon"[39m
                [36m>[39m
                  [36m<svg[39m
                    [33maria-hidden[39m=[32m"true"[39m
                    [33mclass[39m=[32m"MuiSvgIcon-root MuiSvgIcon-fontSizeMedium css-1umw9bq-MuiSvgIcon-root"[39m
                    [33mdata-testid[39m=[32m"AddIcon"[39m
                    [33mfocusable[39m=[32m"false"[39m
                    [33mviewBox[39m=[32m"0 0 24 24"[39m
                  [36m>[39m
                    [36m<path[39m
                      [33md[39m=[32m"M19 13h-6v6h-2v-6H5v-2h6V5h2v6h6z"[39m
                    [36m/>[39m
                  [36m</svg>[39m
                [36m</span>[39m
                [0m鏂板缓[0m
              [36m</button>[39m
            [36m</span>[39m
            [36m<span[39m
              [33maria-label[39m=[32m"淇濆瓨褰撳墠浼氳瘽"[39m
              [33mclass[39m=[32m""[39m
              [33mdata-mui-internal-clone-element[39m=[32m"true"[39m
            [36m>[39m
              [36m<button[39m
                [33mclass[39m=[32m"MuiButtonBase-root Mui-disabled MuiIconButton-root Mui-disabled MuiIconButton-co
lorInherit MuiIconButton-sizeSmall css-38cjb0-MuiButtonBase-root-MuiIconButton-root"[39m
                [33mdisabled[39m=[32m""[39m
                [33mtabindex[39m=[32m"-1"[39m
                [33mtype[39m=[32m"button"[39m
              [36m>[39m
                [36m<svg[39m
                  [33maria-hidden[39m=[32m"true"[39m
                  [33mclass[39m=[32m"MuiSvgIcon-root MuiSvgIcon-fontSizeMedium css-1umw9bq-MuiSvgIcon-root"[39m
                  [33mdata-testid[39m=[32m"SaveIcon"[39m
                  [33mfocusable[39m=[32m"false"[39m
                  [33mviewBox[39m=[32m"0 0 24 24"[39m
                [36m>[39m
                  [36m<path[39m
                    [33md[39m=[32m"M17 3H5c-1.11 0-2 .9-2 2v14c0 1.1.89 2 2 2h14c1.1 0 2-.9 2-2V7zm-5 16c-1.66 0-3-
1.34-3-3s1.34-3 3-3 3 1.34 3 3-1.34 3-3 3m3-10H5V5h10z"[39m
                  [36m/>[39m
                [36m</svg>[39m
              [36m</button>[39m
            [36m</span>[39m
            [36m<span[39m
              [33maria-label[39m=[32m"鍘嗗彶璁板綍"[39m
              [33mclass[39m=[32m""[39m
              [33mdata-mui-internal-clone-element[39m=[32m"true"[39m
            [36m>[39m
              [36m<button[39m
                [33mclass[39m=[32m"MuiButtonBase-root MuiIconButton-root MuiIconButton-colorInherit MuiIconButton-s
izeSmall css-38cjb0-MuiButtonBase-root-MuiIconButton-root"[39m
                [33mtabindex[39m=[32m"0"[39m
                [33mtype[39m=[32m"button"[39m
              [36m>[39m
                [36m<svg[39m
                  [33maria-hidden[39m=[32m"true"[39m
                  [33mclass[39m=[32m"MuiSvgIcon-root MuiSvgIcon-fontSizeMedium css-1umw9bq-MuiSvgIcon-root"[39m
                  [33mdata-testid[39m=[32m"HistoryIcon"[39m
                  [33mfocusable[39m=[32m"false"[39m
                  [33mviewBox[39m=[32m"0 0 24 24"[39m
                [36m>[39m
                  [36m<path[39m
                    [33md[39m=[32m"M13 3c-4.97 0-9 4.03-9 9H1l3.89 3.89.07.14L9 12H6c0-3.87 3.13-7 7-7s7 3.13 7 7-3
.13 7-7 7c-1.93 0-3.68-.79-4.94-2.06l-1.42 1.42C8.27 19.99 10.51 21 13 21c4.97 0 9-4.03 9-9s-4.03-9-9-9m-1 5v5l4.28 2.
54.72-1.21-3.5-2.08V8z"[39m
                  [36m/>[39m
                [36m</svg>[39m
              [36m</button>[39m
            [36m</span>[39m
            [36m<span[39m
              [33maria-label[39m=[32m"娓呯┖褰撳墠浼氳瘽"[39m
              [33mclass[39m=[32m""[39m
              [33mdata-mui-internal-clone-element[39m=[32m"true"[39m
            [36m>[39m
              [36m<button[39m
                [33mclass[39m=[32m"MuiButtonBase-root Mui-disabled MuiIconButton-root Mui-disabled MuiIconButton-co
lorInherit MuiIconButton-sizeSmall css-38cjb0-MuiButtonBase-root-MuiIconButton-root"[39m
                [33mdisabled[39m=[32m""[39m
                [33mtabindex[39m=[32m"-1"[39m
                [33mtype[39m=[32m"button"[39m
              [36m>[39m
                [36m<svg[39m
                  [33maria-hidden[39m=[32m"true"[39m
                  [33mclass[39m=[32m"MuiSvgIcon-root MuiSvgIcon-fontSizeMedium css-1umw9bq-MuiSvgIcon-root"[39m
                  [33mdata-testid[39m=[32m"DeleteSweepIcon"[39m
                  [33mfocusable[39m=[32m"false"[39m
                  [33mviewBox[39m=[32m"0 0 24 24"[39m
                [36m>[39m
                  [36m<path[39m
                    [33md[39m=[32m"M15 16h4v2h-4zm0-8h7v2h-7zm0 4h6v2h-6zM3 18c0 1.1.9 2 2 2h6c1.1 0 2-.9 2-2V8H3zM
14 5h-3l-1-1H6L5 5H2v2h12z"[39m
                  [36m/>[39m
                [36m</svg>[39m
              [36m</button>[39m
            [36m</span>[39m
            [36m<span[39m
              [33maria-label[39m=[32m"妯″瀷閰嶇疆"[39m
              [33mclass[39m=[32m""[39m
              [33mdata-mui-internal-clone-element[39m=[32m"true"[39m
            [36m>[39m
              [36m<button[39m
                [33mclass[39m=[32m"MuiButtonBase-root MuiIconButton-root MuiIconButton-colorInherit MuiIcon...
[90m [2m鉂?[22m Object.getElementError node_modules/@testing-library/dom/dist/config.js:[2m37:19[22m[39m
[90m [2m鉂?[22m node_modules/@testing-library/dom/dist/query-helpers.js:[2m76:38[22m[39m
[90m [2m鉂?[22m node_modules/@testing-library/dom/dist/query-helpers.js:[2m52:17[22m[39m
[90m [2m鉂?[22m node_modules/@testing-library/dom/dist/query-helpers.js:[2m95:19[22m[39m
[36m [2m鉂?[22m src/__tests__/App.test.tsx:[2m291:34[22m[39m
    [90m289| [39m      [34mrender[39m([33m<[39m[33mApp[39m [33m/[39m[33m>[39m)
    [90m290| [39m
    [90m291| [39m      [35mconst[39m clearButton [33m=[39m screen[33m.[39m[34mgetByRole[39m([32m'button'[3
9m[33m,[39m { name[33m:[39m [36m/娓呯┖褰撳墠[39m鈥?    [90m   | [39m                                 [31m^[39m
    [90m292| [39m      [34mexpect[39m(clearButton)[33m.[39m[34mtoBeDisabled[39m()
    [90m293| [39m    })

[31m[2m鈳幆鈳幆鈳幆鈳幆鈳幆鈳幆鈳幆鈳幆鈳幆鈳幆鈳幆鈳痆9/34]鈳?[22m[39m

[31m[1m[7m FAIL [27m[22m[39m src/components/__tests__/AddModelDialog.test.tsx[2m > [22mAddModelDialog 缁勪欢娴嬭瘯[
2m > [22m寮圭獥鍩烘湰鐘舵€?[2m > [22mopen=true 鏃跺脊绐楀彲瑙?[31m[1mTestingLibraryElementError[22m[39m: Found multiple element
s with the text: 娣诲姞妯″瀷

Here are the matching elements:

Ignored nodes: comments, script, style
[36m<h2[39m
  [33mclass[39m=[32m"MuiTypography-root MuiTypography-h6 MuiDialogTitle-root css-11h0rel-MuiTypography-root-MuiDial
ogTitle-root"[39m
  [33mid[39m=[32m"_r_0_"[39m
[36m>[39m
  [0m娣诲姞妯″瀷[0m
[36m</h2>[39m

Ignored nodes: comments, script, style
[36m<button[39m
  [33mclass[39m=[32m"MuiButtonBase-root MuiButton-root MuiButton-contained MuiButton-sizeMedium MuiButton-colorPrim
ary MuiButton-fullWidth css-1k9hkw1-MuiButtonBase-root-MuiButton-root"[39m
  [33mtabindex[39m=[32m"0"[39m
  [33mtype[39m=[32m"button"[39m
[36m>[39m
  [0m娣诲姞妯″瀷[0m
[36m</button>[39m

(If this is intentional, then use the `*AllBy*` variant of the query (like `queryAllByText`, `getAllByText`, or `findA
llByText`)).

Ignored nodes: comments, script, style
[36m<body[39m
  [33mstyle[39m=[32m"padding-right: 1024px; overflow: hidden;"[39m
[36m>[39m
  [36m<div[39m
    [33maria-hidden[39m=[32m"true"[39m
  [36m/>[39m
  [36m<div[39m
    [33mclass[39m=[32m"MuiDialog-root MuiModal-root css-1424xw8-MuiModal-root-MuiDialog-root"[39m
    [33mrole[39m=[32m"presentation"[39m
  [36m>[39m
    [36m<div[39m
      [33maria-hidden[39m=[32m"true"[39m
      [33mclass[39m=[32m"MuiBackdrop-root MuiModal-backdrop MuiDialog-backdrop css-1cennmq-MuiBackdrop-root-MuiDial
og-backdrop"[39m
      [33mstyle[39m=[32m"opacity: 1; transition: opacity 225ms cubic-bezier(0.4, 0, 0.2, 1) 0ms;"[39m
    [36m/>[39m
    [36m<div[39m
      [33mdata-testid[39m=[32m"sentinelStart"[39m
      [33mtabindex[39m=[32m"0"[39m
    [36m/>[39m
    [36m<div[39m
      [33mclass[39m=[32m"MuiDialog-container MuiDialog-scrollPaper css-19do60a-MuiDialog-container"[39m
      [33mrole[39m=[32m"presentation"[39m
      [33mstyle[39m=[32m"opacity: 1; transition: opacity 225ms cubic-bezier(0.4, 0, 0.2, 1) 0ms;"[39m
      [33mtabindex[39m=[32m"-1"[39m
    [36m>[39m
      [36m<div[39m
        [33maria-labelledby[39m=[32m"_r_0_"[39m
        [33maria-modal[39m=[32m"true"[39m
        [33mclass[39m=[32m"MuiPaper-root MuiPaper-elevation MuiPaper-rounded MuiPaper-elevation24 MuiDialog-paper M
uiDialog-paperWidthSm MuiDialog-paperFullWidth css-1r46z6h-MuiPaper-root-MuiDialog-paper"[39m
        [33mdata-mui-focusable[39m=[32m""[39m
        [33mrole[39m=[32m"dialog"[39m
        [33mstyle[39m=[32m"--Paper-shadow: 0px 11px 15px -7px rgba(0,0,0,0.2),0px 24px 38px 3px rgba(0,0,0,0.14),0p
x 9px 46px 8px rgba(0,0,0,0.12);"[39m
        [33mtabindex[39m=[32m"-1"[39m
      [36m>[39m
        [36m<h2[39m
          [33mclass[39m=[32m"MuiTypography-root MuiTypography-h6 MuiDialogTitle-root css-11h0rel-MuiTypography-root
-MuiDialogTitle-root"[39m
          [33mid[39m=[32m"_r_0_"[39m
        [36m>[39m
          [0m娣诲姞妯″瀷[0m
        [36m</h2>[39m
        [36m<div[39m
          [33mclass[39m=[32m"MuiDialogContent-root css-16e34i8-MuiDialogContent-root"[39m
        [36m>[39m
          [36m<div[39m
            [33mclass[39m=[32m"MuiBox-root css-1gsv261"[39m
          [36m>[39m
            [36m<div[39m
              [33mclass[39m=[32m"MuiTabs-root css-jhczcq-MuiTabs-root"[39m
            [36m>[39m
              [36m<div[39m
                [33mclass[39m=[32m"MuiTabs-scroller MuiTabs-fixed css-s2t35c-MuiTabs-scroller"[39m
                [33mstyle[39m=[32m"overflow: hidden; margin-bottom: 0px;"[39m
              [36m>[39m
                [36m<div[39m
                  [33maria-label[39m=[32m"妯″瀷閰嶇疆妯″紡"[39m
                  [33mclass[39m=[32m"MuiTabs-list css-hzcega-MuiTabs-list"[39m
                  [33mrole[39m=[32m"tablist"[39m
                [36m>[39m
                  [36m<button[39m
                    [33maria-selected[39m=[32m"false"[39m
                    [33mclass[39m=[32m"MuiButtonBase-root MuiTab-root MuiTab-textColorPrimary MuiTab-fullWidth css-
hmk518-MuiButtonBase-root-MuiTab-root"[39m
                    [33mid[39m=[32m"model-config-tab-0"[39m
                    [33mrole[39m=[32m"tab"[39m
                    [33mtabindex[39m=[32m"-1"[39m
                    [33mtype[39m=[32m"button"[39m
                  [36m>[39m
                    [0m妯″瀷鏈嶅姟鍟?[0m
                  [36m</button>[39m
                  [36m<button[39m
                    [33maria-selected[39m=[32m"true"[39m
                    [33mclass[39m=[32m"MuiButtonBase-root MuiTab-root MuiTab-textColorPrimary MuiTab-fullWidth Mui-
selected css-hmk518-MuiButtonBase-root-MuiTab-root"[39m
                    [33mid[39m=[32m"model-config-tab-1"[39m
                    [33mrole[39m=[32m"tab"[39m
                    [33mtabindex[39m=[32m"0"[39m
                    [33mtype[39m=[32m"button"[39m
                  [36m>[39m
                    [0m鑷畾涔夐厤缃?[0m
                  [36m</button>[39m
                [36m</div>[39m
                [36m<span[39m
                  [33mclass[39m=[32m"MuiTabs-indicator css-1qltlow-MuiTabs-indicator"[39m
                  [33mstyle[39m=[32m"left: 0px; width: 0px;"[39m
                [36m/>[39m
              [36m</div>[39m
            [36m</div>[39m
          [36m</div>[39m
          [36m<div[39m
            [33maria-labelledby[39m=[32m"model-config-tab-0"[39m
            [33mhidden[39m=[32m""[39m
            [33mid[39m=[32m"model-config-tabpanel-0"[39m
            [33mrole[39m=[32m"tabpanel"[39m
          [36m/>[39m
          [36m<div[39m
            [33maria-labelledby[39m=[32m"model-config-tab-1"[39m
            [33mid[39m=[32m"model-config-tabpanel-1"[39m
            [33mrole[39m=[32m"tabpanel"[39m
          [36m>[39m
            [36m<div[39m
              [33mclass[39m=[32m"MuiBox-root css-1v3caum"[39m
            [36m>[39m
              [36m<form[39m
                [33mclass[39m=[32m"MuiBox-root css-yd8sa2"[39m
                [33mnovalidate[39m=[32m""[39m
              [36m>[39m
                [36m<div[39m
                  [33mclass[39m=[32m"MuiBox-root css-0"[39m
                [36m>[39m
                  [36m<p[39m
                    [33mclass[39m=[32m"MuiTypography-root MuiTypography-body2 css-k4rohz-MuiTypography-root"[39m
                  [36m>[39m
                    [0m* API 鏍煎紡[0m
                  [36m</p>[39m
                  [36m<div[39m
                    [33mclass[39m=[32m"MuiFormControl-root MuiFormControl-fullWidth css-ytlejw-MuiFormControl-root"
[39m
                  [36m>[39m
                    [36m<div[39m
                      [33mclass[39m=[32m"MuiInputBase-root MuiOutlinedInput-root MuiInputBase-colorPrimary MuiInput
Base-formControl MuiSelect-root css-sc8y68-MuiInputBase-root-MuiOutlinedInput-root-MuiSelect-root"[39m
                    [36m>[39m
                      [36m<div[39m
                        [33maria-expanded[39m=[32m"false"[39m
                        [33maria-haspopup[39m=[32m"listbox"[39m
                        [33mclass[39m=[32m"MuiSelect-select MuiSelect-outlined MuiInputBase-input MuiOutlinedInput-
input css-18jp67o-MuiNativeSelect-root-MuiSelect-select-MuiInputBase-input-MuiOutlinedInput-input"[39m
                        [33mrole[39m=[32m"combobox"[39m
                        [33mtabindex[39m=[32m"0"[39m
                      [36m>[39m
                        [0mOpenAI Chat Completions 鏍煎紡[0m
                      [36m</div>[39m
                      [36m<input[39m
                        [33maria-hidden[39m=[32m"true"[39m
                        [33maria-invalid[39m=[32m"false"[39m
                        [33mclass[39m=[32m"MuiSelect-nativeInput css-j0riat-MuiSelect-nativeInput"[39m
    ...
[90m [2m鉂?[22m Object.getElementError node_modules/@testing-library/dom/dist/config.js:[2m37:19[22m[39m
[90m [2m鉂?[22m getElementError node_modules/@testing-library/dom/dist/query-helpers.js:[2m20:35[22m[39m
[90m [2m鉂?[22m getMultipleElementsFoundError node_modules/@testing-library/dom/dist/query-helpers.js:[2m23:10[22m
[39m
[90m [2m鉂?[22m node_modules/@testing-library/dom/dist/query-helpers.js:[2m55:13[22m[39m
[90m [2m鉂?[22m node_modules/@testing-library/dom/dist/query-helpers.js:[2m95:19[22m[39m
[36m [2m鉂?[22m src/components/__tests__/AddModelDialog.test.tsx:[2m46:21[22m[39m
    [90m 44| [39m
    [90m 45| [39m      [34mexpect[39m(screen[33m.[39m[34mgetByRole[39m([32m'dialog'[39m))[33m.[39m[34mtoB
eInTheDocument[39m()
    [90m 46| [39m      [34mexpect[39m(screen[33m.[39m[34mgetByText[39m([32m'娣诲姞妯″瀷'[39m))[33m.[39m[34mtoB
eInTheDocument[39m()
    [90m   | [39m                    [31m^[39m
    [90m 47| [39m    })
    [90m 48| [39m

[31m[2m鈳幆鈳幆鈳幆鈳幆鈳幆鈳幆鈳幆鈳幆鈳幆鈳幆鈳幆[10/34]鈳?[22m[39m

[31m[1m[7m FAIL [27m[22m[39m src/components/__tests__/AddModelDialog.test.tsx[2m > [22mAddModelDialog 缁勪欢娴嬭瘯[
2m > [22mTab 鍒囨崲鍔熻兘[2m > [22m鐐瑰嚮妯″瀷鏈嶅姟鍟?Tab 鍒囨崲鏄剧ず
[31m[1mTestingLibraryElementError[22m[39m: Found multiple elements with the text: 閫夋嫨妯″瀷鏈嶅姟鍟?
Here are the matching elements:

Ignored nodes: comments, script, style
[36m<label[39m
  [33mclass[39m=[32m"MuiFormLabel-root MuiInputLabel-root MuiInputLabel-formControl MuiInputLabel-animated MuiInput
Label-outlined MuiFormLabel-colorPrimary MuiInputLabel-root MuiInputLabel-formControl MuiInputLabel-animated MuiInputL
abel-outlined css-19qnlrw-MuiFormLabel-root-MuiInputLabel-root"[39m
  [33mdata-shrink[39m=[32m"false"[39m
[36m>[39m
  [0m閫夋嫨妯″瀷鏈嶅姟鍟?[0m
[36m</label>[39m

Ignored nodes: comments, script, style
[36m<span>[39m
  [0m閫夋嫨妯″瀷鏈嶅姟鍟?[0m
[36m</span>[39m

(If this is intentional, then use the `*AllBy*` variant of the query (like `queryAllByText`, `getAllByText`, or `findA
llByText`)).

Ignored nodes: comments, script, style
[36m<body[39m
  [33mstyle[39m=[32m"padding-right: 1024px; overflow: hidden;"[39m
[36m>[39m
  [36m<div[39m
    [33maria-hidden[39m=[32m"true"[39m
  [36m/>[39m
  [36m<div[39m
    [33mclass[39m=[32m"MuiDialog-root MuiModal-root css-1424xw8-MuiModal-root-MuiDialog-root"[39m
    [33mrole[39m=[32m"presentation"[39m
  [36m>[39m
    [36m<div[39m
      [33maria-hidden[39m=[32m"true"[39m
      [33mclass[39m=[32m"MuiBackdrop-root MuiModal-backdrop MuiDialog-backdrop css-1cennmq-MuiBackdrop-root-MuiDial
og-backdrop"[39m
      [33mstyle[39m=[32m"opacity: 1; transition: opacity 225ms cubic-bezier(0.4, 0, 0.2, 1) 0ms;"[39m
    [36m/>[39m
    [36m<div[39m
      [33mdata-testid[39m=[32m"sentinelStart"[39m
      [33mtabindex[39m=[32m"0"[39m
    [36m/>[39m
    [36m<div[39m
      [33mclass[39m=[32m"MuiDialog-container MuiDialog-scrollPaper css-19do60a-MuiDialog-container"[39m
      [33mrole[39m=[32m"presentation"[39m
      [33mstyle[39m=[32m"opacity: 1; transition: opacity 225ms cubic-bezier(0.4, 0, 0.2, 1) 0ms;"[39m
      [33mtabindex[39m=[32m"-1"[39m
    [36m>[39m
      [36m<div[39m
        [33maria-labelledby[39m=[32m"_r_2l_"[39m
        [33maria-modal[39m=[32m"true"[39m
        [33mclass[39m=[32m"MuiPaper-root MuiPaper-elevation MuiPaper-rounded MuiPaper-elevation24 MuiDialog-paper M
uiDialog-paperWidthSm MuiDialog-paperFullWidth css-1r46z6h-MuiPaper-root-MuiDialog-paper"[39m
        [33mdata-mui-focusable[39m=[32m""[39m
        [33mrole[39m=[32m"dialog"[39m
        [33mstyle[39m=[32m"--Paper-shadow: 0px 11px 15px -7px rgba(0,0,0,0.2),0px 24px 38px 3px rgba(0,0,0,0.14),0p
x 9px 46px 8px rgba(0,0,0,0.12);"[39m
        [33mtabindex[39m=[32m"-1"[39m
      [36m>[39m
        [36m<h2[39m
          [33mclass[39m=[32m"MuiTypography-root MuiTypography-h6 MuiDialogTitle-root css-11h0rel-MuiTypography-root
-MuiDialogTitle-root"[39m
          [33mid[39m=[32m"_r_2l_"[39m
        [36m>[39m
          [0m娣诲姞妯″瀷[0m
        [36m</h2>[39m
        [36m<div[39m
          [33mclass[39m=[32m"MuiDialogContent-root css-16e34i8-MuiDialogContent-root"[39m
        [36m>[39m
          [36m<div[39m
            [33mclass[39m=[32m"MuiBox-root css-1gsv261"[39m
          [36m>[39m
            [36m<div[39m
              [33mclass[39m=[32m"MuiTabs-root css-jhczcq-MuiTabs-root"[39m
            [36m>[39m
              [36m<div[39m
                [33mclass[39m=[32m"MuiTabs-scroller MuiTabs-fixed css-s2t35c-MuiTabs-scroller"[39m
                [33mstyle[39m=[32m"overflow: hidden; margin-bottom: 0px;"[39m
              [36m>[39m
                [36m<div[39m
                  [33maria-label[39m=[32m"妯″瀷閰嶇疆妯″紡"[39m
                  [33mclass[39m=[32m"MuiTabs-list css-hzcega-MuiTabs-list"[39m
                  [33mrole[39m=[32m"tablist"[39m
                [36m>[39m
                  [36m<button[39m
                    [33maria-selected[39m=[32m"true"[39m
                    [33mclass[39m=[32m"MuiButtonBase-root MuiTab-root MuiTab-textColorPrimary MuiTab-fullWidth Mui-
selected css-hmk518-MuiButtonBase-root-MuiTab-root"[39m
                    [33mid[39m=[32m"model-config-tab-0"[39m
                    [33mrole[39m=[32m"tab"[39m
                    [33mtabindex[39m=[32m"0"[39m
                    [33mtype[39m=[32m"button"[39m
                  [36m>[39m
                    [0m妯″瀷鏈嶅姟鍟?[0m
                    [36m<span[39m
                      [33mclass[39m=[32m"MuiTouchRipple-root css-r3djoj-MuiTouchRipple-root"[39m
                    [36m>[39m
                      [36m<span[39m
                        [33mclass[39m=[32m"css-y4cjyz-MuiTouchRipple-ripple MuiTouchRipple-ripple MuiTouchRipple-ri
ppleVisible"[39m
                        [33mstyle[39m=[32m"width: 2.8284271247461903px; height: 2.8284271247461903px; top: -1.41421
35623730951px; left: -1.4142135623730951px;"[39m
                      [36m>[39m
                        [36m<span[39m
                          [33mclass[39m=[32m"MuiTouchRipple-child MuiTouchRipple-childLeaving"[39m
                        [36m/>[39m
                      [36m</span>[39m
                    [36m</span>[39m
                  [36m</button>[39m
                  [36m<button[39m
                    [33maria-selected[39m=[32m"false"[39m
                    [33mclass[39m=[32m"MuiButtonBase-root MuiTab-root MuiTab-textColorPrimary MuiTab-fullWidth css-
hmk518-MuiButtonBase-root-MuiTab-root"[39m
                    [33mid[39m=[32m"model-config-tab-1"[39m
                    [33mrole[39m=[32m"tab"[39m
                    [33mtabindex[39m=[32m"-1"[39m
                    [33mtype[39m=[32m"button"[39m
                  [36m>[39m
                    [0m鑷畾涔夐厤缃?[0m
                  [36m</button>[39m
                [36m</div>[39m
                [36m<span[39m
                  [33mclass[39m=[32m"MuiTabs-indicator css-1qltlow-MuiTabs-indicator"[39m
                  [33mstyle[39m=[32m"left: 0px; width: 0px;"[39m
                [36m/>[39m
              [36m</div>[39m
            [36m</div>[39m
          [36m</div>[39m
          [36m<div[39m
            [33maria-labelledby[39m=[32m"model-config-tab-0"[39m
            [33mid[39m=[32m"model-config-tabpanel-0"[39m
            [33mrole[39m=[32m"tabpanel"[39m
          [36m>[39m
            [36m<div[39m
              [33mclass[39m=[32m"MuiBox-root css-1v3caum"[39m
            [36m>[39m
              [36m<div[39m
                [33mclass[39m=[32m"MuiPaper-root MuiPaper-elevation MuiPaper-rounded MuiPaper-elevation0 MuiAlert-r
oot MuiAlert-colorInfo MuiAlert-standard css-dws3yv-MuiPaper-root-MuiAlert-root"[39m
                [33mrole[39m=[32m"alert"[39m
                [33mstyle[39m=[32m"--Paper-shadow: none;"[39m
              [36m>[39m
                [36m<div[39m
                  [33mclass[39m=[32m"MuiAlert-icon css-vab54s-MuiAlert-icon"[39m
                [36m>[39m
                  [36m<svg[39m
                    [33maria-hidden[39m=[32m"true"[39m
                    [33mclass[39m=[32m"MuiSvgIcon-root MuiSvgIcon-fontSizeInherit css-1ckov0h-MuiSvgIcon-root"[39m
                    [33mdata-testid[39m=[32m"InfoOutlinedIcon"[39m
                    [33mfocusable[39m=[32m"false"[39m
                    [33mviewBox[39m=[32m"0 0 24 24"[39m
                  [36m>[39m
                    [36m<path[39m
                      [33md[39m=[32m"M11,9H13V7H11M12,20C7.59,20 4,16.41 4,12C4,7.59 7.59,4 12,4C16.41,4 20,7.59 20
, 12C20,16.41 16.41,20 12,20M12,2A10,10 0 0,0 2,12A10,10 0 0,0 12,22A10,10 0 0,0 22,12A10, 10 0 0,0 12,2M11,17H13V11H1
1V17Z"[39m
                    [36m/>[39m
                  [36m</svg>[39m
                [36m</div>[39m
                [36m<div[39m
                  [33mclass[39m=[32m"MuiAlert-message css-zioonp-MuiAlert-message"[39m
                [36m>[39m
                  [0m閫夋嫨棰勮鐨勬ā鍨嬫湇鍔″晢锛屽揩閫熸坊鍔犲父鐢ㄦā鍨?[0m
                [36m</div>[39m
              [36m</div>[39m
              [36m<div[39m
                [33mclass[39m=[32m"MuiFormControl-root MuiFormControl-fullWidth css-1y6tzp0-MuiFormControl-root"[3
9m
              [36m>[39m
                [36m<label[39m
                  [33mclass[39m=[32m"MuiFormLabel-root MuiInputLabel-root MuiInputLabel-formControl MuiInputLabel-a
nimated MuiInputLabel-outlined MuiFormLabel-colorPrimary MuiInputLabel-root MuiInputLabel-formControl MuiInputLabel-an
imated MuiInputLabel-outlined css-19qnlrw-MuiFormLabel-root-MuiInputLabel-root"[39m
                  [33mdata-shrink[39m=[32m"false"[39m
                [36m>[39m
                  [0m閫夋嫨妯″瀷鏈嶅姟鍟?[0m
                [36m</label>[39m
                [36m<div[39m
                  [33mclass[39m=[32m"MuiInputBase-root MuiOutlinedInput-root MuiInputBase-colorPrimary MuiInputBase
-formControl MuiSelect-root css-sc8y68-MuiInputBase-root-MuiOutlinedInput-root-MuiSelect-root"[39m
                [36m>[39m
                  [36m<div[39m
                    [33maria-expanded[39m=[32m"false"[39m
                    [33maria-haspopup[39m=[32m"listbox"[39m
                    [33mclass[39m=[32m"MuiSelect-select MuiSelect-outlined MuiInputBase-input MuiOutlinedInput-inpu
t css-18jp67o-MuiNativeSelect-root-MuiSelect-select-MuiInputBase-input-MuiOutlinedInput-input"[39m
                    [33mrole[39m=[32m"combobox"[39m
                    [33mtabindex[39m=[32m"0"[39m
                  [36m>[39m
                    [36m<span[39m
                      [33maria-hidden[39m=[32m"true"[39m
                      [33mclass[39m=[32m"notranslate"[39m
                    [36m>[39m
                      [0m鈥?[0m
                    [36m</span>[39m
                  [36m</div>[39m
                  [36m<input[39m
                    [33maria-hidden[39m=[32m"true"[39m
                    [33maria-invalid[39m=[32m"false"[39m
                    [33mclass[39m=[32m"MuiSelect-nativeInput css-j0riat-MuiSelect-nativeInput"[39m
                    [33mid[39m=[32m"_r_34_"[39m
                    [33mtabindex[39m=[32m"-1"[39m
                    [33mvalue[39m=[32m""[39m
                  [36m/>[39m
                  [36m<svg[39m
                    [33maria-hidden[39m=[32m"true"[39m
                    [33mclass[39m=[32m"MuiSvgIcon-root MuiSvgIcon-fontSizeMedium MuiSelect-icon css-1rfqz7c-MuiSvgI
con-root-MuiNativeSelect-root-MuiSelect-icon"[39m
                    [33mdata-testid[39m=[32m"ArrowDropDownIcon"[39m
                    [33mfocusable[39m=[32m"false"[39m
                    [33mviewBox[39m=[32m"0 0 24 24"[39m
                  [36m>[39m
                    [36m<path[39m
                      [33md[39m=[32m"M7 10l5 5 5-5z"[39m
                    [36m/>[39m
                  [36m</svg>[39m
                  [36m<fieldset[39m
                    [33maria-hidden[39m=[32m"true"[39m
                    [33mclass[39m=[32m"MuiOutlinedInput-notchedOutline css-18p5xg2-MuiNotchedOutlined-root-MuiOutli
nedInput-notchedOutline"[39m
                  [36m>[39m
                    [36m<legend[39m
                      [33mclass[39m=[32m"css-1n64csd-MuiNotchedOutlined-root"[39m
                    [36m>[39m
                      [36m<span>[39m
                        [0m閫夋嫨妯″瀷鏈嶅姟鍟?[0m
                      [36m</span>[39m
                    [36m</legend>[39m
                  [36m</fieldset>[39m
                [36m</div>[39m
              [36m</div>[39m
            [36m</div>[39m
          [36m</div>[39m
          [36m<div[39m
            [33maria-labelledby[39m=[32m"model-config-tab-1"[39m
            [33mhidden[39m=[32m""[39m
            [33mid[39m=[32m"model-config-tabpanel-1"[39m
            [33mrole[39m=[32m"tabpanel"[39m
          [36m/>[39m
        [36m</div>[39m
        [36m<div[39m
          [33mclass[39m=[32m"MuiDialogActions-root MuiDialogActions-spacing css-s92rvs-MuiDialogActions-root"[39m
        [36m>[39m
          [36m<button[39m
            [33mclass[39m=[32m"MuiButtonBase-root Mui-disabled MuiButton-root MuiButton-contained MuiButton-sizeMed
ium MuiButton-colorPrimary MuiButton-fullWidth css-1k9hkw1-MuiButtonBase-root-MuiButton-root"[39m
            [33mdisabled[39m=[32m""[39m
            [33mtabindex[39m=[32m"-1"[39m
            [33mtype[39m=[32m"button"[39m
          [36m>[39m
            [0m娣诲姞妯″瀷[0m
          [36m</button>[39m
        [36m</div>[39m
      [36m</div>[39m
    [36m</div>[39m
    [36m<div[39m
      [33mdata-testid[39m=[32m"sentinelEnd"[39m
      [33mtabindex[39m=[32m"0"[39m
    [36m/>[39m
  [36m</div>[39m
[36m</body>[39m
[90m [2m鉂?[22m Object.getElementError node_modules/@testing-library/dom/dist/config.js:[2m37:19[22m[39m
[90m [2m鉂?[22m getElementError node_modules/@testing-library/dom/dist/query-helpers.js:[2m20:35[22m[39m
[90m [2m鉂?[22m getMultipleElementsFoundError node_modules/@testing-library/dom/dist/query-helpers.js:[2m23:10[22m
[39m
[90m [2m鉂?[22m node_modules/@testing-library/dom/dist/query-helpers.js:[2m55:13[22m[39m
[90m [2m鉂?[22m node_modules/@testing-library/dom/dist/query-helpers.js:[2m95:19[22m[39m
[36m [2m鉂?[22m src/components/__tests__/AddModelDialog.test.tsx:[2m141:21[22m[39m
    [90m139| [39m      [35mawait[39m user[33m.[39m[34mclick[39m(screen[33m.[39m[34mgetByRole[39m([32m'tab
'[39m[33m,[39m { name[33m:[39m [36m/妯″瀷鏈嶅姟鍟?[39m }))
    [90m140| [39m
    [90m141| [39m      [34mexpect[39m(screen[33m.[39m[34mgetByText[39m([32m'閫夋嫨妯″瀷鏈嶅姟鍟?[39m))[33m.[39m[34
mtoBeInTheDocument[39m()
    [90m   | [39m                    [31m^[39m
    [90m142| [39m    })
    [90m143| [39m

[31m[2m鈳幆鈳幆鈳幆鈳幆鈳幆鈳幆鈳幆鈳幆鈳幆鈳幆鈳幆[11/34]鈳?[22m[39m

[31m[1m[7m FAIL [27m[22m[39m src/components/__tests__/AddModelDialog.test.tsx[2m > [22mAddModelDialog 缁勪欢娴嬭瘯[
2m > [22mTab 鍒囨崲鍔熻兘[2m > [22m妯″瀷鏈嶅姟鍟?Tab 鏄剧ず棰勮閫夐」
[31m[1mTestingLibraryElementError[22m[39m: Found multiple elements with the text: 閫夋嫨妯″瀷鏈嶅姟鍟?
Here are the matching elements:

Ignored nodes: comments, script, style
[36m<label[39m
  [33mclass[39m=[32m"MuiFormLabel-root MuiInputLabel-root MuiInputLabel-formControl MuiInputLabel-animated MuiInput
Label-outlined MuiFormLabel-colorPrimary MuiInputLabel-root MuiInputLabel-formControl MuiInputLabel-animated MuiInputL
abel-outlined css-19qnlrw-MuiFormLabel-root-MuiInputLabel-root"[39m
  [33mdata-shrink[39m=[32m"false"[39m
[36m>[39m
  [0m閫夋嫨妯″瀷鏈嶅姟鍟?[0m
[36m</label>[39m

Ignored nodes: comments, script, style
[36m<span>[39m
  [0m閫夋嫨妯″瀷鏈嶅姟鍟?[0m
[36m</span>[39m

(If this is intentional, then use the `*AllBy*` variant of the query (like `queryAllByText`, `getAllByText`, or `findA
llByText`)).

Ignored nodes: comments, script, style
[36m<body[39m
  [33mstyle[39m=[32m"padding-right: 1024px; overflow: hidden;"[39m
[36m>[39m
  [36m<div[39m
    [33maria-hidden[39m=[32m"true"[39m
  [36m/>[39m
  [36m<div[39m
    [33mclass[39m=[32m"MuiDialog-root MuiModal-root css-1424xw8-MuiModal-root-MuiDialog-root"[39m
    [33mrole[39m=[32m"presentation"[39m
  [36m>[39m
    [36m<div[39m
      [33maria-hidden[39m=[32m"true"[39m
      [33mclass[39m=[32m"MuiBackdrop-root MuiModal-backdrop MuiDialog-backdrop css-1cennmq-MuiBackdrop-root-MuiDial
og-backdrop"[39m
      [33mstyle[39m=[32m"opacity: 1; transition: opacity 225ms cubic-bezier(0.4, 0, 0.2, 1) 0ms;"[39m
    [36m/>[39m
    [36m<div[39m
      [33mdata-testid[39m=[32m"sentinelStart"[39m
      [33mtabindex[39m=[32m"0"[39m
    [36m/>[39m
    [36m<div[39m
      [33mclass[39m=[32m"MuiDialog-container MuiDialog-scrollPaper css-19do60a-MuiDialog-container"[39m
      [33mrole[39m=[32m"presentation"[39m
      [33mstyle[39m=[32m"opacity: 1; transition: opacity 225ms cubic-bezier(0.4, 0, 0.2, 1) 0ms;"[39m
      [33mtabindex[39m=[32m"-1"[39m
    [36m>[39m
      [36m<div[39m
        [33maria-labelledby[39m=[32m"_r_35_"[39m
        [33maria-modal[39m=[32m"true"[39m
        [33mclass[39m=[32m"MuiPaper-root MuiPaper-elevation MuiPaper-rounded MuiPaper-elevation24 MuiDialog-paper M
uiDialog-paperWidthSm MuiDialog-paperFullWidth css-1r46z6h-MuiPaper-root-MuiDialog-paper"[39m
        [33mdata-mui-focusable[39m=[32m""[39m
        [33mrole[39m=[32m"dialog"[39m
        [33mstyle[39m=[32m"--Paper-shadow: 0px 11px 15px -7px rgba(0,0,0,0.2),0px 24px 38px 3px rgba(0,0,0,0.14),0p
x 9px 46px 8px rgba(0,0,0,0.12);"[39m
        [33mtabindex[39m=[32m"-1"[39m
      [36m>[39m
        [36m<h2[39m
          [33mclass[39m=[32m"MuiTypography-root MuiTypography-h6 MuiDialogTitle-root css-11h0rel-MuiTypography-root
-MuiDialogTitle-root"[39m
          [33mid[39m=[32m"_r_35_"[39m
        [36m>[39m
          [0m娣诲姞妯″瀷[0m
        [36m</h2>[39m
        [36m<div[39m
          [33mclass[39m=[32m"MuiDialogContent-root css-16e34i8-MuiDialogContent-root"[39m
        [36m>[39m
          [36m<div[39m
            [33mclass[39m=[32m"MuiBox-root css-1gsv261"[39m
          [36m>[39m
            [36m<div[39m
              [33mclass[39m=[32m"MuiTabs-root css-jhczcq-MuiTabs-root"[39m
            [36m>[39m
              [36m<div[39m
                [33mclass[39m=[32m"MuiTabs-scroller MuiTabs-fixed css-s2t35c-MuiTabs-scroller"[39m
                [33mstyle[39m=[32m"overflow: hidden; margin-bottom: 0px;"[39m
              [36m>[39m
                [36m<div[39m
                  [33maria-label[39m=[32m"妯″瀷閰嶇疆妯″紡"[39m
                  [33mclass[39m=[32m"MuiTabs-list css-hzcega-MuiTabs-list"[39m
                  [33mrole[39m=[32m"tablist"[39m
                [36m>[39m
                  [36m<button[39m
                    [33maria-selected[39m=[32m"true"[39m
                    [33mclass[39m=[32m"MuiButtonBase-root MuiTab-root MuiTab-textColorPrimary MuiTab-fullWidth Mui-
selected css-hmk518-MuiButtonBase-root-MuiTab-root"[39m
                    [33mid[39m=[32m"model-config-tab-0"[39m
                    [33mrole[39m=[32m"tab"[39m
                    [33mtabindex[39m=[32m"0"[39m
                    [33mtype[39m=[32m"button"[39m
                  [36m>[39m
                    [0m妯″瀷鏈嶅姟鍟?[0m
                    [36m<span[39m
                      [33mclass[39m=[32m"MuiTouchRipple-root css-r3djoj-MuiTouchRipple-root"[39m
                    [36m>[39m
                      [36m<span[39m
                        [33mclass[39m=[32m"css-y4cjyz-MuiTouchRipple-ripple MuiTouchRipple-ripple MuiTouchRipple-ri
ppleVisible"[39m
                        [33mstyle[39m=[32m"width: 2.8284271247461903px; height: 2.8284271247461903px; top: -1.41421
35623730951px; left: -1.4142135623730951px;"[39m
                      [36m>[39m
                        [36m<span[39m
                          [33mclass[39m=[32m"MuiTouchRipple-child MuiTouchRipple-childLeaving"[39m
                        [36m/>[39m
                      [36m</span>[39m
                    [36m</span>[39m
                  [36m</button>[39m
                  [36m<button[39m
                    [33maria-selected[39m=[32m"false"[39m
                    [33mclass[39m=[32m"MuiButtonBase-root MuiTab-root MuiTab-textColorPrimary MuiTab-fullWidth css-
hmk518-MuiButtonBase-root-MuiTab-root"[39m
                    [33mid[39m=[32m"model-config-tab-1"[39m
                    [33mrole[39m=[32m"tab"[39m
                    [33mtabindex[39m=[32m"-1"[39m
                    [33mtype[39m=[32m"button"[39m
                  [36m>[39m
                    [0m鑷畾涔夐厤缃?[0m
                  [36m</button>[39m
                [36m</div>[39m
                [36m<span[39m
                  [33mclass[39m=[32m"MuiTabs-indicator css-1qltlow-MuiTabs-indicator"[39m
                  [33mstyle[39m=[32m"left: 0px; width: 0px;"[39m
                [36m/>[39m
              [36m</div>[39m
            [36m</div>[39m
          [36m</div>[39m
          [36m<div[39m
            [33maria-labelledby[39m=[32m"model-config-tab-0"[39m
            [33mid[39m=[32m"model-config-tabpanel-0"[39m
            [33mrole[39m=[32m"tabpanel"[39m
          [36m>[39m
            [36m<div[39m
              [33mclass[39m=[32m"MuiBox-root css-1v3caum"[39m
            [36m>[39m
              [36m<div[39m
                [33mclass[39m=[32m"MuiPaper-root MuiPaper-elevation MuiPaper-rounded MuiPaper-elevation0 MuiAlert-r
oot MuiAlert-colorInfo MuiAlert-standard css-dws3yv-MuiPaper-root-MuiAlert-root"[39m
                [33mrole[39m=[32m"alert"[39m
                [33mstyle[39m=[32m"--Paper-shadow: none;"[39m
              [36m>[39m
                [36m<div[39m
                  [33mclass[39m=[32m"MuiAlert-icon css-vab54s-MuiAlert-icon"[39m
                [36m>[39m
                  [36m<svg[39m
                    [33maria-hidden[39m=[32m"true"[39m
                    [33mclass[39m=[32m"MuiSvgIcon-root MuiSvgIcon-fontSizeInherit css-1ckov0h-MuiSvgIcon-root"[39m
                    [33mdata-testid[39m=[32m"InfoOutlinedIcon"[39m
                    [33mfocusable[39m=[32m"false"[39m
                    [33mviewBox[39m=[32m"0 0 24 24"[39m
                  [36m>[39m
                    [36m<path[39m
                      [33md[39m=[32m"M11,9H13V7H11M12,20C7.59,20 4,16.41 4,12C4,7.59 7.59,4 12,4C16.41,4 20,7.59 20
, 12C20,16.41 16.41,20 12,20M12,2A10,10 0 0,0 2,12A10,10 0 0,0 12,22A10,10 0 0,0 22,12A10, 10 0 0,0 12,2M11,17H13V11H1
1V17Z"[39m
                    [36m/>[39m
                  [36m</svg>[39m
                [36m</div>[39m
                [36m<div[39m
                  [33mclass[39m=[32m"MuiAlert-message css-zioonp-MuiAlert-message"[39m
                [36m>[39m
                  [0m閫夋嫨棰勮鐨勬ā鍨嬫湇鍔″晢锛屽揩閫熸坊鍔犲父鐢ㄦā鍨?[0m
                [36m</div>[39m
              [36m</div>[39m
              [36m<div[39m
                [33mclass[39m=[32m"MuiFormControl-root MuiFormControl-fullWidth css-1y6tzp0-MuiFormControl-root"[3
9m
              [36m>[39m
                [36m<label[39m
                  [33mclass[39m=[32m"MuiFormLabel-root MuiInputLabel-root MuiInputLabel-formControl MuiInputLabel-a
nimated MuiInputLabel-outlined MuiFormLabel-colorPrimary MuiInputLabel-root MuiInputLabel-formControl MuiInputLabel-an
imated MuiInputLabel-outlined css-19qnlrw-MuiFormLabel-root-MuiInputLabel-root"[39m
                  [33mdata-shrink[39m=[32m"false"[39m
                [36m>[39m
                  [0m閫夋嫨妯″瀷鏈嶅姟鍟?[0m
                [36m</label>[39m
                [36m<div[39m
                  [33mclass[39m=[32m"MuiInputBase-root MuiOutlinedInput-root MuiInputBase-colorPrimary MuiInputBase
-formControl MuiSelect-root css-sc8y68-MuiInputBase-root-MuiOutlinedInput-root-MuiSelect-root"[39m
                [36m>[39m
                  [36m<div[39m
                    [33maria-expanded[39m=[32m"false"[39m
                    [33maria-haspopup[39m=[32m"listbox"[39m
                    [33mclass[39m=[32m"MuiSelect-select MuiSelect-outlined MuiInputBase-input MuiOutlinedInput-inpu
t css-18jp67o-MuiNativeSelect-root-MuiSelect-select-MuiInputBase-input-MuiOutlinedInput-input"[39m
                    [33mrole[39m=[32m"combobox"[39m
                    [33mtabindex[39m=[32m"0"[39m
                  [36m>[39m
                    [36m<span[39m
                      [33maria-hidden[39m=[32m"true"[39m
                      [33mclass[39m=[32m"notranslate"[39m
                    [36m>[39m
                      [0m鈥?[0m
                    [36m</span>[39m
                  [36m</div>[39m
                  [36m<input[39m
                    [33maria-hidden[39m=[32m"true"[39m
                    [33maria-invalid[39m=[32m"false"[39m
                    [33mclass[39m=[32m"MuiSelect-nativeInput css-j0riat-MuiSelect-nativeInput"[39m
                    [33mid[39m=[32m"_r_3k_"[39m
                    [33mtabindex[39m=[32m"-1"[39m
                    [33mvalue[39m=[32m""[39m
                  [36m/>[39m
                  [36m<svg[39m
                    [33maria-hidden[39m=[32m"true"[39m
                    [33mclass[39m=[32m"MuiSvgIcon-root MuiSvgIcon-fontSizeMedium MuiSelect-icon css-1rfqz7c-MuiSvgI
con-root-MuiNativeSelect-root-MuiSelect-icon"[39m
                    [33mdata-testid[39m=[32m"ArrowDropDownIcon"[39m
                    [33mfocusable[39m=[32m"false"[39m
                    [33mviewBox[39m=[32m"0 0 24 24"[39m
                  [36m>[39m
                    [36m<path[39m
                      [33md[39m=[32m"M7 10l5 5 5-5z"[39m
                    [36m/>[39m
                  [36m</svg>[39m
                  [36m<fieldset[39m
                    [33maria-hidden[39m=[32m"true"[39m
                    [33mclass[39m=[32m"MuiOutlinedInput-notchedOutline css-18p5xg2-MuiNotchedOutlined-root-MuiOutli
nedInput-notchedOutline"[39m
                  [36m>[39m
                    [36m<legend[39m
                      [33mclass[39m=[32m"css-1n64csd-MuiNotchedOutlined-root"[39m
                    [36m>[39m
                      [36m<span>[39m
                        [0m閫夋嫨妯″瀷鏈嶅姟鍟?[0m
                      [36m</span>[39m
                    [36m</legend>[39m
                  [36m</fieldset>[39m
                [36m</div>[39m
              [36m</div>[39m
            [36m</div>[39m
          [36m</div>[39m
          [36m<div[39m
            [33maria-labelledby[39m=[32m"model-config-tab-1"[39m
            [33mhidden[39m=[32m""[39m
            [33mid[39m=[32m"model-config-tabpanel-1"[39m
            [33mrole[39m=[32m"tabpanel"[39m
          [36m/>[39m
        [36m</div>[39m
        [36m<div[39m
          [33mclass[39m=[32m"MuiDialogActions-root MuiDialogActions-spacing css-s92rvs-MuiDialogActions-root"[39m
        [36m>[39m
          [36m<button[39m
            [33mclass[39m=[32m"MuiButtonBase-root Mui-disabled MuiButton-root MuiButton-contained MuiButton-sizeMed
ium MuiButton-colorPrimary MuiButton-fullWidth css-1k9hkw1-MuiButtonBase-root-MuiButton-root"[39m
            [33mdisabled[39m=[32m""[39m
            [33mtabindex[39m=[32m"-1"[39m
            [33mtype[39m=[32m"button"[39m
          [36m>[39m
            [0m娣诲姞妯″瀷[0m
          [36m</button>[39m
        [36m</div>[39m
      [36m</div>[39m
    [36m</div>[39m
    [36m<div[39m
      [33mdata-testid[39m=[32m"sentinelEnd"[39m
      [33mtabindex[39m=[32m"0"[39m
    [36m/>[39m
  [36m</div>[39m
[36m</body>[39m
[90m [2m鉂?[22m Object.getElementError node_modules/@testing-library/dom/dist/config.js:[2m37:19[22m[39m
[90m [2m鉂?[22m getElementError node_modules/@testing-library/dom/dist/query-helpers.js:[2m20:35[22m[39m
[90m [2m鉂?[22m getMultipleElementsFoundError node_modules/@testing-library/dom/dist/query-helpers.js:[2m23:10[22m
[39m
[90m [2m鉂?[22m node_modules/@testing-library/dom/dist/query-helpers.js:[2m55:13[22m[39m
[90m [2m鉂?[22m node_modules/@testing-library/dom/dist/query-helpers.js:[2m95:19[22m[39m
[36m [2m鉂?[22m src/components/__tests__/AddModelDialog.test.tsx:[2m155:31[22m[39m
    [90m153| [39m
    [90m154| [39m      [35mawait[39m user[33m.[39m[34mclick[39m(screen[33m.[39m[34mgetByRole[39m([32m'tab
'[39m[33m,[39m { name[33m:[39m [36m/妯″瀷鏈嶅姟鍟?[39m }))
    [90m155| [39m      [35mawait[39m user[33m.[39m[34mclick[39m(screen[33m.[39m[34mgetByText[39m([32m'閫夋嫨
妯″瀷鏈嶅姟鍟?[39m))
    [90m   | [39m                              [31m^[39m
    [90m156| [39m
    [90m157| [39m      [34mexpect[39m(screen[33m.[39m[34mgetByRole[39m([32m'option'[39m[33m,[39m { name[3
3m:[39m [32m'OpenAI'[39m }))[33m.[39m[34mtoBeInThe[39m鈥?
[31m[2m鈳幆鈳幆鈳幆鈳幆鈳幆鈳幆鈳幆鈳幆鈳幆鈳幆鈳幆[12/34]鈳?[22m[39m

[31m[1m[7m FAIL [27m[22m[39m src/components/__tests__/AddModelDialog.test.tsx[2m > [22mAddModelDialog 缁勪欢娴嬭瘯[
2m > [22m楂樼骇閰嶇疆[2m > [22m灞曞紑鍚庡彲浠ヤ慨鏀逛笂涓嬫枃绐楀彛
[31m[1mError[22m: [2mexpect([22m[31mreceived[31m[2m).toBeInTheDocument()[22m

[31mreceived[31m value must be an HTMLElement or an SVGElement.
[39m
[36m [2m鉂?[22m src/components/__tests__/AddModelDialog.test.tsx:[2m449:33[22m[39m
    [90m447| [39m      [35mconst[39m inputs [33m=[39m screen[33m.[39m[34mgetAllByRole[39m([32m'spinbutton'
[39m)
    [90m448| [39m      [35mconst[39m contextInputInput [33m=[39m inputs[33m.[39m[34mfind[39m(input [33m=>[
39m input[33m.[39m[34mgetAttribut[39m鈥?    [90m449| [39m      [34mexpect[39m(contextInputInput)[33m.[39m[34
mtoBeInTheDocument[39m()
    [90m   | [39m                                [31m^[39m
    [90m450| [39m    })
    [90m451| [39m

[31m[2m鈳幆鈳幆鈳幆鈳幆鈳幆鈳幆鈳幆鈳幆鈳幆鈳幆鈳幆[13/34]鈳?[22m[39m

[31m[1m[7m FAIL [27m[22m[39m src/components/__tests__/AddModelDialog.test.tsx[2m > [22mAddModelDialog 缁勪欢娴嬭瘯[
2m > [22m澶氭ā鎬佸紑鍏?[2m > [22m榛樿鍏抽棴
[31m[1mTestingLibraryElementError[22m[39m: Unable to find an accessible element with the role "checkbox" and name 
`/澶氭ā鎬?`

Here are the accessible roles:

  presentation:

  Name "":
  [36m<div[39m
    [33mclass[39m=[32m"MuiDialog-root MuiModal-root css-1424xw8-MuiModal-root-MuiDialog-root"[39m
    [33mrole[39m=[32m"presentation"[39m
  [36m/>[39m

  Name "":
  [36m<div[39m
    [33mclass[39m=[32m"MuiDialog-container MuiDialog-scrollPaper css-19do60a-MuiDialog-container"[39m
    [33mrole[39m=[32m"presentation"[39m
    [33mstyle[39m=[32m"opacity: 1; transition: opacity 225ms cubic-bezier(0.4, 0, 0.2, 1) 0ms;"[39m
    [33mtabindex[39m=[32m"-1"[39m
  [36m/>[39m

  --------------------------------------------------
  dialog:

  Name "娣诲姞妯″瀷":
  [36m<div[39m
    [33maria-labelledby[39m=[32m"_r_bh_"[39m
    [33maria-modal[39m=[32m"true"[39m
    [33mclass[39m=[32m"MuiPaper-root MuiPaper-elevation MuiPaper-rounded MuiPaper-elevation24 MuiDialog-paper MuiDi
alog-paperWidthSm MuiDialog-paperFullWidth css-1r46z6h-MuiPaper-root-MuiDialog-paper"[39m
    [33mdata-mui-focusable[39m=[32m""[39m
    [33mrole[39m=[32m"dialog"[39m
    [33mstyle[39m=[32m"--Paper-shadow: 0px 11px 15px -7px rgba(0,0,0,0.2),0px 24px 38px 3px rgba(0,0,0,0.14),0px 9p
x 46px 8px rgba(0,0,0,0.12);"[39m
    [33mtabindex[39m=[32m"-1"[39m
  [36m/>[39m

  --------------------------------------------------
  heading:

  Name "娣诲姞妯″瀷":
  [36m<h2[39m
    [33mclass[39m=[32m"MuiTypography-root MuiTypography-h6 MuiDialogTitle-root css-11h0rel-MuiTypography-root-MuiDi
alogTitle-root"[39m
    [33mid[39m=[32m"_r_bh_"[39m
  [36m/>[39m

  Name "楂樼骇閰嶇疆":
  [36m<h3[39m
    [33mclass[39m=[32m"MuiAccordion-heading css-cy7rkm-MuiAccordion-heading"[39m
  [36m/>[39m

  --------------------------------------------------
  tablist:

  Name "妯″瀷閰嶇疆妯″紡":
  [36m<div[39m
    [33maria-label[39m=[32m"妯″瀷閰嶇疆妯″紡"[39m
    [33mclass[39m=[32m"MuiTabs-list css-hzcega-MuiTabs-list"[39m
    [33mrole[39m=[32m"tablist"[39m
  [36m/>[39m

  --------------------------------------------------
  tab:

  Name "妯″瀷鏈嶅姟鍟?:
  [36m<button[39m
    [33maria-selected[39m=[32m"false"[39m
    [33mclass[39m=[32m"MuiButtonBase-root MuiTab-root MuiTab-textColorPrimary MuiTab-fullWidth css-hmk518-MuiButton
Base-root-MuiTab-root"[39m
    [33mid[39m=[32m"model-config-tab-0"[39m
    [33mrole[39m=[32m"tab"[39m
    [33mtabindex[39m=[32m"-1"[39m
    [33mtype[39m=[32m"button"[39m
  [36m/>[39m

  Name "鑷畾涔夐厤缃?:
  [36m<button[39m
    [33maria-selected[39m=[32m"true"[39m
    [33mclass[39m=[32m"MuiButtonBase-root MuiTab-root MuiTab-textColorPrimary MuiTab-fullWidth Mui-selected css-hmk
518-MuiButtonBase-root-MuiTab-root"[39m
    [33mid[39m=[32m"model-config-tab-1"[39m
    [33mrole[39m=[32m"tab"[39m
    [33mtabindex[39m=[32m"0"[39m
    [33mtype[39m=[32m"button"[39m
  [36m/>[39m

  --------------------------------------------------
  tabpanel:

  Name "鑷畾涔夐厤缃?:
  [36m<div[39m
    [33maria-labelledby[39m=[32m"model-config-tab-1"[39m
    [33mid[39m=[32m"model-config-tabpanel-1"[39m
    [33mrole[39m=[32m"tabpanel"[39m
  [36m/>[39m

  --------------------------------------------------
  paragraph:

  Name "":
  [36m<p[39m
    [33mclass[39m=[32m"MuiTypography-root MuiTypography-body2 css-k4rohz-MuiTypography-root"[39m
  [36m/>[39m

  Name "":
  [36m<p[39m
    [33mclass[39m=[32m"MuiTypography-root MuiTypography-body2 css-65t7lf-MuiTypography-root"[39m
  [36m/>[39m

  Name "":
  [36m<p[39m
    [33mclass[39m=[32m"MuiTypography-root MuiTypography-body2 css-65t7lf-MuiTypography-root"[39m
  [36m/>[39m

  Name "":
  [36m<p[39m
    [33mclass[39m=[32m"MuiTypography-root MuiTypography-body2 css-k4rohz-MuiTypography-root"[39m
  [36m/>[39m

  Name "":
  [36m<p[39m
    [33mclass[39m=[32m"MuiTypography-root MuiTypography-body2 css-7ctihp-MuiTypography-root"[39m
  [36m/>[39m

  --------------------------------------------------
  combobox:

  Name "":
  [36m<div[39m
    [33maria-expanded[39m=[32m"false"[39m
    [33maria-haspopup[39m=[32m"listbox"[39m
    [33mclass[39m=[32m"MuiSelect-select MuiSelect-outlined MuiInputBase-input MuiOutlinedInput-input css-18jp67o-Mu
iNativeSelect-root-MuiSelect-select-MuiInputBase-input-MuiOutlinedInput-input"[39m
    [33mrole[39m=[32m"combobox"[39m
    [33mtabindex[39m=[32m"0"[39m
  [36m/>[39m

  --------------------------------------------------
  switch:

  Name "":
  [36m<input[39m
    [33mclass[39m=[32m"PrivateSwitchBase-input MuiSwitch-input css-12xagqm-MuiSwitchBase-root"[39m
    [33mrole[39m=[32m"switch"[39m
    [33mtype[39m=[32m"checkbox"[39m
  [36m/>[39m

  Name "澶氭ā鎬?:
  [36m<input[39m
    [33mclass[39m=[32m"PrivateSwitchBase-input MuiSwitch-input css-12xagqm-MuiSwitchBase-root"[39m
    [33mrole[39m=[32m"switch"[39m
    [33mtype[39m=[32m"checkbox"[39m
  [36m/>[39m

  --------------------------------------------------
  textbox:

  Name "":
  [36m<input[39m
    [33maria-invalid[39m=[32m"false"[39m
    [33mclass[39m=[32m"MuiInputBase-input MuiOutlinedInput-input css-16wblaj-MuiInputBase-input-MuiOutlinedInput-in
put"[39m
    [33mid[39m=[32m"_r_bk_"[39m
    [33mplaceholder[39m=[32m"e.g. https://api.openai.com/v1"[39m
    [33mtype[39m=[32m"text"[39m
    [33mvalue[39m=[32m""[39m
  [36m/>[39m

  Name "":
  [36m<input[39m
    [33maria-invalid[39m=[32m"false"[39m
    [33mclass[39m=[32m"MuiInputBase-input MuiOutlinedInput-input css-16wblaj-MuiInputBase-input-MuiOutlinedInput-in
put"[39m
    [33mid[39m=[32m"_r_bl_"[39m
    [33mplaceholder[39m=[32m"杈撳叆妯″瀷 ID"[39m
    [33mtype[39m=[32m"text"[39m
    [33mvalue[39m=[32m""[39m
  [36m/>[39m

  --------------------------------------------------
  alert:

  Name "":
  [36m<div[39m
    [33mclass[39m=[32m"MuiPaper-root MuiPaper-elevation MuiPaper-rounded MuiPaper-elevation0 MuiAlert-root MuiAlert
-colorInfo MuiAlert-standard css-1u1am8e-MuiPaper-root-MuiAlert-root"[39m
    [33mrole[39m=[32m"alert"[39m
    [33mstyle[39m=[32m"--Paper-shadow: none;"[39m
  [36m/>[39m

  --------------------------------------------------
  button:

  Name "楂樼骇閰嶇疆":
  [36m<button[39m
    [33maria-expanded[39m=[32m"false"[39m
    [33mclass[39m=[32m"MuiButtonBase-root MuiAccordionSummary-root MuiAccordionSummary-gutters css-9ux1uy-MuiButton
Base-root-MuiAccordionSummary-root"[39m
    [33mtabindex[39m=[32m"0"[39m
    [33mtype[39m=[32m"button"[39m
  [36m/>[39m

  Name "娣诲姞妯″瀷":
  [36m<button[39m
    [33mclass[39m=[32m"MuiButtonBase-root MuiButton-root MuiButton-contained MuiButton-sizeMedium MuiButton-colorPr
imary MuiButton-fullWidth css-1k9hkw1-MuiButtonBase-root-MuiButton-root"[39m
    [33mtabindex[39m=[32m"0"[39m
    [33mtype[39m=[32m"button"[39m
  [36m/>[39m

  --------------------------------------------------

Ignored nodes: comments, script, style
[36m<body[39m
  [33mstyle[39m=[32m"padding-right: 1024px; overflow: hidden;"[39m
[36m>[39m
  [36m<div[39m
    [33maria-hidden[39m=[32m"true"[39m
  [36m/>[39m
  [36m<div[39m
    [33mclass[39m=[32m"MuiDialog-root MuiModal-root css-1424xw8-MuiModal-root-MuiDialog-root"[39m
    [33mrole[39m=[32m"presentation"[39m
  [36m>[39m
    [36m<div[39m
      [33maria-hidden[39m=[32m"true"[39m
      [33mclass[39m=[32m"MuiBackdrop-root MuiModal-backdrop MuiDialog-backdrop css-1cennmq-MuiBackdrop-root-MuiDial
og-backdrop"[39m
      [33mstyle[39m=[32m"opacity: 1; transition: opacity 225ms cubic-bezier(0.4, 0, 0.2, 1) 0ms;"[39m
    [36m/>[39m
    [36m<div[39m
      [33mdata-testid[39m=[32m"sentinelStart"[39m
      [33mtabindex[39m=[32m"0"[39m
    [36m/>[39m
    [36m<div[39m
      [33mclass[39m=[32m"MuiDialog-container MuiDialog-scrollPaper css-19do60a-MuiDialog-container"[39m
      [33mrole[39m=[32m"presentation"[39m
      [33mstyle[39m=[32m"opacity: 1; transition: opacity 225ms cubic-bezier(0.4, 0, 0.2, 1) 0ms;"[39m
      [33mtabindex[39m=[32m"-1"[39m
    [36m>[39m
      [36m<div[39m
        [33maria-labelledby[39m=[32m"_r_bh_"[39m
        [33maria-modal[39m=[32m"true"[39m
        [33mclass[39m=[32m"MuiPaper-root MuiPaper-elevation MuiPaper-rounded MuiPaper-elevation24 MuiDialog-paper M
uiDialog-paperWidthSm MuiDialog-paperFullWidth css-1r46z6h-MuiPaper-root-MuiDialog-paper"[39m
        [33mdata-mui-focusable[39m=[32m""[39m
        [33mrole[39m=[32m"dialog"[39m
        [33mstyle[39m=[32m"--Paper-shadow: 0px 11px 15px -7px rgba(0,0,0,0.2),0px 24px 38px 3px rgba(0,0,0,0.14),0p
x 9px 46px 8px rgba(0,0,0,0.12);"[39m
        [33mtabindex[39m=[32m"-1"[39m
      [36m>[39m
        [36m<h2[39m
          [33mclass[39m=[32m"MuiTypography-root MuiTypography-h6 MuiDialogTitle-root css-11h0rel-MuiTypography-root
-MuiDialogTitle-root"[39m
          [33mid[39m=[32m"_r_bh_"[39m
        [36m>[39m
          [0m娣诲姞妯″瀷[0m
        [36m</h2>[39m
        [36m<div[39m
          [33mclass[39m=[32m"MuiDialogContent-root css-16e34i8-MuiDialogContent-root"[39m
        [36m>[39m
          [36m<div[39m
            [33mclass[39m=[32m"MuiBox-root css-1gsv261"[39m
          [36m>[39m
            [36m<div[39m
              [33mclass[39m=[32m"MuiTabs-root css-jhczcq-MuiTabs-root"[39m
            [36m>[39m
              [36m<div[39m
                [33mclass[39m=[32m"MuiTabs-scroller MuiTabs-fixed css-s2t35c-MuiTabs-scroller"[39m
                [33mstyle[39m=[32m"overflow: hidden; margin-bottom: 0px;"[39m
              [36m>[39m
                [36m<div[39m
                  [33maria-label[39m=[32m"妯″瀷閰嶇疆妯″紡"[39m
                  [33mclass[39m=[32m"MuiTabs-list css-hzcega-MuiTabs-list"[39m
                  [33mrole[39m=[32m"tablist"[39m
                [36m>[39m
                  [36m<button[39m
                    [33maria-selected[39m=[32m"false"[39m
                    [33mclass[39m=[32m"MuiButtonBase-root MuiTab-root MuiTab-textColorPrimary MuiTab-fullWidth css-
hmk518-MuiButtonBase-root-MuiTab-root"[39m
                    [33mid[39m=[32m"model-config-tab-0"[39m
                    [33mrole[39m=[32m"tab"[39m
                    [33mtabindex[39m=[32m"-1"[39m
                    [33mtype[39m=[32m"button"[39m
                  [36m>[39m
                    [0m妯″瀷鏈嶅姟鍟?[0m
                  [36m</button>[39m
                  [36m<button[39m
                    [33maria-selected[39m=[32m"true"[39m
                    [33mclass[39m=[32m"MuiButtonBase-root MuiTab-root MuiTab-textColorPrimary MuiTab-fullWidth Mui-
selected css-hmk518-MuiButtonBase-root-MuiTab-root"[39m
                    [33mid[39m=[32m"model-config-tab-1"[39m
                    [33mrole[39m=[32m"tab"[39m
                    [33mtabindex[39m=[32m"0"[39m
                    [33mtype[39m=[32m"button"[39m
                  [36m>[39m
                    [0m鑷畾涔夐厤缃?[0m
                  [36m</button>[39m
                [36m</div>[39m
                [36m<span[39m
                  [33mclass[39m=[32m"MuiTabs-indicator css-1qltlow-MuiTabs-indicator"[39m
                  [33mstyle[39m=[32m"left: 0px; width: 0px;"[39m
                [36m/>[39m
              [36m</div>[39m
            [36m</div>[39m
          [36m</div>[39m
          [36m<div[39m
            [33maria-labelledby[39m=[32m"model-config-tab-0"[39m
            [33mhidden[39m=[32m""[39m
            [33mid[39m=[32m"model-config-tabpanel-0"[39m
            [33mrole[39m=[32m"tabpanel"[39m
          [36m/>[39m
          [36m<div[39m
            [33maria-labelledby[39m=[32m"model-config-tab-1"[39m
            [33mid[39m=[32m"model-config-tabpanel-1"[39m
            [33mrole[39m=[32m"tabpanel"[39m
          [36m>[39m
            [36m<div[39m
              [33mclass[39m=[32m"MuiBox-root css-1v3caum"[39m
            [36m>[39m
              [36m<form[39m
                [33mclass[39m=[32m"MuiBox-root css-yd8sa2"[39m
                [33mnovalidate[39m=[32m""[39m
              [36m>[39m
                [36m<div[39m
                  [33mclass[39m=[32m"MuiBox-root css-0"[39m
                [36m>[39m
                  [36m<p[39m
                    [33mclass[39m=[32m"MuiTypography-root MuiTypography-body2 css-k4rohz-MuiTypography-root"[39m
                  [36m>[39m
                    [0m* API 鏍煎紡[0m
                  [36m</p>[39m
                  [36m<div[39m
                    [33mclass[39m=[32m"MuiFormControl-root MuiFormControl-fullWidth css-ytlejw-MuiFormControl-root"
[39m
                  [36m>[39m
                    [36m<div[39m
                      [33mclass[39m=[32m"MuiInputBase-root MuiOutlinedInput-root MuiInputBase-colorPrimary MuiInput
Base-formControl MuiSelect-root css-sc8y68-MuiInputBase-root-MuiOutlinedInput-root-MuiSelect-root"[39m
                    [36m>[39m
                      [36m<div[39m
                        [33maria-expanded[39m=[32m"false"[39m
                        [33maria-haspopup[39m=[32m"listbox"[39m
                        [33mclass[39m=[32m"MuiSelect-select MuiSelect-outlined MuiInputBase-input MuiOutlinedInput-
input css-18jp67o-MuiNativeSelect-root-MuiSelect-select-MuiInputBase-input-MuiOutlinedInput-input"[39m
                        [33mrole[39m=[32m"combobox"[39m
                        [33mtabindex[39m=[32m"0"[39m
                      [36m>[39m
                        [0mOpenAI Chat Completions 鏍煎紡[0m
                      [36m</div>[39m
                      [36m<input[39m
                        [33maria-hidden[39m=[32m"true"[39m
                        [33maria-invalid[39m=[32m"false"[39m
                        [33mclass[39m=[32m"MuiSelect-nativeInput css-j0riat-MuiSelect-nativeInput"[39m
  ...
[90m [2m鉂?[22m Object.getElementError node_modules/@testing-library/dom/dist/config.js:[2m37:19[22m[39m
[90m [2m鉂?[22m node_modules/@testing-library/dom/dist/query-helpers.js:[2m76:38[22m[39m
[90m [2m鉂?[22m node_modules/@testing-library/dom/dist/query-helpers.js:[2m52:17[22m[39m
[90m [2m鉂?[22m node_modules/@testing-library/dom/dist/query-helpers.js:[2m95:19[22m[39m
[36m [2m鉂?[22m src/components/__tests__/AddModelDialog.test.tsx:[2m513:36[22m[39m
    [90m511| [39m      )
    [90m512| [39m
    [90m513| [39m      [35mconst[39m switchElement [33m=[39m screen[33m.[39m[34mgetByRole[39m([32m'checkbox
'[39m[33m,[39m { name[33m:[39m [36m/澶氭ā[39m鈥?    [90m   | [39m                                   [31m^[39m
    [90m514| [39m      [34mexpect[39m(switchElement)[33m.[39mnot[33m.[39m[34mtoBeChecked[39m()
    [90m515| [39m    })

[31m[2m鈳幆鈳幆鈳幆鈳幆鈳幆鈳幆鈳幆鈳幆鈳幆鈳幆鈳幆[14/34]鈳?[22m[39m

[31m[1m[7m FAIL [27m[22m[39m src/components/__tests__/AddModelDialog.test.tsx[2m > [22mAddModelDialog 缁勪欢娴嬭瘯[
2m > [22m澶氭ā鎬佸紑鍏?[2m > [22m鐐瑰嚮鍒囨崲鐘舵€?[31m[1mTestingLibraryElementError[22m[39m: Unable to find an accessible ele
ment with the role "checkbox" and name `/澶氭ā鎬?`

Here are the accessible roles:

  presentation:

  Name "":
  [36m<div[39m
    [33mclass[39m=[32m"MuiDialog-root MuiModal-root css-1424xw8-MuiModal-root-MuiDialog-root"[39m
    [33mrole[39m=[32m"presentation"[39m
  [36m/>[39m

  Name "":
  [36m<div[39m
    [33mclass[39m=[32m"MuiDialog-container MuiDialog-scrollPaper css-19do60a-MuiDialog-container"[39m
    [33mrole[39m=[32m"presentation"[39m
    [33mstyle[39m=[32m"opacity: 1; transition: opacity 225ms cubic-bezier(0.4, 0, 0.2, 1) 0ms;"[39m
    [33mtabindex[39m=[32m"-1"[39m
  [36m/>[39m

  --------------------------------------------------
  dialog:

  Name "娣诲姞妯″瀷":
  [36m<div[39m
    [33maria-labelledby[39m=[32m"_r_bv_"[39m
    [33maria-modal[39m=[32m"true"[39m
    [33mclass[39m=[32m"MuiPaper-root MuiPaper-elevation MuiPaper-rounded MuiPaper-elevation24 MuiDialog-paper MuiDi
alog-paperWidthSm MuiDialog-paperFullWidth css-1r46z6h-MuiPaper-root-MuiDialog-paper"[39m
    [33mdata-mui-focusable[39m=[32m""[39m
    [33mrole[39m=[32m"dialog"[39m
    [33mstyle[39m=[32m"--Paper-shadow: 0px 11px 15px -7px rgba(0,0,0,0.2),0px 24px 38px 3px rgba(0,0,0,0.14),0px 9p
x 46px 8px rgba(0,0,0,0.12);"[39m
    [33mtabindex[39m=[32m"-1"[39m
  [36m/>[39m

  --------------------------------------------------
  heading:

  Name "娣诲姞妯″瀷":
  [36m<h2[39m
    [33mclass[39m=[32m"MuiTypography-root MuiTypography-h6 MuiDialogTitle-root css-11h0rel-MuiTypography-root-MuiDi
alogTitle-root"[39m
    [33mid[39m=[32m"_r_bv_"[39m
  [36m/>[39m

  Name "楂樼骇閰嶇疆":
  [36m<h3[39m
    [33mclass[39m=[32m"MuiAccordion-heading css-cy7rkm-MuiAccordion-heading"[39m
  [36m/>[39m

  --------------------------------------------------
  tablist:

  Name "妯″瀷閰嶇疆妯″紡":
  [36m<div[39m
    [33maria-label[39m=[32m"妯″瀷閰嶇疆妯″紡"[39m
    [33mclass[39m=[32m"MuiTabs-list css-hzcega-MuiTabs-list"[39m
    [33mrole[39m=[32m"tablist"[39m
  [36m/>[39m

  --------------------------------------------------
  tab:

  Name "妯″瀷鏈嶅姟鍟?:
  [36m<button[39m
    [33maria-selected[39m=[32m"false"[39m
    [33mclass[39m=[32m"MuiButtonBase-root MuiTab-root MuiTab-textColorPrimary MuiTab-fullWidth css-hmk518-MuiButton
Base-root-MuiTab-root"[39m
    [33mid[39m=[32m"model-config-tab-0"[39m
    [33mrole[39m=[32m"tab"[39m
    [33mtabindex[39m=[32m"-1"[39m
    [33mtype[39m=[32m"button"[39m
  [36m/>[39m

  Name "鑷畾涔夐厤缃?:
  [36m<button[39m
    [33maria-selected[39m=[32m"true"[39m
    [33mclass[39m=[32m"MuiButtonBase-root MuiTab-root MuiTab-textColorPrimary MuiTab-fullWidth Mui-selected css-hmk
518-MuiButtonBase-root-MuiTab-root"[39m
    [33mid[39m=[32m"model-config-tab-1"[39m
    [33mrole[39m=[32m"tab"[39m
    [33mtabindex[39m=[32m"0"[39m
    [33mtype[39m=[32m"button"[39m
  [36m/>[39m

  --------------------------------------------------
  tabpanel:

  Name "鑷畾涔夐厤缃?:
  [36m<div[39m
    [33maria-labelledby[39m=[32m"model-config-tab-1"[39m
    [33mid[39m=[32m"model-config-tabpanel-1"[39m
    [33mrole[39m=[32m"tabpanel"[39m
  [36m/>[39m

  --------------------------------------------------
  paragraph:

  Name "":
  [36m<p[39m
    [33mclass[39m=[32m"MuiTypography-root MuiTypography-body2 css-k4rohz-MuiTypography-root"[39m
  [36m/>[39m

  Name "":
  [36m<p[39m
    [33mclass[39m=[32m"MuiTypography-root MuiTypography-body2 css-65t7lf-MuiTypography-root"[39m
  [36m/>[39m

  Name "":
  [36m<p[39m
    [33mclass[39m=[32m"MuiTypography-root MuiTypography-body2 css-65t7lf-MuiTypography-root"[39m
  [36m/>[39m

  Name "":
  [36m<p[39m
    [33mclass[39m=[32m"MuiTypography-root MuiTypography-body2 css-k4rohz-MuiTypography-root"[39m
  [36m/>[39m

  Name "":
  [36m<p[39m
    [33mclass[39m=[32m"MuiTypography-root MuiTypography-body2 css-7ctihp-MuiTypography-root"[39m
  [36m/>[39m

  --------------------------------------------------
  combobox:

  Name "":
  [36m<div[39m
    [33maria-expanded[39m=[32m"false"[39m
    [33maria-haspopup[39m=[32m"listbox"[39m
    [33mclass[39m=[32m"MuiSelect-select MuiSelect-outlined MuiInputBase-input MuiOutlinedInput-input css-18jp67o-Mu
iNativeSelect-root-MuiSelect-select-MuiInputBase-input-MuiOutlinedInput-input"[39m
    [33mrole[39m=[32m"combobox"[39m
    [33mtabindex[39m=[32m"0"[39m
  [36m/>[39m

  --------------------------------------------------
  switch:

  Name "":
  [36m<input[39m
    [33mclass[39m=[32m"PrivateSwitchBase-input MuiSwitch-input css-12xagqm-MuiSwitchBase-root"[39m
    [33mrole[39m=[32m"switch"[39m
    [33mtype[39m=[32m"checkbox"[39m
  [36m/>[39m

  Name "澶氭ā鎬?:
  [36m<input[39m
    [33mclass[39m=[32m"PrivateSwitchBase-input MuiSwitch-input css-12xagqm-MuiSwitchBase-root"[39m
    [33mrole[39m=[32m"switch"[39m
    [33mtype[39m=[32m"checkbox"[39m
  [36m/>[39m

  --------------------------------------------------
  textbox:

  Name "":
  [36m<input[39m
    [33maria-invalid[39m=[32m"false"[39m
    [33mclass[39m=[32m"MuiInputBase-input MuiOutlinedInput-input css-16wblaj-MuiInputBase-input-MuiOutlinedInput-in
put"[39m
    [33mid[39m=[32m"_r_c2_"[39m
    [33mplaceholder[39m=[32m"e.g. https://api.openai.com/v1"[39m
    [33mtype[39m=[32m"text"[39m
    [33mvalue[39m=[32m""[39m
  [36m/>[39m

  Name "":
  [36m<input[39m
    [33maria-invalid[39m=[32m"false"[39m
    [33mclass[39m=[32m"MuiInputBase-input MuiOutlinedInput-input css-16wblaj-MuiInputBase-input-MuiOutlinedInput-in
put"[39m
    [33mid[39m=[32m"_r_c3_"[39m
    [33mplaceholder[39m=[32m"杈撳叆妯″瀷 ID"[39m
    [33mtype[39m=[32m"text"[39m
    [33mvalue[39m=[32m""[39m
  [36m/>[39m

  --------------------------------------------------
  alert:

  Name "":
  [36m<div[39m
    [33mclass[39m=[32m"MuiPaper-root MuiPaper-elevation MuiPaper-rounded MuiPaper-elevation0 MuiAlert-root MuiAlert
-colorInfo MuiAlert-standard css-1u1am8e-MuiPaper-root-MuiAlert-root"[39m
    [33mrole[39m=[32m"alert"[39m
    [33mstyle[39m=[32m"--Paper-shadow: none;"[39m
  [36m/>[39m

  --------------------------------------------------
  button:

  Name "楂樼骇閰嶇疆":
  [36m<button[39m
    [33maria-expanded[39m=[32m"false"[39m
    [33mclass[39m=[32m"MuiButtonBase-root MuiAccordionSummary-root MuiAccordionSummary-gutters css-9ux1uy-MuiButton
Base-root-MuiAccordionSummary-root"[39m
    [33mtabindex[39m=[32m"0"[39m
    [33mtype[39m=[32m"button"[39m
  [36m/>[39m

  Name "娣诲姞妯″瀷":
  [36m<button[39m
    [33mclass[39m=[32m"MuiButtonBase-root MuiButton-root MuiButton-contained MuiButton-sizeMedium MuiButton-colorPr
imary MuiButton-fullWidth css-1k9hkw1-MuiButtonBase-root-MuiButton-root"[39m
    [33mtabindex[39m=[32m"0"[39m
    [33mtype[39m=[32m"button"[39m
  [36m/>[39m

  --------------------------------------------------

Ignored nodes: comments, script, style
[36m<body[39m
  [33mstyle[39m=[32m"padding-right: 1024px; overflow: hidden;"[39m
[36m>[39m
  [36m<div[39m
    [33maria-hidden[39m=[32m"true"[39m
  [36m/>[39m
  [36m<div[39m
    [33mclass[39m=[32m"MuiDialog-root MuiModal-root css-1424xw8-MuiModal-root-MuiDialog-root"[39m
    [33mrole[39m=[32m"presentation"[39m
  [36m>[39m
    [36m<div[39m
      [33maria-hidden[39m=[32m"true"[39m
      [33mclass[39m=[32m"MuiBackdrop-root MuiModal-backdrop MuiDialog-backdrop css-1cennmq-MuiBackdrop-root-MuiDial
og-backdrop"[39m
      [33mstyle[39m=[32m"opacity: 1; transition: opacity 225ms cubic-bezier(0.4, 0, 0.2, 1) 0ms;"[39m
    [36m/>[39m
    [36m<div[39m
      [33mdata-testid[39m=[32m"sentinelStart"[39m
      [33mtabindex[39m=[32m"0"[39m
    [36m/>[39m
    [36m<div[39m
      [33mclass[39m=[32m"MuiDialog-container MuiDialog-scrollPaper css-19do60a-MuiDialog-container"[39m
      [33mrole[39m=[32m"presentation"[39m
      [33mstyle[39m=[32m"opacity: 1; transition: opacity 225ms cubic-bezier(0.4, 0, 0.2, 1) 0ms;"[39m
      [33mtabindex[39m=[32m"-1"[39m
    [36m>[39m
      [36m<div[39m
        [33maria-labelledby[39m=[32m"_r_bv_"[39m
        [33maria-modal[39m=[32m"true"[39m
        [33mclass[39m=[32m"MuiPaper-root MuiPaper-elevation MuiPaper-rounded MuiPaper-elevation24 MuiDialog-paper M
uiDialog-paperWidthSm MuiDialog-paperFullWidth css-1r46z6h-MuiPaper-root-MuiDialog-paper"[39m
        [33mdata-mui-focusable[39m=[32m""[39m
        [33mrole[39m=[32m"dialog"[39m
        [33mstyle[39m=[32m"--Paper-shadow: 0px 11px 15px -7px rgba(0,0,0,0.2),0px 24px 38px 3px rgba(0,0,0,0.14),0p
x 9px 46px 8px rgba(0,0,0,0.12);"[39m
        [33mtabindex[39m=[32m"-1"[39m
      [36m>[39m
        [36m<h2[39m
          [33mclass[39m=[32m"MuiTypography-root MuiTypography-h6 MuiDialogTitle-root css-11h0rel-MuiTypography-root
-MuiDialogTitle-root"[39m
          [33mid[39m=[32m"_r_bv_"[39m
        [36m>[39m
          [0m娣诲姞妯″瀷[0m
        [36m</h2>[39m
        [36m<div[39m
          [33mclass[39m=[32m"MuiDialogContent-root css-16e34i8-MuiDialogContent-root"[39m
        [36m>[39m
          [36m<div[39m
            [33mclass[39m=[32m"MuiBox-root css-1gsv261"[39m
          [36m>[39m
            [36m<div[39m
              [33mclass[39m=[32m"MuiTabs-root css-jhczcq-MuiTabs-root"[39m
            [36m>[39m
              [36m<div[39m
                [33mclass[39m=[32m"MuiTabs-scroller MuiTabs-fixed css-s2t35c-MuiTabs-scroller"[39m
                [33mstyle[39m=[32m"overflow: hidden; margin-bottom: 0px;"[39m
              [36m>[39m
                [36m<div[39m
                  [33maria-label[39m=[32m"妯″瀷閰嶇疆妯″紡"[39m
                  [33mclass[39m=[32m"MuiTabs-list css-hzcega-MuiTabs-list"[39m
                  [33mrole[39m=[32m"tablist"[39m
                [36m>[39m
                  [36m<button[39m
                    [33maria-selected[39m=[32m"false"[39m
                    [33mclass[39m=[32m"MuiButtonBase-root MuiTab-root MuiTab-textColorPrimary MuiTab-fullWidth css-
hmk518-MuiButtonBase-root-MuiTab-root"[39m
                    [33mid[39m=[32m"model-config-tab-0"[39m
                    [33mrole[39m=[32m"tab"[39m
                    [33mtabindex[39m=[32m"-1"[39m
                    [33mtype[39m=[32m"button"[39m
                  [36m>[39m
                    [0m妯″瀷鏈嶅姟鍟?[0m
                  [36m</button>[39m
                  [36m<button[39m
                    [33maria-selected[39m=[32m"true"[39m
                    [33mclass[39m=[32m"MuiButtonBase-root MuiTab-root MuiTab-textColorPrimary MuiTab-fullWidth Mui-
selected css-hmk518-MuiButtonBase-root-MuiTab-root"[39m
                    [33mid[39m=[32m"model-config-tab-1"[39m
                    [33mrole[39m=[32m"tab"[39m
                    [33mtabindex[39m=[32m"0"[39m
                    [33mtype[39m=[32m"button"[39m
                  [36m>[39m
                    [0m鑷畾涔夐厤缃?[0m
                  [36m</button>[39m
                [36m</div>[39m
                [36m<span[39m
                  [33mclass[39m=[32m"MuiTabs-indicator css-1qltlow-MuiTabs-indicator"[39m
                  [33mstyle[39m=[32m"left: 0px; width: 0px;"[39m
                [36m/>[39m
              [36m</div>[39m
            [36m</div>[39m
          [36m</div>[39m
          [36m<div[39m
            [33maria-labelledby[39m=[32m"model-config-tab-0"[39m
            [33mhidden[39m=[32m""[39m
            [33mid[39m=[32m"model-config-tabpanel-0"[39m
            [33mrole[39m=[32m"tabpanel"[39m
          [36m/>[39m
          [36m<div[39m
            [33maria-labelledby[39m=[32m"model-config-tab-1"[39m
            [33mid[39m=[32m"model-config-tabpanel-1"[39m
            [33mrole[39m=[32m"tabpanel"[39m
          [36m>[39m
            [36m<div[39m
              [33mclass[39m=[32m"MuiBox-root css-1v3caum"[39m
            [36m>[39m
              [36m<form[39m
                [33mclass[39m=[32m"MuiBox-root css-yd8sa2"[39m
                [33mnovalidate[39m=[32m""[39m
              [36m>[39m
                [36m<div[39m
                  [33mclass[39m=[32m"MuiBox-root css-0"[39m
                [36m>[39m
                  [36m<p[39m
                    [33mclass[39m=[32m"MuiTypography-root MuiTypography-body2 css-k4rohz-MuiTypography-root"[39m
                  [36m>[39m
                    [0m* API 鏍煎紡[0m
                  [36m</p>[39m
                  [36m<div[39m
                    [33mclass[39m=[32m"MuiFormControl-root MuiFormControl-fullWidth css-ytlejw-MuiFormControl-root"
[39m
                  [36m>[39m
                    [36m<div[39m
                      [33mclass[39m=[32m"MuiInputBase-root MuiOutlinedInput-root MuiInputBase-colorPrimary MuiInput
Base-formControl MuiSelect-root css-sc8y68-MuiInputBase-root-MuiOutlinedInput-root-MuiSelect-root"[39m
                    [36m>[39m
                      [36m<div[39m
                        [33maria-expanded[39m=[32m"false"[39m
                        [33maria-haspopup[39m=[32m"listbox"[39m
                        [33mclass[39m=[32m"MuiSelect-select MuiSelect-outlined MuiInputBase-input MuiOutlinedInput-
input css-18jp67o-MuiNativeSelect-root-MuiSelect-select-MuiInputBase-input-MuiOutlinedInput-input"[39m
                        [33mrole[39m=[32m"combobox"[39m
                        [33mtabindex[39m=[32m"0"[39m
                      [36m>[39m
                        [0mOpenAI Chat Completions 鏍煎紡[0m
                      [36m</div>[39m
                      [36m<input[39m
                        [33maria-hidden[39m=[32m"true"[39m
                        [33maria-invalid[39m=[32m"false"[39m
                        [33mclass[39m=[32m"MuiSelect-nativeInput css-j0riat-MuiSelect-nativeInput"[39m
  ...
[90m [2m鉂?[22m Object.getElementError node_modules/@testing-library/dom/dist/config.js:[2m37:19[22m[39m
[90m [2m鉂?[22m node_modules/@testing-library/dom/dist/query-helpers.js:[2m76:38[22m[39m
[90m [2m鉂?[22m node_modules/@testing-library/dom/dist/query-helpers.js:[2m52:17[22m[39m
[90m [2m鉂?[22m node_modules/@testing-library/dom/dist/query-helpers.js:[2m95:19[22m[39m
[36m [2m鉂?[22m src/components/__tests__/AddModelDialog.test.tsx:[2m527:36[22m[39m
    [90m525| [39m      )
    [90m526| [39m
    [90m527| [39m      [35mconst[39m switchElement [33m=[39m screen[33m.[39m[34mgetByRole[39m([32m'checkbox
'[39m[33m,[39m { name[33m:[39m [36m/澶氭ā[39m鈥?    [90m   | [39m                                   [31m^[39m
    [90m528| [39m      [35mawait[39m user[33m.[39m[34mclick[39m(switchElement)
    [90m529| [39m

[31m[2m鈳幆鈳幆鈳幆鈳幆鈳幆鈳幆鈳幆鈳幆鈳幆鈳幆鈳幆[15/34]鈳?[22m[39m

[31m[1m[7m FAIL [27m[22m[39m src/components/__tests__/AddModelDialog.test.tsx[2m > [22mAddModelDialog 缁勪欢娴嬭瘯[
2m > [22m瀹屾暣 URL 寮€鍏?[2m > [22m榛樿鍏抽棴
[31m[1mTestingLibraryElementError[22m[39m: Unable to find an accessible element with the role "checkbox"

Here are the accessible roles:

  presentation:

  Name "":
  [36m<div[39m
    [33mclass[39m=[32m"MuiDialog-root MuiModal-root css-1424xw8-MuiModal-root-MuiDialog-root"[39m
    [33mrole[39m=[32m"presentation"[39m
  [36m/>[39m

  Name "":
  [36m<div[39m
    [33mclass[39m=[32m"MuiDialog-container MuiDialog-scrollPaper css-19do60a-MuiDialog-container"[39m
    [33mrole[39m=[32m"presentation"[39m
    [33mstyle[39m=[32m"opacity: 1; transition: opacity 225ms cubic-bezier(0.4, 0, 0.2, 1) 0ms;"[39m
    [33mtabindex[39m=[32m"-1"[39m
  [36m/>[39m

  --------------------------------------------------
  dialog:

  Name "娣诲姞妯″瀷":
  [36m<div[39m
    [33maria-labelledby[39m=[32m"_r_cd_"[39m
    [33maria-modal[39m=[32m"true"[39m
    [33mclass[39m=[32m"MuiPaper-root MuiPaper-elevation MuiPaper-rounded MuiPaper-elevation24 MuiDialog-paper MuiDi
alog-paperWidthSm MuiDialog-paperFullWidth css-1r46z6h-MuiPaper-root-MuiDialog-paper"[39m
    [33mdata-mui-focusable[39m=[32m""[39m
    [33mrole[39m=[32m"dialog"[39m
    [33mstyle[39m=[32m"--Paper-shadow: 0px 11px 15px -7px rgba(0,0,0,0.2),0px 24px 38px 3px rgba(0,0,0,0.14),0px 9p
x 46px 8px rgba(0,0,0,0.12);"[39m
    [33mtabindex[39m=[32m"-1"[39m
  [36m/>[39m

  --------------------------------------------------
  heading:

  Name "娣诲姞妯″瀷":
  [36m<h2[39m
    [33mclass[39m=[32m"MuiTypography-root MuiTypography-h6 MuiDialogTitle-root css-11h0rel-MuiTypography-root-MuiDi
alogTitle-root"[39m
    [33mid[39m=[32m"_r_cd_"[39m
  [36m/>[39m

  Name "楂樼骇閰嶇疆":
  [36m<h3[39m
    [33mclass[39m=[32m"MuiAccordion-heading css-cy7rkm-MuiAccordion-heading"[39m
  [36m/>[39m

  --------------------------------------------------
  tablist:

  Name "妯″瀷閰嶇疆妯″紡":
  [36m<div[39m
    [33maria-label[39m=[32m"妯″瀷閰嶇疆妯″紡"[39m
    [33mclass[39m=[32m"MuiTabs-list css-hzcega-MuiTabs-list"[39m
    [33mrole[39m=[32m"tablist"[39m
  [36m/>[39m

  --------------------------------------------------
  tab:

  Name "妯″瀷鏈嶅姟鍟?:
  [36m<button[39m
    [33maria-selected[39m=[32m"false"[39m
    [33mclass[39m=[32m"MuiButtonBase-root MuiTab-root MuiTab-textColorPrimary MuiTab-fullWidth css-hmk518-MuiButton
Base-root-MuiTab-root"[39m
    [33mid[39m=[32m"model-config-tab-0"[39m
    [33mrole[39m=[32m"tab"[39m
    [33mtabindex[39m=[32m"-1"[39m
    [33mtype[39m=[32m"button"[39m
  [36m/>[39m

  Name "鑷畾涔夐厤缃?:
  [36m<button[39m
    [33maria-selected[39m=[32m"true"[39m
    [33mclass[39m=[32m"MuiButtonBase-root MuiTab-root MuiTab-textColorPrimary MuiTab-fullWidth Mui-selected css-hmk
518-MuiButtonBase-root-MuiTab-root"[39m
    [33mid[39m=[32m"model-config-tab-1"[39m
    [33mrole[39m=[32m"tab"[39m
    [33mtabindex[39m=[32m"0"[39m
    [33mtype[39m=[32m"button"[39m
  [36m/>[39m

  --------------------------------------------------
  tabpanel:

  Name "鑷畾涔夐厤缃?:
  [36m<div[39m
    [33maria-labelledby[39m=[32m"model-config-tab-1"[39m
    [33mid[39m=[32m"model-config-tabpanel-1"[39m
    [33mrole[39m=[32m"tabpanel"[39m
  [36m/>[39m

  --------------------------------------------------
  paragraph:

  Name "":
  [36m<p[39m
    [33mclass[39m=[32m"MuiTypography-root MuiTypography-body2 css-k4rohz-MuiTypography-root"[39m
  [36m/>[39m

  Name "":
  [36m<p[39m
    [33mclass[39m=[32m"MuiTypography-root MuiTypography-body2 css-65t7lf-MuiTypography-root"[39m
  [36m/>[39m

  Name "":
  [36m<p[39m
    [33mclass[39m=[32m"MuiTypography-root MuiTypography-body2 css-65t7lf-MuiTypography-root"[39m
  [36m/>[39m

  Name "":
  [36m<p[39m
    [33mclass[39m=[32m"MuiTypography-root MuiTypography-body2 css-k4rohz-MuiTypography-root"[39m
  [36m/>[39m

  Name "":
  [36m<p[39m
    [33mclass[39m=[32m"MuiTypography-root MuiTypography-body2 css-7ctihp-MuiTypography-root"[39m
  [36m/>[39m

  --------------------------------------------------
  combobox:

  Name "":
  [36m<div[39m
    [33maria-expanded[39m=[32m"false"[39m
    [33maria-haspopup[39m=[32m"listbox"[39m
    [33mclass[39m=[32m"MuiSelect-select MuiSelect-outlined MuiInputBase-input MuiOutlinedInput-input css-18jp67o-Mu
iNativeSelect-root-MuiSelect-select-MuiInputBase-input-MuiOutlinedInput-input"[39m
    [33mrole[39m=[32m"combobox"[39m
    [33mtabindex[39m=[32m"0"[39m
  [36m/>[39m

  --------------------------------------------------
  switch:

  Name "":
  [36m<input[39m
    [33mclass[39m=[32m"PrivateSwitchBase-input MuiSwitch-input css-12xagqm-MuiSwitchBase-root"[39m
    [33mrole[39m=[32m"switch"[39m
    [33mtype[39m=[32m"checkbox"[39m
  [36m/>[39m

  Name "澶氭ā鎬?:
  [36m<input[39m
    [33mclass[39m=[32m"PrivateSwitchBase-input MuiSwitch-input css-12xagqm-MuiSwitchBase-root"[39m
    [33mrole[39m=[32m"switch"[39m
    [33mtype[39m=[32m"checkbox"[39m
  [36m/>[39m

  --------------------------------------------------
  textbox:

  Name "":
  [36m<input[39m
    [33maria-invalid[39m=[32m"false"[39m
    [33mclass[39m=[32m"MuiInputBase-input MuiOutlinedInput-input css-16wblaj-MuiInputBase-input-MuiOutlinedInput-in
put"[39m
    [33mid[39m=[32m"_r_cg_"[39m
    [33mplaceholder[39m=[32m"e.g. https://api.openai.com/v1"[39m
    [33mtype[39m=[32m"text"[39m
    [33mvalue[39m=[32m""[39m
  [36m/>[39m

  Name "":
  [36m<input[39m
    [33maria-invalid[39m=[32m"false"[39m
    [33mclass[39m=[32m"MuiInputBase-input MuiOutlinedInput-input css-16wblaj-MuiInputBase-input-MuiOutlinedInput-in
put"[39m
    [33mid[39m=[32m"_r_ch_"[39m
    [33mplaceholder[39m=[32m"杈撳叆妯″瀷 ID"[39m
    [33mtype[39m=[32m"text"[39m
    [33mvalue[39m=[32m""[39m
  [36m/>[39m

  --------------------------------------------------
  alert:

  Name "":
  [36m<div[39m
    [33mclass[39m=[32m"MuiPaper-root MuiPaper-elevation MuiPaper-rounded MuiPaper-elevation0 MuiAlert-root MuiAlert
-colorInfo MuiAlert-standard css-1u1am8e-MuiPaper-root-MuiAlert-root"[39m
    [33mrole[39m=[32m"alert"[39m
    [33mstyle[39m=[32m"--Paper-shadow: none;"[39m
  [36m/>[39m

  --------------------------------------------------
  button:

  Name "楂樼骇閰嶇疆":
  [36m<button[39m
    [33maria-expanded[39m=[32m"false"[39m
    [33mclass[39m=[32m"MuiButtonBase-root MuiAccordionSummary-root MuiAccordionSummary-gutters css-9ux1uy-MuiButton
Base-root-MuiAccordionSummary-root"[39m
    [33mtabindex[39m=[32m"0"[39m
    [33mtype[39m=[32m"button"[39m
  [36m/>[39m

  Name "娣诲姞妯″瀷":
  [36m<button[39m
    [33mclass[39m=[32m"MuiButtonBase-root MuiButton-root MuiButton-contained MuiButton-sizeMedium MuiButton-colorPr
imary MuiButton-fullWidth css-1k9hkw1-MuiButtonBase-root-MuiButton-root"[39m
    [33mtabindex[39m=[32m"0"[39m
    [33mtype[39m=[32m"button"[39m
  [36m/>[39m

  --------------------------------------------------

Ignored nodes: comments, script, style
[36m<body[39m
  [33mstyle[39m=[32m"padding-right: 1024px; overflow: hidden;"[39m
[36m>[39m
  [36m<div[39m
    [33maria-hidden[39m=[32m"true"[39m
  [36m/>[39m
  [36m<div[39m
    [33mclass[39m=[32m"MuiDialog-root MuiModal-root css-1424xw8-MuiModal-root-MuiDialog-root"[39m
    [33mrole[39m=[32m"presentation"[39m
  [36m>[39m
    [36m<div[39m
      [33maria-hidden[39m=[32m"true"[39m
      [33mclass[39m=[32m"MuiBackdrop-root MuiModal-backdrop MuiDialog-backdrop css-1cennmq-MuiBackdrop-root-MuiDial
og-backdrop"[39m
      [33mstyle[39m=[32m"opacity: 1; transition: opacity 225ms cubic-bezier(0.4, 0, 0.2, 1) 0ms;"[39m
    [36m/>[39m
    [36m<div[39m
      [33mdata-testid[39m=[32m"sentinelStart"[39m
      [33mtabindex[39m=[32m"0"[39m
    [36m/>[39m
    [36m<div[39m
      [33mclass[39m=[32m"MuiDialog-container MuiDialog-scrollPaper css-19do60a-MuiDialog-container"[39m
      [33mrole[39m=[32m"presentation"[39m
      [33mstyle[39m=[32m"opacity: 1; transition: opacity 225ms cubic-bezier(0.4, 0, 0.2, 1) 0ms;"[39m
      [33mtabindex[39m=[32m"-1"[39m
    [36m>[39m
      [36m<div[39m
        [33maria-labelledby[39m=[32m"_r_cd_"[39m
        [33maria-modal[39m=[32m"true"[39m
        [33mclass[39m=[32m"MuiPaper-root MuiPaper-elevation MuiPaper-rounded MuiPaper-elevation24 MuiDialog-paper M
uiDialog-paperWidthSm MuiDialog-paperFullWidth css-1r46z6h-MuiPaper-root-MuiDialog-paper"[39m
        [33mdata-mui-focusable[39m=[32m""[39m
        [33mrole[39m=[32m"dialog"[39m
        [33mstyle[39m=[32m"--Paper-shadow: 0px 11px 15px -7px rgba(0,0,0,0.2),0px 24px 38px 3px rgba(0,0,0,0.14),0p
x 9px 46px 8px rgba(0,0,0,0.12);"[39m
        [33mtabindex[39m=[32m"-1"[39m
      [36m>[39m
        [36m<h2[39m
          [33mclass[39m=[32m"MuiTypography-root MuiTypography-h6 MuiDialogTitle-root css-11h0rel-MuiTypography-root
-MuiDialogTitle-root"[39m
          [33mid[39m=[32m"_r_cd_"[39m
        [36m>[39m
          [0m娣诲姞妯″瀷[0m
        [36m</h2>[39m
        [36m<div[39m
          [33mclass[39m=[32m"MuiDialogContent-root css-16e34i8-MuiDialogContent-root"[39m
        [36m>[39m
          [36m<div[39m
            [33mclass[39m=[32m"MuiBox-root css-1gsv261"[39m
          [36m>[39m
            [36m<div[39m
              [33mclass[39m=[32m"MuiTabs-root css-jhczcq-MuiTabs-root"[39m
            [36m>[39m
              [36m<div[39m
                [33mclass[39m=[32m"MuiTabs-scroller MuiTabs-fixed css-s2t35c-MuiTabs-scroller"[39m
                [33mstyle[39m=[32m"overflow: hidden; margin-bottom: 0px;"[39m
              [36m>[39m
                [36m<div[39m
                  [33maria-label[39m=[32m"妯″瀷閰嶇疆妯″紡"[39m
                  [33mclass[39m=[32m"MuiTabs-list css-hzcega-MuiTabs-list"[39m
                  [33mrole[39m=[32m"tablist"[39m
                [36m>[39m
                  [36m<button[39m
                    [33maria-selected[39m=[32m"false"[39m
                    [33mclass[39m=[32m"MuiButtonBase-root MuiTab-root MuiTab-textColorPrimary MuiTab-fullWidth css-
hmk518-MuiButtonBase-root-MuiTab-root"[39m
                    [33mid[39m=[32m"model-config-tab-0"[39m
                    [33mrole[39m=[32m"tab"[39m
                    [33mtabindex[39m=[32m"-1"[39m
                    [33mtype[39m=[32m"button"[39m
                  [36m>[39m
                    [0m妯″瀷鏈嶅姟鍟?[0m
                  [36m</button>[39m
                  [36m<button[39m
                    [33maria-selected[39m=[32m"true"[39m
                    [33mclass[39m=[32m"MuiButtonBase-root MuiTab-root MuiTab-textColorPrimary MuiTab-fullWidth Mui-
selected css-hmk518-MuiButtonBase-root-MuiTab-root"[39m
                    [33mid[39m=[32m"model-config-tab-1"[39m
                    [33mrole[39m=[32m"tab"[39m
                    [33mtabindex[39m=[32m"0"[39m
                    [33mtype[39m=[32m"button"[39m
                  [36m>[39m
                    [0m鑷畾涔夐厤缃?[0m
                  [36m</button>[39m
                [36m</div>[39m
                [36m<span[39m
                  [33mclass[39m=[32m"MuiTabs-indicator css-1qltlow-MuiTabs-indicator"[39m
                  [33mstyle[39m=[32m"left: 0px; width: 0px;"[39m
                [36m/>[39m
              [36m</div>[39m
            [36m</div>[39m
          [36m</div>[39m
          [36m<div[39m
            [33maria-labelledby[39m=[32m"model-config-tab-0"[39m
            [33mhidden[39m=[32m""[39m
            [33mid[39m=[32m"model-config-tabpanel-0"[39m
            [33mrole[39m=[32m"tabpanel"[39m
          [36m/>[39m
          [36m<div[39m
            [33maria-labelledby[39m=[32m"model-config-tab-1"[39m
            [33mid[39m=[32m"model-config-tabpanel-1"[39m
            [33mrole[39m=[32m"tabpanel"[39m
          [36m>[39m
            [36m<div[39m
              [33mclass[39m=[32m"MuiBox-root css-1v3caum"[39m
            [36m>[39m
              [36m<form[39m
                [33mclass[39m=[32m"MuiBox-root css-yd8sa2"[39m
                [33mnovalidate[39m=[32m""[39m
              [36m>[39m
                [36m<div[39m
                  [33mclass[39m=[32m"MuiBox-root css-0"[39m
                [36m>[39m
                  [36m<p[39m
                    [33mclass[39m=[32m"MuiTypography-root MuiTypography-body2 css-k4rohz-MuiTypography-root"[39m
                  [36m>[39m
                    [0m* API 鏍煎紡[0m
                  [36m</p>[39m
                  [36m<div[39m
                    [33mclass[39m=[32m"MuiFormControl-root MuiFormControl-fullWidth css-ytlejw-MuiFormControl-root"
[39m
                  [36m>[39m
                    [36m<div[39m
                      [33mclass[39m=[32m"MuiInputBase-root MuiOutlinedInput-root MuiInputBase-colorPrimary MuiInput
Base-formControl MuiSelect-root css-sc8y68-MuiInputBase-root-MuiOutlinedInput-root-MuiSelect-root"[39m
                    [36m>[39m
                      [36m<div[39m
                        [33maria-expanded[39m=[32m"false"[39m
                        [33maria-haspopup[39m=[32m"listbox"[39m
                        [33mclass[39m=[32m"MuiSelect-select MuiSelect-outlined MuiInputBase-input MuiOutlinedInput-
input css-18jp67o-MuiNativeSelect-root-MuiSelect-select-MuiInputBase-input-MuiOutlinedInput-input"[39m
                        [33mrole[39m=[32m"combobox"[39m
                        [33mtabindex[39m=[32m"0"[39m
                      [36m>[39m
                        [0mOpenAI Chat Completions 鏍煎紡[0m
                      [36m</div>[39m
                      [36m<input[39m
                        [33maria-hidden[39m=[32m"true"[39m
                        [33maria-invalid[39m=[32m"false"[39m
                        [33mclass[39m=[32m"MuiSelect-nativeInput css-j0riat-MuiSelect-nativeInput"[39m
  ...
[90m [2m鉂?[22m Object.getElementError node_modules/@testing-library/dom/dist/config.js:[2m37:19[22m[39m
[90m [2m鉂?[22m node_modules/@testing-library/dom/dist/query-helpers.js:[2m76:38[22m[39m
[90m [2m鉂?[22m node_modules/@testing-library/dom/dist/query-helpers.js:[2m109:15[22m[39m
[36m [2m鉂?[22m src/components/__tests__/AddModelDialog.test.tsx:[2m544:31[22m[39m
    [90m542| [39m      )
    [90m543| [39m
    [90m544| [39m      [35mconst[39m switches [33m=[39m screen[33m.[39m[34mgetAllByRole[39m([32m'checkbox'
[39m)
    [90m   | [39m                              [31m^[39m
    [90m545| [39m      [35mconst[39m fullUrlSwitch [33m=[39m switches[33m.[39m[34mfind[39m(s [33m=>[39m [
33m![39ms[33m.[39m[34mhasAttribute[39m([32m'name'[39m))
    [90m546| [39m      [34mexpect[39m(fullUrlSwitch)[33m.[39m[34mtoBeInTheDocument[39m()

[31m[2m鈳幆鈳幆鈳幆鈳幆鈳幆鈳幆鈳幆鈳幆鈳幆鈳幆鈳幆[16/34]鈳?[22m[39m

[31m[1m[7m FAIL [27m[22m[39m src/components/__tests__/AddModelDialog.test.tsx[2m > [22mAddModelDialog 缁勪欢娴嬭瘯[
2m > [22m瀹屾暣 URL 寮€鍏?[2m > [22m鐐瑰嚮鍒囨崲鐘舵€?[31m[1mTestingLibraryElementError[22m[39m: Unable to find an accessible
 element with the role "checkbox"

Here are the accessible roles:

  presentation:

  Name "":
  [36m<div[39m
    [33mclass[39m=[32m"MuiDialog-root MuiModal-root css-1424xw8-MuiModal-root-MuiDialog-root"[39m
    [33mrole[39m=[32m"presentation"[39m
  [36m/>[39m

  Name "":
  [36m<div[39m
    [33mclass[39m=[32m"MuiDialog-container MuiDialog-scrollPaper css-19do60a-MuiDialog-container"[39m
    [33mrole[39m=[32m"presentation"[39m
    [33mstyle[39m=[32m"opacity: 1; transition: opacity 225ms cubic-bezier(0.4, 0, 0.2, 1) 0ms;"[39m
    [33mtabindex[39m=[32m"-1"[39m
  [36m/>[39m

  --------------------------------------------------
  dialog:

  Name "娣诲姞妯″瀷":
  [36m<div[39m
    [33maria-labelledby[39m=[32m"_r_cr_"[39m
    [33maria-modal[39m=[32m"true"[39m
    [33mclass[39m=[32m"MuiPaper-root MuiPaper-elevation MuiPaper-rounded MuiPaper-elevation24 MuiDialog-paper MuiDi
alog-paperWidthSm MuiDialog-paperFullWidth css-1r46z6h-MuiPaper-root-MuiDialog-paper"[39m
    [33mdata-mui-focusable[39m=[32m""[39m
    [33mrole[39m=[32m"dialog"[39m
    [33mstyle[39m=[32m"--Paper-shadow: 0px 11px 15px -7px rgba(0,0,0,0.2),0px 24px 38px 3px rgba(0,0,0,0.14),0px 9p
x 46px 8px rgba(0,0,0,0.12);"[39m
    [33mtabindex[39m=[32m"-1"[39m
  [36m/>[39m

  --------------------------------------------------
  heading:

  Name "娣诲姞妯″瀷":
  [36m<h2[39m
    [33mclass[39m=[32m"MuiTypography-root MuiTypography-h6 MuiDialogTitle-root css-11h0rel-MuiTypography-root-MuiDi
alogTitle-root"[39m
    [33mid[39m=[32m"_r_cr_"[39m
  [36m/>[39m

  Name "楂樼骇閰嶇疆":
  [36m<h3[39m
    [33mclass[39m=[32m"MuiAccordion-heading css-cy7rkm-MuiAccordion-heading"[39m
  [36m/>[39m

  --------------------------------------------------
  tablist:

  Name "妯″瀷閰嶇疆妯″紡":
  [36m<div[39m
    [33maria-label[39m=[32m"妯″瀷閰嶇疆妯″紡"[39m
    [33mclass[39m=[32m"MuiTabs-list css-hzcega-MuiTabs-list"[39m
    [33mrole[39m=[32m"tablist"[39m
  [36m/>[39m

  --------------------------------------------------
  tab:

  Name "妯″瀷鏈嶅姟鍟?:
  [36m<button[39m
    [33maria-selected[39m=[32m"false"[39m
    [33mclass[39m=[32m"MuiButtonBase-root MuiTab-root MuiTab-textColorPrimary MuiTab-fullWidth css-hmk518-MuiButton
Base-root-MuiTab-root"[39m
    [33mid[39m=[32m"model-config-tab-0"[39m
    [33mrole[39m=[32m"tab"[39m
    [33mtabindex[39m=[32m"-1"[39m
    [33mtype[39m=[32m"button"[39m
  [36m/>[39m

  Name "鑷畾涔夐厤缃?:
  [36m<button[39m
    [33maria-selected[39m=[32m"true"[39m
    [33mclass[39m=[32m"MuiButtonBase-root MuiTab-root MuiTab-textColorPrimary MuiTab-fullWidth Mui-selected css-hmk
518-MuiButtonBase-root-MuiTab-root"[39m
    [33mid[39m=[32m"model-config-tab-1"[39m
    [33mrole[39m=[32m"tab"[39m
    [33mtabindex[39m=[32m"0"[39m
    [33mtype[39m=[32m"button"[39m
  [36m/>[39m

  --------------------------------------------------
  tabpanel:

  Name "鑷畾涔夐厤缃?:
  [36m<div[39m
    [33maria-labelledby[39m=[32m"model-config-tab-1"[39m
    [33mid[39m=[32m"model-config-tabpanel-1"[39m
    [33mrole[39m=[32m"tabpanel"[39m
  [36m/>[39m

  --------------------------------------------------
  paragraph:

  Name "":
  [36m<p[39m
    [33mclass[39m=[32m"MuiTypography-root MuiTypography-body2 css-k4rohz-MuiTypography-root"[39m
  [36m/>[39m

  Name "":
  [36m<p[39m
    [33mclass[39m=[32m"MuiTypography-root MuiTypography-body2 css-65t7lf-MuiTypography-root"[39m
  [36m/>[39m

  Name "":
  [36m<p[39m
    [33mclass[39m=[32m"MuiTypography-root MuiTypography-body2 css-65t7lf-MuiTypography-root"[39m
  [36m/>[39m

  Name "":
  [36m<p[39m
    [33mclass[39m=[32m"MuiTypography-root MuiTypography-body2 css-k4rohz-MuiTypography-root"[39m
  [36m/>[39m

  Name "":
  [36m<p[39m
    [33mclass[39m=[32m"MuiTypography-root MuiTypography-body2 css-7ctihp-MuiTypography-root"[39m
  [36m/>[39m

  --------------------------------------------------
  combobox:

  Name "":
  [36m<div[39m
    [33maria-expanded[39m=[32m"false"[39m
    [33maria-haspopup[39m=[32m"listbox"[39m
    [33mclass[39m=[32m"MuiSelect-select MuiSelect-outlined MuiInputBase-input MuiOutlinedInput-input css-18jp67o-Mu
iNativeSelect-root-MuiSelect-select-MuiInputBase-input-MuiOutlinedInput-input"[39m
    [33mrole[39m=[32m"combobox"[39m
    [33mtabindex[39m=[32m"0"[39m
  [36m/>[39m

  --------------------------------------------------
  switch:

  Name "":
  [36m<input[39m
    [33mclass[39m=[32m"PrivateSwitchBase-input MuiSwitch-input css-12xagqm-MuiSwitchBase-root"[39m
    [33mrole[39m=[32m"switch"[39m
    [33mtype[39m=[32m"checkbox"[39m
  [36m/>[39m

  Name "澶氭ā鎬?:
  [36m<input[39m
    [33mclass[39m=[32m"PrivateSwitchBase-input MuiSwitch-input css-12xagqm-MuiSwitchBase-root"[39m
    [33mrole[39m=[32m"switch"[39m
    [33mtype[39m=[32m"checkbox"[39m
  [36m/>[39m

  --------------------------------------------------
  textbox:

  Name "":
  [36m<input[39m
    [33maria-invalid[39m=[32m"false"[39m
    [33mclass[39m=[32m"MuiInputBase-input MuiOutlinedInput-input css-16wblaj-MuiInputBase-input-MuiOutlinedInput-in
put"[39m
    [33mid[39m=[32m"_r_cu_"[39m
    [33mplaceholder[39m=[32m"e.g. https://api.openai.com/v1"[39m
    [33mtype[39m=[32m"text"[39m
    [33mvalue[39m=[32m""[39m
  [36m/>[39m

  Name "":
  [36m<input[39m
    [33maria-invalid[39m=[32m"false"[39m
    [33mclass[39m=[32m"MuiInputBase-input MuiOutlinedInput-input css-16wblaj-MuiInputBase-input-MuiOutlinedInput-in
put"[39m
    [33mid[39m=[32m"_r_cv_"[39m
    [33mplaceholder[39m=[32m"杈撳叆妯″瀷 ID"[39m
    [33mtype[39m=[32m"text"[39m
    [33mvalue[39m=[32m""[39m
  [36m/>[39m

  --------------------------------------------------
  alert:

  Name "":
  [36m<div[39m
    [33mclass[39m=[32m"MuiPaper-root MuiPaper-elevation MuiPaper-rounded MuiPaper-elevation0 MuiAlert-root MuiAlert
-colorInfo MuiAlert-standard css-1u1am8e-MuiPaper-root-MuiAlert-root"[39m
    [33mrole[39m=[32m"alert"[39m
    [33mstyle[39m=[32m"--Paper-shadow: none;"[39m
  [36m/>[39m

  --------------------------------------------------
  button:

  Name "楂樼骇閰嶇疆":
  [36m<button[39m
    [33maria-expanded[39m=[32m"false"[39m
    [33mclass[39m=[32m"MuiButtonBase-root MuiAccordionSummary-root MuiAccordionSummary-gutters css-9ux1uy-MuiButton
Base-root-MuiAccordionSummary-root"[39m
    [33mtabindex[39m=[32m"0"[39m
    [33mtype[39m=[32m"button"[39m
  [36m/>[39m

  Name "娣诲姞妯″瀷":
  [36m<button[39m
    [33mclass[39m=[32m"MuiButtonBase-root MuiButton-root MuiButton-contained MuiButton-sizeMedium MuiButton-colorPr
imary MuiButton-fullWidth css-1k9hkw1-MuiButtonBase-root-MuiButton-root"[39m
    [33mtabindex[39m=[32m"0"[39m
    [33mtype[39m=[32m"button"[39m
  [36m/>[39m

  --------------------------------------------------

Ignored nodes: comments, script, style
[36m<body[39m
  [33mstyle[39m=[32m"padding-right: 1024px; overflow: hidden;"[39m
[36m>[39m
  [36m<div[39m
    [33maria-hidden[39m=[32m"true"[39m
  [36m/>[39m
  [36m<div[39m
    [33mclass[39m=[32m"MuiDialog-root MuiModal-root css-1424xw8-MuiModal-root-MuiDialog-root"[39m
    [33mrole[39m=[32m"presentation"[39m
  [36m>[39m
    [36m<div[39m
      [33maria-hidden[39m=[32m"true"[39m
      [33mclass[39m=[32m"MuiBackdrop-root MuiModal-backdrop MuiDialog-backdrop css-1cennmq-MuiBackdrop-root-MuiDial
og-backdrop"[39m
      [33mstyle[39m=[32m"opacity: 1; transition: opacity 225ms cubic-bezier(0.4, 0, 0.2, 1) 0ms;"[39m
    [36m/>[39m
    [36m<div[39m
      [33mdata-testid[39m=[32m"sentinelStart"[39m
      [33mtabindex[39m=[32m"0"[39m
    [36m/>[39m
    [36m<div[39m
      [33mclass[39m=[32m"MuiDialog-container MuiDialog-scrollPaper css-19do60a-MuiDialog-container"[39m
      [33mrole[39m=[32m"presentation"[39m
      [33mstyle[39m=[32m"opacity: 1; transition: opacity 225ms cubic-bezier(0.4, 0, 0.2, 1) 0ms;"[39m
      [33mtabindex[39m=[32m"-1"[39m
    [36m>[39m
      [36m<div[39m
        [33maria-labelledby[39m=[32m"_r_cr_"[39m
        [33maria-modal[39m=[32m"true"[39m
        [33mclass[39m=[32m"MuiPaper-root MuiPaper-elevation MuiPaper-rounded MuiPaper-elevation24 MuiDialog-paper M
uiDialog-paperWidthSm MuiDialog-paperFullWidth css-1r46z6h-MuiPaper-root-MuiDialog-paper"[39m
        [33mdata-mui-focusable[39m=[32m""[39m
        [33mrole[39m=[32m"dialog"[39m
        [33mstyle[39m=[32m"--Paper-shadow: 0px 11px 15px -7px rgba(0,0,0,0.2),0px 24px 38px 3px rgba(0,0,0,0.14),0p
x 9px 46px 8px rgba(0,0,0,0.12);"[39m
        [33mtabindex[39m=[32m"-1"[39m
      [36m>[39m
        [36m<h2[39m
          [33mclass[39m=[32m"MuiTypography-root MuiTypography-h6 MuiDialogTitle-root css-11h0rel-MuiTypography-root
-MuiDialogTitle-root"[39m
          [33mid[39m=[32m"_r_cr_"[39m
        [36m>[39m
          [0m娣诲姞妯″瀷[0m
        [36m</h2>[39m
        [36m<div[39m
          [33mclass[39m=[32m"MuiDialogContent-root css-16e34i8-MuiDialogContent-root"[39m
        [36m>[39m
          [36m<div[39m
            [33mclass[39m=[32m"MuiBox-root css-1gsv261"[39m
          [36m>[39m
            [36m<div[39m
              [33mclass[39m=[32m"MuiTabs-root css-jhczcq-MuiTabs-root"[39m
            [36m>[39m
              [36m<div[39m
                [33mclass[39m=[32m"MuiTabs-scroller MuiTabs-fixed css-s2t35c-MuiTabs-scroller"[39m
                [33mstyle[39m=[32m"overflow: hidden; margin-bottom: 0px;"[39m
              [36m>[39m
                [36m<div[39m
                  [33maria-label[39m=[32m"妯″瀷閰嶇疆妯″紡"[39m
                  [33mclass[39m=[32m"MuiTabs-list css-hzcega-MuiTabs-list"[39m
                  [33mrole[39m=[32m"tablist"[39m
                [36m>[39m
                  [36m<button[39m
                    [33maria-selected[39m=[32m"false"[39m
                    [33mclass[39m=[32m"MuiButtonBase-root MuiTab-root MuiTab-textColorPrimary MuiTab-fullWidth css-
hmk518-MuiButtonBase-root-MuiTab-root"[39m
                    [33mid[39m=[32m"model-config-tab-0"[39m
                    [33mrole[39m=[32m"tab"[39m
                    [33mtabindex[39m=[32m"-1"[39m
                    [33mtype[39m=[32m"button"[39m
                  [36m>[39m
                    [0m妯″瀷鏈嶅姟鍟?[0m
                  [36m</button>[39m
                  [36m<button[39m
                    [33maria-selected[39m=[32m"true"[39m
                    [33mclass[39m=[32m"MuiButtonBase-root MuiTab-root MuiTab-textColorPrimary MuiTab-fullWidth Mui-
selected css-hmk518-MuiButtonBase-root-MuiTab-root"[39m
                    [33mid[39m=[32m"model-config-tab-1"[39m
                    [33mrole[39m=[32m"tab"[39m
                    [33mtabindex[39m=[32m"0"[39m
                    [33mtype[39m=[32m"button"[39m
                  [36m>[39m
                    [0m鑷畾涔夐厤缃?[0m
                  [36m</button>[39m
                [36m</div>[39m
                [36m<span[39m
                  [33mclass[39m=[32m"MuiTabs-indicator css-1qltlow-MuiTabs-indicator"[39m
                  [33mstyle[39m=[32m"left: 0px; width: 0px;"[39m
                [36m/>[39m
              [36m</div>[39m
            [36m</div>[39m
          [36m</div>[39m
          [36m<div[39m
            [33maria-labelledby[39m=[32m"model-config-tab-0"[39m
            [33mhidden[39m=[32m""[39m
            [33mid[39m=[32m"model-config-tabpanel-0"[39m
            [33mrole[39m=[32m"tabpanel"[39m
          [36m/>[39m
          [36m<div[39m
            [33maria-labelledby[39m=[32m"model-config-tab-1"[39m
            [33mid[39m=[32m"model-config-tabpanel-1"[39m
            [33mrole[39m=[32m"tabpanel"[39m
          [36m>[39m
            [36m<div[39m
              [33mclass[39m=[32m"MuiBox-root css-1v3caum"[39m
            [36m>[39m
              [36m<form[39m
                [33mclass[39m=[32m"MuiBox-root css-yd8sa2"[39m
                [33mnovalidate[39m=[32m""[39m
              [36m>[39m
                [36m<div[39m
                  [33mclass[39m=[32m"MuiBox-root css-0"[39m
                [36m>[39m
                  [36m<p[39m
                    [33mclass[39m=[32m"MuiTypography-root MuiTypography-body2 css-k4rohz-MuiTypography-root"[39m
                  [36m>[39m
                    [0m* API 鏍煎紡[0m
                  [36m</p>[39m
                  [36m<div[39m
                    [33mclass[39m=[32m"MuiFormControl-root MuiFormControl-fullWidth css-ytlejw-MuiFormControl-root"
[39m
                  [36m>[39m
                    [36m<div[39m
                      [33mclass[39m=[32m"MuiInputBase-root MuiOutlinedInput-root MuiInputBase-colorPrimary MuiInput
Base-formControl MuiSelect-root css-sc8y68-MuiInputBase-root-MuiOutlinedInput-root-MuiSelect-root"[39m
                    [36m>[39m
                      [36m<div[39m
                        [33maria-expanded[39m=[32m"false"[39m
                        [33maria-haspopup[39m=[32m"listbox"[39m
                        [33mclass[39m=[32m"MuiSelect-select MuiSelect-outlined MuiInputBase-input MuiOutlinedInput-
input css-18jp67o-MuiNativeSelect-root-MuiSelect-select-MuiInputBase-input-MuiOutlinedInput-input"[39m
                        [33mrole[39m=[32m"combobox"[39m
                        [33mtabindex[39m=[32m"0"[39m
                      [36m>[39m
                        [0mOpenAI Chat Completions 鏍煎紡[0m
                      [36m</div>[39m
                      [36m<input[39m
                        [33maria-hidden[39m=[32m"true"[39m
                        [33maria-invalid[39m=[32m"false"[39m
                        [33mclass[39m=[32m"MuiSelect-nativeInput css-j0riat-MuiSelect-nativeInput"[39m
  ...
[90m [2m鉂?[22m Object.getElementError node_modules/@testing-library/dom/dist/config.js:[2m37:19[22m[39m
[90m [2m鉂?[22m node_modules/@testing-library/dom/dist/query-helpers.js:[2m76:38[22m[39m
[90m [2m鉂?[22m node_modules/@testing-library/dom/dist/query-helpers.js:[2m109:15[22m[39m
[36m [2m鉂?[22m src/components/__tests__/AddModelDialog.test.tsx:[2m559:36[22m[39m
    [90m557| [39m      )
    [90m558| [39m
    [90m559| [39m      [35mconst[39m fullUrlSwitch [33m=[39m screen[33m.[39m[34mgetAllByRole[39m([32m'check
box'[39m)[[34m0[39m]
    [90m   | [39m                                   [31m^[39m
    [90m560| [39m      [35mawait[39m user[33m.[39m[34mclick[39m(fullUrlSwitch)
    [90m561| [39m

[31m[2m鈳幆鈳幆鈳幆鈳幆鈳幆鈳幆鈳幆鈳幆鈳幆鈳幆鈳幆[17/34]鈳?[22m[39m

[31m[1m[7m FAIL [27m[22m[39m src/components/__tests__/AddModelDialog.test.tsx[2m > [22mAddModelDialog 缁勪欢娴嬭瘯[
2m > [22m妯″瀷鏈嶅姟鍟?Tab 鎻愪氦鎸夐挳鐘舵€?[2m > [22m妯″瀷鏈嶅姟鍟?Tab 閫夋嫨鍚庢彁浜ゆ寜閽惎鐢?[31m[1mTestingLibraryElementError[22m[39m: Fo
und multiple elements with the text: 閫夋嫨妯″瀷鏈嶅姟鍟?
Here are the matching elements:

Ignored nodes: comments, script, style
[36m<label[39m
  [33mclass[39m=[32m"MuiFormLabel-root MuiInputLabel-root MuiInputLabel-formControl MuiInputLabel-animated MuiInput
Label-outlined MuiFormLabel-colorPrimary MuiInputLabel-root MuiInputLabel-formControl MuiInputLabel-animated MuiInputL
abel-outlined css-19qnlrw-MuiFormLabel-root-MuiInputLabel-root"[39m
  [33mdata-shrink[39m=[32m"false"[39m
[36m>[39m
  [0m閫夋嫨妯″瀷鏈嶅姟鍟?[0m
[36m</label>[39m

Ignored nodes: comments, script, style
[36m<span>[39m
  [0m閫夋嫨妯″瀷鏈嶅姟鍟?[0m
[36m</span>[39m

(If this is intentional, then use the `*AllBy*` variant of the query (like `queryAllByText`, `getAllByText`, or `findA
llByText`)).

Ignored nodes: comments, script, style
[36m<body[39m
  [33mstyle[39m=[32m"padding-right: 1024px; overflow: hidden;"[39m
[36m>[39m
  [36m<div[39m
    [33maria-hidden[39m=[32m"true"[39m
  [36m/>[39m
  [36m<div[39m
    [33mclass[39m=[32m"MuiDialog-root MuiModal-root css-1424xw8-MuiModal-root-MuiDialog-root"[39m
    [33mrole[39m=[32m"presentation"[39m
  [36m>[39m
    [36m<div[39m
      [33maria-hidden[39m=[32m"true"[39m
      [33mclass[39m=[32m"MuiBackdrop-root MuiModal-backdrop MuiDialog-backdrop css-1cennmq-MuiBackdrop-root-MuiDial
og-backdrop"[39m
      [33mstyle[39m=[32m"opacity: 1; transition: opacity 225ms cubic-bezier(0.4, 0, 0.2, 1) 0ms;"[39m
    [36m/>[39m
    [36m<div[39m
      [33mdata-testid[39m=[32m"sentinelStart"[39m
      [33mtabindex[39m=[32m"0"[39m
    [36m/>[39m
    [36m<div[39m
      [33mclass[39m=[32m"MuiDialog-container MuiDialog-scrollPaper css-19do60a-MuiDialog-container"[39m
      [33mrole[39m=[32m"presentation"[39m
      [33mstyle[39m=[32m"opacity: 1; transition: opacity 225ms cubic-bezier(0.4, 0, 0.2, 1) 0ms;"[39m
      [33mtabindex[39m=[32m"-1"[39m
    [36m>[39m
      [36m<div[39m
        [33maria-labelledby[39m=[32m"_r_dp_"[39m
        [33maria-modal[39m=[32m"true"[39m
        [33mclass[39m=[32m"MuiPaper-root MuiPaper-elevation MuiPaper-rounded MuiPaper-elevation24 MuiDialog-paper M
uiDialog-paperWidthSm MuiDialog-paperFullWidth css-1r46z6h-MuiPaper-root-MuiDialog-paper"[39m
        [33mdata-mui-focusable[39m=[32m""[39m
        [33mrole[39m=[32m"dialog"[39m
        [33mstyle[39m=[32m"--Paper-shadow: 0px 11px 15px -7px rgba(0,0,0,0.2),0px 24px 38px 3px rgba(0,0,0,0.14),0p
x 9px 46px 8px rgba(0,0,0,0.12);"[39m
        [33mtabindex[39m=[32m"-1"[39m
      [36m>[39m
        [36m<h2[39m
          [33mclass[39m=[32m"MuiTypography-root MuiTypography-h6 MuiDialogTitle-root css-11h0rel-MuiTypography-root
-MuiDialogTitle-root"[39m
          [33mid[39m=[32m"_r_dp_"[39m
        [36m>[39m
          [0m娣诲姞妯″瀷[0m
        [36m</h2>[39m
        [36m<div[39m
          [33mclass[39m=[32m"MuiDialogContent-root css-16e34i8-MuiDialogContent-root"[39m
        [36m>[39m
          [36m<div[39m
            [33mclass[39m=[32m"MuiBox-root css-1gsv261"[39m
          [36m>[39m
            [36m<div[39m
              [33mclass[39m=[32m"MuiTabs-root css-jhczcq-MuiTabs-root"[39m
            [36m>[39m
              [36m<div[39m
                [33mclass[39m=[32m"MuiTabs-scroller MuiTabs-fixed css-s2t35c-MuiTabs-scroller"[39m
                [33mstyle[39m=[32m"overflow: hidden; margin-bottom: 0px;"[39m
              [36m>[39m
                [36m<div[39m
                  [33maria-label[39m=[32m"妯″瀷閰嶇疆妯″紡"[39m
                  [33mclass[39m=[32m"MuiTabs-list css-hzcega-MuiTabs-list"[39m
                  [33mrole[39m=[32m"tablist"[39m
                [36m>[39m
                  [36m<button[39m
                    [33maria-selected[39m=[32m"true"[39m
                    [33mclass[39m=[32m"MuiButtonBase-root MuiTab-root MuiTab-textColorPrimary MuiTab-fullWidth Mui-
selected css-hmk518-MuiButtonBase-root-MuiTab-root"[39m
                    [33mid[39m=[32m"model-config-tab-0"[39m
                    [33mrole[39m=[32m"tab"[39m
                    [33mtabindex[39m=[32m"0"[39m
                    [33mtype[39m=[32m"button"[39m
                  [36m>[39m
                    [0m妯″瀷鏈嶅姟鍟?[0m
                    [36m<span[39m
                      [33mclass[39m=[32m"MuiTouchRipple-root css-r3djoj-MuiTouchRipple-root"[39m
                    [36m>[39m
                      [36m<span[39m
                        [33mclass[39m=[32m"css-y4cjyz-MuiTouchRipple-ripple MuiTouchRipple-ripple MuiTouchRipple-ri
ppleVisible"[39m
                        [33mstyle[39m=[32m"width: 2.8284271247461903px; height: 2.8284271247461903px; top: -1.41421
35623730951px; left: -1.4142135623730951px;"[39m
                      [36m>[39m
                        [36m<span[39m
                          [33mclass[39m=[32m"MuiTouchRipple-child MuiTouchRipple-childLeaving"[39m
                        [36m/>[39m
                      [36m</span>[39m
                    [36m</span>[39m
                  [36m</button>[39m
                  [36m<button[39m
                    [33maria-selected[39m=[32m"false"[39m
                    [33mclass[39m=[32m"MuiButtonBase-root MuiTab-root MuiTab-textColorPrimary MuiTab-fullWidth css-
hmk518-MuiButtonBase-root-MuiTab-root"[39m
                    [33mid[39m=[32m"model-config-tab-1"[39m
                    [33mrole[39m=[32m"tab"[39m
                    [33mtabindex[39m=[32m"-1"[39m
                    [33mtype[39m=[32m"button"[39m
                  [36m>[39m
                    [0m鑷畾涔夐厤缃?[0m
                  [36m</button>[39m
                [36m</div>[39m
                [36m<span[39m
                  [33mclass[39m=[32m"MuiTabs-indicator css-1qltlow-MuiTabs-indicator"[39m
                  [33mstyle[39m=[32m"left: 0px; width: 0px;"[39m
                [36m/>[39m
              [36m</div>[39m
            [36m</div>[39m
          [36m</div>[39m
          [36m<div[39m
            [33maria-labelledby[39m=[32m"model-config-tab-0"[39m
            [33mid[39m=[32m"model-config-tabpanel-0"[39m
            [33mrole[39m=[32m"tabpanel"[39m
          [36m>[39m
            [36m<div[39m
              [33mclass[39m=[32m"MuiBox-root css-1v3caum"[39m
            [36m>[39m
              [36m<div[39m
                [33mclass[39m=[32m"MuiPaper-root MuiPaper-elevation MuiPaper-rounded MuiPaper-elevation0 MuiAlert-r
oot MuiAlert-colorInfo MuiAlert-standard css-dws3yv-MuiPaper-root-MuiAlert-root"[39m
                [33mrole[39m=[32m"alert"[39m
                [33mstyle[39m=[32m"--Paper-shadow: none;"[39m
              [36m>[39m
                [36m<div[39m
                  [33mclass[39m=[32m"MuiAlert-icon css-vab54s-MuiAlert-icon"[39m
                [36m>[39m
                  [36m<svg[39m
                    [33maria-hidden[39m=[32m"true"[39m
                    [33mclass[39m=[32m"MuiSvgIcon-root MuiSvgIcon-fontSizeInherit css-1ckov0h-MuiSvgIcon-root"[39m
                    [33mdata-testid[39m=[32m"InfoOutlinedIcon"[39m
                    [33mfocusable[39m=[32m"false"[39m
                    [33mviewBox[39m=[32m"0 0 24 24"[39m
                  [36m>[39m
                    [36m<path[39m
                      [33md[39m=[32m"M11,9H13V7H11M12,20C7.59,20 4,16.41 4,12C4,7.59 7.59,4 12,4C16.41,4 20,7.59 20
, 12C20,16.41 16.41,20 12,20M12,2A10,10 0 0,0 2,12A10,10 0 0,0 12,22A10,10 0 0,0 22,12A10, 10 0 0,0 12,2M11,17H13V11H1
1V17Z"[39m
                    [36m/>[39m
                  [36m</svg>[39m
                [36m</div>[39m
                [36m<div[39m
                  [33mclass[39m=[32m"MuiAlert-message css-zioonp-MuiAlert-message"[39m
                [36m>[39m
                  [0m閫夋嫨棰勮鐨勬ā鍨嬫湇鍔″晢锛屽揩閫熸坊鍔犲父鐢ㄦā鍨?[0m
                [36m</div>[39m
              [36m</div>[39m
              [36m<div[39m
                [33mclass[39m=[32m"MuiFormControl-root MuiFormControl-fullWidth css-1y6tzp0-MuiFormControl-root"[3
9m
              [36m>[39m
                [36m<label[39m
                  [33mclass[39m=[32m"MuiFormLabel-root MuiInputLabel-root MuiInputLabel-formControl MuiInputLabel-a
nimated MuiInputLabel-outlined MuiFormLabel-colorPrimary MuiInputLabel-root MuiInputLabel-formControl MuiInputLabel-an
imated MuiInputLabel-outlined css-19qnlrw-MuiFormLabel-root-MuiInputLabel-root"[39m
                  [33mdata-shrink[39m=[32m"false"[39m
                [36m>[39m
                  [0m閫夋嫨妯″瀷鏈嶅姟鍟?[0m
                [36m</label>[39m
                [36m<div[39m
                  [33mclass[39m=[32m"MuiInputBase-root MuiOutlinedInput-root MuiInputBase-colorPrimary MuiInputBase
-formControl MuiSelect-root css-sc8y68-MuiInputBase-root-MuiOutlinedInput-root-MuiSelect-root"[39m
                [36m>[39m
                  [36m<div[39m
                    [33maria-expanded[39m=[32m"false"[39m
                    [33maria-haspopup[39m=[32m"listbox"[39m
                    [33mclass[39m=[32m"MuiSelect-select MuiSelect-outlined MuiInputBase-input MuiOutlinedInput-inpu
t css-18jp67o-MuiNativeSelect-root-MuiSelect-select-MuiInputBase-input-MuiOutlinedInput-input"[39m
                    [33mrole[39m=[32m"combobox"[39m
                    [33mtabindex[39m=[32m"0"[39m
                  [36m>[39m
                    [36m<span[39m
                      [33maria-hidden[39m=[32m"true"[39m
                      [33mclass[39m=[32m"notranslate"[39m
                    [36m>[39m
                      [0m鈥?[0m
                    [36m</span>[39m
                  [36m</div>[39m
                  [36m<input[39m
                    [33maria-hidden[39m=[32m"true"[39m
                    [33maria-invalid[39m=[32m"false"[39m
                    [33mclass[39m=[32m"MuiSelect-nativeInput css-j0riat-MuiSelect-nativeInput"[39m
                    [33mid[39m=[32m"_r_e8_"[39m
                    [33mtabindex[39m=[32m"-1"[39m
                    [33mvalue[39m=[32m""[39m
                  [36m/>[39m
                  [36m<svg[39m
                    [33maria-hidden[39m=[32m"true"[39m
                    [33mclass[39m=[32m"MuiSvgIcon-root MuiSvgIcon-fontSizeMedium MuiSelect-icon css-1rfqz7c-MuiSvgI
con-root-MuiNativeSelect-root-MuiSelect-icon"[39m
                    [33mdata-testid[39m=[32m"ArrowDropDownIcon"[39m
                    [33mfocusable[39m=[32m"false"[39m
                    [33mviewBox[39m=[32m"0 0 24 24"[39m
                  [36m>[39m
                    [36m<path[39m
                      [33md[39m=[32m"M7 10l5 5 5-5z"[39m
                    [36m/>[39m
                  [36m</svg>[39m
                  [36m<fieldset[39m
                    [33maria-hidden[39m=[32m"true"[39m
                    [33mclass[39m=[32m"MuiOutlinedInput-notchedOutline css-18p5xg2-MuiNotchedOutlined-root-MuiOutli
nedInput-notchedOutline"[39m
                  [36m>[39m
                    [36m<legend[39m
                      [33mclass[39m=[32m"css-1n64csd-MuiNotchedOutlined-root"[39m
                    [36m>[39m
                      [36m<span>[39m
                        [0m閫夋嫨妯″瀷鏈嶅姟鍟?[0m
                      [36m</span>[39m
                    [36m</legend>[39m
                  [36m</fieldset>[39m
                [36m</div>[39m
              [36m</div>[39m
            [36m</div>[39m
          [36m</div>[39m
          [36m<div[39m
            [33maria-labelledby[39m=[32m"model-config-tab-1"[39m
            [33mhidden[39m=[32m""[39m
            [33mid[39m=[32m"model-config-tabpanel-1"[39m
            [33mrole[39m=[32m"tabpanel"[39m
          [36m/>[39m
        [36m</div>[39m
        [36m<div[39m
          [33mclass[39m=[32m"MuiDialogActions-root MuiDialogActions-spacing css-s92rvs-MuiDialogActions-root"[39m
        [36m>[39m
          [36m<button[39m
            [33mclass[39m=[32m"MuiButtonBase-root Mui-disabled MuiButton-root MuiButton-contained MuiButton-sizeMed
ium MuiButton-colorPrimary MuiButton-fullWidth css-1k9hkw1-MuiButtonBase-root-MuiButton-root"[39m
            [33mdisabled[39m=[32m""[39m
            [33mtabindex[39m=[32m"-1"[39m
            [33mtype[39m=[32m"button"[39m
          [36m>[39m
            [0m娣诲姞妯″瀷[0m
          [36m</button>[39m
        [36m</div>[39m
      [36m</div>[39m
    [36m</div>[39m
    [36m<div[39m
      [33mdata-testid[39m=[32m"sentinelEnd"[39m
      [33mtabindex[39m=[32m"0"[39m
    [36m/>[39m
  [36m</div>[39m
[36m</body>[39m
[90m [2m鉂?[22m Object.getElementError node_modules/@testing-library/dom/dist/config.js:[2m37:19[22m[39m
[90m [2m鉂?[22m getElementError node_modules/@testing-library/dom/dist/query-helpers.js:[2m20:35[22m[39m
[90m [2m鉂?[22m getMultipleElementsFoundError node_modules/@testing-library/dom/dist/query-helpers.js:[2m23:10[22m
[39m
[90m [2m鉂?[22m node_modules/@testing-library/dom/dist/query-helpers.js:[2m55:13[22m[39m
[90m [2m鉂?[22m node_modules/@testing-library/dom/dist/query-helpers.js:[2m95:19[22m[39m
[36m [2m鉂?[22m src/components/__tests__/AddModelDialog.test.tsx:[2m594:31[22m[39m
    [90m592| [39m
    [90m593| [39m      [35mawait[39m user[33m.[39m[34mclick[39m(screen[33m.[39m[34mgetByRole[39m([32m'tab
'[39m[33m,[39m { name[33m:[39m [36m/妯″瀷鏈嶅姟鍟?[39m }))
    [90m594| [39m      [35mawait[39m user[33m.[39m[34mclick[39m(screen[33m.[39m[34mgetByText[39m([32m'閫夋嫨
妯″瀷鏈嶅姟鍟?[39m))
    [90m   | [39m                              [31m^[39m
    [90m595| [39m      [35mawait[39m user[33m.[39m[34mclick[39m(screen[33m.[39m[34mgetByRole[39m([32m'opt
ion'[39m[33m,[39m { name[33m:[39m [32m'OpenAI'[39m }))
    [90m596| [39m

[31m[2m鈳幆鈳幆鈳幆鈳幆鈳幆鈳幆鈳幆鈳幆鈳幆鈳幆鈳幆[18/34]鈳?[22m[39m

[31m[1m[7m FAIL [27m[22m[39m src/components/__tests__/ChatHistory.test.tsx[2m > [22mChatHistory 缁勪欢娴嬭瘯[2m > 
[22m娑堟伅鍐呭鏄剧ず[2m > [22m淇濈暀鎹㈣绗?[31m[1mError[22m: [2mexpect([22m[31melement[31m[2m).toHaveTextContent()[22m

Expected element to have text content:
[32m  绗竴琛岀浜岃绗笁琛?[31m
Received:
[31m  绗竴琛?绗簩琛?绗笁琛?[31m[39m
[36m [2m鉂?[22m src/components/__tests__/ChatHistory.test.tsx:[2m114:30[22m[39m
    [90m112| [39m
    [90m113| [39m      [35mconst[39m messageElement [33m=[39m screen[33m.[39m[34mgetByText[39m([36m/绗竴琛?[
39m)
    [90m114| [39m      [34mexpect[39m(messageElement)[33m.[39m[34mtoHaveTextContent[39m([32m'绗竴琛岀浜岃绗笁琛?[
39m)
    [90m   | [39m                             [31m^[39m
    [90m115| [39m    })
    [90m116| [39m

[31m[2m鈳幆鈳幆鈳幆鈳幆鈳幆鈳幆鈳幆鈳幆鈳幆鈳幆鈳幆[19/34]鈳?[22m[39m

[31m[1m[7m FAIL [27m[22m[39m src/components/__tests__/ChatInput.test.tsx[2m > [22mChatInput 缁勪欢娴嬭瘯[2m > [22m
Unicode 瀛楃璁℃暟[2m > [22m姝ｇ‘璁＄畻 emoji 瀛楃鏁?[31m[1mTestingLibraryElementError[22m: Unable to find an element with t
he text: /2.*\/.*4000/. This could be because the text is broken up by multiple elements. In this case, you can provid
e a function for your text matcher to make your matcher more flexible.

Ignored nodes: comments, script, style
[36m<body>[31m
  [36m<div>[31m
    [36m<div[31m
      [33mclass[31m=[32m"MuiBox-root css-y5o3w0"[31m
    [36m>[31m
      [36m<div[31m
        [33mclass[31m=[32m"MuiBox-root css-3bvo2w"[31m
      [36m>[31m
        [36m<div[31m
          [33mclass[31m=[32m"MuiFormControl-root MuiFormControl-fullWidth MuiTextField-root css-11li21q-MuiFormCont
rol-root-MuiTextField-root"[31m
        [36m>[31m
          [36m<div[31m
            [33mclass[31m=[32m"MuiInputBase-root MuiOutlinedInput-root MuiInputBase-colorPrimary MuiInputBase-fullW
idth Mui-focused MuiInputBase-formControl MuiInputBase-multiline css-zsp0bh-MuiInputBase-root-MuiOutlinedInput-root"[
31m
          [36m>[31m
            [36m<textarea[31m
              [33maria-invalid[31m=[32m"false"[31m
              [33mclass[31m=[32m"MuiInputBase-input MuiOutlinedInput-input css-w4nesw-MuiInputBase-input-MuiOutline
dInput-input"[31m
              [33mid[31m=[32m"_r_10_"[31m
              [33mplaceholder[31m=[32m"杈撳叆鎮ㄧ殑闂锛孍nter 鍙戦€侊紝Shift+Enter 鎹㈣"[31m
              [33mstyle[31m=[32m"height: 0px; overflow: hidden;"[31m
            [36m>[31m
              [0m馃榾馃帀[0m
            [36m</textarea>[31m
            [36m<textarea[31m
              [33maria-hidden[31m=[32m"true"[31m
              [33mclass[31m=[32m"MuiInputBase-input MuiOutlinedInput-input css-w4nesw-MuiInputBase-input-MuiOutline
dInput-input"[31m
              [33mreadonly[31m=[32m""[31m
              [33mstyle[31m=[32m"visibility: hidden; position: absolute; overflow: hidden; height: 0px; top: 0px; l
eft: 0px; transform: translateZ(0); padding-top: 0px; padding-bottom: 0px; width: 100%;"[31m
              [33mtabindex[31m=[32m"-1"[31m
            [36m/>[31m
            [36m<fieldset[31m
              [33maria-hidden[31m=[32m"true"[31m
              [33mclass[31m=[32m"MuiOutlinedInput-notchedOutline css-18p5xg2-MuiNotchedOutlined-root-MuiOutlinedInp
ut-notchedOutline"[31m
            [36m>[31m
              [36m<legend[31m
                [33mclass[31m=[32m"css-1nf2c5d-MuiNotchedOutlined-root"[31m
              [36m>[31m
                [36m<span[31m
                  [33maria-hidden[31m=[32m"true"[31m
                  [33mclass[31m=[32m"notranslate"[31m
                [36m>[31m
                  [0m鈥?[0m
                [36m</span>[31m
              [36m</legend>[31m
            [36m</fieldset>[31m
          [36m</div>[31m
        [36m</div>[31m
        [36m<button[31m
          [33mclass[31m=[32m"MuiButtonBase-root MuiIconButton-root MuiIconButton-colorPrimary MuiIconButton-sizeMed
ium css-1hsnty5-MuiButtonBase-root-MuiIconButton-root"[31m
          [33mtabindex[31m=[32m"0"[31m
          [33mtype[31m=[32m"button"[31m
        [36m>[31m
          [36m<svg[31m
            [33maria-hidden[31m=[32m"true"[31m
            [33mclass[31m=[32m"MuiSvgIcon-root MuiSvgIcon-fontSizeMedium css-1umw9bq-MuiSvgIcon-root"[31m
            [33mdata-testid[31m=[32m"SendIcon"[31m
            [33mfocusable[31m=[32m"false"[31m
            [33mviewBox[31m=[32m"0 0 24 24"[31m
          [36m>[31m
            [36m<path[31m
              [33md[31m=[32m"M2.01 21 23 12 2.01 3 2 10l15 2-15 2z"[31m
            [36m/>[31m
          [36m</svg>[31m
        [36m</button>[31m
      [36m</div>[31m
      [36m<div[31m
        [33mclass[31m=[32m"MuiBox-root css-18dv5jq"[31m
      [36m>[31m
        [36m<span[31m
          [33mclass[31m=[32m"MuiTypography-root MuiTypography-caption css-mpaqru-MuiTypography-root"[31m
        [36m>[31m
          [0m4[0m
          [0m/[0m
          [0m4000[0m
        [36m</span>[31m
      [36m</div>[31m
    [36m</div>[31m
  [36m</div>[31m
[36m</body>[31m[39m
[90m [2m鉂?[22m Object.getElementError node_modules/@testing-library/dom/dist/config.js:[2m37:19[22m[39m
[90m [2m鉂?[22m node_modules/@testing-library/dom/dist/query-helpers.js:[2m76:38[22m[39m
[90m [2m鉂?[22m node_modules/@testing-library/dom/dist/query-helpers.js:[2m52:17[22m[39m
[90m [2m鉂?[22m node_modules/@testing-library/dom/dist/query-helpers.js:[2m95:19[22m[39m
[36m [2m鉂?[22m src/components/__tests__/ChatInput.test.tsx:[2m203:21[22m[39m
    [90m201| [39m      [35mawait[39m user[33m.[39m[34mtype[39m(input[33m,[39m [32m'馃榾馃帀'[39m)
    [90m202| [39m      
    [90m203| [39m      [34mexpect[39m(screen[33m.[39m[34mgetByText[39m([36m/2.*\/.*4000/[39m))[33m.[39m[3
4mtoBeInTheDocument[39m()
    [90m   | [39m                    [31m^[39m
    [90m204| [39m    })
    [90m205| [39m  })

[31m[2m鈳幆鈳幆鈳幆鈳幆鈳幆鈳幆鈳幆鈳幆鈳幆鈳幆鈳幆[20/34]鈳?[22m[39m

[31m[1m[7m FAIL [27m[22m[39m src/components/__tests__/ChatInput.test.tsx[2m > [22mChatInput 缁勪欢娴嬭瘯[2m > [22m
杈撳叆妗嗙劍鐐圭鐞?[2m > [22m缁勪欢鎸傝浇鏃惰緭鍏ユ鑾峰緱鐒︾偣
[31m[1mError[22m: [2mexpect([22m[31melement[31m[2m).toHaveFocus()[22m

Expected element with focus:
  [32m<textarea
  aria-invalid="false"
  class="MuiInputBase-input MuiOutlinedInput-input css-w4nesw-MuiInputBase-input-MuiOutlinedInput-input"
  id="_r_14_"
  placeholder="杈撳叆鎮ㄧ殑闂锛孍nter 鍙戦€侊紝Shift+Enter 鎹㈣"
  style="height: 0px; overflow: hidden;"
/>[31m
Received element with focus:
  [31m<body>
  <div>
    <div
      class="MuiBox-root css-y5o3w0"
    >
      <div
        class="MuiBox-root css-3bvo2w"
      >
        <div
          class="MuiFormControl-root MuiFormControl-fullWidth MuiTextField-root css-11li21q-MuiFormControl-root-MuiTex
tField-root"
        >
          <div
            class="MuiInputBase-root MuiOutlinedInput-root MuiInputBase-colorPrimary MuiInputBase-fullWidth MuiInputBa
se-formControl MuiInputBase-multiline css-zsp0bh-MuiInputBase-root-MuiOutlinedInput-root"
          >
            <textarea
              aria-invalid="false"
              class="MuiInputBase-input MuiOutlinedInput-input css-w4nesw-MuiInputBase-input-MuiOutlinedInput-input"
              id="_r_14_"
              placeholder="杈撳叆鎮ㄧ殑闂锛孍nter 鍙戦€侊紝Shift+Enter 鎹㈣"
              style="height: 0px; overflow: hidden;"
            />
            <textarea
              aria-hidden="true"
              class="MuiInputBase-input MuiOutlinedInput-input css-w4nesw-MuiInputBase-input-MuiOutlinedInput-input"
              readonly=""
              style="visibility: hidden; position: absolute; overflow: hidden; height: 0px; top: 0px; left: 0px; trans
form: translateZ(0); padding-top: 0px; padding-bottom: 0px; width: 100%;"
              tabindex="-1"
            />
            <fieldset
              aria-hidden="true"
              class="MuiOutlinedInput-notchedOutline css-18p5xg2-MuiNotchedOutlined-root-MuiOutlinedInput-notchedOutli
ne"
            >
              <legend
                class="css-1nf2c5d-MuiNotchedOutlined-root"
              >
                <span
                  aria-hidden="true"
                  class="notranslate"
                >
                  鈥?                </span>
              </legend>
            </fieldset>
          </div>
        </div>
        <button
          class="MuiButtonBase-root Mui-disabled MuiIconButton-root Mui-disabled MuiIconButton-colorPrimary MuiIconBut
ton-sizeMedium css-1hsnty5-MuiButtonBase-root-MuiIconButton-root"
          disabled=""
          tabindex="-1"
          type="button"
        >
          <svg
            aria-hidden="true"
            class="MuiSvgIcon-root MuiSvgIcon-fontSizeMedium css-1umw9bq-MuiSvgIcon-root"
            data-testid="SendIcon"
            focusable="false"
            viewBox="0 0 24 24"
          >
            <path
              d="M2.01 21 23 12 2.01 3 2 10l15 2-15 2z"
            />
          </svg>
        </button>
      </div>
      <div
        class="MuiBox-root css-18dv5jq"
      >
        <span
          class="MuiTypography-root MuiTypography-caption css-mpaqru-MuiTypography-root"
        >
          0
          /
          4000
        </span>
      </div>
    </div>
  </div>
</body>[31m[39m
[36m [2m鉂?[22m src/components/__tests__/ChatInput.test.tsx:[2m223:21[22m[39m
    [90m221| [39m      
    [90m222| [39m      [35mconst[39m input [33m=[39m screen[33m.[39m[34mgetByRole[39m([32m'textbox'[39m)
    [90m223| [39m      [34mexpect[39m(input)[33m.[39m[34mtoHaveFocus[39m()
    [90m   | [39m                    [31m^[39m
    [90m224| [39m    })
    [90m225| [39m  })

[31m[2m鈳幆鈳幆鈳幆鈳幆鈳幆鈳幆鈳幆鈳幆鈳幆鈳幆鈳幆[21/34]鈳?[22m[39m

[31m[1m[7m FAIL [27m[22m[39m src/components/__tests__/ChatInput.test.tsx[2m > [22mChatInput 缁勪欢娴嬭瘯[2m > [22m
鏃犻殰纰嶈闂祴璇?[2m > [22m杈撳叆妗嗘湁姝ｇ‘鐨?ARIA 鏍囩
[31m[1mError[22m: [2mexpect([22m[31melement[31m[2m).toHaveAttribute([22m[32m[32m"aria-label"[32m[31m[2m,
 [22m[32m[32m"娑堟伅杈撳叆妗?[32m[31m[2m) // element.getAttribute("aria-label") === "娑堟伅杈撳叆妗?[22m

Expected the element to have attribute:
[32m  aria-label="娑堟伅杈撳叆妗?[31m
Received:
[31m  null[31m[39m
[36m [2m鉂?[22m src/components/__tests__/ChatInput.test.tsx:[2m233:21[22m[39m
    [90m231| [39m      
    [90m232| [39m      [35mconst[39m input [33m=[39m screen[33m.[39m[34mgetByRole[39m([32m'textbox'[39m)
    [90m233| [39m      [34mexpect[39m(input)[33m.[39m[34mtoHaveAttribute[39m([32m'aria-label'[39m[33m,[39m
 [32m'娑堟伅杈撳叆妗?[39m)
    [90m   | [39m                    [31m^[39m
    [90m234| [39m    })
    [90m235| [39m

[31m[2m鈳幆鈳幆鈳幆鈳幆鈳幆鈳幆鈳幆鈳幆鈳幆鈳幆鈳幆[22/34]鈳?[22m[39m

[31m[1m[7m FAIL [27m[22m[39m src/components/__tests__/ChatInput.test.tsx[2m > [22mChatInput 缁勪欢娴嬭瘯[2m > [22m
鏃犻殰纰嶈闂祴璇?[2m > [22m鍙戦€佹寜閽湁姝ｇ‘鐨?ARIA 鏍囩
[31m[1mError[22m: [2mexpect([22m[31melement[31m[2m).toHaveAttribute([22m[32m[32m"aria-label"[32m[31m[2m,
 [22m[32m[32m"鍙戦€佹秷鎭?[32m[31m[2m) // element.getAttribute("aria-label") === "鍙戦€佹秷鎭?[22m

Expected the element to have attribute:
[32m  aria-label="鍙戦€佹秷鎭?[31m
Received:
[31m  null[31m[39m
[36m [2m鉂?[22m src/components/__tests__/ChatInput.test.tsx:[2m241:22[22m[39m
    [90m239| [39m      
    [90m240| [39m      [35mconst[39m button [33m=[39m screen[33m.[39m[34mgetByRole[39m([32m'button'[39m)
    [90m241| [39m      [34mexpect[39m(button)[33m.[39m[34mtoHaveAttribute[39m([32m'aria-label'[39m[33m,[39
m [32m'鍙戦€佹秷鎭?[39m)
    [90m   | [39m                     [31m^[39m
    [90m242| [39m    })
    [90m243| [39m  })

[31m[2m鈳幆鈳幆鈳幆鈳幆鈳幆鈳幆鈳幆鈳幆鈳幆鈳幆鈳幆[23/34]鈳?[22m[39m

[31m[1m[7m FAIL [27m[22m[39m src/components/__tests__/HistorySidebar.test.tsx[2m > [22mHistorySidebar 缁勪欢娴嬭瘯[
2m > [22m娑堟伅鏁伴噺鏄剧ず[2m > [22m鏄剧ず姝ｇ‘鐨勬秷鎭暟閲?[31m[1mTestingLibraryElementError[22m[39m: Unable to find an element 
with the text: 4 鏉℃秷鎭? This could be because the text is broken up by multiple elements. In this case, you can provide
 a function for your text matcher to make your matcher more flexible.

Ignored nodes: comments, script, style
[36m<body[39m
  [33mstyle[39m=[32m"padding-right: 1024px; overflow: hidden;"[39m
[36m>[39m
  [36m<div[39m
    [33maria-hidden[39m=[32m"true"[39m
  [36m/>[39m
  [36m<div[39m
    [33mclass[39m=[32m"MuiDrawer-root MuiDrawer-anchorRight MuiDrawer-modal MuiModal-root css-2soe65-MuiModal-root-
MuiDrawer-root"[39m
    [33mrole[39m=[32m"presentation"[39m
  [36m>[39m
    [36m<div[39m
      [33maria-hidden[39m=[32m"true"[39m
      [33mclass[39m=[32m"MuiBackdrop-root MuiModal-backdrop css-4nmryk-MuiBackdrop-root-MuiModal-backdrop"[39m
      [33mstyle[39m=[32m"opacity: 1; transition: opacity 225ms cubic-bezier(0.4, 0, 0.2, 1) 0ms;"[39m
    [36m/>[39m
    [36m<div[39m
      [33mdata-testid[39m=[32m"sentinelStart"[39m
      [33mtabindex[39m=[32m"0"[39m
    [36m/>[39m
    [36m<div[39m
      [33maria-modal[39m=[32m"true"[39m
      [33mclass[39m=[32m"MuiPaper-root MuiPaper-elevation MuiPaper-elevation16 MuiDrawer-paper css-3oyii0-MuiPaper-
root-MuiDrawer-paper"[39m
      [33mdata-mui-focusable[39m=[32m""[39m
      [33mrole[39m=[32m"dialog"[39m
      [33mstyle[39m=[32m"--Paper-shadow: 0px 8px 10px -5px rgba(0,0,0,0.2),0px 16px 24px 2px rgba(0,0,0,0.14),0px 6
px 30px 5px rgba(0,0,0,0.12);"[39m
      [33mtabindex[39m=[32m"-1"[39m
    [36m>[39m
      [36m<div[39m
        [33mclass[39m=[32m"MuiBox-root css-r6rj31"[39m
      [36m>[39m
        [36m<h2[39m
          [33mclass[39m=[32m"MuiTypography-root MuiTypography-h6 css-1miy0lu-MuiTypography-root"[39m
        [36m>[39m
          [0m鍘嗗彶璁板綍[0m
        [36m</h2>[39m
      [36m</div>[39m
      [36m<ul[39m
        [33mclass[39m=[32m"MuiList-root MuiList-padding css-pdefri-MuiList-root"[39m
      [36m>[39m
        [36m<div[39m
          [33mclass[39m=[32m"MuiBox-root css-0"[39m
        [36m>[39m
          [36m<li[39m
            [33mclass[39m=[32m"MuiListItem-root MuiListItem-gutters css-19f6boz-MuiListItem-root"[39m
          [36m>[39m
            [36m<div[39m
              [33mclass[39m=[32m"MuiButtonBase-root MuiListItemButton-root MuiListItemButton-gutters css-4bx69l-Mui
ButtonBase-root-MuiListItemButton-root"[39m
              [33mrole[39m=[32m"button"[39m
              [33mtabindex[39m=[32m"0"[39m
            [36m>[39m
              [36m<div[39m
                [33mclass[39m=[32m"MuiListItemText-root MuiListItemText-multiline css-14ln1j6-MuiListItemText-root"
[39m
              [36m>[39m
                [36m<h6[39m
                  [33mclass[39m=[32m"MuiTypography-root MuiTypography-subtitle2 MuiTypography-noWrap css-13k9d3g-Mu
iTypography-root"[39m
                [36m>[39m
                  [0m娴嬭瘯瀵硅瘽 1[0m
                [36m</h6>[39m
                [36m<p[39m
                  [33mclass[39m=[32m"MuiTypography-root MuiTypography-body2 MuiListItemText-secondary css-1a1whku-M
uiTypography-root"[39m
                [36m>[39m
                  [36m<span[39m
                    [33mclass[39m=[32m"MuiBox-root css-13o7eu2"[39m
                  [36m>[39m
                    [36m<span[39m
                      [33mclass[39m=[32m"MuiTypography-root MuiTypography-caption css-c1byjb-MuiTypography-root"[3
9m
                    [36m>[39m
                      [0m2026/06/02 17:30[0m
                    [36m</span>[39m
                    [36m<span[39m
                      [33mclass[39m=[32m"MuiTypography-root MuiTypography-caption MuiTypography-noWrap css-e64md-Mu
iTypography-root"[39m
                    [36m>[39m
                      [0m妯″瀷: [0m
                      [0mgpt-4[0m
                    [36m</span>[39m
                  [36m</span>[39m
                [36m</p>[39m
              [36m</div>[39m
              [36m<div[39m
                [33mclass[39m=[32m"MuiListItemSecondaryAction-root css-zezwi5-MuiListItemSecondaryAction-root"[39m
              [36m>[39m
                [36m<button[39m
                  [33maria-label[39m=[32m"鍒犻櫎"[39m
                  [33mclass[39m=[32m"MuiButtonBase-root MuiIconButton-root MuiIconButton-edgeEnd MuiIconButton-size
Small css-1eswsun-MuiButtonBase-root-MuiIconButton-root"[39m
                  [33mtabindex[39m=[32m"0"[39m
                  [33mtype[39m=[32m"button"[39m
                [36m>[39m
                  [36m<svg[39m
                    [33maria-hidden[39m=[32m"true"[39m
                    [33mclass[39m=[32m"MuiSvgIcon-root MuiSvgIcon-fontSizeSmall css-120dh41-MuiSvgIcon-root"[39m
                    [33mdata-testid[39m=[32m"DeleteIcon"[39m
                    [33mfocusable[39m=[32m"false"[39m
                    [33mviewBox[39m=[32m"0 0 24 24"[39m
                  [36m>[39m
                    [36m<path[39m
                      [33md[39m=[32m"M6 19c0 1.1.9 2 2 2h8c1.1 0 2-.9 2-2V7H6zM19 4h-3.5l-1-1h-5l-1 1H5v2h14z"[39m
                    [36m/>[39m
                  [36m</svg>[39m
                [36m</button>[39m
              [36m</div>[39m
            [36m</div>[39m
          [36m</li>[39m
        [36m</div>[39m
        [36m<div[39m
          [33mclass[39m=[32m"MuiBox-root css-0"[39m
        [36m>[39m
          [36m<hr[39m
            [33mclass[39m=[32m"MuiDivider-root MuiDivider-fullWidth css-1jpc804-MuiDivider-root"[39m
          [36m/>[39m
          [36m<li[39m
            [33mclass[39m=[32m"MuiListItem-root MuiListItem-gutters css-19f6boz-MuiListItem-root"[39m
          [36m>[39m
            [36m<div[39m
              [33mclass[39m=[32m"MuiButtonBase-root MuiListItemButton-root MuiListItemButton-gutters css-4bx69l-Mui
ButtonBase-root-MuiListItemButton-root"[39m
              [33mrole[39m=[32m"button"[39m
              [33mtabindex[39m=[32m"0"[39m
            [36m>[39m
              [36m<div[39m
                [33mclass[39m=[32m"MuiListItemText-root MuiListItemText-multiline css-14ln1j6-MuiListItemText-root"
[39m
              [36m>[39m
                [36m<h6[39m
                  [33mclass[39m=[32m"MuiTypography-root MuiTypography-subtitle2 MuiTypography-noWrap css-13k9d3g-Mu
iTypography-root"[39m
                [36m>[39m
                  [0m娴嬭瘯瀵硅瘽 2[0m
                [36m</h6>[39m
                [36m<p[39m
                  [33mclass[39m=[32m"MuiTypography-root MuiTypography-body2 MuiListItemText-secondary css-1a1whku-M
uiTypography-root"[39m
                [36m>[39m
                  [36m<span[39m
                    [33mclass[39m=[32m"MuiBox-root css-13o7eu2"[39m
                  [36m>[39m
                    [36m<span[39m
                      [33mclass[39m=[32m"MuiTypography-root MuiTypography-caption css-c1byjb-MuiTypography-root"[3
9m
                    [36m>[39m
                      [0m2026/06/02 16:30[0m
                    [36m</span>[39m
                    [36m<span[39m
                      [33mclass[39m=[32m"MuiTypography-root MuiTypography-caption MuiTypography-noWrap css-e64md-Mu
iTypography-root"[39m
                    [36m>[39m
                      [0m妯″瀷: [0m
                      [0mclaude-3[0m
                    [36m</span>[39m
                  [36m</span>[39m
                [36m</p>[39m
              [36m</div>[39m
              [36m<div[39m
                [33mclass[39m=[32m"MuiListItemSecondaryAction-root css-zezwi5-MuiListItemSecondaryAction-root"[39m
              [36m>[39m
                [36m<button[39m
                  [33maria-label[39m=[32m"鍒犻櫎"[39m
                  [33mclass[39m=[32m"MuiButtonBase-root MuiIconButton-root MuiIconButton-edgeEnd MuiIconButton-size
Small css-1eswsun-MuiButtonBase-root-MuiIconButton-root"[39m
                  [33mtabindex[39m=[32m"0"[39m
                  [33mtype[39m=[32m"button"[39m
                [36m>[39m
                  [36m<svg[39m
                    [33maria-hidden[39m=[32m"true"[39m
                    [33mclass[39m=[32m"MuiSvgIcon-root MuiSvgIcon-fontSizeSmall css-120dh41-MuiSvgIcon-root"[39m
                    [33mdata-testid[39m=[32m"DeleteIcon"[39m
                    [33mfocusable[39m=[32m"false"[39m
                    [33mviewBox[39m=[32m"0 0 24 24"[39m
                  [36m>[39m
                    [36m<path[39m
                      [33md[39m=[32m"M6 19c0 1.1.9 2 2 2h8c1.1 0 2-.9 2-2V7H6zM19 4h-3.5l-1-1h-5l-1 1H5v2h14z"[39m
                    [36m/>[39m
                  [36m</svg>[39m
                [36m</button>[39m
              [36m</div>[39m
            [36m</div>[39m
          [36m</li>[39m
        [36m</div>[39m
      [36m</ul>[39m
    [36m</div>[39m
    [36m<div[39m
      [33mdata-testid[39m=[32m"sentinelEnd"[39m
      [33mtabindex[39m=[32m"0"[39m
    [36m/>[39m
  [36m</div>[39m
[36m</body>[39m
[90m [2m鉂?[22m Object.getElementError node_modules/@testing-library/dom/dist/config.js:[2m37:19[22m[39m
[90m [2m鉂?[22m node_modules/@testing-library/dom/dist/query-helpers.js:[2m76:38[22m[39m
[90m [2m鉂?[22m node_modules/@testing-library/dom/dist/query-helpers.js:[2m52:17[22m[39m
[90m [2m鉂?[22m node_modules/@testing-library/dom/dist/query-helpers.js:[2m95:19[22m[39m
[36m [2m鉂?[22m src/components/__tests__/HistorySidebar.test.tsx:[2m306:21[22m[39m
    [90m304| [39m      )
    [90m305| [39m      
    [90m306| [39m      [34mexpect[39m(screen[33m.[39m[34mgetByText[39m([32m'4 鏉℃秷鎭?[39m))[33m.[39m[34mtoB
eInTheDocument[39m()
    [90m   | [39m                    [31m^[39m
    [90m307| [39m      [34mexpect[39m(screen[33m.[39m[34mgetByText[39m([32m'2 鏉℃秷鎭?[39m))[33m.[39m[34mtoB
eInTheDocument[39m()
    [90m308| [39m    })

[31m[2m鈳幆鈳幆鈳幆鈳幆鈳幆鈳幆鈳幆鈳幆鈳幆鈳幆鈳幆[24/34]鈳?[22m[39m

[31m[1m[7m FAIL [27m[22m[39m src/components/__tests__/HistorySidebar.test.tsx[2m > [22mHistorySidebar 缁勪欢娴嬭瘯[
2m > [22m杈圭晫鎯呭喌[2m > [22m澶勭悊闆舵秷鎭殑鍘嗗彶璁板綍
[31m[1mTestingLibraryElementError[22m[39m: Unable to find an element with the text: 0 鏉℃秷鎭? This could be because 
the text is broken up by multiple elements. In this case, you can provide a function for your text matcher to make you
r matcher more flexible.

Ignored nodes: comments, script, style
[36m<body[39m
  [33mstyle[39m=[32m"padding-right: 1024px; overflow: hidden;"[39m
[36m>[39m
  [36m<div[39m
    [33maria-hidden[39m=[32m"true"[39m
  [36m/>[39m
  [36m<div[39m
    [33mclass[39m=[32m"MuiDrawer-root MuiDrawer-anchorRight MuiDrawer-modal MuiModal-root css-2soe65-MuiModal-root-
MuiDrawer-root"[39m
    [33mrole[39m=[32m"presentation"[39m
  [36m>[39m
    [36m<div[39m
      [33maria-hidden[39m=[32m"true"[39m
      [33mclass[39m=[32m"MuiBackdrop-root MuiModal-backdrop css-4nmryk-MuiBackdrop-root-MuiModal-backdrop"[39m
      [33mstyle[39m=[32m"opacity: 1; transition: opacity 225ms cubic-bezier(0.4, 0, 0.2, 1) 0ms;"[39m
    [36m/>[39m
    [36m<div[39m
      [33mdata-testid[39m=[32m"sentinelStart"[39m
      [33mtabindex[39m=[32m"0"[39m
    [36m/>[39m
    [36m<div[39m
      [33maria-modal[39m=[32m"true"[39m
      [33mclass[39m=[32m"MuiPaper-root MuiPaper-elevation MuiPaper-elevation16 MuiDrawer-paper css-3oyii0-MuiPaper-
root-MuiDrawer-paper"[39m
      [33mdata-mui-focusable[39m=[32m""[39m
      [33mrole[39m=[32m"dialog"[39m
      [33mstyle[39m=[32m"--Paper-shadow: 0px 8px 10px -5px rgba(0,0,0,0.2),0px 16px 24px 2px rgba(0,0,0,0.14),0px 6
px 30px 5px rgba(0,0,0,0.12);"[39m
      [33mtabindex[39m=[32m"-1"[39m
    [36m>[39m
      [36m<div[39m
        [33mclass[39m=[32m"MuiBox-root css-r6rj31"[39m
      [36m>[39m
        [36m<h2[39m
          [33mclass[39m=[32m"MuiTypography-root MuiTypography-h6 css-1miy0lu-MuiTypography-root"[39m
        [36m>[39m
          [0m鍘嗗彶璁板綍[0m
        [36m</h2>[39m
      [36m</div>[39m
      [36m<ul[39m
        [33mclass[39m=[32m"MuiList-root MuiList-padding css-pdefri-MuiList-root"[39m
      [36m>[39m
        [36m<div[39m
          [33mclass[39m=[32m"MuiBox-root css-0"[39m
        [36m>[39m
          [36m<li[39m
            [33mclass[39m=[32m"MuiListItem-root MuiListItem-gutters css-19f6boz-MuiListItem-root"[39m
          [36m>[39m
            [36m<div[39m
              [33mclass[39m=[32m"MuiButtonBase-root MuiListItemButton-root MuiListItemButton-gutters css-4bx69l-Mui
ButtonBase-root-MuiListItemButton-root"[39m
              [33mrole[39m=[32m"button"[39m
              [33mtabindex[39m=[32m"0"[39m
            [36m>[39m
              [36m<div[39m
                [33mclass[39m=[32m"MuiListItemText-root MuiListItemText-multiline css-14ln1j6-MuiListItemText-root"
[39m
              [36m>[39m
                [36m<h6[39m
                  [33mclass[39m=[32m"MuiTypography-root MuiTypography-subtitle2 MuiTypography-noWrap css-13k9d3g-Mu
iTypography-root"[39m
                [36m>[39m
                  [0m绌哄璇?[0m
                [36m</h6>[39m
                [36m<p[39m
                  [33mclass[39m=[32m"MuiTypography-root MuiTypography-body2 MuiListItemText-secondary css-1a1whku-M
uiTypography-root"[39m
                [36m>[39m
                  [36m<span[39m
                    [33mclass[39m=[32m"MuiBox-root css-13o7eu2"[39m
                  [36m>[39m
                    [36m<span[39m
                      [33mclass[39m=[32m"MuiTypography-root MuiTypography-caption css-c1byjb-MuiTypography-root"[3
9m
                    [36m>[39m
                      [0m2026/06/02 18:30[0m
                    [36m</span>[39m
                    [36m<span[39m
                      [33mclass[39m=[32m"MuiTypography-root MuiTypography-caption MuiTypography-noWrap css-e64md-Mu
iTypography-root"[39m
                    [36m>[39m
                      [0m妯″瀷: [0m
                      [0mgpt-4[0m
                    [36m</span>[39m
                  [36m</span>[39m
                [36m</p>[39m
              [36m</div>[39m
              [36m<div[39m
                [33mclass[39m=[32m"MuiListItemSecondaryAction-root css-zezwi5-MuiListItemSecondaryAction-root"[39m
              [36m>[39m
                [36m<button[39m
                  [33maria-label[39m=[32m"鍒犻櫎"[39m
                  [33mclass[39m=[32m"MuiButtonBase-root MuiIconButton-root MuiIconButton-edgeEnd MuiIconButton-size
Small css-1eswsun-MuiButtonBase-root-MuiIconButton-root"[39m
                  [33mtabindex[39m=[32m"0"[39m
                  [33mtype[39m=[32m"button"[39m
                [36m>[39m
                  [36m<svg[39m
                    [33maria-hidden[39m=[32m"true"[39m
                    [33mclass[39m=[32m"MuiSvgIcon-root MuiSvgIcon-fontSizeSmall css-120dh41-MuiSvgIcon-root"[39m
                    [33mdata-testid[39m=[32m"DeleteIcon"[39m
                    [33mfocusable[39m=[32m"false"[39m
                    [33mviewBox[39m=[32m"0 0 24 24"[39m
                  [36m>[39m
                    [36m<path[39m
                      [33md[39m=[32m"M6 19c0 1.1.9 2 2 2h8c1.1 0 2-.9 2-2V7H6zM19 4h-3.5l-1-1h-5l-1 1H5v2h14z"[39m
                    [36m/>[39m
                  [36m</svg>[39m
                [36m</button>[39m
              [36m</div>[39m
            [36m</div>[39m
          [36m</li>[39m
        [36m</div>[39m
      [36m</ul>[39m
    [36m</div>[39m
    [36m<div[39m
      [33mdata-testid[39m=[32m"sentinelEnd"[39m
      [33mtabindex[39m=[32m"0"[39m
    [36m/>[39m
  [36m</div>[39m
[36m</body>[39m
[90m [2m鉂?[22m Object.getElementError node_modules/@testing-library/dom/dist/config.js:[2m37:19[22m[39m
[90m [2m鉂?[22m node_modules/@testing-library/dom/dist/query-helpers.js:[2m76:38[22m[39m
[90m [2m鉂?[22m node_modules/@testing-library/dom/dist/query-helpers.js:[2m52:17[22m[39m
[90m [2m鉂?[22m node_modules/@testing-library/dom/dist/query-helpers.js:[2m95:19[22m[39m
[36m [2m鉂?[22m src/components/__tests__/HistorySidebar.test.tsx:[2m357:21[22m[39m
    [90m355| [39m      )
    [90m356| [39m      
    [90m357| [39m      [34mexpect[39m(screen[33m.[39m[34mgetByText[39m([32m'0 鏉℃秷鎭?[39m))[33m.[39m[34mtoB
eInTheDocument[39m()
    [90m   | [39m                    [31m^[39m
    [90m358| [39m    })
    [90m359| [39m  })

[31m[2m鈳幆鈳幆鈳幆鈳幆鈳幆鈳幆鈳幆鈳幆鈳幆鈳幆鈳幆[25/34]鈳?[22m[39m

[31m[1m[7m FAIL [27m[22m[39m src/components/__tests__/SaveHistoryDialog.test.tsx[2m > [22mSaveHistoryDialog 缁勪
欢娴嬭瘯[2m > [22m榛樿鍚嶇О鑷姩鐢熸垚[2m > [22m寮圭獥鎵撳紑鏃惰嚜鍔ㄧ敓鎴愰粯璁ゅ悕绉?[31m[1mError[22m: [2mexpect([22m[31melement[31m[2m
).toHaveValue([22m[32mStringMatching[31m[2m)[22m

Expected the element to have value:
[32m  StringMatching /^鏂颁細璇?\d{2}\/\d{2} \d{2}:\d{2}$/[31m
Received:
[31m  鏂颁細璇?06/02 18:30[31m[39m
[36m [2m鉂?[22m src/components/__tests__/SaveHistoryDialog.test.tsx:[2m64:21[22m[39m
    [90m 62| [39m
    [90m 63| [39m      [35mconst[39m input [33m=[39m screen[33m.[39m[34mgetByRole[39m([32m'textbox'[39m)
    [90m 64| [39m      [34mexpect[39m(input)[33m.[39m[34mtoHaveValue[39m(expect[33m.[39m[34mstringMatching
[39m([36m/^鏂颁細璇?\d{2}\/[39m鈥?    [90m   | [39m                    [31m^[39m
    [90m 65| [39m    })
    [90m 66| [39m

[31m[2m鈳幆鈳幆鈳幆鈳幆鈳幆鈳幆鈳幆鈳幆鈳幆鈳幆鈳幆[26/34]鈳?[22m[39m

[31m[1m[7m FAIL [27m[22m[39m src/components/__tests__/SaveHistoryDialog.test.tsx[2m > [22mSaveHistoryDialog 缁勪
欢娴嬭瘯[2m > [22m杈撳叆妗嗕氦浜?[2m > [22m鏄剧ず姝ｇ‘鐨勬爣绛?[31m[1mTestingLibraryElementError[22m[39m: Found multiple elements w
ith the text: 浼氳瘽鍚嶇О

Here are the matching elements:

Ignored nodes: comments, script, style
[36m<label[39m
  [33mclass[39m=[32m"MuiFormLabel-root MuiInputLabel-root MuiInputLabel-formControl MuiInputLabel-animated MuiInput
Label-shrink MuiInputLabel-outlined MuiFormLabel-colorPrimary MuiFormLabel-filled Mui-focused MuiInputLabel-root MuiIn
putLabel-formControl MuiInputLabel-animated MuiInputLabel-shrink MuiInputLabel-outlined css-113d811-MuiFormLabel-root-
MuiInputLabel-root"[39m
  [33mdata-shrink[39m=[32m"true"[39m
  [33mfor[39m=[32m"_r_u_"[39m
  [33mid[39m=[32m"_r_u_-label"[39m
[36m>[39m
  [0m浼氳瘽鍚嶇О[0m
[36m</label>[39m

Ignored nodes: comments, script, style
[36m<span>[39m
  [0m浼氳瘽鍚嶇О[0m
[36m</span>[39m

(If this is intentional, then use the `*AllBy*` variant of the query (like `queryAllByText`, `getAllByText`, or `findA
llByText`)).

Ignored nodes: comments, script, style
[36m<body[39m
  [33mstyle[39m=[32m"padding-right: 1024px; overflow: hidden;"[39m
[36m>[39m
  [36m<div[39m
    [33maria-hidden[39m=[32m"true"[39m
  [36m/>[39m
  [36m<div[39m
    [33mclass[39m=[32m"MuiDialog-root MuiModal-root css-1424xw8-MuiModal-root-MuiDialog-root"[39m
    [33mrole[39m=[32m"presentation"[39m
  [36m>[39m
    [36m<div[39m
      [33maria-hidden[39m=[32m"true"[39m
      [33mclass[39m=[32m"MuiBackdrop-root MuiModal-backdrop MuiDialog-backdrop css-1cennmq-MuiBackdrop-root-MuiDial
og-backdrop"[39m
      [33mstyle[39m=[32m"opacity: 1; transition: opacity 225ms cubic-bezier(0.4, 0, 0.2, 1) 0ms;"[39m
    [36m/>[39m
    [36m<div[39m
      [33mdata-testid[39m=[32m"sentinelStart"[39m
      [33mtabindex[39m=[32m"0"[39m
    [36m/>[39m
    [36m<div[39m
      [33mclass[39m=[32m"MuiDialog-container MuiDialog-scrollPaper css-19do60a-MuiDialog-container"[39m
      [33mrole[39m=[32m"presentation"[39m
      [33mstyle[39m=[32m"opacity: 1; transition: opacity 225ms cubic-bezier(0.4, 0, 0.2, 1) 0ms;"[39m
      [33mtabindex[39m=[32m"-1"[39m
    [36m>[39m
      [36m<div[39m
        [33maria-labelledby[39m=[32m"_r_t_"[39m
        [33maria-modal[39m=[32m"true"[39m
        [33mclass[39m=[32m"MuiPaper-root MuiPaper-elevation MuiPaper-rounded MuiPaper-elevation24 MuiDialog-paper M
uiDialog-paperWidthSm MuiDialog-paperFullWidth css-1r46z6h-MuiPaper-root-MuiDialog-paper"[39m
        [33mdata-mui-focusable[39m=[32m""[39m
        [33mrole[39m=[32m"dialog"[39m
        [33mstyle[39m=[32m"--Paper-shadow: 0px 11px 15px -7px rgba(0,0,0,0.2),0px 24px 38px 3px rgba(0,0,0,0.14),0p
x 9px 46px 8px rgba(0,0,0,0.12);"[39m
        [33mtabindex[39m=[32m"-1"[39m
      [36m>[39m
        [36m<h2[39m
          [33mclass[39m=[32m"MuiTypography-root MuiTypography-h6 MuiDialogTitle-root css-rvoa5x-MuiTypography-root-
MuiDialogTitle-root"[39m
          [33mid[39m=[32m"_r_t_"[39m
        [36m>[39m
          [0m淇濆瓨鍒板巻鍙茶褰?[0m
        [36m</h2>[39m
        [36m<div[39m
          [33mclass[39m=[32m"MuiDialogContent-root css-kw13he-MuiDialogContent-root"[39m
        [36m>[39m
          [36m<div[39m
            [33mclass[39m=[32m"MuiFormControl-root MuiFormControl-marginDense MuiFormControl-fullWidth MuiTextField
-root css-xanwcj-MuiFormControl-root-MuiTextField-root"[39m
          [36m>[39m
            [36m<label[39m
              [33mclass[39m=[32m"MuiFormLabel-root MuiInputLabel-root MuiInputLabel-formControl MuiInputLabel-anima
ted MuiInputLabel-shrink MuiInputLabel-outlined MuiFormLabel-colorPrimary MuiFormLabel-filled Mui-focused MuiInputLabe
l-root MuiInputLabel-formControl MuiInputLabel-animated MuiInputLabel-shrink MuiInputLabel-outlined css-113d811-MuiFor
mLabel-root-MuiInputLabel-root"[39m
              [33mdata-shrink[39m=[32m"true"[39m
              [33mfor[39m=[32m"_r_u_"[39m
              [33mid[39m=[32m"_r_u_-label"[39m
            [36m>[39m
              [0m浼氳瘽鍚嶇О[0m
            [36m</label>[39m
            [36m<div[39m
              [33mclass[39m=[32m"MuiInputBase-root MuiOutlinedInput-root MuiInputBase-colorPrimary MuiInputBase-ful
lWidth Mui-focused MuiInputBase-formControl css-1blp12k-MuiInputBase-root-MuiOutlinedInput-root"[39m
            [36m>[39m
              [36m<input[39m
                [33maria-invalid[39m=[32m"false"[39m
                [33mclass[39m=[32m"MuiInputBase-input MuiOutlinedInput-input css-16wblaj-MuiInputBase-input-MuiOutl
inedInput-input"[39m
                [33mid[39m=[32m"_r_u_"[39m
                [33mplaceholder[39m=[32m"璇疯緭鍏ヤ細璇濆悕绉?[39m
                [33mtype[39m=[32m"text"[39m
                [33mvalue[39m=[32m"鏂颁細璇?06/02 18:30"[39m
              [36m/>[39m
              [36m<fieldset[39m
                [33maria-hidden[39m=[32m"true"[39m
                [33mclass[39m=[32m"MuiOutlinedInput-notchedOutline css-18p5xg2-MuiNotchedOutlined-root-MuiOutlinedI
nput-notchedOutline"[39m
              [36m>[39m
                [36m<legend[39m
                  [33mclass[39m=[32m"css-ex8a5f-MuiNotchedOutlined-root"[39m
                [36m>[39m
                  [36m<span>[39m
                    [0m浼氳瘽鍚嶇О[0m
                  [36m</span>[39m
                [36m</legend>[39m
              [36m</fieldset>[39m
            [36m</div>[39m
          [36m</div>[39m
        [36m</div>[39m
        [36m<div[39m
          [33mclass[39m=[32m"MuiDialogActions-root MuiDialogActions-spacing css-15fu35s-MuiDialogActions-root"[39m
        [36m>[39m
          [36m<button[39m
            [33mclass[39m=[32m"MuiButtonBase-root MuiButton-root MuiButton-text MuiButton-sizeMedium MuiButton-colo
rPrimary css-1uent87-MuiButtonBase-root-MuiButton-root"[39m
            [33mtabindex[39m=[32m"0"[39m
            [33mtype[39m=[32m"button"[39m
          [36m>[39m
            [0m鍙栨秷[0m
          [36m</button>[39m
          [36m<button[39m
            [33mclass[39m=[32m"MuiButtonBase-root MuiButton-root MuiButton-contained MuiButton-sizeMedium MuiButton
-colorPrimary css-74d805-MuiButtonBase-root-MuiButton-root"[39m
            [33mtabindex[39m=[32m"0"[39m
            [33mtype[39m=[32m"button"[39m
          [36m>[39m
            [0m淇濆瓨[0m
          [36m</button>[39m
        [36m</div>[39m
      [36m</div>[39m
    [36m</div>[39m
    [36m<div[39m
      [33mdata-testid[39m=[32m"sentinelEnd"[39m
      [33mtabindex[39m=[32m"0"[39m
    [36m/>[39m
  [36m</div>[39m
[36m</body>[39m
[90m [2m鉂?[22m Object.getElementError node_modules/@testing-library/dom/dist/config.js:[2m37:19[22m[39m
[90m [2m鉂?[22m getElementError node_modules/@testing-library/dom/dist/query-helpers.js:[2m20:35[22m[39m
[90m [2m鉂?[22m getMultipleElementsFoundError node_modules/@testing-library/dom/dist/query-helpers.js:[2m23:10[22m
[39m
[90m [2m鉂?[22m node_modules/@testing-library/dom/dist/query-helpers.js:[2m55:13[22m[39m
[90m [2m鉂?[22m node_modules/@testing-library/dom/dist/query-helpers.js:[2m95:19[22m[39m
[36m [2m鉂?[22m src/components/__tests__/SaveHistoryDialog.test.tsx:[2m135:21[22m[39m
    [90m133| [39m      )
    [90m134| [39m
    [90m135| [39m      [34mexpect[39m(screen[33m.[39m[34mgetByText[39m([32m'浼氳瘽鍚嶇О'[39m))[33m.[39m[34mtoB
eInTheDocument[39m()
    [90m   | [39m                    [31m^[39m
    [90m136| [39m    })
    [90m137| [39m  })

[31m[2m鈳幆鈳幆鈳幆鈳幆鈳幆鈳幆鈳幆鈳幆鈳幆鈳幆鈳幆[27/34]鈳?[22m[39m

[31m[1m[7m FAIL [27m[22m[39m src/components/__tests__/StreamingResponse.test.tsx[2m > [22mStreamingResponse 缁勪
欢娴嬭瘯[2m > [22mstreaming 鐘舵€佸姩鎬佹洿鏂?[2m > [22mstreaming 鐘舵€佹樉绀哄姞杞芥寚绀哄櫒
[31m[1mTestingLibraryElementError[22m: Unable to find an accessible element with the role "progressbar"

Here are the accessible roles:

  paragraph:

  Name "":
  [36m<p />[31m

  --------------------------------------------------

Ignored nodes: comments, script, style
[36m<body>[31m
  [36m<div>[31m
    [36m<div[31m
      [33mclass[31m=[32m"MuiBox-root css-d63qe"[31m
    [36m>[31m
      [36m<p>[31m
        [0m姝ｅ湪杈撳叆[0m
      [36m</p>[31m
      [36m<span[31m
        [33mclass[31m=[32m"MuiBox-root css-8lufou"[31m
      [36m/>[31m
    [36m</div>[31m
  [36m</div>[31m
[36m</body>[31m[39m
[90m [2m鉂?[22m Object.getElementError node_modules/@testing-library/dom/dist/config.js:[2m37:19[22m[39m
[90m [2m鉂?[22m node_modules/@testing-library/dom/dist/query-helpers.js:[2m76:38[22m[39m
[90m [2m鉂?[22m node_modules/@testing-library/dom/dist/query-helpers.js:[2m52:17[22m[39m
[90m [2m鉂?[22m node_modules/@testing-library/dom/dist/query-helpers.js:[2m95:19[22m[39m
[36m [2m鉂?[22m src/components/__tests__/StreamingResponse.test.tsx:[2m336:21[22m[39m
    [90m334| [39m      [34mrender[39m([33m<[39m[33mStreamingResponse[39m [33mmodelStatus[39m[33m=[39m[33m
{[39mmodelStatus[33m}[39m [33m/[39m[33m>[39m)
    [90m335| [39m      
    [90m336| [39m      [34mexpect[39m(screen[33m.[39m[34mgetByRole[39m([32m'progressbar'[39m))[33m.[39m[3
4mtoBeInTheDocument[39m()
    [90m   | [39m                    [31m^[39m
    [90m337| [39m    })
    [90m338| [39m  })

[31m[2m鈳幆鈳幆鈳幆鈳幆鈳幆鈳幆鈳幆鈳幆鈳幆鈳幆鈳幆[28/34]鈳?[22m[39m

[31m[1m[7m FAIL [27m[22m[39m src/pages/__tests__/ModelConfigPanel.test.tsx[2m > [22mModelConfigPanel 椤甸潰娴嬭瘯[2
m > [22m鍒濆鍔犺浇鐘舵€?[2m > [22m鍔犺浇瀹屾垚鍚庢樉绀烘ā鍨嬪垪琛?[31m[1mTestingLibraryElementError[22m[39m: Unable to find an elemen
t with the text: gpt-4. This could be because the text is broken up by multiple elements. In this case, you can provid
e a function for your text matcher to make your matcher more flexible.

Ignored nodes: comments, script, style
[36m<body>[39m
  [36m<div>[39m
    [36m<div[39m
      [33mclass[39m=[32m"MuiBox-root css-19kzrtu"[39m
    [36m>[39m
      [36m<div[39m
        [33mclass[39m=[32m"MuiBox-root css-1gbbedy"[39m
      [36m>[39m
        [36m<div[39m
          [33mclass[39m=[32m"MuiBox-root css-axw7ok"[39m
        [36m>[39m
          [36m<svg[39m
            [33maria-hidden[39m=[32m"true"[39m
            [33mclass[39m=[32m"MuiSvgIcon-root MuiSvgIcon-colorPrimary MuiSvgIcon-fontSizeMedium css-1wtp6o0-MuiSvg
Icon-root"[39m
            [33mdata-testid[39m=[32m"SettingsIcon"[39m
            [33mfocusable[39m=[32m"false"[39m
            [33mviewBox[39m=[32m"0 0 24 24"[39m
          [36m>[39m
            [36m<path[39m
              [33md[39m=[32m"M19.14 12.94c.04-.3.06-.61.06-.94 0-.32-.02-.64-.07-.94l2.03-1.58c.18-.14.23-.41.12-.6
1l-1.92-3.32c-.12-.22-.37-.29-.59-.22l-2.39.96c-.5-.38-1.03-.7-1.62-.94l-.36-2.54c-.04-.24-.24-.41-.48-.41h-3.84c-.24 
0-.43.17-.47.41l-.36 2.54c-.59.24-1.13.57-1.62.94l-2.39-.96c-.22-.08-.47 0-.59.22L2.74 8.87c-.12.21-.08.47.12.61l2.03 
1.58c-.05.3-.09.63-.09.94s.02.64.07.94l-2.03 1.58c-.18.14-.23.41-.12.61l1.92 3.32c.12.22.37.29.59.22l2.39-.96c.5.38 1.
03.7 1.62.94l.36 2.54c.05.24.24.41.48.41h3.84c.24 0 .44-.17.47-.41l.36-2.54c.59-.24 1.13-.56 1.62-.94l2.39.96c.22.08.4
7 0 .59-.22l1.92-3.32c.12-.22.07-.47-.12-.61zM12 15.6c-1.98 0-3.6-1.62-3.6-3.6s1.62-3.6 3.6-3.6 3.6 1.62 3.6 3.6-1.62 
3.6-3.6 3.6"[39m
            [36m/>[39m
          [36m</svg>[39m
          [36m<h2[39m
            [33mclass[39m=[32m"MuiTypography-root MuiTypography-h5 css-16xl4zq-MuiTypography-root"[39m
          [36m>[39m
            [0m妯″瀷閰嶇疆绠＄悊[0m
          [36m</h2>[39m
        [36m</div>[39m
        [36m<button[39m
          [33mclass[39m=[32m"MuiButtonBase-root MuiButton-root MuiButton-contained MuiButton-sizeMedium MuiButton-c
olorPrimary css-11p8w26-MuiButtonBase-root-MuiButton-root"[39m
          [33mtabindex[39m=[32m"0"[39m
          [33mtype[39m=[32m"button"[39m
        [36m>[39m
          [36m<span[39m
            [33mclass[39m=[32m"MuiButton-icon MuiButton-startIcon css-1sh91j5-MuiButton-startIcon"[39m
          [36m>[39m
            [36m<svg[39m
              [33maria-hidden[39m=[32m"true"[39m
              [33mclass[39m=[32m"MuiSvgIcon-root MuiSvgIcon-fontSizeMedium css-1umw9bq-MuiSvgIcon-root"[39m
              [33mdata-testid[39m=[32m"AddIcon"[39m
              [33mfocusable[39m=[32m"false"[39m
              [33mviewBox[39m=[32m"0 0 24 24"[39m
            [36m>[39m
              [36m<path[39m
                [33md[39m=[32m"M19 13h-6v6h-2v-6H5v-2h6V5h2v6h6z"[39m
              [36m/>[39m
            [36m</svg>[39m
          [36m</span>[39m
          [0m娣诲姞妯″瀷[0m
        [36m</button>[39m
      [36m</div>[39m
      [36m<p[39m
        [33mclass[39m=[32m"MuiTypography-root MuiTypography-body2 css-1tty75b-MuiTypography-root"[39m
      [36m>[39m
        [0m鍦ㄦ椤甸潰鍙互鏌ョ湅鎵€鏈夊彲鐢ㄦā鍨嬶紝骞跺惎鐢ㄦ垨绂佺敤妯″瀷銆傜鐢ㄧ殑妯″瀷灏嗕笉鍙備笌瀵硅瘽璇锋眰銆?[0m
      [36m</p>[39m
      [36m<div[39m
        [33mclass[39m=[32m"MuiBox-root css-j28lqh"[39m
      [36m>[39m
        [36m<div[39m
          [33mclass[39m=[32m"MuiPaper-root MuiPaper-outlined MuiPaper-rounded MuiCard-root css-11id8nm-MuiPaper-roo
t-MuiCard-root"[39m
        [36m>[39m
          [36m<div[39m
            [33mclass[39m=[32m"MuiCardContent-root css-1lt5qva-MuiCardContent-root"[39m
          [36m>[39m
            [36m<div[39m
              [33mclass[39m=[32m"MuiBox-root css-lhftxy"[39m
            [36m>[39m
              [36m<div[39m
                [33mclass[39m=[32m"MuiBox-root css-0"[39m
              [36m>[39m
                [36m<div[39m
                  [33mclass[39m=[32m"MuiTypography-root MuiTypography-h6 css-1miy0lu-MuiTypography-root"[39m
                [36m>[39m
                  [0mGPT-4[0m
                [36m</div>[39m
                [36m<span[39m
                  [33mclass[39m=[32m"MuiTypography-root MuiTypography-caption css-mpaqru-MuiTypography-root"[39m
                [36m>[39m
                  [0mID: [0m
                  [0mgpt-4[0m
                [36m</span>[39m
              [36m</div>[39m
              [36m<div[39m
                [33mclass[39m=[32m"MuiChip-root MuiChip-filled MuiChip-sizeSmall MuiChip-colorSuccess css-106f2r9-M
uiChip-root"[39m
              [36m>[39m
                [36m<span[39m
                  [33mclass[39m=[32m"MuiChip-label css-eccknh-MuiChip-label"[39m
                [36m>[39m
                  [0m鍙敤[0m
                [36m</span>[39m
              [36m</div>[39m
            [36m</div>[39m
            [36m<div[39m
              [33mclass[39m=[32m"MuiBox-root css-1qm1lh"[39m
            [36m>[39m
              [36m<p[39m
                [33mclass[39m=[32m"MuiTypography-root MuiTypography-body2 MuiTypography-gutterBottom css-ytim1c-Mui
Typography-root"[39m
              [36m>[39m
                [0mProvider: [0m
                [0mopenai[0m
              [36m</p>[39m
              [36m<p[39m
                [33mclass[39m=[32m"MuiTypography-root MuiTypography-body2 MuiTypography-gutterBottom css-ytim1c-Mui
Typography-root"[39m
              [36m>[39m
                [0mEndpoint: [0m
                [0mhttps://api.openai.com/v1/chat/completions[0m
              [36m</p>[39m
              [36m<p[39m
                [33mclass[39m=[32m"MuiTypography-root MuiTypography-body2 MuiTypography-gutterBottom css-ytim1c-Mui
Typography-root"[39m
              [36m>[39m
                [0mAPI鏍煎紡: [0m
                [0mOpenAI[0m
              [36m</p>[39m
            [36m</div>[39m
            [36m<div[39m
              [33mclass[39m=[32m"MuiBox-root css-69i1ev"[39m
            [36m>[39m
              [36m<span[39m
                [33mclass[39m=[32m"MuiSwitch-root MuiSwitch-sizeMedium css-rehya9-MuiSwitch-root"[39m
              [36m>[39m
                [36m<span[39m
                  [33mclass[39m=[32m"MuiButtonBase-root MuiSwitch-switchBase MuiSwitch-colorPrimary Mui-checked Pri
vateSwitchBase-root MuiSwitch-switchBase MuiSwitch-colorPrimary Mui-checked Mui-checked css-aqlqb4-MuiButtonBase-root-
MuiSwitchBase-root-MuiSwitch-switchBase"[39m
                [36m>[39m
                  [36m<input[39m
                    [33mchecked[39m=[32m""[39m
                    [33mclass[39m=[32m"PrivateSwitchBase-input MuiSwitch-input css-12xagqm-MuiSwitchBase-root"[39m
                    [33mrole[39m=[32m"switch"[39m
                    [33mtype[39m=[32m"checkbox"[39m
                  [36m/>[39m
                  [36m<span[39m
                    [33mclass[39m=[32m"MuiSwitch-thumb css-1mw77bv-MuiSwitch-thumb"[39m
                  [36m/>[39m
                [36m</span>[39m
                [36m<span[39m
                  [33mcla...

Ignored nodes: comments, script, style
[36m<html>[39m
  [36m<head>[39m
    [36m<meta[39m
      [33mcontent[39m=[32m""[39m
      [33mname[39m=[32m"emotion-insertion-point"[39m
    [36m/>[39m
  [36m</head>[39m
  [36m<body>[39m
    [36m<div>[39m
      [36m<div[39m
        [33mclass[39m=[32m"MuiBox-root css-19kzrtu"[39m
      [36m>[39m
        [36m<div[39m
          [33mclass[39m=[32m"MuiBox-root css-1gbbedy"[39m
        [36m>[39m
          [36m<div[39m
            [33mclass[39m=[32m"MuiBox-root css-axw7ok"[39m
          [36m>[39m
            [36m<svg[39m
              [33maria-hidden[39m=[32m"true"[39m
              [33mclass[39m=[32m"MuiSvgIcon-root MuiSvgIcon-colorPrimary MuiSvgIcon-fontSizeMedium css-1wtp6o0-MuiS
vgIcon-root"[39m
              [33mdata-testid[39m=[32m"SettingsIcon"[39m
              [33mfocusable[39m=[32m"false"[39m
              [33mviewBox[39m=[32m"0 0 24 24"[39m
            [36m>[39m
              [36m<path[39m
                [33md[39m=[32m"M19.14 12.94c.04-.3.06-.61.06-.94 0-.32-.02-.64-.07-.94l2.03-1.58c.18-.14.23-.41.12-
.61l-1.92-3.32c-.12-.22-.37-.29-.59-.22l-2.39.96c-.5-.38-1.03-.7-1.62-.94l-.36-2.54c-.04-.24-.24-.41-.48-.41h-3.84c-.2
4 0-.43.17-.47.41l-.36 2.54c-.59.24-1.13.57-1.62.94l-2.39-.96c-.22-.08-.47 0-.59.22L2.74 8.87c-.12.21-.08.47.12.61l2.0
3 1.58c-.05.3-.09.63-.09.94s.02.64.07.94l-2.03 1.58c-.18.14-.23.41-.12.61l1.92 3.32c.12.22.37.29.59.22l2.39-.96c.5.38 
1.03.7 1.62.94l.36 2.54c.05.24.24.41.48.41h3.84c.24 0 .44-.17.47-.41l.36-2.54c.59-.24 1.13-.56 1.62-.94l2.39.96c.22.08
.47 0 .59-.22l1.92-3.32c.12-.22.07-.47-.12-.61zM12 15.6c-1.98 0-3.6-1.62-3.6-3.6s1.62-3.6 3.6-3.6 3.6 1.62 3.6 3.6-1.6
2 3.6-3.6 3.6"[39m
              [36m/>[39m
            [36m</svg>[39m
            [36m<h2[39m
              [33mclass[39m=[32m"MuiTypography-root MuiTypography-h5 css-16xl4zq-MuiTypography-root"[39m
            [36m>[39m
              [0m妯″瀷閰嶇疆绠＄悊[0m
            [36m</h2>[39m
          [36m</div>[39m
          [36m<button[39m
            [33mclass[39m=[32m"MuiButtonBase-root MuiButton-root MuiButton-contained MuiButton-sizeMedium MuiButton
-colorPrimary css-11p8w26-MuiButtonBase-root-MuiButton-root"[39m
            [33mtabindex[39m=[32m"0"[39m
            [33mtype[39m=[32m"button"[39m
          [36m>[39m
            [36m<span[39m
              [33mclass[39m=[32m"MuiButton-icon MuiButton-startIcon css-1sh91j5-MuiButton-startIcon"[39m
            [36m>[39m
              [36m<svg[39m
                [33maria-hidden[39m=[32m"true"[39m
                [33mclass[39m=[32m"MuiSvgIcon-root MuiSvgIcon-fontSizeMedium css-1umw9bq-MuiSvgIcon-root"[39m
                [33mdata-testid[39m=[32m"AddIcon"[39m
                [33mfocusable[39m=[32m"false"[39m
                [33mviewBox[39m=[32m"0 0 24 24"[39m
              [36m>[39m
                [36m<path[39m
                  [33md[39m=[32m"M19 13h-6v6h-2v-6H5v-2h6V5h2v6h6z"[39m
                [36m/>[39m
              [36m</svg>[39m
            [36m</span>[39m
            [0m娣诲姞妯″瀷[0m
          [36m</button>[39m
        [36m</div>[39m
        [36m<p[39m
          [33mclass[39m=[32m"MuiTypography-root MuiTypography-body2 css-1tty75b-MuiTypography-root"[39m
        [36m>[39m
          [0m鍦ㄦ椤甸潰鍙互鏌ョ湅鎵€鏈夊彲鐢ㄦā鍨嬶紝骞跺惎鐢ㄦ垨绂佺敤妯″瀷銆傜鐢ㄧ殑妯″瀷灏嗕笉鍙備笌瀵硅瘽璇锋眰銆?[0m
        [36m</p>[39m
        [36m<div[39m
          [33mclass[39m=[32m"MuiBox-root css-j28lqh"[39m
        [36m>[39m
          [36m<div[39m
            [33mclass[39m=[32m"MuiPaper-root MuiPaper-outlined MuiPaper-rounded MuiCard-root css-11id8nm-MuiPaper-r
oot-MuiCard-root"[39m
          [36m>[39m
            [36m<div[39m
              [33mclass[39m=[32m"MuiCardContent-root css-1lt5qva-MuiCardContent-root"[39m
            [36m>[39m
              [36m<div[39m
                [33mclass[39m=[32m"MuiBox-root css-lhftxy"[39m
              [36m>[39m
                [36m<div[39m
                  [33mclass[39m=[32m"MuiBox-root css-0"[39m
                [36m>[39m
                  [36m<div[39m
                    [33mclass[39m=[32m"MuiTypography-root MuiTypography-h6 css-1miy0lu-MuiTypography-root"[39m
                  [36m>[39m
                    [0mGPT-4[0m
                  [36m</div>[39m
                  [36m<span[39m
                    [33mclass[39m=[32m"MuiTypography-root MuiTypography-caption css-mpaqru-MuiTypography-root"[39m
                  [36m>[39m
                    [0mID: [0m
                    [0mgpt-4[0m
                  [36m</span>[39m
                [36m</div>[39m
                [36m<div[39m
                  [33mclass[39m=[32m"MuiChip-root MuiChip-filled MuiChip-sizeSmall MuiChip-colorSuccess css-106f2r9
-MuiChip-root"[39m
                [36m>[39m
                  [36m<span[39m
                    [33mclass[39m=[32m"MuiChip-label css-eccknh-MuiChip-label"[39m
                  [36m>[39m
                    [0m鍙敤[0m
                  [36m</span>[39m
                [36m</div>[39m
              [36m</div>[39m
              [36m<div[39m
                [33mclass[39m=[32m"MuiBox-root css-1qm1lh"[39m
              [36m>[39m
                [36m<p[39m
                  [33mclass[39m=[32m"MuiTypography-root MuiTypography-body2 MuiTypography-gutterBottom css-ytim1c-M
uiTypography-root"[39m
                [36m>[39m
                  [0mProvider: [0m
                  [0mopenai[0m
                [36m</p>[39m
                [36m<p[39m
                  [33mclass[39m=[32m"MuiTypography-root MuiTypography-body2 MuiTypography-gutterBottom css-ytim1c-M
uiTypography-root"[39m
                [36m>[39m
                  [0mEndpoint: [0m
                  [0mhttps://api.openai.com/v1/chat/completions[0m
                [36m</p>[39m
                [36m<p[39m
                  [33mclass[39m=[32m"MuiTypography-root MuiTypography-body2 MuiTypography-gutterBottom css-ytim1c-M
uiTypography-root"[39m
                [36m>[39m
                  [0mAPI鏍煎紡: [0m
                  [0mOpenAI[0m
                [36m</p>[39m
              [36m</div>[39m
              [36m<div[39m
                [33mclass[39m=[32m"MuiBox-root css-69i1ev"[39m
              [36m>[39m
                [36m<span[39m
                  [33mclass[39m=[32m"MuiSwitch-root MuiSwitch-sizeMedium css-rehya9-MuiSwitch-root"[39m
                [36m>[39m
                  [36m<span[39m
                    [33mclass[39m=[32m"MuiButtonBase-root MuiSwitch-switchBase MuiSwitch-colorPrimary Mui-checked P
rivateSwitchBase-root MuiSwitch-switchBase MuiSwitch-colorPrimary Mui-checked Mui-checked css-aqlqb4-MuiButtonBase-roo
t-MuiSwitchBase-root-MuiSwitch-switchBase"[39m
                  [36m>[39m
                    [36m<input[39m
                      [33mchecked[39m=[32m""[39m
                      [33mclass[39m=[32m"PrivateSwitchBase-input Mu...
[90m [2m鉂?[22m Proxy.waitForWrapper node_modules/@testing-library/dom/dist/wait-for.js:[2m163:27[22m[39m
[36m [2m鉂?[22m src/pages/__tests__/ModelConfigPanel.test.tsx:[2m127:13[22m[39m
    [90m125| [39m      [34mrender[39m([33m<[39m[33mModelConfigPanel[39m [33m/[39m[33m>[39m)
    [90m126| [39m
    [90m127| [39m      [35mawait[39m [34mwaitFor[39m(() [33m=>[39m {
    [90m   | [39m            [31m^[39m
    [90m128| [39m        [34mexpect[39m(screen[33m.[39m[34mgetByText[39m([32m'gpt-4'[39m))[33m.[39m[34mto
BeInTheDocument[39m()
    [90m129| [39m      })

[31m[2m鈳幆鈳幆鈳幆鈳幆鈳幆鈳幆鈳幆鈳幆鈳幆鈳幆鈳幆[29/34]鈳?[22m[39m

[31m[1m[7m FAIL [27m[22m[39m src/pages/__tests__/ModelConfigPanel.test.tsx[2m > [22mModelConfigPanel 椤甸潰娴嬭瘯[2
m > [22m鍔犺浇澶辫触澶勭悊[2m > [22m鐐瑰嚮閲嶈瘯鎸夐挳閲嶆柊鍔犺浇
[31m[1mTestingLibraryElementError[22m[39m: Unable to find an element with the text: gpt-4. This could be because t
he text is broken up by multiple elements. In this case, you can provide a function for your text matcher to make your
 matcher more flexible.

Ignored nodes: comments, script, style
[36m<body>[39m
  [36m<div>[39m
    [36m<div[39m
      [33mclass[39m=[32m"MuiBox-root css-19kzrtu"[39m
    [36m>[39m
      [36m<div[39m
        [33mclass[39m=[32m"MuiBox-root css-1gbbedy"[39m
      [36m>[39m
        [36m<div[39m
          [33mclass[39m=[32m"MuiBox-root css-axw7ok"[39m
        [36m>[39m
          [36m<svg[39m
            [33maria-hidden[39m=[32m"true"[39m
            [33mclass[39m=[32m"MuiSvgIcon-root MuiSvgIcon-colorPrimary MuiSvgIcon-fontSizeMedium css-1wtp6o0-MuiSvg
Icon-root"[39m
            [33mdata-testid[39m=[32m"SettingsIcon"[39m
            [33mfocusable[39m=[32m"false"[39m
            [33mviewBox[39m=[32m"0 0 24 24"[39m
          [36m>[39m
            [36m<path[39m
              [33md[39m=[32m"M19.14 12.94c.04-.3.06-.61.06-.94 0-.32-.02-.64-.07-.94l2.03-1.58c.18-.14.23-.41.12-.6
1l-1.92-3.32c-.12-.22-.37-.29-.59-.22l-2.39.96c-.5-.38-1.03-.7-1.62-.94l-.36-2.54c-.04-.24-.24-.41-.48-.41h-3.84c-.24 
0-.43.17-.47.41l-.36 2.54c-.59.24-1.13.57-1.62.94l-2.39-.96c-.22-.08-.47 0-.59.22L2.74 8.87c-.12.21-.08.47.12.61l2.03 
1.58c-.05.3-.09.63-.09.94s.02.64.07.94l-2.03 1.58c-.18.14-.23.41-.12.61l1.92 3.32c.12.22.37.29.59.22l2.39-.96c.5.38 1.
03.7 1.62.94l.36 2.54c.05.24.24.41.48.41h3.84c.24 0 .44-.17.47-.41l.36-2.54c.59-.24 1.13-.56 1.62-.94l2.39.96c.22.08.4
7 0 .59-.22l1.92-3.32c.12-.22.07-.47-.12-.61zM12 15.6c-1.98 0-3.6-1.62-3.6-3.6s1.62-3.6 3.6-3.6 3.6 1.62 3.6 3.6-1.62 
3.6-3.6 3.6"[39m
            [36m/>[39m
          [36m</svg>[39m
          [36m<h2[39m
            [33mclass[39m=[32m"MuiTypography-root MuiTypography-h5 css-16xl4zq-MuiTypography-root"[39m
          [36m>[39m
            [0m妯″瀷閰嶇疆绠＄悊[0m
          [36m</h2>[39m
        [36m</div>[39m
        [36m<button[39m
          [33mclass[39m=[32m"MuiButtonBase-root MuiButton-root MuiButton-contained MuiButton-sizeMedium MuiButton-c
olorPrimary css-11p8w26-MuiButtonBase-root-MuiButton-root"[39m
          [33mtabindex[39m=[32m"0"[39m
          [33mtype[39m=[32m"button"[39m
        [36m>[39m
          [36m<span[39m
            [33mclass[39m=[32m"MuiButton-icon MuiButton-startIcon css-1sh91j5-MuiButton-startIcon"[39m
          [36m>[39m
            [36m<svg[39m
              [33maria-hidden[39m=[32m"true"[39m
              [33mclass[39m=[32m"MuiSvgIcon-root MuiSvgIcon-fontSizeMedium css-1umw9bq-MuiSvgIcon-root"[39m
              [33mdata-testid[39m=[32m"AddIcon"[39m
              [33mfocusable[39m=[32m"false"[39m
              [33mviewBox[39m=[32m"0 0 24 24"[39m
            [36m>[39m
              [36m<path[39m
                [33md[39m=[32m"M19 13h-6v6h-2v-6H5v-2h6V5h2v6h6z"[39m
              [36m/>[39m
            [36m</svg>[39m
          [36m</span>[39m
          [0m娣诲姞妯″瀷[0m
        [36m</button>[39m
      [36m</div>[39m
      [36m<p[39m
        [33mclass[39m=[32m"MuiTypography-root MuiTypography-body2 css-1tty75b-MuiTypography-root"[39m
      [36m>[39m
        [0m鍦ㄦ椤甸潰鍙互鏌ョ湅鎵€鏈夊彲鐢ㄦā鍨嬶紝骞跺惎鐢ㄦ垨绂佺敤妯″瀷銆傜鐢ㄧ殑妯″瀷灏嗕笉鍙備笌瀵硅瘽璇锋眰銆?[0m
      [36m</p>[39m
      [36m<div[39m
        [33mclass[39m=[32m"MuiBox-root css-j28lqh"[39m
      [36m>[39m
        [36m<div[39m
          [33mclass[39m=[32m"MuiPaper-root MuiPaper-outlined MuiPaper-rounded MuiCard-root css-11id8nm-MuiPaper-roo
t-MuiCard-root"[39m
        [36m>[39m
          [36m<div[39m
            [33mclass[39m=[32m"MuiCardContent-root css-1lt5qva-MuiCardContent-root"[39m
          [36m>[39m
            [36m<div[39m
              [33mclass[39m=[32m"MuiBox-root css-lhftxy"[39m
            [36m>[39m
              [36m<div[39m
                [33mclass[39m=[32m"MuiBox-root css-0"[39m
              [36m>[39m
                [36m<div[39m
                  [33mclass[39m=[32m"MuiTypography-root MuiTypography-h6 css-1miy0lu-MuiTypography-root"[39m
                [36m>[39m
                  [0mGPT-4[0m
                [36m</div>[39m
                [36m<span[39m
                  [33mclass[39m=[32m"MuiTypography-root MuiTypography-caption css-mpaqru-MuiTypography-root"[39m
                [36m>[39m
                  [0mID: [0m
                  [0mgpt-4[0m
                [36m</span>[39m
              [36m</div>[39m
              [36m<div[39m
                [33mclass[39m=[32m"MuiChip-root MuiChip-filled MuiChip-sizeSmall MuiChip-colorSuccess css-106f2r9-M
uiChip-root"[39m
              [36m>[39m
                [36m<span[39m
                  [33mclass[39m=[32m"MuiChip-label css-eccknh-MuiChip-label"[39m
                [36m>[39m
                  [0m鍙敤[0m
                [36m</span>[39m
              [36m</div>[39m
            [36m</div>[39m
            [36m<div[39m
              [33mclass[39m=[32m"MuiBox-root css-1qm1lh"[39m
            [36m>[39m
              [36m<p[39m
                [33mclass[39m=[32m"MuiTypography-root MuiTypography-body2 MuiTypography-gutterBottom css-ytim1c-Mui
Typography-root"[39m
              [36m>[39m
                [0mProvider: [0m
                [0mopenai[0m
              [36m</p>[39m
              [36m<p[39m
                [33mclass[39m=[32m"MuiTypography-root MuiTypography-body2 MuiTypography-gutterBottom css-ytim1c-Mui
Typography-root"[39m
              [36m>[39m
                [0mEndpoint: [0m
                [0mhttps://api.openai.com/v1/chat/completions[0m
              [36m</p>[39m
              [36m<p[39m
                [33mclass[39m=[32m"MuiTypography-root MuiTypography-body2 MuiTypography-gutterBottom css-ytim1c-Mui
Typography-root"[39m
              [36m>[39m
                [0mAPI鏍煎紡: [0m
                [0mOpenAI[0m
              [36m</p>[39m
            [36m</div>[39m
            [36m<div[39m
              [33mclass[39m=[32m"MuiBox-root css-69i1ev"[39m
            [36m>[39m
              [36m<span[39m
                [33mclass[39m=[32m"MuiSwitch-root MuiSwitch-sizeMedium css-rehya9-MuiSwitch-root"[39m
              [36m>[39m
                [36m<span[39m
                  [33mclass[39m=[32m"MuiButtonBase-root MuiSwitch-switchBase MuiSwitch-colorPrimary Mui-checked Pri
vateSwitchBase-root MuiSwitch-switchBase MuiSwitch-colorPrimary Mui-checked Mui-checked css-aqlqb4-MuiButtonBase-root-
MuiSwitchBase-root-MuiSwitch-switchBase"[39m
                [36m>[39m
                  [36m<input[39m
                    [33mchecked[39m=[32m""[39m
                    [33mclass[39m=[32m"PrivateSwitchBase-input MuiSwitch-input css-12xagqm-MuiSwitchBase-root"[39m
                    [33mrole[39m=[32m"switch"[39m
                    [33mtype[39m=[32m"checkbox"[39m
                  [36m/>[39m
                  [36m<span[39m
                    [33mclass[39m=[32m"MuiSwitch-thumb css-1mw77bv-MuiSwitch-thumb"[39m
                  [36m/>[39m
                [36m</span>[39m
                [36m<span[39m
                  [33mcla...

Ignored nodes: comments, script, style
[36m<html>[39m
  [36m<head>[39m
    [36m<meta[39m
      [33mcontent[39m=[32m""[39m
      [33mname[39m=[32m"emotion-insertion-point"[39m
    [36m/>[39m
  [36m</head>[39m
  [36m<body>[39m
    [36m<div>[39m
      [36m<div[39m
        [33mclass[39m=[32m"MuiBox-root css-19kzrtu"[39m
      [36m>[39m
        [36m<div[39m
          [33mclass[39m=[32m"MuiBox-root css-1gbbedy"[39m
        [36m>[39m
          [36m<div[39m
            [33mclass[39m=[32m"MuiBox-root css-axw7ok"[39m
          [36m>[39m
            [36m<svg[39m
              [33maria-hidden[39m=[32m"true"[39m
              [33mclass[39m=[32m"MuiSvgIcon-root MuiSvgIcon-colorPrimary MuiSvgIcon-fontSizeMedium css-1wtp6o0-MuiS
vgIcon-root"[39m
              [33mdata-testid[39m=[32m"SettingsIcon"[39m
              [33mfocusable[39m=[32m"false"[39m
              [33mviewBox[39m=[32m"0 0 24 24"[39m
            [36m>[39m
              [36m<path[39m
                [33md[39m=[32m"M19.14 12.94c.04-.3.06-.61.06-.94 0-.32-.02-.64-.07-.94l2.03-1.58c.18-.14.23-.41.12-
.61l-1.92-3.32c-.12-.22-.37-.29-.59-.22l-2.39.96c-.5-.38-1.03-.7-1.62-.94l-.36-2.54c-.04-.24-.24-.41-.48-.41h-3.84c-.2
4 0-.43.17-.47.41l-.36 2.54c-.59.24-1.13.57-1.62.94l-2.39-.96c-.22-.08-.47 0-.59.22L2.74 8.87c-.12.21-.08.47.12.61l2.0
3 1.58c-.05.3-.09.63-.09.94s.02.64.07.94l-2.03 1.58c-.18.14-.23.41-.12.61l1.92 3.32c.12.22.37.29.59.22l2.39-.96c.5.38 
1.03.7 1.62.94l.36 2.54c.05.24.24.41.48.41h3.84c.24 0 .44-.17.47-.41l.36-2.54c.59-.24 1.13-.56 1.62-.94l2.39.96c.22.08
.47 0 .59-.22l1.92-3.32c.12-.22.07-.47-.12-.61zM12 15.6c-1.98 0-3.6-1.62-3.6-3.6s1.62-3.6 3.6-3.6 3.6 1.62 3.6 3.6-1.6
2 3.6-3.6 3.6"[39m
              [36m/>[39m
            [36m</svg>[39m
            [36m<h2[39m
              [33mclass[39m=[32m"MuiTypography-root MuiTypography-h5 css-16xl4zq-MuiTypography-root"[39m
            [36m>[39m
              [0m妯″瀷閰嶇疆绠＄悊[0m
            [36m</h2>[39m
          [36m</div>[39m
          [36m<button[39m
            [33mclass[39m=[32m"MuiButtonBase-root MuiButton-root MuiButton-contained MuiButton-sizeMedium MuiButton
-colorPrimary css-11p8w26-MuiButtonBase-root-MuiButton-root"[39m
            [33mtabindex[39m=[32m"0"[39m
            [33mtype[39m=[32m"button"[39m
          [36m>[39m
            [36m<span[39m
              [33mclass[39m=[32m"MuiButton-icon MuiButton-startIcon css-1sh91j5-MuiButton-startIcon"[39m
            [36m>[39m
              [36m<svg[39m
                [33maria-hidden[39m=[32m"true"[39m
                [33mclass[39m=[32m"MuiSvgIcon-root MuiSvgIcon-fontSizeMedium css-1umw9bq-MuiSvgIcon-root"[39m
                [33mdata-testid[39m=[32m"AddIcon"[39m
                [33mfocusable[39m=[32m"false"[39m
                [33mviewBox[39m=[32m"0 0 24 24"[39m
              [36m>[39m
                [36m<path[39m
                  [33md[39m=[32m"M19 13h-6v6h-2v-6H5v-2h6V5h2v6h6z"[39m
                [36m/>[39m
              [36m</svg>[39m
            [36m</span>[39m
            [0m娣诲姞妯″瀷[0m
          [36m</button>[39m
        [36m</div>[39m
        [36m<p[39m
          [33mclass[39m=[32m"MuiTypography-root MuiTypography-body2 css-1tty75b-MuiTypography-root"[39m
        [36m>[39m
          [0m鍦ㄦ椤甸潰鍙互鏌ョ湅鎵€鏈夊彲鐢ㄦā鍨嬶紝骞跺惎鐢ㄦ垨绂佺敤妯″瀷銆傜鐢ㄧ殑妯″瀷灏嗕笉鍙備笌瀵硅瘽璇锋眰銆?[0m
        [36m</p>[39m
        [36m<div[39m
          [33mclass[39m=[32m"MuiBox-root css-j28lqh"[39m
        [36m>[39m
          [36m<div[39m
            [33mclass[39m=[32m"MuiPaper-root MuiPaper-outlined MuiPaper-rounded MuiCard-root css-11id8nm-MuiPaper-r
oot-MuiCard-root"[39m
          [36m>[39m
            [36m<div[39m
              [33mclass[39m=[32m"MuiCardContent-root css-1lt5qva-MuiCardContent-root"[39m
            [36m>[39m
              [36m<div[39m
                [33mclass[39m=[32m"MuiBox-root css-lhftxy"[39m
              [36m>[39m
                [36m<div[39m
                  [33mclass[39m=[32m"MuiBox-root css-0"[39m
                [36m>[39m
                  [36m<div[39m
                    [33mclass[39m=[32m"MuiTypography-root MuiTypography-h6 css-1miy0lu-MuiTypography-root"[39m
                  [36m>[39m
                    [0mGPT-4[0m
                  [36m</div>[39m
                  [36m<span[39m
                    [33mclass[39m=[32m"MuiTypography-root MuiTypography-caption css-mpaqru-MuiTypography-root"[39m
                  [36m>[39m
                    [0mID: [0m
                    [0mgpt-4[0m
                  [36m</span>[39m
                [36m</div>[39m
                [36m<div[39m
                  [33mclass[39m=[32m"MuiChip-root MuiChip-filled MuiChip-sizeSmall MuiChip-colorSuccess css-106f2r9
-MuiChip-root"[39m
                [36m>[39m
                  [36m<span[39m
                    [33mclass[39m=[32m"MuiChip-label css-eccknh-MuiChip-label"[39m
                  [36m>[39m
                    [0m鍙敤[0m
                  [36m</span>[39m
                [36m</div>[39m
              [36m</div>[39m
              [36m<div[39m
                [33mclass[39m=[32m"MuiBox-root css-1qm1lh"[39m
              [36m>[39m
                [36m<p[39m
                  [33mclass[39m=[32m"MuiTypography-root MuiTypography-body2 MuiTypography-gutterBottom css-ytim1c-M
uiTypography-root"[39m
                [36m>[39m
                  [0mProvider: [0m
                  [0mopenai[0m
                [36m</p>[39m
                [36m<p[39m
                  [33mclass[39m=[32m"MuiTypography-root MuiTypography-body2 MuiTypography-gutterBottom css-ytim1c-M
uiTypography-root"[39m
                [36m>[39m
                  [0mEndpoint: [0m
                  [0mhttps://api.openai.com/v1/chat/completions[0m
                [36m</p>[39m
                [36m<p[39m
                  [33mclass[39m=[32m"MuiTypography-root MuiTypography-body2 MuiTypography-gutterBottom css-ytim1c-M
uiTypography-root"[39m
                [36m>[39m
                  [0mAPI鏍煎紡: [0m
                  [0mOpenAI[0m
                [36m</p>[39m
              [36m</div>[39m
              [36m<div[39m
                [33mclass[39m=[32m"MuiBox-root css-69i1ev"[39m
              [36m>[39m
                [36m<span[39m
                  [33mclass[39m=[32m"MuiSwitch-root MuiSwitch-sizeMedium css-rehya9-MuiSwitch-root"[39m
                [36m>[39m
                  [36m<span[39m
                    [33mclass[39m=[32m"MuiButtonBase-root MuiSwitch-switchBase MuiSwitch-colorPrimary Mui-checked P
rivateSwitchBase-root MuiSwitch-switchBase MuiSwitch-colorPrimary Mui-checked Mui-checked css-aqlqb4-MuiButtonBase-roo
t-MuiSwitchBase-root-MuiSwitch-switchBase"[39m
                  [36m>[39m
                    [36m<input[39m
                      [33mchecked[39m=[32m""[39m
                      [33mclass[39m=[32m"PrivateSwitchBase-input Mu...
[90m [2m鉂?[22m Proxy.waitForWrapper node_modules/@testing-library/dom/dist/wait-for.js:[2m163:27[22m[39m
[36m [2m鉂?[22m src/pages/__tests__/ModelConfigPanel.test.tsx:[2m178:13[22m[39m
    [90m176| [39m      [35mawait[39m user[33m.[39m[34mclick[39m(screen[33m.[39m[34mgetByText[39m([36m/閲嶈瘯
/[39m))
    [90m177| [39m
    [90m178| [39m      [35mawait[39m [34mwaitFor[39m(() [33m=>[39m {
    [90m   | [39m            [31m^[39m
    [90m179| [39m        [34mexpect[39m(screen[33m.[39m[34mgetByText[39m([32m'gpt-4'[39m))[33m.[39m[34mto
BeInTheDocument[39m()
    [90m180| [39m      })

[31m[2m鈳幆鈳幆鈳幆鈳幆鈳幆鈳幆鈳幆鈳幆鈳幆鈳幆鈳幆[30/34]鈳?[22m[39m

[31m[1m[7m FAIL [27m[22m[39m src/pages/__tests__/ModelConfigPanel.test.tsx[2m > [22mModelConfigPanel 椤甸潰娴嬭瘯[2
m > [22m妯″瀷鍒楄〃娓叉煋[2m > [22m鏄剧ず API 鏍煎紡淇℃伅
[31m[1mTestingLibraryElementError[22m[39m: Found multiple elements with the text: /API鏍煎紡: OpenAI/

Here are the matching elements:

Ignored nodes: comments, script, style
[36m<p[39m
  [33mclass[39m=[32m"MuiTypography-root MuiTypography-body2 MuiTypography-gutterBottom css-ytim1c-MuiTypography-roo
t"[39m
[36m>[39m
  [0mAPI鏍煎紡: [0m
  [0mOpenAI[0m
[36m</p>[39m

Ignored nodes: comments, script, style
[36m<p[39m
  [33mclass[39m=[32m"MuiTypography-root MuiTypography-body2 MuiTypography-gutterBottom css-ytim1c-MuiTypography-roo
t"[39m
[36m>[39m
  [0mAPI鏍煎紡: [0m
  [0mOpenAI[0m
[36m</p>[39m

Ignored nodes: comments, script, style
[36m<p[39m
  [33mclass[39m=[32m"MuiTypography-root MuiTypography-body2 MuiTypography-gutterBottom css-ytim1c-MuiTypography-roo
t"[39m
[36m>[39m
  [0mAPI鏍煎紡: [0m
  [0mOpenAI[0m
[36m</p>[39m

(If this is intentional, then use the `*AllBy*` variant of the query (like `queryAllByText`, `getAllByText`, or `findA
llByText`)).

Ignored nodes: comments, script, style
[36m<body>[39m
  [36m<div>[39m
    [36m<div[39m
      [33mclass[39m=[32m"MuiBox-root css-19kzrtu"[39m
    [36m>[39m
      [36m<div[39m
        [33mclass[39m=[32m"MuiBox-root css-1gbbedy"[39m
      [36m>[39m
        [36m<div[39m
          [33mclass[39m=[32m"MuiBox-root css-axw7ok"[39m
        [36m>[39m
          [36m<svg[39m
            [33maria-hidden[39m=[32m"true"[39m
            [33mclass[39m=[32m"MuiSvgIcon-root MuiSvgIcon-colorPrimary MuiSvgIcon-fontSizeMedium css-1wtp6o0-MuiSvg
Icon-root"[39m
            [33mdata-testid[39m=[32m"SettingsIcon"[39m
            [33mfocusable[39m=[32m"false"[39m
            [33mviewBox[39m=[32m"0 0 24 24"[39m
          [36m>[39m
            [36m<path[39m
              [33md[39m=[32m"M19.14 12.94c.04-.3.06-.61.06-.94 0-.32-.02-.64-.07-.94l2.03-1.58c.18-.14.23-.41.12-.6
1l-1.92-3.32c-.12-.22-.37-.29-.59-.22l-2.39.96c-.5-.38-1.03-.7-1.62-.94l-.36-2.54c-.04-.24-.24-.41-.48-.41h-3.84c-.24 
0-.43.17-.47.41l-.36 2.54c-.59.24-1.13.57-1.62.94l-2.39-.96c-.22-.08-.47 0-.59.22L2.74 8.87c-.12.21-.08.47.12.61l2.03 
1.58c-.05.3-.09.63-.09.94s.02.64.07.94l-2.03 1.58c-.18.14-.23.41-.12.61l1.92 3.32c.12.22.37.29.59.22l2.39-.96c.5.38 1.
03.7 1.62.94l.36 2.54c.05.24.24.41.48.41h3.84c.24 0 .44-.17.47-.41l.36-2.54c.59-.24 1.13-.56 1.62-.94l2.39.96c.22.08.4
7 0 .59-.22l1.92-3.32c.12-.22.07-.47-.12-.61zM12 15.6c-1.98 0-3.6-1.62-3.6-3.6s1.62-3.6 3.6-3.6 3.6 1.62 3.6 3.6-1.62 
3.6-3.6 3.6"[39m
            [36m/>[39m
          [36m</svg>[39m
          [36m<h2[39m
            [33mclass[39m=[32m"MuiTypography-root MuiTypography-h5 css-16xl4zq-MuiTypography-root"[39m
          [36m>[39m
            [0m妯″瀷閰嶇疆绠＄悊[0m
          [36m</h2>[39m
        [36m</div>[39m
        [36m<button[39m
          [33mclass[39m=[32m"MuiButtonBase-root MuiButton-root MuiButton-contained MuiButton-sizeMedium MuiButton-c
olorPrimary css-11p8w26-MuiButtonBase-root-MuiButton-root"[39m
          [33mtabindex[39m=[32m"0"[39m
          [33mtype[39m=[32m"button"[39m
        [36m>[39m
          [36m<span[39m
            [33mclass[39m=[32m"MuiButton-icon MuiButton-startIcon css-1sh91j5-MuiButton-startIcon"[39m
          [36m>[39m
            [36m<svg[39m
              [33maria-hidden[39m=[32m"true"[39m
              [33mclass[39m=[32m"MuiSvgIcon-root MuiSvgIcon-fontSizeMedium css-1umw9bq-MuiSvgIcon-root"[39m
              [33mdata-testid[39m=[32m"AddIcon"[39m
              [33mfocusable[39m=[32m"false"[39m
              [33mviewBox[39m=[32m"0 0 24 24"[39m
            [36m>[39m
              [36m<path[39m
                [33md[39m=[32m"M19 13h-6v6h-2v-6H5v-2h6V5h2v6h6z"[39m
              [36m/>[39m
            [36m</svg>[39m
          [36m</span>[39m
          [0m娣诲姞妯″瀷[0m
        [36m</button>[39m
      [36m</div>[39m
      [36m<p[39m
        [33mclass[39m=[32m"MuiTypography-root MuiTypography-body2 css-1tty75b-MuiTypography-root"[39m
      [36m>[39m
        [0m鍦ㄦ椤甸潰鍙互鏌ョ湅鎵€鏈夊彲鐢ㄦā鍨嬶紝骞跺惎鐢ㄦ垨绂佺敤妯″瀷銆傜鐢ㄧ殑妯″瀷灏嗕笉鍙備笌瀵硅瘽璇锋眰銆?[0m
      [36m</p>[39m
      [36m<div[39m
        [33mclass[39m=[32m"MuiBox-root css-j28lqh"[39m
      [36m>[39m
        [36m<div[39m
          [33mclass[39m=[32m"MuiPaper-root MuiPaper-outlined MuiPaper-rounded MuiCard-root css-11id8nm-MuiPaper-roo
t-MuiCard-root"[39m
        [36m>[39m
          [36m<div[39m
            [33mclass[39m=[32m"MuiCardContent-root css-1lt5qva-MuiCardContent-root"[39m
          [36m>[39m
            [36m<div[39m
              [33mclass[39m=[32m"MuiBox-root css-lhftxy"[39m
            [36m>[39m
              [36m<div[39m
                [33mclass[39m=[32m"MuiBox-root css-0"[39m
              [36m>[39m
                [36m<div[39m
                  [33mclass[39m=[32m"MuiTypography-root MuiTypography-h6 css-1miy0lu-MuiTypography-root"[39m
                [36m>[39m
                  [0mGPT-4[0m
                [36m</div>[39m
                [36m<span[39m
                  [33mclass[39m=[32m"MuiTypography-root MuiTypography-caption css-mpaqru-MuiTypography-root"[39m
                [36m>[39m
                  [0mID: [0m
                  [0mgpt-4[0m
                [36m</span>[39m
              [36m</div>[39m
              [36m<div[39m
                [33mclass[39m=[32m"MuiChip-root MuiChip-filled MuiChip-sizeSmall MuiChip-colorSuccess css-106f2r9-M
uiChip-root"[39m
              [36m>[39m
                [36m<span[39m
                  [33mclass[39m=[32m"MuiChip-label css-eccknh-MuiChip-label"[39m
                [36m>[39m
                  [0m鍙敤[0m
                [36m</span>[39m
              [36m</div>[39m
            [36m</div>[39m
            [36m<div[39m
              [33mclass[39m=[32m"MuiBox-root css-1qm1lh"[39m
            [36m>[39m
              [36m<p[39m
                [33mclass[39m=[32m"MuiTypography-root MuiTypography-body2 MuiTypography-gutterBottom css-ytim1c-Mui
Typography-root"[39m
              [36m>[39m
                [0mProvider: [0m
                [0mopenai[0m
              [36m</p>[39m
              [36m<p[39m
                [33mclass[39m=[32m"MuiTypography-root MuiTypography-body2 MuiTypography-gutterBottom css-ytim1c-Mui
Typography-root"[39m
              [36m>[39m
                [0mEndpoint: [0m
                [0mhttps://api.openai.com/v1/chat/completions[0m
              [36m</p>[39m
              [36m<p[39m
                [33mclass[39m=[32m"MuiTypography-root MuiTypography-body2 MuiTypography-gutterBottom css-ytim1c-Mui
Typography-root"[39m
              [36m>[39m
                [0mAPI鏍煎紡: [0m
                [0mOpenAI[0m
              [36m</p>[39m
            [36m</div>[39m
            [36m<div[39m
              [33mclass[39m=[32m"MuiBox-root css-69i1ev"[39m
            [36m>[39m
              [36m<span[39m
                [33mclass[39m=[32m"MuiSwitch-root MuiSwitch-sizeMedium css-rehya9-MuiSwitch-root"[39m
              [36m>[39m
                [36m<span[39m
                  [33mclass[39m=[32m"MuiButtonBase-root MuiSwitch-switchBase MuiSwitch-colorPrimary Mui-checked Pri
vateSwitchBase-root MuiSwitch-switchBase MuiSwitch-colorPrimary Mui-checked Mui-checked css-aqlqb4-MuiButtonBase-root-
MuiSwitchBase-root-MuiSwitch-switchBase"[39m
                [36m>[39m
                  [36m<input[39m
                    [33mchecked[39m=[32m""[39m
                    [33mclass[39m=[32m"PrivateSwitchBase-input MuiSwitch-input css-12xagqm-MuiSwitchBase-root"[39m
                    [33mrole[39m=[32m"switch"[39m
                    [33mtype[39m=[32m"checkbox"[39m
                  [36m/>[39m
                  [36m<span[39m
                    [33mclass[39m=[32m"MuiSwitch-thumb css-1mw77bv-MuiSwitch-thumb"[39m
                  [36m/>[39m
                [36m</span>[39m
                [36m<span[39m
                  [33mcla...

Ignored nodes: comments, script, style
[36m<html>[39m
  [36m<head>[39m
    [36m<meta[39m
      [33mcontent[39m=[32m""[39m
      [33mname[39m=[32m"emotion-insertion-point"[39m
    [36m/>[39m
  [36m</head>[39m
  [36m<body>[39m
    [36m<div>[39m
      [36m<div[39m
        [33mclass[39m=[32m"MuiBox-root css-19kzrtu"[39m
      [36m>[39m
        [36m<div[39m
          [33mclass[39m=[32m"MuiBox-root css-1gbbedy"[39m
        [36m>[39m
          [36m<div[39m
            [33mclass[39m=[32m"MuiBox-root css-axw7ok"[39m
          [36m>[39m
            [36m<svg[39m
              [33maria-hidden[39m=[32m"true"[39m
              [33mclass[39m=[32m"MuiSvgIcon-root MuiSvgIcon-colorPrimary MuiSvgIcon-fontSizeMedium css-1wtp6o0-MuiS
vgIcon-root"[39m
              [33mdata-testid[39m=[32m"SettingsIcon"[39m
              [33mfocusable[39m=[32m"false"[39m
              [33mviewBox[39m=[32m"0 0 24 24"[39m
            [36m>[39m
              [36m<path[39m
                [33md[39m=[32m"M19.14 12.94c.04-.3.06-.61.06-.94 0-.32-.02-.64-.07-.94l2.03-1.58c.18-.14.23-.41.12-
.61l-1.92-3.32c-.12-.22-.37-.29-.59-.22l-2.39.96c-.5-.38-1.03-.7-1.62-.94l-.36-2.54c-.04-.24-.24-.41-.48-.41h-3.84c-.2
4 0-.43.17-.47.41l-.36 2.54c-.59.24-1.13.57-1.62.94l-2.39-.96c-.22-.08-.47 0-.59.22L2.74 8.87c-.12.21-.08.47.12.61l2.0
3 1.58c-.05.3-.09.63-.09.94s.02.64.07.94l-2.03 1.58c-.18.14-.23.41-.12.61l1.92 3.32c.12.22.37.29.59.22l2.39-.96c.5.38 
1.03.7 1.62.94l.36 2.54c.05.24.24.41.48.41h3.84c.24 0 .44-.17.47-.41l.36-2.54c.59-.24 1.13-.56 1.62-.94l2.39.96c.22.08
.47 0 .59-.22l1.92-3.32c.12-.22.07-.47-.12-.61zM12 15.6c-1.98 0-3.6-1.62-3.6-3.6s1.62-3.6 3.6-3.6 3.6 1.62 3.6 3.6-1.6
2 3.6-3.6 3.6"[39m
              [36m/>[39m
            [36m</svg>[39m
            [36m<h2[39m
              [33mclass[39m=[32m"MuiTypography-root MuiTypography-h5 css-16xl4zq-MuiTypography-root"[39m
            [36m>[39m
              [0m妯″瀷閰嶇疆绠＄悊[0m
            [36m</h2>[39m
          [36m</div>[39m
          [36m<button[39m
            [33mclass[39m=[32m"MuiButtonBase-root MuiButton-root MuiButton-contained MuiButton-sizeMedium MuiButton
-colorPrimary css-11p8w26-MuiButtonBase-root-MuiButton-root"[39m
            [33mtabindex[39m=[32m"0"[39m
            [33mtype[39m=[32m"button"[39m
          [36m>[39m
            [36m<span[39m
              [33mclass[39m=[32m"MuiButton-icon MuiButton-startIcon css-1sh91j5-MuiButton-startIcon"[39m
            [36m>[39m
              [36m<svg[39m
                [33maria-hidden[39m=[32m"true"[39m
                [33mclass[39m=[32m"MuiSvgIcon-root MuiSvgIcon-fontSizeMedium css-1umw9bq-MuiSvgIcon-root"[39m
                [33mdata-testid[39m=[32m"AddIcon"[39m
                [33mfocusable[39m=[32m"false"[39m
                [33mviewBox[39m=[32m"0 0 24 24"[39m
              [36m>[39m
                [36m<path[39m
                  [33md[39m=[32m"M19 13h-6v6h-2v-6H5v-2h6V5h2v6h6z"[39m
                [36m/>[39m
              [36m</svg>[39m
            [36m</span>[39m
            [0m娣诲姞妯″瀷[0m
          [36m</button>[39m
        [36m</div>[39m
        [36m<p[39m
          [33mclass[39m=[32m"MuiTypography-root MuiTypography-body2 css-1tty75b-MuiTypography-root"[39m
        [36m>[39m
          [0m鍦ㄦ椤甸潰鍙互鏌ョ湅鎵€鏈夊彲鐢ㄦā鍨嬶紝骞跺惎鐢ㄦ垨绂佺敤妯″瀷銆傜鐢ㄧ殑妯″瀷灏嗕笉鍙備笌瀵硅瘽璇锋眰銆?[0m
        [36m</p>[39m
        [36m<div[39m
          [33mclass[39m=[32m"MuiBox-root css-j28lqh"[39m
        [36m>[39m
          [36m<div[39m
            [33mclass[39m=[32m"MuiPaper-root MuiPaper-outlined MuiPaper-rounded MuiCard-root css-11id8nm-MuiPaper-r
oot-MuiCard-root"[39m
          [36m>[39m
            [36m<div[39m
              [33mclass[39m=[32m"MuiCardContent-root css-1lt5qva-MuiCardContent-root"[39m
            [36m>[39m
              [36m<div[39m
                [33mclass[39m=[32m"MuiBox-root css-lhftxy"[39m
              [36m>[39m
                [36m<div[39m
                  [33mclass[39m=[32m"MuiBox-root css-0"[39m
                [36m>[39m
                  [36m<div[39m
                    [33mclass[39m=[32m"MuiTypography-root MuiTypography-h6 css-1miy0lu-MuiTypography-root"[39m
                  [36m>[39m
                    [0mGPT-4[0m
                  [36m</div>[39m
                  [36m<span[39m
                    [33mclass[39m=[32m"MuiTypography-root MuiTypography-caption css-mpaqru-MuiTypography-root"[39m
                  [36m>[39m
                    [0mID: [0m
                    [0mgpt-4[0m
                  [36m</span>[39m
                [36m</div>[39m
                [36m<div[39m
                  [33mclass[39m=[32m"MuiChip-root MuiChip-filled MuiChip-sizeSmall MuiChip-colorSuccess css-106f2r9
-MuiChip-root"[39m
                [36m>[39m
                  [36m<span[39m
                    [33mclass[39m=[32m"MuiChip-label css-eccknh-MuiChip-label"[39m
                  [36m>[39m
                    [0m鍙敤[0m
                  [36m</span>[39m
                [36m</div>[39m
              [36m</div>[39m
              [36m<div[39m
                [33mclass[39m=[32m"MuiBox-root css-1qm1lh"[39m
              [36m>[39m
                [36m<p[39m
                  [33mclass[39m=[32m"MuiTypography-root MuiTypography-body2 MuiTypography-gutterBottom css-ytim1c-M
uiTypography-root"[39m
                [36m>[39m
                  [0mProvider: [0m
                  [0mopenai[0m
                [36m</p>[39m
                [36m<p[39m
                  [33mclass[39m=[32m"MuiTypography-root MuiTypography-body2 MuiTypography-gutterBottom css-ytim1c-M
uiTypography-root"[39m
                [36m>[39m
                  [0mEndpoint: [0m
                  [0mhttps://api.openai.com/v1/chat/completions[0m
                [36m</p>[39m
                [36m<p[39m
                  [33mclass[39m=[32m"MuiTypography-root MuiTypography-body2 MuiTypography-gutterBottom css-ytim1c-M
uiTypography-root"[39m
                [36m>[39m
                  [0mAPI鏍煎紡: [0m
                  [0mOpenAI[0m
                [36m</p>[39m
              [36m</div>[39m
              [36m<div[39m
                [33mclass[39m=[32m"MuiBox-root css-69i1ev"[39m
              [36m>[39m
                [36m<span[39m
                  [33mclass[39m=[32m"MuiSwitch-root MuiSwitch-sizeMedium css-rehya9-MuiSwitch-root"[39m
                [36m>[39m
                  [36m<span[39m
                    [33mclass[39m=[32m"MuiButtonBase-root MuiSwitch-switchBase MuiSwitch-colorPrimary Mui-checked P
rivateSwitchBase-root MuiSwitch-switchBase MuiSwitch-colorPrimary Mui-checked Mui-checked css-aqlqb4-MuiButtonBase-roo
t-MuiSwitchBase-root-MuiSwitch-switchBase"[39m
                  [36m>[39m
                    [36m<input[39m
                      [33mchecked[39m=[32m""[39m
                      [33mclass[39m=[32m"PrivateSwitchBase-input Mu...
[90m [2m鉂?[22m Proxy.waitForWrapper node_modules/@testing-library/dom/dist/wait-for.js:[2m163:27[22m[39m
[36m [2m鉂?[22m src/pages/__tests__/ModelConfigPanel.test.tsx:[2m246:13[22m[39m
    [90m244| [39m      [34mrender[39m([33m<[39m[33mModelConfigPanel[39m [33m/[39m[33m>[39m)
    [90m245| [39m
    [90m246| [39m      [35mawait[39m [34mwaitFor[39m(() [33m=>[39m {
    [90m   | [39m            [31m^[39m
    [90m247| [39m        [34mexpect[39m(screen[33m.[39m[34mgetByText[39m([36m/API鏍煎紡: OpenAI/[39m))[33m.[3
9m[34mtoBeInTheDocument[39m()
    [90m248| [39m      })

[31m[2m鈳幆鈳幆鈳幆鈳幆鈳幆鈳幆鈳幆鈳幆鈳幆鈳幆鈳幆[31/34]鈳?[22m[39m

[31m[1m[7m FAIL [27m[22m[39m src/pages/__tests__/ModelConfigPanel.test.tsx[2m > [22mModelConfigPanel 椤甸潰娴嬭瘯[2
m > [22m鐘舵€佹爣绛炬樉绀?[2m > [22munavailable 鐘舵€佹樉绀?涓嶅彲鐢?鏍囩
[31m[1mTestingLibraryElementError[22m[39m: Unable to find an element with the text: 涓嶅彲鐢? This could be because th
e text is broken up by multiple elements. In this case, you can provide a function for your text matcher to make your 
matcher more flexible.

Ignored nodes: comments, script, style
[36m<body>[39m
  [36m<div>[39m
    [36m<div[39m
      [33mclass[39m=[32m"MuiBox-root css-19kzrtu"[39m
    [36m>[39m
      [36m<div[39m
        [33mclass[39m=[32m"MuiBox-root css-1gbbedy"[39m
      [36m>[39m
        [36m<div[39m
          [33mclass[39m=[32m"MuiBox-root css-axw7ok"[39m
        [36m>[39m
          [36m<svg[39m
            [33maria-hidden[39m=[32m"true"[39m
            [33mclass[39m=[32m"MuiSvgIcon-root MuiSvgIcon-colorPrimary MuiSvgIcon-fontSizeMedium css-1wtp6o0-MuiSvg
Icon-root"[39m
            [33mdata-testid[39m=[32m"SettingsIcon"[39m
            [33mfocusable[39m=[32m"false"[39m
            [33mviewBox[39m=[32m"0 0 24 24"[39m
          [36m>[39m
            [36m<path[39m
              [33md[39m=[32m"M19.14 12.94c.04-.3.06-.61.06-.94 0-.32-.02-.64-.07-.94l2.03-1.58c.18-.14.23-.41.12-.6
1l-1.92-3.32c-.12-.22-.37-.29-.59-.22l-2.39.96c-.5-.38-1.03-.7-1.62-.94l-.36-2.54c-.04-.24-.24-.41-.48-.41h-3.84c-.24 
0-.43.17-.47.41l-.36 2.54c-.59.24-1.13.57-1.62.94l-2.39-.96c-.22-.08-.47 0-.59.22L2.74 8.87c-.12.21-.08.47.12.61l2.03 
1.58c-.05.3-.09.63-.09.94s.02.64.07.94l-2.03 1.58c-.18.14-.23.41-.12.61l1.92 3.32c.12.22.37.29.59.22l2.39-.96c.5.38 1.
03.7 1.62.94l.36 2.54c.05.24.24.41.48.41h3.84c.24 0 .44-.17.47-.41l.36-2.54c.59-.24 1.13-.56 1.62-.94l2.39.96c.22.08.4
7 0 .59-.22l1.92-3.32c.12-.22.07-.47-.12-.61zM12 15.6c-1.98 0-3.6-1.62-3.6-3.6s1.62-3.6 3.6-3.6 3.6 1.62 3.6 3.6-1.62 
3.6-3.6 3.6"[39m
            [36m/>[39m
          [36m</svg>[39m
          [36m<h2[39m
            [33mclass[39m=[32m"MuiTypography-root MuiTypography-h5 css-16xl4zq-MuiTypography-root"[39m
          [36m>[39m
            [0m妯″瀷閰嶇疆绠＄悊[0m
          [36m</h2>[39m
        [36m</div>[39m
        [36m<button[39m
          [33mclass[39m=[32m"MuiButtonBase-root MuiButton-root MuiButton-contained MuiButton-sizeMedium MuiButton-c
olorPrimary css-11p8w26-MuiButtonBase-root-MuiButton-root"[39m
          [33mtabindex[39m=[32m"0"[39m
          [33mtype[39m=[32m"button"[39m
        [36m>[39m
          [36m<span[39m
            [33mclass[39m=[32m"MuiButton-icon MuiButton-startIcon css-1sh91j5-MuiButton-startIcon"[39m
          [36m>[39m
            [36m<svg[39m
              [33maria-hidden[39m=[32m"true"[39m
              [33mclass[39m=[32m"MuiSvgIcon-root MuiSvgIcon-fontSizeMedium css-1umw9bq-MuiSvgIcon-root"[39m
              [33mdata-testid[39m=[32m"AddIcon"[39m
              [33mfocusable[39m=[32m"false"[39m
              [33mviewBox[39m=[32m"0 0 24 24"[39m
            [36m>[39m
              [36m<path[39m
                [33md[39m=[32m"M19 13h-6v6h-2v-6H5v-2h6V5h2v6h6z"[39m
              [36m/>[39m
            [36m</svg>[39m
          [36m</span>[39m
          [0m娣诲姞妯″瀷[0m
        [36m</button>[39m
      [36m</div>[39m
      [36m<p[39m
        [33mclass[39m=[32m"MuiTypography-root MuiTypography-body2 css-1tty75b-MuiTypography-root"[39m
      [36m>[39m
        [0m鍦ㄦ椤甸潰鍙互鏌ョ湅鎵€鏈夊彲鐢ㄦā鍨嬶紝骞跺惎鐢ㄦ垨绂佺敤妯″瀷銆傜鐢ㄧ殑妯″瀷灏嗕笉鍙備笌瀵硅瘽璇锋眰銆?[0m
      [36m</p>[39m
      [36m<div[39m
        [33mclass[39m=[32m"MuiBox-root css-j28lqh"[39m
      [36m>[39m
        [36m<div[39m
          [33mclass[39m=[32m"MuiPaper-root MuiPaper-outlined MuiPaper-rounded MuiCard-root css-11id8nm-MuiPaper-roo
t-MuiCard-root"[39m
        [36m>[39m
          [36m<div[39m
            [33mclass[39m=[32m"MuiCardContent-root css-1lt5qva-MuiCardContent-root"[39m
          [36m>[39m
            [36m<div[39m
              [33mclass[39m=[32m"MuiBox-root css-lhftxy"[39m
            [36m>[39m
              [36m<div[39m
                [33mclass[39m=[32m"MuiBox-root css-0"[39m
              [36m>[39m
                [36m<div[39m
                  [33mclass[39m=[32m"MuiTypography-root MuiTypography-h6 css-1miy0lu-MuiTypography-root"[39m
                [36m>[39m
                  [0mGPT-4[0m
                [36m</div>[39m
                [36m<span[39m
                  [33mclass[39m=[32m"MuiTypography-root MuiTypography-caption css-mpaqru-MuiTypography-root"[39m
                [36m>[39m
                  [0mID: [0m
                  [0mgpt-4[0m
                [36m</span>[39m
              [36m</div>[39m
              [36m<div[39m
                [33mclass[39m=[32m"MuiChip-root MuiChip-filled MuiChip-sizeSmall MuiChip-colorSuccess css-106f2r9-M
uiChip-root"[39m
              [36m>[39m
                [36m<span[39m
                  [33mclass[39m=[32m"MuiChip-label css-eccknh-MuiChip-label"[39m
                [36m>[39m
                  [0m鍙敤[0m
                [36m</span>[39m
              [36m</div>[39m
            [36m</div>[39m
            [36m<div[39m
              [33mclass[39m=[32m"MuiBox-root css-1qm1lh"[39m
            [36m>[39m
              [36m<p[39m
                [33mclass[39m=[32m"MuiTypography-root MuiTypography-body2 MuiTypography-gutterBottom css-ytim1c-Mui
Typography-root"[39m
              [36m>[39m
                [0mProvider: [0m
                [0mopenai[0m
              [36m</p>[39m
              [36m<p[39m
                [33mclass[39m=[32m"MuiTypography-root MuiTypography-body2 MuiTypography-gutterBottom css-ytim1c-Mui
Typography-root"[39m
              [36m>[39m
                [0mEndpoint: [0m
                [0mhttps://api.openai.com/v1/chat/completions[0m
              [36m</p>[39m
              [36m<p[39m
                [33mclass[39m=[32m"MuiTypography-root MuiTypography-body2 MuiTypography-gutterBottom css-ytim1c-Mui
Typography-root"[39m
              [36m>[39m
                [0mAPI鏍煎紡: [0m
                [0mOpenAI[0m
              [36m</p>[39m
            [36m</div>[39m
            [36m<div[39m
              [33mclass[39m=[32m"MuiBox-root css-69i1ev"[39m
            [36m>[39m
              [36m<span[39m
                [33mclass[39m=[32m"MuiSwitch-root MuiSwitch-sizeMedium css-rehya9-MuiSwitch-root"[39m
              [36m>[39m
                [36m<span[39m
                  [33mclass[39m=[32m"MuiButtonBase-root MuiSwitch-switchBase MuiSwitch-colorPrimary Mui-checked Pri
vateSwitchBase-root MuiSwitch-switchBase MuiSwitch-colorPrimary Mui-checked Mui-checked css-aqlqb4-MuiButtonBase-root-
MuiSwitchBase-root-MuiSwitch-switchBase"[39m
                [36m>[39m
                  [36m<input[39m
                    [33mchecked[39m=[32m""[39m
                    [33mclass[39m=[32m"PrivateSwitchBase-input MuiSwitch-input css-12xagqm-MuiSwitchBase-root"[39m
                    [33mrole[39m=[32m"switch"[39m
                    [33mtype[39m=[32m"checkbox"[39m
                  [36m/>[39m
                  [36m<span[39m
                    [33mclass[39m=[32m"MuiSwitch-thumb css-1mw77bv-MuiSwitch-thumb"[39m
                  [36m/>[39m
                [36m</span>[39m
                [36m<span[39m
                  [33mcla...

Ignored nodes: comments, script, style
[36m<html>[39m
  [36m<head>[39m
    [36m<meta[39m
      [33mcontent[39m=[32m""[39m
      [33mname[39m=[32m"emotion-insertion-point"[39m
    [36m/>[39m
  [36m</head>[39m
  [36m<body>[39m
    [36m<div>[39m
      [36m<div[39m
        [33mclass[39m=[32m"MuiBox-root css-19kzrtu"[39m
      [36m>[39m
        [36m<div[39m
          [33mclass[39m=[32m"MuiBox-root css-1gbbedy"[39m
        [36m>[39m
          [36m<div[39m
            [33mclass[39m=[32m"MuiBox-root css-axw7ok"[39m
          [36m>[39m
            [36m<svg[39m
              [33maria-hidden[39m=[32m"true"[39m
              [33mclass[39m=[32m"MuiSvgIcon-root MuiSvgIcon-colorPrimary MuiSvgIcon-fontSizeMedium css-1wtp6o0-MuiS
vgIcon-root"[39m
              [33mdata-testid[39m=[32m"SettingsIcon"[39m
              [33mfocusable[39m=[32m"false"[39m
              [33mviewBox[39m=[32m"0 0 24 24"[39m
            [36m>[39m
              [36m<path[39m
                [33md[39m=[32m"M19.14 12.94c.04-.3.06-.61.06-.94 0-.32-.02-.64-.07-.94l2.03-1.58c.18-.14.23-.41.12-
.61l-1.92-3.32c-.12-.22-.37-.29-.59-.22l-2.39.96c-.5-.38-1.03-.7-1.62-.94l-.36-2.54c-.04-.24-.24-.41-.48-.41h-3.84c-.2
4 0-.43.17-.47.41l-.36 2.54c-.59.24-1.13.57-1.62.94l-2.39-.96c-.22-.08-.47 0-.59.22L2.74 8.87c-.12.21-.08.47.12.61l2.0
3 1.58c-.05.3-.09.63-.09.94s.02.64.07.94l-2.03 1.58c-.18.14-.23.41-.12.61l1.92 3.32c.12.22.37.29.59.22l2.39-.96c.5.38 
1.03.7 1.62.94l.36 2.54c.05.24.24.41.48.41h3.84c.24 0 .44-.17.47-.41l.36-2.54c.59-.24 1.13-.56 1.62-.94l2.39.96c.22.08
.47 0 .59-.22l1.92-3.32c.12-.22.07-.47-.12-.61zM12 15.6c-1.98 0-3.6-1.62-3.6-3.6s1.62-3.6 3.6-3.6 3.6 1.62 3.6 3.6-1.6
2 3.6-3.6 3.6"[39m
              [36m/>[39m
            [36m</svg>[39m
            [36m<h2[39m
              [33mclass[39m=[32m"MuiTypography-root MuiTypography-h5 css-16xl4zq-MuiTypography-root"[39m
            [36m>[39m
              [0m妯″瀷閰嶇疆绠＄悊[0m
            [36m</h2>[39m
          [36m</div>[39m
          [36m<button[39m
            [33mclass[39m=[32m"MuiButtonBase-root MuiButton-root MuiButton-contained MuiButton-sizeMedium MuiButton
-colorPrimary css-11p8w26-MuiButtonBase-root-MuiButton-root"[39m
            [33mtabindex[39m=[32m"0"[39m
            [33mtype[39m=[32m"button"[39m
          [36m>[39m
            [36m<span[39m
              [33mclass[39m=[32m"MuiButton-icon MuiButton-startIcon css-1sh91j5-MuiButton-startIcon"[39m
            [36m>[39m
              [36m<svg[39m
                [33maria-hidden[39m=[32m"true"[39m
                [33mclass[39m=[32m"MuiSvgIcon-root MuiSvgIcon-fontSizeMedium css-1umw9bq-MuiSvgIcon-root"[39m
                [33mdata-testid[39m=[32m"AddIcon"[39m
                [33mfocusable[39m=[32m"false"[39m
                [33mviewBox[39m=[32m"0 0 24 24"[39m
              [36m>[39m
                [36m<path[39m
                  [33md[39m=[32m"M19 13h-6v6h-2v-6H5v-2h6V5h2v6h6z"[39m
                [36m/>[39m
              [36m</svg>[39m
            [36m</span>[39m
            [0m娣诲姞妯″瀷[0m
          [36m</button>[39m
        [36m</div>[39m
        [36m<p[39m
          [33mclass[39m=[32m"MuiTypography-root MuiTypography-body2 css-1tty75b-MuiTypography-root"[39m
        [36m>[39m
          [0m鍦ㄦ椤甸潰鍙互鏌ョ湅鎵€鏈夊彲鐢ㄦā鍨嬶紝骞跺惎鐢ㄦ垨绂佺敤妯″瀷銆傜鐢ㄧ殑妯″瀷灏嗕笉鍙備笌瀵硅瘽璇锋眰銆?[0m
        [36m</p>[39m
        [36m<div[39m
          [33mclass[39m=[32m"MuiBox-root css-j28lqh"[39m
        [36m>[39m
          [36m<div[39m
            [33mclass[39m=[32m"MuiPaper-root MuiPaper-outlined MuiPaper-rounded MuiCard-root css-11id8nm-MuiPaper-r
oot-MuiCard-root"[39m
          [36m>[39m
            [36m<div[39m
              [33mclass[39m=[32m"MuiCardContent-root css-1lt5qva-MuiCardContent-root"[39m
            [36m>[39m
              [36m<div[39m
                [33mclass[39m=[32m"MuiBox-root css-lhftxy"[39m
              [36m>[39m
                [36m<div[39m
                  [33mclass[39m=[32m"MuiBox-root css-0"[39m
                [36m>[39m
                  [36m<div[39m
                    [33mclass[39m=[32m"MuiTypography-root MuiTypography-h6 css-1miy0lu-MuiTypography-root"[39m
                  [36m>[39m
                    [0mGPT-4[0m
                  [36m</div>[39m
                  [36m<span[39m
                    [33mclass[39m=[32m"MuiTypography-root MuiTypography-caption css-mpaqru-MuiTypography-root"[39m
                  [36m>[39m
                    [0mID: [0m
                    [0mgpt-4[0m
                  [36m</span>[39m
                [36m</div>[39m
                [36m<div[39m
                  [33mclass[39m=[32m"MuiChip-root MuiChip-filled MuiChip-sizeSmall MuiChip-colorSuccess css-106f2r9
-MuiChip-root"[39m
                [36m>[39m
                  [36m<span[39m
                    [33mclass[39m=[32m"MuiChip-label css-eccknh-MuiChip-label"[39m
                  [36m>[39m
                    [0m鍙敤[0m
                  [36m</span>[39m
                [36m</div>[39m
              [36m</div>[39m
              [36m<div[39m
                [33mclass[39m=[32m"MuiBox-root css-1qm1lh"[39m
              [36m>[39m
                [36m<p[39m
                  [33mclass[39m=[32m"MuiTypography-root MuiTypography-body2 MuiTypography-gutterBottom css-ytim1c-M
uiTypography-root"[39m
                [36m>[39m
                  [0mProvider: [0m
                  [0mopenai[0m
                [36m</p>[39m
                [36m<p[39m
                  [33mclass[39m=[32m"MuiTypography-root MuiTypography-body2 MuiTypography-gutterBottom css-ytim1c-M
uiTypography-root"[39m
                [36m>[39m
                  [0mEndpoint: [0m
                  [0mhttps://api.openai.com/v1/chat/completions[0m
                [36m</p>[39m
                [36m<p[39m
                  [33mclass[39m=[32m"MuiTypography-root MuiTypography-body2 MuiTypography-gutterBottom css-ytim1c-M
uiTypography-root"[39m
                [36m>[39m
                  [0mAPI鏍煎紡: [0m
                  [0mOpenAI[0m
                [36m</p>[39m
              [36m</div>[39m
              [36m<div[39m
                [33mclass[39m=[32m"MuiBox-root css-69i1ev"[39m
              [36m>[39m
                [36m<span[39m
                  [33mclass[39m=[32m"MuiSwitch-root MuiSwitch-sizeMedium css-rehya9-MuiSwitch-root"[39m
                [36m>[39m
                  [36m<span[39m
                    [33mclass[39m=[32m"MuiButtonBase-root MuiSwitch-switchBase MuiSwitch-colorPrimary Mui-checked P
rivateSwitchBase-root MuiSwitch-switchBase MuiSwitch-colorPrimary Mui-checked Mui-checked css-aqlqb4-MuiButtonBase-roo
t-MuiSwitchBase-root-MuiSwitch-switchBase"[39m
                  [36m>[39m
                    [36m<input[39m
                      [33mchecked[39m=[32m""[39m
                      [33mclass[39m=[32m"PrivateSwitchBase-input Mu...
[90m [2m鉂?[22m Proxy.waitForWrapper node_modules/@testing-library/dom/dist/wait-for.js:[2m163:27[22m[39m
[36m [2m鉂?[22m src/pages/__tests__/ModelConfigPanel.test.tsx:[2m273:13[22m[39m
    [90m271| [39m      [34mrender[39m([33m<[39m[33mModelConfigPanel[39m [33m/[39m[33m>[39m)
    [90m272| [39m
    [90m273| [39m      [35mawait[39m [34mwaitFor[39m(() [33m=>[39m {
    [90m   | [39m            [31m^[39m
    [90m274| [39m        [35mconst[39m unavailableChip [33m=[39m screen[33m.[39m[34mgetByText[39m([32m'涓嶅彲鐢
?[39m)
    [90m275| [39m        [34mexpect[39m(unavailableChip)[33m.[39m[34mtoBeInTheDocument[39m()

[31m[2m鈳幆鈳幆鈳幆鈳幆鈳幆鈳幆鈳幆鈳幆鈳幆鈳幆鈳幆[32/34]鈳?[22m[39m

[31m[1m[7m FAIL [27m[22m[39m src/pages/__tests__/ModelConfigPanel.test.tsx[2m > [22mModelConfigPanel 椤甸潰娴嬭瘯[2
m > [22m鍚敤/绂佺敤鍒囨崲[2m > [22m鐐瑰嚮 Switch 璋冪敤 API
[31m[1mTestingLibraryElementError[22m[39m: Found multiple elements with the text: /宸茬鐢?

Here are the matching elements:

Ignored nodes: comments, script, style
[36m<span[39m
  [33mclass[39m=[32m"MuiChip-label css-19m61dl-MuiChip-label"[39m
[36m>[39m
  [0m宸茬鐢?[0m
[36m</span>[39m

Ignored nodes: comments, script, style
[36m<span[39m
  [33mclass[39m=[32m"MuiChip-label css-19m61dl-MuiChip-label"[39m
[36m>[39m
  [0m宸茬鐢?[0m
[36m</span>[39m

Ignored nodes: comments, script, style
[36m<div[39m
  [33mclass[39m=[32m"MuiAlert-message css-zioonp-MuiAlert-message"[39m
[36m>[39m
  [0m宸茬鐢ㄦā鍨?[0m
[36m</div>[39m

(If this is intentional, then use the `*AllBy*` variant of the query (like `queryAllByText`, `getAllByText`, or `findA
llByText`)).

Ignored nodes: comments, script, style
[36m<body>[39m
  [36m<div>[39m
    [36m<div[39m
      [33mclass[39m=[32m"MuiBox-root css-19kzrtu"[39m
    [36m>[39m
      [36m<div[39m
        [33mclass[39m=[32m"MuiBox-root css-1gbbedy"[39m
      [36m>[39m
        [36m<div[39m
          [33mclass[39m=[32m"MuiBox-root css-axw7ok"[39m
        [36m>[39m
          [36m<svg[39m
            [33maria-hidden[39m=[32m"true"[39m
            [33mclass[39m=[32m"MuiSvgIcon-root MuiSvgIcon-colorPrimary MuiSvgIcon-fontSizeMedium css-1wtp6o0-MuiSvg
Icon-root"[39m
            [33mdata-testid[39m=[32m"SettingsIcon"[39m
            [33mfocusable[39m=[32m"false"[39m
            [33mviewBox[39m=[32m"0 0 24 24"[39m
          [36m>[39m
            [36m<path[39m
              [33md[39m=[32m"M19.14 12.94c.04-.3.06-.61.06-.94 0-.32-.02-.64-.07-.94l2.03-1.58c.18-.14.23-.41.12-.6
1l-1.92-3.32c-.12-.22-.37-.29-.59-.22l-2.39.96c-.5-.38-1.03-.7-1.62-.94l-.36-2.54c-.04-.24-.24-.41-.48-.41h-3.84c-.24 
0-.43.17-.47.41l-.36 2.54c-.59.24-1.13.57-1.62.94l-2.39-.96c-.22-.08-.47 0-.59.22L2.74 8.87c-.12.21-.08.47.12.61l2.03 
1.58c-.05.3-.09.63-.09.94s.02.64.07.94l-2.03 1.58c-.18.14-.23.41-.12.61l1.92 3.32c.12.22.37.29.59.22l2.39-.96c.5.38 1.
03.7 1.62.94l.36 2.54c.05.24.24.41.48.41h3.84c.24 0 .44-.17.47-.41l.36-2.54c.59-.24 1.13-.56 1.62-.94l2.39.96c.22.08.4
7 0 .59-.22l1.92-3.32c.12-.22.07-.47-.12-.61zM12 15.6c-1.98 0-3.6-1.62-3.6-3.6s1.62-3.6 3.6-3.6 3.6 1.62 3.6 3.6-1.62 
3.6-3.6 3.6"[39m
            [36m/>[39m
          [36m</svg>[39m
          [36m<h2[39m
            [33mclass[39m=[32m"MuiTypography-root MuiTypography-h5 css-16xl4zq-MuiTypography-root"[39m
          [36m>[39m
            [0m妯″瀷閰嶇疆绠＄悊[0m
          [36m</h2>[39m
        [36m</div>[39m
        [36m<button[39m
          [33mclass[39m=[32m"MuiButtonBase-root MuiButton-root MuiButton-contained MuiButton-sizeMedium MuiButton-c
olorPrimary css-11p8w26-MuiButtonBase-root-MuiButton-root"[39m
          [33mtabindex[39m=[32m"0"[39m
          [33mtype[39m=[32m"button"[39m
        [36m>[39m
          [36m<span[39m
            [33mclass[39m=[32m"MuiButton-icon MuiButton-startIcon css-1sh91j5-MuiButton-startIcon"[39m
          [36m>[39m
            [36m<svg[39m
              [33maria-hidden[39m=[32m"true"[39m
              [33mclass[39m=[32m"MuiSvgIcon-root MuiSvgIcon-fontSizeMedium css-1umw9bq-MuiSvgIcon-root"[39m
              [33mdata-testid[39m=[32m"AddIcon"[39m
              [33mfocusable[39m=[32m"false"[39m
              [33mviewBox[39m=[32m"0 0 24 24"[39m
            [36m>[39m
              [36m<path[39m
                [33md[39m=[32m"M19 13h-6v6h-2v-6H5v-2h6V5h2v6h6z"[39m
              [36m/>[39m
            [36m</svg>[39m
          [36m</span>[39m
          [0m娣诲姞妯″瀷[0m
        [36m</button>[39m
      [36m</div>[39m
      [36m<p[39m
        [33mclass[39m=[32m"MuiTypography-root MuiTypography-body2 css-1tty75b-MuiTypography-root"[39m
      [36m>[39m
        [0m鍦ㄦ椤甸潰鍙互鏌ョ湅鎵€鏈夊彲鐢ㄦā鍨嬶紝骞跺惎鐢ㄦ垨绂佺敤妯″瀷銆傜鐢ㄧ殑妯″瀷灏嗕笉鍙備笌瀵硅瘽璇锋眰銆?[0m
      [36m</p>[39m
      [36m<div[39m
        [33mclass[39m=[32m"MuiBox-root css-j28lqh"[39m
      [36m>[39m
        [36m<div[39m
          [33mclass[39m=[32m"MuiPaper-root MuiPaper-outlined MuiPaper-rounded MuiCard-root css-11id8nm-MuiPaper-roo
t-MuiCard-root"[39m
        [36m>[39m
          [36m<div[39m
            [33mclass[39m=[32m"MuiCardContent-root css-1lt5qva-MuiCardContent-root"[39m
          [36m>[39m
            [36m<div[39m
              [33mclass[39m=[32m"MuiBox-root css-lhftxy"[39m
            [36m>[39m
              [36m<div[39m
                [33mclass[39m=[32m"MuiBox-root css-0"[39m
              [36m>[39m
                [36m<div[39m
                  [33mclass[39m=[32m"MuiTypography-root MuiTypography-h6 css-1miy0lu-MuiTypography-root"[39m
                [36m>[39m
                  [0mGPT-4[0m
                [36m</div>[39m
                [36m<span[39m
                  [33mclass[39m=[32m"MuiTypography-root MuiTypography-caption css-mpaqru-MuiTypography-root"[39m
                [36m>[39m
                  [0mID: [0m
                  [0mgpt-4[0m
                [36m</span>[39m
              [36m</div>[39m
              [36m<div[39m
                [33mclass[39m=[32m"MuiChip-root MuiChip-outlined MuiChip-sizeSmall MuiChip-colorDefault css-9bqyez-
MuiChip-root"[39m
              [36m>[39m
                [36m<span[39m
                  [33mclass[39m=[32m"MuiChip-label css-19m61dl-MuiChip-label"[39m
                [36m>[39m
                  [0m宸茬鐢?[0m
                [36m</span>[39m
              [36m</div>[39m
            [36m</div>[39m
            [36m<div[39m
              [33mclass[39m=[32m"MuiBox-root css-1qm1lh"[39m
            [36m>[39m
              [36m<p[39m
                [33mclass[39m=[32m"MuiTypography-root MuiTypography-body2 MuiTypography-gutterBottom css-ytim1c-Mui
Typography-root"[39m
              [36m>[39m
                [0mProvider: [0m
                [0mopenai[0m
              [36m</p>[39m
              [36m<p[39m
                [33mclass[39m=[32m"MuiTypography-root MuiTypography-body2 MuiTypography-gutterBottom css-ytim1c-Mui
Typography-root"[39m
              [36m>[39m
                [0mEndpoint: [0m
                [0mhttps://api.openai.com/v1/chat/completions[0m
              [36m</p>[39m
              [36m<p[39m
                [33mclass[39m=[32m"MuiTypography-root MuiTypography-body2 MuiTypography-gutterBottom css-ytim1c-Mui
Typography-root"[39m
              [36m>[39m
                [0mAPI鏍煎紡: [0m
                [0mOpenAI[0m
              [36m</p>[39m
            [36m</div>[39m
            [36m<div[39m
              [33mclass[39m=[32m"MuiBox-root css-69i1ev"[39m
            [36m>[39m
              [36m<span[39m
                [33mclass[39m=[32m"MuiSwitch-root MuiSwitch-sizeMedium css-rehya9-MuiSwitch-root"[39m
              [36m>[39m
                [36m<span[39m
                  [33mclass[39m=[32m"MuiButtonBase-root MuiSwitch-switchBase MuiSwitch-colorPrimary PrivateSwitchBa
se-root MuiSwitch-switchBase MuiSwitch-colorPrimary css-aqlqb4-MuiButtonBase-root-MuiSwitchBase-root-MuiSwitch-switchB
ase"[39m
                [36m>[39m
                  [36m<input[39m
                    [33mchecked[39m=[32m""[39m
                    [33mclass[39m=[32m"PrivateSwitchBase-input MuiSwitch-input css-12xagqm-MuiSwitchBase-root"[39m
                    [33mrole[39m=[32m"switch"[39m
                    [33mtype[39m=[32m"checkbox"[39m
                  [36m/>[39m
                  [36m<span[39m
                    [33mclass[39m=[32m"MuiSwitch-thumb css-1mw77bv-MuiSwitch-thumb"[39m
                  [36m/>[39m
                  [36m<span[39m
                    [33mclass[39m=[32m"MuiTouchRipple-root css-r3djoj-MuiTouchRipple-roo...

Ignored nodes: comments, script, style
[36m<html>[39m
  [36m<head>[39m
    [36m<meta[39m
      [33mcontent[39m=[32m""[39m
      [33mname[39m=[32m"emotion-insertion-point"[39m
    [36m/>[39m
  [36m</head>[39m
  [36m<body>[39m
    [36m<div>[39m
      [36m<div[39m
        [33mclass[39m=[32m"MuiBox-root css-19kzrtu"[39m
      [36m>[39m
        [36m<div[39m
          [33mclass[39m=[32m"MuiBox-root css-1gbbedy"[39m
        [36m>[39m
          [36m<div[39m
            [33mclass[39m=[32m"MuiBox-root css-axw7ok"[39m
          [36m>[39m
            [36m<svg[39m
              [33maria-hidden[39m=[32m"true"[39m
              [33mclass[39m=[32m"MuiSvgIcon-root MuiSvgIcon-colorPrimary MuiSvgIcon-fontSizeMedium css-1wtp6o0-MuiS
vgIcon-root"[39m
              [33mdata-testid[39m=[32m"SettingsIcon"[39m
              [33mfocusable[39m=[32m"false"[39m
              [33mviewBox[39m=[32m"0 0 24 24"[39m
            [36m>[39m
              [36m<path[39m
                [33md[39m=[32m"M19.14 12.94c.04-.3.06-.61.06-.94 0-.32-.02-.64-.07-.94l2.03-1.58c.18-.14.23-.41.12-
.61l-1.92-3.32c-.12-.22-.37-.29-.59-.22l-2.39.96c-.5-.38-1.03-.7-1.62-.94l-.36-2.54c-.04-.24-.24-.41-.48-.41h-3.84c-.2
4 0-.43.17-.47.41l-.36 2.54c-.59.24-1.13.57-1.62.94l-2.39-.96c-.22-.08-.47 0-.59.22L2.74 8.87c-.12.21-.08.47.12.61l2.0
3 1.58c-.05.3-.09.63-.09.94s.02.64.07.94l-2.03 1.58c-.18.14-.23.41-.12.61l1.92 3.32c.12.22.37.29.59.22l2.39-.96c.5.38 
1.03.7 1.62.94l.36 2.54c.05.24.24.41.48.41h3.84c.24 0 .44-.17.47-.41l.36-2.54c.59-.24 1.13-.56 1.62-.94l2.39.96c.22.08
.47 0 .59-.22l1.92-3.32c.12-.22.07-.47-.12-.61zM12 15.6c-1.98 0-3.6-1.62-3.6-3.6s1.62-3.6 3.6-3.6 3.6 1.62 3.6 3.6-1.6
2 3.6-3.6 3.6"[39m
              [36m/>[39m
            [36m</svg>[39m
            [36m<h2[39m
              [33mclass[39m=[32m"MuiTypography-root MuiTypography-h5 css-16xl4zq-MuiTypography-root"[39m
            [36m>[39m
              [0m妯″瀷閰嶇疆绠＄悊[0m
            [36m</h2>[39m
          [36m</div>[39m
          [36m<button[39m
            [33mclass[39m=[32m"MuiButtonBase-root MuiButton-root MuiButton-contained MuiButton-sizeMedium MuiButton
-colorPrimary css-11p8w26-MuiButtonBase-root-MuiButton-root"[39m
            [33mtabindex[39m=[32m"0"[39m
            [33mtype[39m=[32m"button"[39m
          [36m>[39m
            [36m<span[39m
              [33mclass[39m=[32m"MuiButton-icon MuiButton-startIcon css-1sh91j5-MuiButton-startIcon"[39m
            [36m>[39m
              [36m<svg[39m
                [33maria-hidden[39m=[32m"true"[39m
                [33mclass[39m=[32m"MuiSvgIcon-root MuiSvgIcon-fontSizeMedium css-1umw9bq-MuiSvgIcon-root"[39m
                [33mdata-testid[39m=[32m"AddIcon"[39m
                [33mfocusable[39m=[32m"false"[39m
                [33mviewBox[39m=[32m"0 0 24 24"[39m
              [36m>[39m
                [36m<path[39m
                  [33md[39m=[32m"M19 13h-6v6h-2v-6H5v-2h6V5h2v6h6z"[39m
                [36m/>[39m
              [36m</svg>[39m
            [36m</span>[39m
            [0m娣诲姞妯″瀷[0m
          [36m</button>[39m
        [36m</div>[39m
        [36m<p[39m
          [33mclass[39m=[32m"MuiTypography-root MuiTypography-body2 css-1tty75b-MuiTypography-root"[39m
        [36m>[39m
          [0m鍦ㄦ椤甸潰鍙互鏌ョ湅鎵€鏈夊彲鐢ㄦā鍨嬶紝骞跺惎鐢ㄦ垨绂佺敤妯″瀷銆傜鐢ㄧ殑妯″瀷灏嗕笉鍙備笌瀵硅瘽璇锋眰銆?[0m
        [36m</p>[39m
        [36m<div[39m
          [33mclass[39m=[32m"MuiBox-root css-j28lqh"[39m
        [36m>[39m
          [36m<div[39m
            [33mclass[39m=[32m"MuiPaper-root MuiPaper-outlined MuiPaper-rounded MuiCard-root css-11id8nm-MuiPaper-r
oot-MuiCard-root"[39m
          [36m>[39m
            [36m<div[39m
              [33mclass[39m=[32m"MuiCardContent-root css-1lt5qva-MuiCardContent-root"[39m
            [36m>[39m
              [36m<div[39m
                [33mclass[39m=[32m"MuiBox-root css-lhftxy"[39m
              [36m>[39m
                [36m<div[39m
                  [33mclass[39m=[32m"MuiBox-root css-0"[39m
                [36m>[39m
                  [36m<div[39m
                    [33mclass[39m=[32m"MuiTypography-root MuiTypography-h6 css-1miy0lu-MuiTypography-root"[39m
                  [36m>[39m
                    [0mGPT-4[0m
                  [36m</div>[39m
                  [36m<span[39m
                    [33mclass[39m=[32m"MuiTypography-root MuiTypography-caption css-mpaqru-MuiTypography-root"[39m
                  [36m>[39m
                    [0mID: [0m
                    [0mgpt-4[0m
                  [36m</span>[39m
                [36m</div>[39m
                [36m<div[39m
                  [33mclass[39m=[32m"MuiChip-root MuiChip-outlined MuiChip-sizeSmall MuiChip-colorDefault css-9bqye
z-MuiChip-root"[39m
                [36m>[39m
                  [36m<span[39m
                    [33mclass[39m=[32m"MuiChip-label css-19m61dl-MuiChip-label"[39m
                  [36m>[39m
                    [0m宸茬鐢?[0m
                  [36m</span>[39m
                [36m</div>[39m
              [36m</div>[39m
              [36m<div[39m
                [33mclass[39m=[32m"MuiBox-root css-1qm1lh"[39m
              [36m>[39m
                [36m<p[39m
                  [33mclass[39m=[32m"MuiTypography-root MuiTypography-body2 MuiTypography-gutterBottom css-ytim1c-M
uiTypography-root"[39m
                [36m>[39m
                  [0mProvider: [0m
                  [0mopenai[0m
                [36m</p>[39m
                [36m<p[39m
                  [33mclass[39m=[32m"MuiTypography-root MuiTypography-body2 MuiTypography-gutterBottom css-ytim1c-M
uiTypography-root"[39m
                [36m>[39m
                  [0mEndpoint: [0m
                  [0mhttps://api.openai.com/v1/chat/completions[0m
                [36m</p>[39m
                [36m<p[39m
                  [33mclass[39m=[32m"MuiTypography-root MuiTypography-body2 MuiTypography-gutterBottom css-ytim1c-M
uiTypography-root"[39m
                [36m>[39m
                  [0mAPI鏍煎紡: [0m
                  [0mOpenAI[0m
                [36m</p>[39m
              [36m</div>[39m
              [36m<div[39m
                [33mclass[39m=[32m"MuiBox-root css-69i1ev"[39m
              [36m>[39m
                [36m<span[39m
                  [33mclass[39m=[32m"MuiSwitch-root MuiSwitch-sizeMedium css-rehya9-MuiSwitch-root"[39m
                [36m>[39m
                  [36m<span[39m
                    [33mclass[39m=[32m"MuiButtonBase-root MuiSwitch-switchBase MuiSwitch-colorPrimary PrivateSwitch
Base-root MuiSwitch-switchBase MuiSwitch-colorPrimary css-aqlqb4-MuiButtonBase-root-MuiSwitchBase-root-MuiSwitch-switc
hBase"[39m
                  [36m>[39m
                    [36m<input[39m
                      [33mchecked[39m=[32m""[39m
                      [33mclass[39m=[32m"PrivateSwitchBase-input MuiSwitch-input css-12xagqm-MuiSwit...
[90m [2m鉂?[22m Proxy.waitForWrapper node_modules/@testing-library/dom/dist/wait-for.js:[2m163:27[22m[39m
[36m [2m鉂?[22m src/pages/__tests__/ModelConfigPanel.test.tsx:[2m319:13[22m[39m
    [90m317| [39m      [35mawait[39m user[33m.[39m[34mclick[39m(switches[[34m0[39m])
    [90m318| [39m
    [90m319| [39m      [35mawait[39m [34mwaitFor[39m(() [33m=>[39m {
    [90m   | [39m            [31m^[39m
    [90m320| [39m        [34mexpect[39m(screen[33m.[39m[34mgetByText[39m([36m/宸茬鐢?[39m))[33m.[39m[34mtoB
eInTheDocument[39m()
    [90m321| [39m      })

[31m[2m鈳幆鈳幆鈳幆鈳幆鈳幆鈳幆鈳幆鈳幆鈳幆鈳幆鈳幆[33/34]鈳?[22m[39m

[31m[1m[7m FAIL [27m[22m[39m src/pages/__tests__/ModelConfigPanel.test.tsx[2m > [22mModelConfigPanel 椤甸潰娴嬭瘯[2
m > [22mSnackbar 鑷姩鍏抽棴[2m > [22mSnackbar 鏄剧ず鍚庤嚜鍔ㄥ叧闂?[31m[1mTestingLibraryElementError[22m[39m: Found multiple 
elements with the text: /宸茬鐢?

Here are the matching elements:

Ignored nodes: comments, script, style
[36m<span[39m
  [33mclass[39m=[32m"MuiChip-label css-19m61dl-MuiChip-label"[39m
[36m>[39m
  [0m宸茬鐢?[0m
[36m</span>[39m

Ignored nodes: comments, script, style
[36m<span[39m
  [33mclass[39m=[32m"MuiChip-label css-19m61dl-MuiChip-label"[39m
[36m>[39m
  [0m宸茬鐢?[0m
[36m</span>[39m

Ignored nodes: comments, script, style
[36m<div[39m
  [33mclass[39m=[32m"MuiAlert-message css-zioonp-MuiAlert-message"[39m
[36m>[39m
  [0m宸茬鐢ㄦā鍨?[0m
[36m</div>[39m

(If this is intentional, then use the `*AllBy*` variant of the query (like `queryAllByText`, `getAllByText`, or `findA
llByText`)).

Ignored nodes: comments, script, style
[36m<body[39m
  [33mstyle[39m=[32m""[39m
[36m>[39m
  [36m<div>[39m
    [36m<div[39m
      [33mclass[39m=[32m"MuiBox-root css-19kzrtu"[39m
    [36m>[39m
      [36m<div[39m
        [33mclass[39m=[32m"MuiBox-root css-1gbbedy"[39m
      [36m>[39m
        [36m<div[39m
          [33mclass[39m=[32m"MuiBox-root css-axw7ok"[39m
        [36m>[39m
          [36m<svg[39m
            [33maria-hidden[39m=[32m"true"[39m
            [33mclass[39m=[32m"MuiSvgIcon-root MuiSvgIcon-colorPrimary MuiSvgIcon-fontSizeMedium css-1wtp6o0-MuiSvg
Icon-root"[39m
            [33mdata-testid[39m=[32m"SettingsIcon"[39m
            [33mfocusable[39m=[32m"false"[39m
            [33mviewBox[39m=[32m"0 0 24 24"[39m
          [36m>[39m
            [36m<path[39m
              [33md[39m=[32m"M19.14 12.94c.04-.3.06-.61.06-.94 0-.32-.02-.64-.07-.94l2.03-1.58c.18-.14.23-.41.12-.6
1l-1.92-3.32c-.12-.22-.37-.29-.59-.22l-2.39.96c-.5-.38-1.03-.7-1.62-.94l-.36-2.54c-.04-.24-.24-.41-.48-.41h-3.84c-.24 
0-.43.17-.47.41l-.36 2.54c-.59.24-1.13.57-1.62.94l-2.39-.96c-.22-.08-.47 0-.59.22L2.74 8.87c-.12.21-.08.47.12.61l2.03 
1.58c-.05.3-.09.63-.09.94s.02.64.07.94l-2.03 1.58c-.18.14-.23.41-.12.61l1.92 3.32c.12.22.37.29.59.22l2.39-.96c.5.38 1.
03.7 1.62.94l.36 2.54c.05.24.24.41.48.41h3.84c.24 0 .44-.17.47-.41l.36-2.54c.59-.24 1.13-.56 1.62-.94l2.39.96c.22.08.4
7 0 .59-.22l1.92-3.32c.12-.22.07-.47-.12-.61zM12 15.6c-1.98 0-3.6-1.62-3.6-3.6s1.62-3.6 3.6-3.6 3.6 1.62 3.6 3.6-1.62 
3.6-3.6 3.6"[39m
            [36m/>[39m
          [36m</svg>[39m
          [36m<h2[39m
            [33mclass[39m=[32m"MuiTypography-root MuiTypography-h5 css-16xl4zq-MuiTypography-root"[39m
          [36m>[39m
            [0m妯″瀷閰嶇疆绠＄悊[0m
          [36m</h2>[39m
        [36m</div>[39m
        [36m<button[39m
          [33mclass[39m=[32m"MuiButtonBase-root MuiButton-root MuiButton-contained MuiButton-sizeMedium MuiButton-c
olorPrimary css-11p8w26-MuiButtonBase-root-MuiButton-root"[39m
          [33mtabindex[39m=[32m"0"[39m
          [33mtype[39m=[32m"button"[39m
        [36m>[39m
          [36m<span[39m
            [33mclass[39m=[32m"MuiButton-icon MuiButton-startIcon css-1sh91j5-MuiButton-startIcon"[39m
          [36m>[39m
            [36m<svg[39m
              [33maria-hidden[39m=[32m"true"[39m
              [33mclass[39m=[32m"MuiSvgIcon-root MuiSvgIcon-fontSizeMedium css-1umw9bq-MuiSvgIcon-root"[39m
              [33mdata-testid[39m=[32m"AddIcon"[39m
              [33mfocusable[39m=[32m"false"[39m
              [33mviewBox[39m=[32m"0 0 24 24"[39m
            [36m>[39m
              [36m<path[39m
                [33md[39m=[32m"M19 13h-6v6h-2v-6H5v-2h6V5h2v6h6z"[39m
              [36m/>[39m
            [36m</svg>[39m
          [36m</span>[39m
          [0m娣诲姞妯″瀷[0m
        [36m</button>[39m
      [36m</div>[39m
      [36m<p[39m
        [33mclass[39m=[32m"MuiTypography-root MuiTypography-body2 css-1tty75b-MuiTypography-root"[39m
      [36m>[39m
        [0m鍦ㄦ椤甸潰鍙互鏌ョ湅鎵€鏈夊彲鐢ㄦā鍨嬶紝骞跺惎鐢ㄦ垨绂佺敤妯″瀷銆傜鐢ㄧ殑妯″瀷灏嗕笉鍙備笌瀵硅瘽璇锋眰銆?[0m
      [36m</p>[39m
      [36m<div[39m
        [33mclass[39m=[32m"MuiBox-root css-j28lqh"[39m
      [36m>[39m
        [36m<div[39m
          [33mclass[39m=[32m"MuiPaper-root MuiPaper-outlined MuiPaper-rounded MuiCard-root css-11id8nm-MuiPaper-roo
t-MuiCard-root"[39m
        [36m>[39m
          [36m<div[39m
            [33mclass[39m=[32m"MuiCardContent-root css-1lt5qva-MuiCardContent-root"[39m
          [36m>[39m
            [36m<div[39m
              [33mclass[39m=[32m"MuiBox-root css-lhftxy"[39m
            [36m>[39m
              [36m<div[39m
                [33mclass[39m=[32m"MuiBox-root css-0"[39m
              [36m>[39m
                [36m<div[39m
                  [33mclass[39m=[32m"MuiTypography-root MuiTypography-h6 css-1miy0lu-MuiTypography-root"[39m
                [36m>[39m
                  [0mGPT-4[0m
                [36m</div>[39m
                [36m<span[39m
                  [33mclass[39m=[32m"MuiTypography-root MuiTypography-caption css-mpaqru-MuiTypography-root"[39m
                [36m>[39m
                  [0mID: [0m
                  [0mgpt-4[0m
                [36m</span>[39m
              [36m</div>[39m
              [36m<div[39m
                [33mclass[39m=[32m"MuiChip-root MuiChip-outlined MuiChip-sizeSmall MuiChip-colorDefault css-9bqyez-
MuiChip-root"[39m
              [36m>[39m
                [36m<span[39m
                  [33mclass[39m=[32m"MuiChip-label css-19m61dl-MuiChip-label"[39m
                [36m>[39m
                  [0m宸茬鐢?[0m
                [36m</span>[39m
              [36m</div>[39m
            [36m</div>[39m
            [36m<div[39m
              [33mclass[39m=[32m"MuiBox-root css-1qm1lh"[39m
            [36m>[39m
              [36m<p[39m
                [33mclass[39m=[32m"MuiTypography-root MuiTypography-body2 MuiTypography-gutterBottom css-ytim1c-Mui
Typography-root"[39m
              [36m>[39m
                [0mProvider: [0m
                [0mopenai[0m
              [36m</p>[39m
              [36m<p[39m
                [33mclass[39m=[32m"MuiTypography-root MuiTypography-body2 MuiTypography-gutterBottom css-ytim1c-Mui
Typography-root"[39m
              [36m>[39m
                [0mEndpoint: [0m
                [0mhttps://api.openai.com/v1/chat/completions[0m
              [36m</p>[39m
              [36m<p[39m
                [33mclass[39m=[32m"MuiTypography-root MuiTypography-body2 MuiTypography-gutterBottom css-ytim1c-Mui
Typography-root"[39m
              [36m>[39m
                [0mAPI鏍煎紡: [0m
                [0mOpenAI[0m
              [36m</p>[39m
            [36m</div>[39m
            [36m<div[39m
              [33mclass[39m=[32m"MuiBox-root css-69i1ev"[39m
            [36m>[39m
              [36m<span[39m
                [33mclass[39m=[32m"MuiSwitch-root MuiSwitch-sizeMedium css-rehya9-MuiSwitch-root"[39m
              [36m>[39m
                [36m<span[39m
                  [33mclass[39m=[32m"MuiButtonBase-root MuiSwitch-switchBase MuiSwitch-colorPrimary PrivateSwitchBa
se-root MuiSwitch-switchBase MuiSwitch-colorPrimary css-aqlqb4-MuiButtonBase-root-MuiSwitchBase-root-MuiSwitch-switchB
ase"[39m
                [36m>[39m
                  [36m<input[39m
                    [33mchecked[39m=[32m""[39m
                    [33mclass[39m=[32m"PrivateSwitchBase-input MuiSwitch-input css-12xagqm-MuiSwitchBase-root"[39m
                    [33mrole[39m=[32m"switch"[39m
                    [33mtype[39m=[32m"checkbox"[39m
                  [36m/>[39m
                  [36m<span[39m
                    [33mclass[39m=[32m"MuiSwitch-thumb css-1mw77bv-MuiSwitch-thumb"[39m
                  [36m/>[39m
                  [36m<span[39m
                    [33mclass[39m=[32m"MuiTouc...

Ignored nodes: comments, script, style
[36m<html>[39m
  [36m<head>[39m
    [36m<meta[39m
      [33mcontent[39m=[32m""[39m
      [33mname[39m=[32m"emotion-insertion-point"[39m
    [36m/>[39m
  [36m</head>[39m
  [36m<body[39m
    [33mstyle[39m=[32m""[39m
  [36m>[39m
    [36m<div>[39m
      [36m<div[39m
        [33mclass[39m=[32m"MuiBox-root css-19kzrtu"[39m
      [36m>[39m
        [36m<div[39m
          [33mclass[39m=[32m"MuiBox-root css-1gbbedy"[39m
        [36m>[39m
          [36m<div[39m
            [33mclass[39m=[32m"MuiBox-root css-axw7ok"[39m
          [36m>[39m
            [36m<svg[39m
              [33maria-hidden[39m=[32m"true"[39m
              [33mclass[39m=[32m"MuiSvgIcon-root MuiSvgIcon-colorPrimary MuiSvgIcon-fontSizeMedium css-1wtp6o0-MuiS
vgIcon-root"[39m
              [33mdata-testid[39m=[32m"SettingsIcon"[39m
              [33mfocusable[39m=[32m"false"[39m
              [33mviewBox[39m=[32m"0 0 24 24"[39m
            [36m>[39m
              [36m<path[39m
                [33md[39m=[32m"M19.14 12.94c.04-.3.06-.61.06-.94 0-.32-.02-.64-.07-.94l2.03-1.58c.18-.14.23-.41.12-
.61l-1.92-3.32c-.12-.22-.37-.29-.59-.22l-2.39.96c-.5-.38-1.03-.7-1.62-.94l-.36-2.54c-.04-.24-.24-.41-.48-.41h-3.84c-.2
4 0-.43.17-.47.41l-.36 2.54c-.59.24-1.13.57-1.62.94l-2.39-.96c-.22-.08-.47 0-.59.22L2.74 8.87c-.12.21-.08.47.12.61l2.0
3 1.58c-.05.3-.09.63-.09.94s.02.64.07.94l-2.03 1.58c-.18.14-.23.41-.12.61l1.92 3.32c.12.22.37.29.59.22l2.39-.96c.5.38 
1.03.7 1.62.94l.36 2.54c.05.24.24.41.48.41h3.84c.24 0 .44-.17.47-.41l.36-2.54c.59-.24 1.13-.56 1.62-.94l2.39.96c.22.08
.47 0 .59-.22l1.92-3.32c.12-.22.07-.47-.12-.61zM12 15.6c-1.98 0-3.6-1.62-3.6-3.6s1.62-3.6 3.6-3.6 3.6 1.62 3.6 3.6-1.6
2 3.6-3.6 3.6"[39m
              [36m/>[39m
            [36m</svg>[39m
            [36m<h2[39m
              [33mclass[39m=[32m"MuiTypography-root MuiTypography-h5 css-16xl4zq-MuiTypography-root"[39m
            [36m>[39m
              [0m妯″瀷閰嶇疆绠＄悊[0m
            [36m</h2>[39m
          [36m</div>[39m
          [36m<button[39m
            [33mclass[39m=[32m"MuiButtonBase-root MuiButton-root MuiButton-contained MuiButton-sizeMedium MuiButton
-colorPrimary css-11p8w26-MuiButtonBase-root-MuiButton-root"[39m
            [33mtabindex[39m=[32m"0"[39m
            [33mtype[39m=[32m"button"[39m
          [36m>[39m
            [36m<span[39m
              [33mclass[39m=[32m"MuiButton-icon MuiButton-startIcon css-1sh91j5-MuiButton-startIcon"[39m
            [36m>[39m
              [36m<svg[39m
                [33maria-hidden[39m=[32m"true"[39m
                [33mclass[39m=[32m"MuiSvgIcon-root MuiSvgIcon-fontSizeMedium css-1umw9bq-MuiSvgIcon-root"[39m
                [33mdata-testid[39m=[32m"AddIcon"[39m
                [33mfocusable[39m=[32m"false"[39m
                [33mviewBox[39m=[32m"0 0 24 24"[39m
              [36m>[39m
                [36m<path[39m
                  [33md[39m=[32m"M19 13h-6v6h-2v-6H5v-2h6V5h2v6h6z"[39m
                [36m/>[39m
              [36m</svg>[39m
            [36m</span>[39m
            [0m娣诲姞妯″瀷[0m
          [36m</button>[39m
        [36m</div>[39m
        [36m<p[39m
          [33mclass[39m=[32m"MuiTypography-root MuiTypography-body2 css-1tty75b-MuiTypography-root"[39m
        [36m>[39m
          [0m鍦ㄦ椤甸潰鍙互鏌ョ湅鎵€鏈夊彲鐢ㄦā鍨嬶紝骞跺惎鐢ㄦ垨绂佺敤妯″瀷銆傜鐢ㄧ殑妯″瀷灏嗕笉鍙備笌瀵硅瘽璇锋眰銆?[0m
        [36m</p>[39m
        [36m<div[39m
          [33mclass[39m=[32m"MuiBox-root css-j28lqh"[39m
        [36m>[39m
[2m Test Files [22m [1m[31m8 failed[39m[22m[2m | [22m[1m[32m4 passed[39m[22m[90m (12)[39m
[2m      Tests [22m [1m[31m34 failed[39m[22m[2m | [22m[1m[32m261 passed[39m[22m[90m (295)[39m
[2m   Start at [22m 18:30:18
[2m   Duration [22m 28.78s[2m (transform 738ms, setup 11.38s, collect 50.07s, tests 33.69s, environment 133.48s, prepare 6.27s)[22m

          [36m<div[39m
            [33mclass[39m=[32m"MuiPaper-root MuiPaper-outlined MuiPaper-rounded MuiCard-root css-11id8nm-MuiPaper-r
oot-MuiCard-root"[39m
          [36m>[39m
            [36m<div[39m
              [33mclass[39m=[32m"MuiCardContent-root css-1lt5qva-MuiCardContent-root"[39m
            [36m>[39m
              [36m<div[39m
                [33mclass[39m=[32m"MuiBox-root css-lhftxy"[39m
              [36m>[39m
                [36m<div[39m
                  [33mclass[39m=[32m"MuiBox-root css-0"[39m
                [36m>[39m
                  [36m<div[39m
                    [33mclass[39m=[32m"MuiTypography-root MuiTypography-h6 css-1miy0lu-MuiTypography-root"[39m
                  [36m>[39m
                    [0mGPT-4[0m
                  [36m</div>[39m
                  [36m<span[39m
                    [33mclass[39m=[32m"MuiTypography-root MuiTypography-caption css-mpaqru-MuiTypography-root"[39m
                  [36m>[39m
                    [0mID: [0m
                    [0mgpt-4[0m
                  [36m</span>[39m
                [36m</div>[39m
                [36m<div[39m
                  [33mclass[39m=[32m"MuiChip-root MuiChip-outlined MuiChip-sizeSmall MuiChip-colorDefault css-9bqye
z-MuiChip-root"[39m
                [36m>[39m
                  [36m<span[39m
                    [33mclass[39m=[32m"MuiChip-label css-19m61dl-MuiChip-label"[39m
                  [36m>[39m
                    [0m宸茬鐢?[0m
                  [36m</span>[39m
                [36m</div>[39m
              [36m</div>[39m
              [36m<div[39m
                [33mclass[39m=[32m"MuiBox-root css-1qm1lh"[39m
              [36m>[39m
                [36m<p[39m
                  [33mclass[39m=[32m"MuiTypography-root MuiTypography-body2 MuiTypography-gutterBottom css-ytim1c-M
uiTypography-root"[39m
                [36m>[39m
                  [0mProvider: [0m
                  [0mopenai[0m
                [36m</p>[39m
                [36m<p[39m
                  [33mclass[39m=[32m"MuiTypography-root MuiTypography-body2 MuiTypography-gutterBottom css-ytim1c-M
uiTypography-root"[39m
                [36m>[39m
                  [0mEndpoint: [0m
                  [0mhttps://api.openai.com/v1/chat/completions[0m
                [36m</p>[39m
                [36m<p[39m
                  [33mclass[39m=[32m"MuiTypography-root MuiTypography-body2 MuiTypography-gutterBottom css-ytim1c-M
uiTypography-root"[39m
                [36m>[39m
                  [0mAPI鏍煎紡: [0m
                  [0mOpenAI[0m
                [36m</p>[39m
              [36m</div>[39m
              [36m<div[39m
                [33mclass[39m=[32m"MuiBox-root css-69i1ev"[39m
              [36m>[39m
                [36m<span[39m
                  [33mclass[39m=[32m"MuiSwitch-root MuiSwitch-sizeMedium css-rehya9-MuiSwitch-root"[39m
                [36m>[39m
                  [36m<span[39m
                    [33mclass[39m=[32m"MuiButtonBase-root MuiSwitch-switchBase MuiSwitch-colorPrimary PrivateSwitch
Base-root MuiSwitch-switchBase MuiSwitch-colorPrimary css-aqlqb4-MuiButtonBase-root-MuiSwitchBase-root-MuiSwitch-switc
hBase"[39m
                  [36m>[39m
                    [36m<input[39m
                      [33mchecked[39m=[32m""[39m
                      [33mclass[39m=[32m"PrivateSwitch...
[90m [2m鉂?[22m Proxy.waitForWrapper node_modules/@testing-library/dom/dist/wait-for.js:[2m163:27[22m[39m
[36m [2m鉂?[22m src/pages/__tests__/ModelConfigPanel.test.tsx:[2m488:13[22m[39m
    [90m486| [39m      [35mawait[39m user[33m.[39m[34mclick[39m(switches[[34m0[39m])
    [90m487| [39m
    [90m488| [39m      [35mawait[39m [34mwaitFor[39m(() [33m=>[39m {
    [90m   | [39m            [31m^[39m
    [90m489| [39m        [34mexpect[39m(screen[33m.[39m[34mgetByText[39m([36m/宸茬鐢?[39m))[33m.[39m[34mtoB
eInTheDocument[39m()
    [90m490| [39m      })

[31m[2m鈳幆鈳幆鈳幆鈳幆鈳幆鈳幆鈳幆鈳幆鈳幆鈳幆鈳幆[34/34]鈳?[22m[39m

